V/CAM_FocusOverlayMgr( 1472): focus mode resolved from setting: FIXED
V/CAM_FocusOverlayMgr( 1472): stored focus setting for camera: fixed
V/CAM_FocusOverlayMgr( 1472): focus mode resolved from setting: FIXED
I/CAM_PhotoModule( 1472): startPreview
V/CAM_FocusOverlayMgr( 1472): stored focus setting for camera: fixed
V/CAM_FocusOverlayMgr( 1472): focus mode resolved from setting: FIXED
V/CAM_FocusOverlayMgr( 1472): stored focus setting for camera: fixed
V/CAM_FocusOverlayMgr( 1472): focus mode resolved from setting: FIXED
V/CAM_CameraAppUI( 1472): onPreviewStarted
D/CameraHal(  163): setParameters(580):  enter
D/CameraHal(  163): commandThread(958): commandThread(958): receive CMD_SET_PARAMETERS
D/CameraHal(  163): isNeedToRestartPreview(143): mPreviewFrame2AppW (2592x1944)
D/CameraHal(  163): isNeedToRestartPreview(144): mCamPreviewW (640x480)
D/CameraHal(  163): isNeedToRestartPreview(145): video width (2592x1944)
D/CameraHal(  163): setParameters(725): PreviewSize(2592x1944)
D/CameraHal(  163): setParameters(726): PreviewFormat(yuv420sp)
D/CameraHal(  163): setParameters(727): FPS Range(3000,30000)
D/CameraHal(  163): setParameters(728): PictureSize(2592x1944)
D/CameraHal(  163): setParameters(729): PictureFormat(jpeg)
D/CameraHal(  163): setParameters(730): Framerate: 0
D/CameraHal(  163): setParameters(731): WhiteBalance: auto
D/CameraHal(  163): setParameters(732): Flash: off
D/CameraHal(  163): setParameters(734): Focus: fixed  Foucus area: (null)
D/CameraHal(  163): setParameters(735): Scene: (null)
D/CameraHal(  163): setParameters(736): Effect: none
D/CameraHal(  163): setParameters(737): ZoomIndex: 0
D/CameraHal(  163): updateParameters(227):  enter
D/CameraHal(  163): updateParameters(231):  exit
D/CameraHal(  163): commandThread(972): commandThread(972): CMD_SET_PARAMETERS out
D/CameraHal(  163): setParameters(602): set parameters OK.
D/CameraHal(  163): setParameters(607):  exit
D/CameraHal(  163): previewEnabled(452):  enter
D/CameraHal(  163): previewEnabled(454):  exit
D/CameraHal(  163): previewEnabled(452):  enter
D/CameraHal(  163): previewEnabled(454):  exit
D/CameraHal(  163): setPreviewWindow(306):  enter
D/CameraHal(  163): commandThread(937): commandThread(937):receive CMD_SET_PREVIEW_WINDOW
D/CameraHal(  163): setPreviewWindow(184):  enter
D/CameraHal(  163): setPreviewWindow(192):  exit
D/CameraHal(  163): commandThread(947): commandThread(947): not start display now
D/CameraHal(  163): commandThread(953): commandThread(953): CMD_SET_PREVIEW_WINDOW out
D/CameraHal(  163): setPreviewWindow(321): set preview window OK.
D/CameraHal(  163): setPreviewWindow(323):  exit
D/CameraHal(  163): startPreview(330):  enter
D/CameraHal(  163): commandThread(832): commandThread(832):receive CMD_PREVIEW_START
D/CameraHal(  163): flushPicture(340):  enter
D/CameraHal(  163): flushPicture(362):  exit
D/CameraHal(  163): pausePreviewCBFrameProcess(370):  enter
D/CameraHal(  163): pausePreviewCBFrameProcess(388):  exit
D/CameraHal(  163): stopFaceDection(179):  enter
D/CameraHal(  163): faceDetectThread(1692): faceDetectThread(1692),receive CameraAppFaceDetThread::CMD_FACEDET_PAUSE
D/CameraHal(  163): stopFaceDection(194): stop face detection !!
D/CameraHal(  163): stopFaceDection(196):  exit
D/CameraHal(  163): startPreview(265):  enter
D/CameraHal(  163): isLowIllumin(2351): Check LowIllumin :
D/CameraHal(  163): isLowIllumin(2352):     gain       0.000000(0.000000,0.000000)
D/CameraHal(  163): isLowIllumin(2353):     inttime    0.000000(0.000000,0.000000)
D/CameraHal(  163): isLowIllumin(2354):     meanluma   0.000000     threshold: 45.000000
D/CameraHal(  163): isLowIllumin(2355):     sharpness: 0.000000     threshold: 300.000000
D/CameraHal_Marvin(  163): CAM_API_CAMENGINE: Request 2592x1944, Exp(>= 0.000000), Fps(>= 10fps)
E/CameraHal_Marvin(  163): GS5604: GS5604_IsiGetCapsIss (enter)
E/CameraHal_Marvin(  163): GS5604: GS5604_IsiGetCapsIss (exit)
E/CameraHal_Marvin(  163): GS5604: GS5604_IsiGetCapsIss (enter)
E/CameraHal_Marvin(  163): GS5604: GS5604_IsiGetCapsIss (exit)
E/CameraHal_Marvin(  163): GS5604: GS5604_IsiGetCapsIss (enter)
E/CameraHal_Marvin(  163): GS5604: GS5604_IsiGetCapsIss (exit)
W/CameraHal_Marvin(  163): CAM_API_CAMENGINE: Request 2592x1944, Fps(>= 10fps) failed, select max_fps_res: 2592x1944@7fps
D/CameraHal_Marvin(  163): CAM_API_CAMENGINE: getPreferedSensorRes is 2592x1944@7fps
D/CameraHal(  163): stop(1792): m_camDevice->stopPreview success!
D/CameraHal(  163): startPreview(341):  exit
E/CameraHal_Marvin(  163): GS5604: ------GS5604_IsiSensorSetStreamingIss (exit):on:0
E/CameraHal_Marvin(  163): GS5604: ------GS5604_IsiSensorSetStreamingIss (exit):on:1
E/CameraHal_Marvin(  163): GS5604: ------GS5604_IsiSensorSetStreamingIss (exit):on:0
E/CameraHal_Marvin(  163): GS5604: GS5604_IsiChangeSensorResolutionIss (enter)
E/CameraHal_Marvin(  163): GS5604: GS5604_IsiChangeSensorResolutionIss (enter11----)
E/CameraHal_Marvin(  163): GS5604: GS5604_IsiGetCapsIss (enter)
E/CameraHal_Marvin(  163): GS5604: GS5604_IsiGetCapsIss (exit)
E/CameraHal_Marvin(  163): GS5604: GS5604_IsiChangeSensorResolutionIss (enter22----)
E/CameraHal_Marvin(  163): GS5604: GS5604_SetupOutputWindow (enter...pConfig->Resolution:0xea20798..)
E/CameraHal_Marvin(  163): GS5604: IsiRegDefaultsApply_W (enter)
E/CameraHal_Marvin(  163): GS5604: GS5604_SetupOutputWindow: success tto set  ISI_RES_2592_1944P7
E/CameraHal_Marvin(  163): GS5604: GS5604MIPI_WAIT_STATUS1 ( GS5604MIPI_WAIT_STATUS1 enter,p_value:0x22)
E/CameraHal_Marvin(  163): GS5604: GS5604MIPI_WAIT_STATUS1 ( GS5604MIPI_WAIT_STATUS1-- enter,p_value:0x20))
V/CAM_CameraActivity( 1472): invoking onChangeCamera
D/CameraHal(  163): setParameters(580):  enter
W/CAM_IndicatorIconCtrlr( 1472): Trying to sync a pano indicator that is not initialized.
D/DisplayManager( 1472): getDisplayInfo: displayId=0, info=DisplayInfo{"Built-in Screen", uniqueId "local:0", app 2560 x 1344, real 2560 x 1440, largest app 2560 x 2414, smallest app 1440 x 1294, 49.408005 fps, supportedRefreshRates [49.408005], rotation 1, density 320 (537.8823 x 537.3884) dpi, layerStack 0, appVsyncOff 0, presDeadline 21239636, type BUILT_IN, state ON, FLAG_SECURE, FLAG_SUPPORTS_PROTECTED_BUFFERS}
D/DisplayManager( 1472): getDisplayInfo: displayId=0, info=DisplayInfo{"Built-in Screen", uniqueId "local:0", app 2560 x 1344, real 2560 x 1440, largest app 2560 x 2414, smallest app 1440 x 1294, 49.408005 fps, supportedRefreshRates [49.408005], rotation 1, density 320 (537.8823 x 537.3884) dpi, layerStack 0, appVsyncOff 0, presDeadline 21239636, type BUILT_IN, state ON, FLAG_SECURE, FLAG_SUPPORTS_PROTECTED_BUFFERS}
E/CameraHal_Marvin(  163): GS5604: ------GS5604_IsiSensorSetStreamingIss (exit):on:1
D/CameraHal(  163): AfpsResChangeCb(38):  enter
D/CameraHal(  163): AfpsResChangeCb(42):  exit
E/CameraHal_Marvin(  163): GS5604: GS5604_IsiGetCapsIss (enter)
E/CameraHal_Marvin(  163): GS5604: GS5604_IsiGetCapsIss (exit)
E/CameraHal_Marvin(  163): GS5604: GS5604_IsiGetCapsIss (enter)
E/CameraHal_Marvin(  163): GS5604: GS5604_IsiGetCapsIss (exit)
E/CameraHal_Marvin(  163): GS5604: GS5604_IsiGetCapsIss (enter)
E/CameraHal_Marvin(  163): GS5604: GS5604_IsiGetCapsIss (exit)
D/CameraHal(  163): setupPreview(248): isp out put format is YUV420SP.
D/CameraHal(  163): setupPreview(260): Sensor output: 2592x1944 --(0,0,2592,1944)--> User request: 2592x1944
D/CameraHal(  163): start(1747): m_camDevice->startPreview success
D/CameraHal(  163): flashControl(2409): flash is already in status 0
D/CameraHal(  163): startPreview(441):  exit
D/CameraHal(  163): startDisplay(96):  enter
D/CameraHal(  163): displayThread(596): displayThread(596): receive CMD_DISPLAY_START
D/CameraHal(  163): cameraDisplayBufferDestory(379):  enter
D/CameraHal(  163): cameraDisplayBufferDestory(399): cameraDisplayBufferDestory(399): mANativeWindow is NULL, destory is ignore
D/CameraHal(  163): cameraDisplayBufferDestory(402):  exit
D/CameraHal(  163): cameraDisplayBufferCreate(224):  enter
D/CameraHal(  163): cameraDisplayBufferCreate(268): cameraDisplayBufferCreate(268): min_undequeued:0x2 total:0x4
D/DisplayManager( 1472): getDisplayInfo: displayId=0, info=DisplayInfo{"Built-in Screen", uniqueId "local:0", app 2560 x 1344, real 2560 x 1440, largest app 2560 x 2414, smallest app 1440 x 1294, 49.408005 fps, supportedRefreshRates [49.408005], rotation 1, density 320 (537.8823 x 537.3884) dpi, layerStack 0, appVsyncOff 0, presDeadline 21239636, type BUILT_IN, state ON, FLAG_SECURE, FLAG_SUPPORTS_PROTECTED_BUFFERS}
D/CameraHal(  163): cameraDisplayBufferCreate(355): cameraDisplayBufferCreate(355): mGrallocBufferMap[0] phy_addr: 0x0  vir_dir: 0xb00e3000
D/CameraHal(  163): cameraDisplayBufferCreate(355): cameraDisplayBufferCreate(355): mGrallocBufferMap[1] phy_addr: 0x0  vir_dir: 0xaf746000
D/CameraHal(  163): cameraDisplayBufferCreate(355): cameraDisplayBufferCreate(355): mGrallocBufferMap[2] phy_addr: 0x0  vir_dir: 0xaeda9000
D/CameraHal(  163): cameraDisplayBufferCreate(355): cameraDisplayBufferCreate(355): mGrallocBufferMap[3] phy_addr: 0x0  vir_dir: 0xae40c000
D/CameraHal(  163): cameraDisplayBufferCreate(358):  exit
D/CameraHal(  163): startDisplay(119):  exit
D/CameraHal(  163): commandThread(905): commandThread(905): CMD_PREVIEW_START out
D/CameraHal(  163): commandThread(958): commandThread(958): receive CMD_SET_PARAMETERS
D/CameraHal(  163): isNeedToRestartPreview(143): mPreviewFrame2AppW (2592x1944)
D/CameraHal(  163): isNeedToRestartPreview(144): mCamPreviewW (2592x1944)
D/CameraHal(  163): isNeedToRestartPreview(145): video width (2592x1944)
D/CameraHal(  163): setParameters(725): PreviewSize(2592x1944)
D/CameraHal(  163): setParameters(726): PreviewFormat(yuv420sp)
D/CameraHal(  163): setParameters(727): FPS Range(3000,30000)
D/CameraHal(  163): setParameters(728): PictureSize(2592x1944)
D/CameraHal(  163): setParameters(729): PictureFormat(jpeg)
D/CameraHal(  163): setParameters(730): Framerate: 0
D/CameraHal(  163): setParameters(731): WhiteBalance: auto
D/CameraHal(  163): setParameters(732): Flash: off
D/CameraHal(  163): setParameters(734): Focus: fixed  Foucus area: (null)
D/CameraHal(  163): setParameters(735): Scene: (null)
D/CameraHal(  163): setParameters(736): Effect: none
D/CameraHal(  163): setParameters(737): ZoomIndex: 0
D/CameraHal(  163): updateParameters(227):  enter
D/CameraHal(  163): updateParameters(231):  exit
D/CameraHal(  163): commandThread(972): commandThread(972): CMD_SET_PARAMETERS out
D/CameraHal(  163): setParameters(602): set parameters OK.
D/CameraHal(  163): setParameters(607):  exit
D/CameraHal(  163): setParameters(580):  enter
D/CameraHal(  163): commandThread(958): commandThread(958): receive CMD_SET_PARAMETERS
D/CameraHal(  163): isNeedToRestartPreview(143): mPreviewFrame2AppW (2592x1944)
D/CameraHal(  163): isNeedToRestartPreview(144): mCamPreviewW (2592x1944)
D/CameraHal(  163): isNeedToRestartPreview(145): video width (2592x1944)
D/CameraHal(  163): setParameters(725): PreviewSize(2592x1944)
D/CameraHal(  163): setParameters(726): PreviewFormat(yuv420sp)
D/CameraHal(  163): setParameters(727): FPS Range(3000,30000)
D/CameraHal(  163): setParameters(728): PictureSize(2592x1944)
D/CameraHal(  163): setParameters(729): PictureFormat(jpeg)
D/CameraHal(  163): setParameters(730): Framerate: 0
D/CameraHal(  163): setParameters(731): WhiteBalance: auto
D/CameraHal(  163): setParameters(732): Flash: off
D/CameraHal(  163): setParameters(734): Focus: fixed  Foucus area: (null)
D/CameraHal(  163): setParameters(735): Scene: (null)
D/CameraHal(  163): setParameters(736): Effect: none
D/CameraHal(  163): setParameters(737): ZoomIndex: 0
D/CameraHal(  163): updateParameters(227):  enter
D/CameraHal(  163): updateParameters(231):  exit
D/CameraHal(  163): commandThread(972): commandThread(972): CMD_SET_PARAMETERS out
D/CameraHal(  163): setParameters(602): set parameters OK.
D/CameraHal(  163): setParameters(607):  exit
D/DisplayManager( 1472): getDisplayInfo: displayId=0, info=DisplayInfo{"Built-in Screen", uniqueId "local:0", app 2560 x 1344, real 2560 x 1440, largest app 2560 x 2414, smallest app 1440 x 1294, 49.408005 fps, supportedRefreshRates [49.408005], rotation 1, density 320 (537.8823 x 537.3884) dpi, layerStack 0, appVsyncOff 0, presDeadline 21239636, type BUILT_IN, state ON, FLAG_SECURE, FLAG_SUPPORTS_PROTECTED_BUFFERS}
D/DisplayManager( 1472): getDisplayInfo: displayId=0, info=DisplayInfo{"Built-in Screen", uniqueId "local:0", app 2560 x 1344, real 2560 x 1440, largest app 2560 x 2414, smallest app 1440 x 1294, 49.408005 fps, supportedRefreshRates [49.408005], rotation 1, density 320 (537.8823 x 537.3884) dpi, layerStack 0, appVsyncOff 0, presDeadline 21239636, type BUILT_IN, state ON, FLAG_SECURE, FLAG_SUPPORTS_PROTECTED_BUFFERS}
D/DisplayManager( 1472): getDisplayInfo: displayId=0, info=DisplayInfo{"Built-in Screen", uniqueId "local:0", app 2560 x 1344, real 2560 x 1440, largest app 2560 x 2414, smallest app 1440 x 1294, 49.408005 fps, supportedRefreshRates [49.408005], rotation 1, density 320 (537.8823 x 537.3884) dpi, layerStack 0, appVsyncOff 0, presDeadline 21239636, type BUILT_IN, state ON, FLAG_SECURE, FLAG_SUPPORTS_PROTECTED_BUFFERS}
D/DisplayManager( 1472): getDisplayInfo: displayId=0, info=DisplayInfo{"Built-in Screen", uniqueId "local:0", app 2560 x 1344, real 2560 x 1440, largest app 2560 x 2414, smallest app 1440 x 1294, 49.408005 fps, supportedRefreshRates [49.408005], rotation 1, density 320 (537.8823 x 537.3884) dpi, layerStack 0, appVsyncOff 0, presDeadline 21239636, type BUILT_IN, state ON, FLAG_SECURE, FLAG_SUPPORTS_PROTECTED_BUFFERS}
D/DisplayManager( 1472): getDisplayInfo: displayId=0, info=DisplayInfo{"Built-in Screen", uniqueId "local:0", app 2560 x 1344, real 2560 x 1440, largest app 2560 x 2414, smallest app 1440 x 1294, 49.408005 fps, supportedRefreshRates [49.408005], rotation 1, density 320 (537.8823 x 537.3884) dpi, layerStack 0, appVsyncOff 0, presDeadline 21239636, type BUILT_IN, state ON, FLAG_SECURE, FLAG_SUPPORTS_PROTECTED_BUFFERS}
D/TaskPersister(  455): removeObsoleteFile: deleting file=8_task.xml
D/TaskPersister(  455): removeObsoleteFile: deleting file=8_task_thumbnail.png
D/DisplayManager( 1472): getDisplayInfo: displayId=0, info=DisplayInfo{"Built-in Screen", uniqueId "local:0", app 2560 x 1344, real 2560 x 1440, largest app 2560 x 2414, smallest app 1440 x 1294, 49.408005 fps, supportedRefreshRates [49.408005], rotation 1, density 320 (537.8823 x 537.3884) dpi, layerStack 0, appVsyncOff 0, presDeadline 21239636, type BUILT_IN, state ON, FLAG_SECURE, FLAG_SUPPORTS_PROTECTED_BUFFERS}
D/alsa_route(  163): route_set_controls() set route 24
D/AudioHardwareTiny(  163): close device
E/CameraHal_Marvin(  163): CAMERIC-MI-IRQ: CamerIcMiIrq: MP buffer skipped (reused),pDrvCtx->invalFrame === 0,g_miFrameNum == 1;numFramesToSkip == 3
D/DisplayManager( 1472): getDisplayInfo: displayId=0, info=DisplayInfo{"Built-in Screen", uniqueId "local:0", app 2560 x 1344, real 2560 x 1440, largest app 2560 x 2414, smallest app 1440 x 1294, 49.408005 fps, supportedRefreshRates [49.408005], rotation 1, density 320 (537.8823 x 537.3884) dpi, layerStack 0, appVsyncOff 0, presDeadline 21239636, type BUILT_IN, state ON, FLAG_SECURE, FLAG_SUPPORTS_PROTECTED_BUFFERS}
D/DisplayManager( 1472): getDisplayInfo: displayId=0, info=DisplayInfo{"Built-in Screen", uniqueId "local:0", app 2560 x 1344, real 2560 x 1440, largest app 2560 x 2414, smallest app 1440 x 1294, 49.408005 fps, supportedRefreshRates [49.408005], rotation 1, density 320 (537.8823 x 537.3884) dpi, layerStack 0, appVsyncOff 0, presDeadline 21239636, type BUILT_IN, state ON, FLAG_SECURE, FLAG_SUPPORTS_PROTECTED_BUFFERS}
E/CameraHal_Marvin(  163): CAMERIC-MI-IRQ: CamerIcMiIrq: MP buffer skipped (reused),pDrvCtx->invalFrame === 0,g_miFrameNum == 2;numFramesToSkip == 2
D/DisplayManager( 1472): getDisplayInfo: displayId=0, info=DisplayInfo{"Built-in Screen", uniqueId "local:0", app 2560 x 1344, real 2560 x 1440, largest app 2560 x 2414, smallest app 1440 x 1294, 49.408005 fps, supportedRefreshRates [49.408005], rotation 1, density 320 (537.8823 x 537.3884) dpi, layerStack 0, appVsyncOff 0, presDeadline 21239636, type BUILT_IN, state ON, FLAG_SECURE, FLAG_SUPPORTS_PROTECTED_BUFFERS}
D/DisplayManager( 1472): getDisplayInfo: displayId=0, info=DisplayInfo{"Built-in Screen", uniqueId "local:0", app 2560 x 1344, real 2560 x 1440, largest app 2560 x 2414, smallest app 1440 x 1294, 49.408005 fps, supportedRefreshRates [49.408005], rotation 1, density 320 (537.8823 x 537.3884) dpi, layerStack 0, appVsyncOff 0, presDeadline 21239636, type BUILT_IN, state ON, FLAG_SECURE, FLAG_SUPPORTS_PROTECTED_BUFFERS}
E/CameraHal_Marvin(  163): CAMERIC-MI-IRQ: CamerIcMiIrq: MP buffer skipped (reused),pDrvCtx->invalFrame === 0,g_miFrameNum == 3;numFramesToSkip == 1
D/DisplayManager( 1472): getDisplayInfo: displayId=0, info=DisplayInfo{"Built-in Screen", uniqueId "local:0", app 2560 x 1344, real 2560 x 1440, largest app 2560 x 2414, smallest app 1440 x 1294, 49.408005 fps, supportedRefreshRates [49.408005], rotation 1, density 320 (537.8823 x 537.3884) dpi, layerStack 0, appVsyncOff 0, presDeadline 21239636, type BUILT_IN, state ON, FLAG_SECURE, FLAG_SUPPORTS_PROTECTED_BUFFERS}
D/DisplayManager( 1472): getDisplayInfo: displayId=0, info=DisplayInfo{"Built-in Screen", uniqueId "local:0", app 2560 x 1344, real 2560 x 1440, largest app 2560 x 2414, smallest app 1440 x 1294, 49.408005 fps, supportedRefreshRates [49.408005], rotation 1, density 320 (537.8823 x 537.3884) dpi, layerStack 0, appVsyncOff 0, presDeadline 21239636, type BUILT_IN, state ON, FLAG_SECURE, FLAG_SUPPORTS_PROTECTED_BUFFERS}
D/CameraHal(  163): bufferCb(1994): frame_inval:14
D/DisplayManager( 1472): getDisplayInfo: displayId=0, info=DisplayInfo{"Built-in Screen", uniqueId "local:0", app 2560 x 1344, real 2560 x 1440, largest app 2560 x 2414, smallest app 1440 x 1294, 49.408005 fps, supportedRefreshRates [49.408005], rotation 1, density 320 (537.8823 x 537.3884) dpi, layerStack 0, appVsyncOff 0, presDeadline 21239636, type BUILT_IN, state ON, FLAG_SECURE, FLAG_SUPPORTS_PROTECTED_BUFFERS}
D/CameraHal(  163): bufferCb(1994): frame_inval:13
D/DisplayManager( 1472): getDisplayInfo: displayId=0, info=DisplayInfo{"Built-in Screen", uniqueId "local:0", app 2560 x 1344, real 2560 x 1440, largest app 2560 x 2414, smallest app 1440 x 1294, 49.408005 fps, supportedRefreshRates [49.408005], rotation 1, density 320 (537.8823 x 537.3884) dpi, layerStack 0, appVsyncOff 0, presDeadline 21239636, type BUILT_IN, state ON, FLAG_SECURE, FLAG_SUPPORTS_PROTECTED_BUFFERS}
D/DisplayManager( 1472): getDisplayInfo: displayId=0, info=DisplayInfo{"Built-in Screen", uniqueId "local:0", app 2560 x 1344, real 2560 x 1440, largest app 2560 x 2414, smallest app 1440 x 1294, 49.408005 fps, supportedRefreshRates [49.408005], rotation 1, density 320 (537.8823 x 537.3884) dpi, layerStack 0, appVsyncOff 0, presDeadline 21239636, type BUILT_IN, state ON, FLAG_SECURE, FLAG_SUPPORTS_PROTECTED_BUFFERS}
D/CameraHal(  163): bufferCb(1994): frame_inval:12
D/DisplayManager( 1472): getDisplayInfo: displayId=0, info=DisplayInfo{"Built-in Screen", uniqueId "local:0", app 2560 x 1344, real 2560 x 1440, largest app 2560 x 2414, smallest app 1440 x 1294, 49.408005 fps, supportedRefreshRates [49.408005], rotation 1, density 320 (537.8823 x 537.3884) dpi, layerStack 0, appVsyncOff 0, presDeadline 21239636, type BUILT_IN, state ON, FLAG_SECURE, FLAG_SUPPORTS_PROTECTED_BUFFERS}
D/DisplayManager( 1472): getDisplayInfo: displayId=0, info=DisplayInfo{"Built-in Screen", uniqueId "local:0", app 2560 x 1344, real 2560 x 1440, largest app 2560 x 2414, smallest app 1440 x 1294, 49.408005 fps, supportedRefreshRates [49.408005], rotation 1, density 320 (537.8823 x 537.3884) dpi, layerStack 0, appVsyncOff 0, presDeadline 21239636, type BUILT_IN, state ON, FLAG_SECURE, FLAG_SUPPORTS_PROTECTED_BUFFERS}
D/CameraHal(  163): bufferCb(1994): frame_inval:11
D/DisplayManager( 1472): getDisplayInfo: displayId=0, info=DisplayInfo{"Built-in Screen", uniqueId "local:0", app 2560 x 1344, real 2560 x 1440, largest app 2560 x 2414, smallest app 1440 x 1294, 49.408005 fps, supportedRefreshRates [49.408005], rotation 1, density 320 (537.8823 x 537.3884) dpi, layerStack 0, appVsyncOff 0, presDeadline 21239636, type BUILT_IN, state ON, FLAG_SECURE, FLAG_SUPPORTS_PROTECTED_BUFFERS}
D/DisplayManager( 1472): getDisplayInfo: displayId=0, info=DisplayInfo{"Built-in Screen", uniqueId "local:0", app 2560 x 1344, real 2560 x 1440, largest app 2560 x 2414, smallest app 1440 x 1294, 49.408005 fps, supportedRefreshRates [49.408005], rotation 1, density 320 (537.8823 x 537.3884) dpi, layerStack 0, appVsyncOff 0, presDeadline 21239636, type BUILT_IN, state ON, FLAG_SECURE, FLAG_SUPPORTS_PROTECTED_BUFFERS}
D/CameraHal(  163): bufferCb(1994): frame_inval:10
D/DisplayManager( 1472): getDisplayInfo: displayId=0, info=DisplayInfo{"Built-in Screen", uniqueId "local:0", app 2560 x 1344, real 2560 x 1440, largest app 2560 x 2414, smallest app 1440 x 1294, 49.408005 fps, supportedRefreshRates [49.408005], rotation 1, density 320 (537.8823 x 537.3884) dpi, layerStack 0, appVsyncOff 0, presDeadline 21239636, type BUILT_IN, state ON, FLAG_SECURE, FLAG_SUPPORTS_PROTECTED_BUFFERS}
D/DisplayManager( 1472): getDisplayInfo: displayId=0, info=DisplayInfo{"Built-in Screen", uniqueId "local:0", app 2560 x 1344, real 2560 x 1440, largest app 2560 x 2414, smallest app 1440 x 1294, 49.408005 fps, supportedRefreshRates [49.408005], rotation 1, density 320 (537.8823 x 537.3884) dpi, layerStack 0, appVsyncOff 0, presDeadline 21239636, type BUILT_IN, state ON, FLAG_SECURE, FLAG_SUPPORTS_PROTECTED_BUFFERS}
D/CameraHal(  163): bufferCb(1994): frame_inval:9
D/DisplayManager( 1472): getDisplayInfo: displayId=0, info=DisplayInfo{"Built-in Screen", uniqueId "local:0", app 2560 x 1344, real 2560 x 1440, largest app 2560 x 2414, smallest app 1440 x 1294, 49.408005 fps, supportedRefreshRates [49.408005], rotation 1, density 320 (537.8823 x 537.3884) dpi, layerStack 0, appVsyncOff 0, presDeadline 21239636, type BUILT_IN, state ON, FLAG_SECURE, FLAG_SUPPORTS_PROTECTED_BUFFERS}
D/CameraHal(  163): bufferCb(1994): frame_inval:8
D/DisplayManager( 1472): getDisplayInfo: displayId=0, info=DisplayInfo{"Built-in Screen", uniqueId "local:0", app 2560 x 1344, real 2560 x 1440, largest app 2560 x 2414, smallest app 1440 x 1294, 49.408005 fps, supportedRefreshRates [49.408005], rotation 1, density 320 (537.8823 x 537.3884) dpi, layerStack 0, appVsyncOff 0, presDeadline 21239636, type BUILT_IN, state ON, FLAG_SECURE, FLAG_SUPPORTS_PROTECTED_BUFFERS}
D/DisplayManager( 1472): getDisplayInfo: displayId=0, info=DisplayInfo{"Built-in Screen", uniqueId "local:0", app 2560 x 1344, real 2560 x 1440, largest app 2560 x 2414, smallest app 1440 x 1294, 49.408005 fps, supportedRefreshRates [49.408005], rotation 1, density 320 (537.8823 x 537.3884) dpi, layerStack 0, appVsyncOff 0, presDeadline 21239636, type BUILT_IN, state ON, FLAG_SECURE, FLAG_SUPPORTS_PROTECTED_BUFFERS}
D/CameraHal(  163): bufferCb(1994): frame_inval:7
D/DisplayManager( 1472): getDisplayInfo: displayId=0, info=DisplayInfo{"Built-in Screen", uniqueId "local:0", app 2560 x 1344, real 2560 x 1440, largest app 2560 x 2414, smallest app 1440 x 1294, 49.408005 fps, supportedRefreshRates [49.408005], rotation 1, density 320 (537.8823 x 537.3884) dpi, layerStack 0, appVsyncOff 0, presDeadline 21239636, type BUILT_IN, state ON, FLAG_SECURE, FLAG_SUPPORTS_PROTECTED_BUFFERS}
D/DisplayManager( 1472): getDisplayInfo: displayId=0, info=DisplayInfo{"Built-in Screen", uniqueId "local:0", app 2560 x 1344, real 2560 x 1440, largest app 2560 x 2414, smallest app 1440 x 1294, 49.408005 fps, supportedRefreshRates [49.408005], rotation 1, density 320 (537.8823 x 537.3884) dpi, layerStack 0, appVsyncOff 0, presDeadline 21239636, type BUILT_IN, state ON, FLAG_SECURE, FLAG_SUPPORTS_PROTECTED_BUFFERS}
D/CameraHal(  163): bufferCb(1994): frame_inval:6
D/DisplayManager( 1472): getDisplayInfo: displayId=0, info=DisplayInfo{"Built-in Screen", uniqueId "local:0", app 2560 x 1344, real 2560 x 1440, largest app 2560 x 2414, smallest app 1440 x 1294, 49.408005 fps, supportedRefreshRates [49.408005], rotation 1, density 320 (537.8823 x 537.3884) dpi, layerStack 0, appVsyncOff 0, presDeadline 21239636, type BUILT_IN, state ON, FLAG_SECURE, FLAG_SUPPORTS_PROTECTED_BUFFERS}
D/DisplayManager( 1472): getDisplayInfo: displayId=0, info=DisplayInfo{"Built-in Screen", uniqueId "local:0", app 2560 x 1344, real 2560 x 1440, largest app 2560 x 2414, smallest app 1440 x 1294, 49.408005 fps, supportedRefreshRates [49.408005], rotation 1, density 320 (537.8823 x 537.3884) dpi, layerStack 0, appVsyncOff 0, presDeadline 21239636, type BUILT_IN, state ON, FLAG_SECURE, FLAG_SUPPORTS_PROTECTED_BUFFERS}
D/CameraHal(  163): bufferCb(1994): frame_inval:5
D/CameraHal(  163): bufferCb(1994): frame_inval:4
D/CameraHal(  163): bufferCb(1994): frame_inval:3
D/CameraHal(  163): bufferCb(1994): frame_inval:2
D/CameraHal(  163): bufferCb(1994): frame_inval:1
D/CameraHal(  163): bufferCb(1994): frame_inval:0
V/CAM_CameraAppUI( 1472): hiding cover via onSurfaceTextureUpdated
D/CameraPerformanceTracker( 1472): First preview frame received
D/DisplayManager( 1472): getDisplayInfo: displayId=0, info=DisplayInfo{"Built-in Screen", uniqueId "local:0", app 2560 x 1344, real 2560 x 1440, largest app 2560 x 2414, smallest app 1440 x 1294, 49.408005 fps, supportedRefreshRates [49.408005], rotation 1, density 320 (537.8823 x 537.3884) dpi, layerStack 0, appVsyncOff 0, presDeadline 21239636, type BUILT_IN, state ON, FLAG_SECURE, FLAG_SUPPORTS_PROTECTED_BUFFERS}
^Z^C
C:\Users\Administrator>