
C:\Users\Administrator>adb reboot

C:\Users\Administrator>adb shell
root@rk3288:/ # setprop sys_graphic.cam_trace 1
setprop sys_graphic.cam_trace 1
root@rk3288:/ # logcat -c
logcat -c
root@rk3288:/ # logcat -c
logcat -c
root@rk3288:/ # logcat
logcat
--------- beginning of main
W/AudioTrack(  455): AUDIO_OUTPUT_FLAG_FAST denied by client
--------- beginning of system
I/ActivityStackSupervisor(  455): START u0 {act=android.intent.action.MAIN cat=[android.intent.category.LAUNCHER] flg=0x10200000 cmp=com.android.camera2/com.android.camera.CameraLauncher (has extras)} from uid 10032 on display 0
D/AudioHardwareTiny(  163): start_output_stream
I/System.out(  455): com.android.camera.CameraActivityaddAppToken taskId:10
D/alsa_route(  163): route_info->sound_card 0, route_info->devices 0
D/alsa_route(  163): route_set_controls() set route 0
D/WindowManagerService(  455): null  ==========setInputFocusLw ==========  =======
D/DisplayManager(  455): getDisplayInfo: displayId=0, info=DisplayInfo{"Built-in Screen", uniqueId "local:0", app 2560 x 1344, real 2560 x 1440, largest app 2560 x 2414, smallest app 1440 x 1294, 49.408005 fps, supportedRefreshRates [49.408005], rotation 1, density 320 (537.8823 x 537.3884) dpi, layerStack 0, appVsyncOff 0, presDeadline 21239636, type BUILT_IN, state ON, FLAG_SECURE, FLAG_SUPPORTS_PROTECTED_BUFFERS}
D/PhoneWindow(  455): DecorView - SCREEN_WEITH = 2560 - SCREE_HEIGHT = 1344
D/TypefaceImpl(  455): makeFontCollection adding /system/fonts/Roboto-Regular.ttf
E/StrictMode(  869): A resource was acquired at attached stack trace but never released. See java.io.Closeable for information on avoiding resource leaks.
E/StrictMode(  869): java.lang.Throwable: Explicit termination method 'close' not called
E/StrictMode(  869):    at dalvik.system.CloseGuard.open(CloseGuard.java:184)
E/StrictMode(  869):    at java.io.FileOutputStream.<init>(FileOutputStream.java:89)
E/StrictMode(  869):    at android.app.ContextImpl.openFileOutput(ContextImpl.java:987)
E/StrictMode(  869):    at android.content.ContextWrapper.openFileOutput(ContextWrapper.java:182)
E/StrictMode(  869):    at com.android.launcher3.Stats.<init>(Stats.java:70)
E/StrictMode(  869):    at com.android.launcher3.Launcher.onCreate(Launcher.java:432)
E/StrictMode(  869):    at android.app.Activity.performCreate(Activity.java:6222)
E/StrictMode(  869):    at android.app.Instrumentation.callActivityOnCreate(Instrumentation.java:1106)
E/StrictMode(  869):    at android.app.ActivityThread.performLaunchActivity(ActivityThread.java:2295)
E/StrictMode(  869):    at android.app.ActivityThread.handleLaunchActivity(ActivityThread.java:2407)
E/StrictMode(  869):    at android.app.ActivityThread.access$800(ActivityThread.java:151)
E/StrictMode(  869):    at android.app.ActivityThread$H.handleMessage(ActivityThread.java:1319)
E/StrictMode(  869):    at android.os.Handler.dispatchMessage(Handler.java:102)
E/StrictMode(  869):    at android.os.Looper.loop(Looper.java:135)
E/StrictMode(  869):    at android.app.ActivityThread.main(ActivityThread.java:5280)
E/StrictMode(  869):    at java.lang.reflect.Method.invoke(Native Method)
E/StrictMode(  869):    at java.lang.reflect.Method.invoke(Method.java:372)
E/StrictMode(  869):    at com.android.internal.os.ZygoteInit$MethodAndArgsCaller.run(ZygoteInit.java:963)
E/StrictMode(  869):    at com.android.internal.os.ZygoteInit.main(ZygoteInit.java:758)
I/ActivityManagerService(  455): Start proc 1472:com.android.camera2/u0a19 for activity com.android.camera2/com.android.camera.CameraLauncher
E/Minikin (  455): addFont failed to create font /system/fonts/NanumGothic.ttf
E/Minikin (  455): addFont failed to create font /system/fonts/DroidSansFallback.ttf
D/DisplayManager( 1472): getDisplayInfo: displayId=0, info=DisplayInfo{"Built-in Screen", uniqueId "local:0", app 2560 x 1344, real 2560 x 1440, largest app 2560 x 2414, smallest app 1440 x 1294, 49.408005 fps, supportedRefreshRates [49.408005], rotation 1, density 320 (537.8823 x 537.3884) dpi, layerStack 0, appVsyncOff 0, presDeadline 21239636, type BUILT_IN, state ON, FLAG_SECURE, FLAG_SUPPORTS_PROTECTED_BUFFERS}
D/DisplayManager( 1472): getDisplayInfo: displayId=0, info=DisplayInfo{"Built-in Screen", uniqueId "local:0", app 2560 x 1344, real 2560 x 1440, largest app 2560 x 2414, smallest app 1440 x 1294, 49.408005 fps, supportedRefreshRates [49.408005], rotation 1, density 320 (537.8823 x 537.3884) dpi, layerStack 0, appVsyncOff 0, presDeadline 21239636, type BUILT_IN, state ON, FLAG_SECURE, FLAG_SUPPORTS_PROTECTED_BUFFERS}
D/ViewRootImpl(  869): 2560<<<<<< BACK FROM relayoutnull
D/DisplayManager( 1472): getDisplayInfo: displayId=0, info=DisplayInfo{"Built-in Screen", uniqueId "local:0", app 2560 x 1344, real 2560 x 1440, largest app 2560 x 2414, smallest app 1440 x 1294, 49.408005 fps, supportedRefreshRates [49.408005], rotation 1, density 320 (537.8823 x 537.3884) dpi, layerStack 0, appVsyncOff 0, presDeadline 21239636, type BUILT_IN, state ON, FLAG_SECURE, FLAG_SUPPORTS_PROTECTED_BUFFERS}
D/DisplayManager(  455): getDisplayInfo: displayId=0, info=DisplayInfo{"Built-in Screen", uniqueId "local:0", app 2560 x 1344, real 2560 x 1440, largest app 2560 x 2414, smallest app 1440 x 1294, 49.408005 fps, supportedRefreshRates [49.408005], rotation 1, density 320 (537.8823 x 537.3884) dpi, layerStack 0, appVsyncOff 0, presDeadline 21239636, type BUILT_IN, state ON, FLAG_SECURE, FLAG_SUPPORTS_PROTECTED_BUFFERS}
D/OpenGLRenderer(  455): Use EGL_SWAP_BEHAVIOR_PRESERVED: true
D/Atlas   (  455): Validating map...
D/DisplayManager( 1472): getDisplayInfo: displayId=0, info=DisplayInfo{"Built-in Screen", uniqueId "local:0", app 2560 x 1344, real 2560 x 1440, largest app 2560 x 2414, smallest app 1440 x 1294, 49.408005 fps, supportedRefreshRates [49.408005], rotation 1, density 320 (537.8823 x 537.3884) dpi, layerStack 0, appVsyncOff 0, presDeadline 21239636, type BUILT_IN, state ON, FLAG_SECURE, FLAG_SUPPORTS_PROTECTED_BUFFERS}
W/Atlas   (  455): Pointer 0x0, not in getPreloadedDrawables?
W/Atlas   (  455): Pointer 0x0, not in getPreloadedDrawables?
W/Atlas   (  455): Pointer 0x0, not in getPreloadedDrawables?
W/Atlas   (  455): Pointer 0x0, not in getPreloadedDrawables?
W/Atlas   (  455): Pointer 0x0, not in getPreloadedDrawables?
W/Atlas   (  455): Pointer 0x0, not in getPreloadedDrawables?
W/Atlas   (  455): Pointer 0x0, not in getPreloadedDrawables?
W/Atlas   (  455): Pointer 0x0, not in getPreloadedDrawables?
W/Atlas   (  455): Pointer 0x0, not in getPreloadedDrawables?
V/WindowManagerService(  455): Adding window Window{c8e5cfb u0 Starting com.android.camera2} at 2 of 7 (after Window{5d15b59 u0 com.android.launcher3/com.android.launcher3.Launcher EXITING})
W/AudioFlinger(  163): write blocked for 349 msecs, 1 delayed writes, thread 0xb4ca5008
D/DisplayManager( 1472): getDisplayInfo: displayId=0, info=DisplayInfo{"Built-in Screen", uniqueId "local:0", app 2560 x 1344, real 2560 x 1440, largest app 2560 x 2414, smallest app 1440 x 1294, 49.408005 fps, supportedRefreshRates [49.408005], rotation 1, density 320 (537.8823 x 537.3884) dpi, layerStack 0, appVsyncOff 0, presDeadline 21239636, type BUILT_IN, state ON, FLAG_SECURE, FLAG_SUPPORTS_PROTECTED_BUFFERS}
D/DisplayManager( 1472): getDisplayInfo: displayId=0, info=DisplayInfo{"Built-in Screen", uniqueId "local:0", app 2560 x 1344, real 2560 x 1440, largest app 2560 x 2414, smallest app 1440 x 1294, 49.408005 fps, supportedRefreshRates [49.408005], rotation 1, density 320 (537.8823 x 537.3884) dpi, layerStack 0, appVsyncOff 0, presDeadline 21239636, type BUILT_IN, state ON, FLAG_SECURE, FLAG_SUPPORTS_PROTECTED_BUFFERS}
D/ViewRootImpl(  455): onAttachToWindow register content observer attrs=WM.LayoutParams{(0,0)(fillxfill)mPosX=0mPosY=0mHScale=1.0mVScale=1.0 align=UNDEFINE taskId=10 ty=3 fl=#81830518 pfl=0x12 wanim=0x1030469 surfaceInsets=Rect(0, 0 - 0, 0) needsMenuKey=2packageName=com.android.camera2token=Token{3947fb32 ActivityRecord{2c96a73d u0 com.android.camera2/com.android.camera.CameraLauncher t10}}}
E/EmojiFactory_jni(  455): Failed to load libemoji.so: dlopen failed: library "libemoji.so" not found
D/CAM_MemoryManagerImpl( 1472): Max native memory: 358 MB
D/ViewRootImpl(  455): 2560<<<<<< BACK FROM relayoutWM.LayoutParams{(0,0)(fillxfill)mPosX=0mPosY=0mHScale=1.0mVScale=1.0 align=UNDEFINE taskId=10 sim=#20 ty=3 fl=#81830518 pfl=0x12 wanim=0x1030469 vsysui=0x600 surfaceInsets=Rect(0, 0 - 0, 0) needsMenuKey=2packageName=com.android.camera2token=Token{3947fb32 ActivityRecord{2c96a73d u0 com.android.camera2/com.android.camera.CameraLauncher t10}}}
I/OpenGLRenderer(  455): Initialized EGL, version 1.4
D/        (  455): rtl is ok
D/OpenGLRenderer(  455): Enabling debug mode 0
D/mali_winsys(  455): EGLint new_window_surface(egl_winsys_display*, void*, EGLSurface, EGLConfig, egl_winsys_surface**, egl_color_buffer_format*, EGLBoolean) returns 0x3000
V/CAM_QuickActivity( 1472): START onCreate: Activity = com.android.camera.CameraActivity@442bfeb
V/CAM_QuickActivity( 1472): Intent Action = android.intent.action.MAIN
D/DisplayManager( 1472): getDisplayInfo: displayId=0, info=DisplayInfo{"Built-in Screen", uniqueId "local:0", app 2560 x 1344, real 2560 x 1440, largest app 2560 x 2414, smallest app 1440 x 1294, 49.408005 fps, supportedRefreshRates [49.408005], rotation 1, density 320 (537.8823 x 537.3884) dpi, layerStack 0, appVsyncOff 0, presDeadline 21239636, type BUILT_IN, state ON, FLAG_SECURE, FLAG_SUPPORTS_PROTECTED_BUFFERS}
I/CameraManagerGlobal( 1472): getCameraService: Reconnecting to camera service
D/mmk     ( 1472): onStatusChangedLocked.+++++++
E/CameraManagerGlobal( 1472): Camera id 0 has status changed to 0x1
I/CameraService(  163): getCameraCharacteristics: Switching to HAL1 shim implementation...
D/CameraHal(  163): camera_get_camera_info(1311): camera_get_camera_info(1311): camera_0 facing(0), orientation(90)
D/CameraHal(  163): camera_get_camera_info(1311): camera_get_camera_info(1311): camera_0 facing(0), orientation(90)
D/CameraHal(  163): camera_get_camera_info(1311): camera_get_camera_info(1311): camera_0 facing(0), orientation(90)
D/DisplayManager( 1472): getDisplayInfo: displayId=0, info=DisplayInfo{"Built-in Screen", uniqueId "local:0", app 2560 x 1344, real 2560 x 1440, largest app 2560 x 2414, smallest app 1440 x 1294, 49.408005 fps, supportedRefreshRates [49.408005], rotation 1, density 320 (537.8823 x 537.3884) dpi, layerStack 0, appVsyncOff 0, presDeadline 21239636, type BUILT_IN, state ON, FLAG_SECURE, FLAG_SUPPORTS_PROTECTED_BUFFERS}
D/DisplayManager( 1472): getDisplayInfo: displayId=0, info=DisplayInfo{"Built-in Screen", uniqueId "local:0", app 2560 x 1344, real 2560 x 1440, largest app 2560 x 2414, smallest app 1440 x 1294, 49.408005 fps, supportedRefreshRates [49.408005], rotation 1, density 320 (537.8823 x 537.3884) dpi, layerStack 0, appVsyncOff 0, presDeadline 21239636, type BUILT_IN, state ON, FLAG_SECURE, FLAG_SUPPORTS_PROTECTED_BUFFERS}
D/PhoneWindow( 1472): DecorView - SCREEN_WEITH = 2560 - SCREE_HEIGHT = 1344
I/System.out( 1472): action Title!
D/ViewRootImpl(  869): 2560<<<<<< BACK FROM relayoutnull
D/DisplayManager(  602): getDisplayInfo: displayId=0, info=DisplayInfo{"Built-in Screen", uniqueId "local:0", app 2560 x 1344, real 2560 x 1440, largest app 2560 x 2414, smallest app 1440 x 1294, 49.408005 fps, supportedRefreshRates [49.408005], rotation 1, density 320 (537.8823 x 537.3884) dpi, layerStack 0, appVsyncOff 0, presDeadline 21239636, type BUILT_IN, state ON, FLAG_SECURE, FLAG_SUPPORTS_PROTECTED_BUFFERS}
D/DisplayManager( 1472): getDisplayInfo: displayId=0, info=DisplayInfo{"Built-in Screen", uniqueId "local:0", app 2560 x 1344, real 2560 x 1440, largest app 2560 x 2414, smallest app 1440 x 1294, 49.408005 fps, supportedRefreshRates [49.408005], rotation 1, density 320 (537.8823 x 537.3884) dpi, layerStack 0, appVsyncOff 0, presDeadline 21239636, type BUILT_IN, state ON, FLAG_SECURE, FLAG_SUPPORTS_PROTECTED_BUFFERS}
D/CameraHal(  163): camera_get_camera_info(1311): camera_get_camera_info(1311): camera_0 facing(0), orientation(90)
D/DisplayManager( 1472): getDisplayInfo: displayId=0, info=DisplayInfo{"Built-in Screen", uniqueId "local:0", app 2560 x 1344, real 2560 x 1440, largest app 2560 x 2414, smallest app 1440 x 1294, 49.408005 fps, supportedRefreshRates [49.408005], rotation 1, density 320 (537.8823 x 537.3884) dpi, layerStack 0, appVsyncOff 0, presDeadline 21239636, type BUILT_IN, state ON, FLAG_SECURE, FLAG_SUPPORTS_PROTECTED_BUFFERS}
D/DisplayManager( 1472): getDisplayInfo: displayId=0, info=DisplayInfo{"Built-in Screen", uniqueId "local:0", app 2560 x 1344, real 2560 x 1440, largest app 2560 x 2414, smallest app 1440 x 1294, 49.408005 fps, supportedRefreshRates [49.408005], rotation 1, density 320 (537.8823 x 537.3884) dpi, layerStack 0, appVsyncOff 0, presDeadline 21239636, type BUILT_IN, state ON, FLAG_SECURE, FLAG_SUPPORTS_PROTECTED_BUFFERS}
D/CAM_LocationManager( 1472): Using legacy location provider.
D/SensorManager( 1472): aidl getSensorManager:null
V/CAM_SettingsManager( 1472): listeners: [com.android.camera.app.CameraAppUI@1eec7940]
V/CAM_SettingsManager( 1472): listeners: [com.android.camera.app.CameraAppUI@1eec7940, com.android.camera.ButtonManager@2f5d7b35]
V/CAM_SettingsManager( 1472): listeners: [com.android.camera.app.CameraAppUI@1eec7940, com.android.camera.ButtonManager@2f5d7b35, com.android.camera.widget.IndicatorIconController@1edb813b]
E/NFC     ( 1472): could not retrieve NFC service
V/CAM_QuickActivity( 1472): END onCreate: Activity = com.android.camera.CameraActivity@442bfeb
V/CAM_QuickActivity( 1472): START onStart: Activity = com.android.camera.CameraActivity@442bfeb
V/CAM_QuickActivity( 1472): END onStart: Activity = com.android.camera.CameraActivity@442bfeb
V/CAM_QuickActivity( 1472): START onResume: Activity = com.android.camera.CameraActivity@442bfeb
V/CAM_CameraActivity( 1472): Build info: rk3288-eng 5.1.1 LMY49F eng.jhdzc.20160907.214120 test-keys
V/CAM_CameraDataAdapter( 1472): retrieved photo metadata, number of items: 0
V/CAM_CameraDataAdapter( 1472): retrieved video metadata, number of items: 0
V/CAM_CameraDataAdapter( 1472): sorting video/photo metadata
V/CAM_CameraDataAdapter( 1472): sorted video/photo metadata
D/CAM_Storage( 1472): External storage state=mounted
V/CAM_PhotoModule( 1472): requestCameraOpen
V/CAM_CameraController( 1472): requestCamera
V/CAM_CameraController( 1472): checkAndOpenCamera
I/AwesomePlayer(  163): AwesomePlayer::AwesomePlayer()in
I/AwesomePlayer(  163): AwesomePlayer::AwesomePlayer()aftermClient.connect()
I/OMXCodec(  163): --->InstantiateSoftwareCodec create OMX.google.vorbis.decoder codec
I/OMXCodec(  163): Successfully allocated OMX node 'OMX.google.vorbis.decoder'
I/CAM2PORT_AndCamAgntImp( 1472): Opening camera 0 with camera1 API
D/CameraHal(  163): camera_get_camera_info(1311): camera_get_camera_info(1311): camera_0 facing(0), orientation(90)
D/CameraHal(  163): camera_get_camera_info(1311): camera_get_camera_info(1311): camera_0 facing(0), orientation(90)
W/AudioFlinger(  163): acquireAudioSessionId() unknown client 1472 for session 13
I/AwesomePlayer(  163): AwesomePlayer::AwesomePlayer()in
I/AwesomePlayer(  163): AwesomePlayer::AwesomePlayer()aftermClient.connect()
I/AwesomePlayer(  163): setDataSource_l(<no-scheme URI suppressed>)
I/OMXCodec(  163): mOutputPortSettingsHaveChanged set true
D/DisplayManager( 1472): getDisplayInfo: displayId=0, info=DisplayInfo{"Built-in Screen", uniqueId "local:0", app 2560 x 1344, real 2560 x 1440, largest app 2560 x 2414, smallest app 1440 x 1294, 49.408005 fps, supportedRefreshRates [49.408005], rotation 1, density 320 (537.8823 x 537.3884) dpi, layerStack 0, appVsyncOff 0, presDeadline 21239636, type BUILT_IN, state ON, FLAG_SECURE, FLAG_SUPPORTS_PROTECTED_BUFFERS}
D/CAM_MemoryQuery( 1472): timestamp=98014, availMem=1507, totalMem=2013, totalPSS=11, lastTrimLevel=0, largeMemoryClass=512, nativePSS=2, dalvikPSS=4, otherPSS=4,threshold=144, lowMemory=false
I/OMXCodec(  163): --->InstantiateSoftwareCodec create OMX.google.vorbis.decoder codec
I/OMXCodec(  163): Successfully allocated OMX node 'OMX.google.vorbis.decoder'
D/DisplayManager( 1472): getDisplayInfo: displayId=0, info=DisplayInfo{"Built-in Screen", uniqueId "local:0", app 2560 x 1344, real 2560 x 1440, largest app 2560 x 2414, smallest app 1440 x 1294, 49.408005 fps, supportedRefreshRates [49.408005], rotation 1, density 320 (537.8823 x 537.3884) dpi, layerStack 0, appVsyncOff 0, presDeadline 21239636, type BUILT_IN, state ON, FLAG_SECURE, FLAG_SUPPORTS_PROTECTED_BUFFERS}
V/CAM_PhotoModule( 1472): setDisplayOrientation (screen:preview) 90:0
D/Sensors (  455): int sensors_poll_context_t::activate(int, int)
D/Sensors (  455): Entered : handle = 0x3, en = 0x1.
I/Sensors (  455): newState = 0x1, what = 0x0, mEnabled = 0x0.
D/Sensors (  455): to exit : mEnabled = 0x1.
I/AKMD2   (  167): Compass Opened.
D/Sensors (  455): int sensors_poll_context_t::setDelay(int, int64_t)
D/Sensors (  455): max rate: 1000000
W/AudioFlinger(  163): acquireAudioSessionId() unknown client 1472 for session 14
I/AwesomePlayer(  163): AwesomePlayer::AwesomePlayer()in
I/AwesomePlayer(  163): AwesomePlayer::AwesomePlayer()aftermClient.connect()
I/AwesomePlayer(  163): setDataSource_l(<no-scheme URI suppressed>)
D/AKMD2   (  167): InitAK8963_Measure: m_form=0
D/Sensors (  455): Entered : handle = 0x3, ns = 200000000.
I/FrameQueueManage(  163): FrameQueueManage::~FrameQueueManage end!
I/AwesomePlayer(  163): AwesomePlayer::AwesomePlayer()in
I/AwesomePlayer(  163): AwesomePlayer::AwesomePlayer()aftermClient.connect()
I/OMXCodec(  163): --->InstantiateSoftwareCodec create OMX.google.vorbis.decoder codec
I/OMXCodec(  163): Successfully allocated OMX node 'OMX.google.vorbis.decoder'
I/OMXCodec(  163): --->InstantiateSoftwareCodec create OMX.google.vorbis.decoder codec
I/OMXCodec(  163): Successfully allocated OMX node 'OMX.google.vorbis.decoder'
I/CameraClient(  163): Opening camera 0
D/CameraHal(  163): camera_get_camera_info(1311): camera_get_camera_info(1311): camera_0 facing(0), orientation(90)
I/CameraHal(  163): camera_device_open(500): camera_device open
D/CameraHal(  163): gCameraHalLogLevel: 1
D/mmk     (  602): onStatusChangedLocked.+++++++
D/CameraHal(  163): CameraHal(92): CameraHal(92): Camera Hal memory is alloced from ION device
D/CameraHal(  163): CameraHal(133): it is a isp  camera
D/CameraHal(  163): CameraAdapter(8):  enter
D/CameraHal(  163): CameraAdapter(36):  exit
D/CameraHal(  163): CameraIspAdapter(58):  enter
D/CameraHal(  163): CameraIspAdapter(72):  exit
D/CameraHal(  163): Calling process is: com.android.camera2
D/CameraHal(  163): MessageQueue(113): displayCmdQ create
D/CameraHal(  163): DisplayAdapter(9):  enter
D/CameraHal(  163): DisplayAdapter(25):  exit
D/CameraHal(  163): MessageQueue(113): pictureEncThreadQ create
D/CameraHal(  163): MessageQueue(113): eventThreadQ create
D/CameraHal(  163): AppMsgNotifier(22):  enter
I/vpu_mem_pool(  163): pid 163, open_vpu_memory_pool:473: success
D/CameraHal(  163): displayThread(586):  enter
D/CameraHal(  163): AppMsgNotifier(27): ============ create_vpu_memory_pool_allocator 10*80kB ==========
E/CameraManagerGlobal(  602): Camera id 0 has status changed to 0x80000000
D/mmk     (  602): postSingleUpdate.+++++++++ status = -2147483648
I/OMXCodec(  163): mOutputPortSettingsHaveChanged set true
D/mmk     (  602): postSingleUpdate.+++++++++ status = -2147483648
D/mmk     ( 1472): onStatusChangedLocked.+++++++
D/CameraHal(  163): AppMsgNotifier(76):  exit
D/CameraHal(  163): initialize(43):  enter
D/CameraHal(  163): cameraCreate(97):  enter
I/OMXCodec(  163): found informat change ComponentName = OMX.google.vorbis.decoder
E/CameraManagerGlobal( 1472): Camera id 0 has status changed to 0x80000000
D/CameraHal(  163): faceDetectThread(1658):  enter
D/CameraHal(  163): encProcessThread(1579):  enter
D/CameraHal(  163): eventThread(1735):  enter
I/vpu_mem_pool(  163): pid 163, vpu_mem_allocator:717: vpu memory pool size (80000)
I/vpu_mem_pool(  163): pid 163, vpu_mem_allocator:720: ion_alloc_fd success, memory fd 45
E/CameraHal_Marvin(  163): HAL-MOCKUP: CAMSYS_QUREYIOMMU failed !!!!
D/CameraHal(  163): callbackThread(1802):  enter
D/CameraHal_Marvin(  163): HAL-MOCKUP: regmem.base = 0xb3cbd000,regmem.size = 0x10000!
I/vpu_mem_pool(  163): pid 163, vpu_mem_allocator:717: vpu memory pool size (160000)
I/vpu_mem_pool(  163): pid 163, vpu_mem_allocator:720: ion_alloc_fd success, memory fd 28
E/CameraHal(  163): disconnectCamera(1717): getFocusLimits failed!
E/CameraHal_Marvin(  163): GS5604: GS5604_IsiCreateSensorIss  support lane numbers :2, default is 2
I/vpu_mem_pool(  163): pid 163, vpu_mem_allocator:717: vpu memory pool size (240000)
I/vpu_mem_pool(  163): pid 163, vpu_mem_allocator:720: ion_alloc_fd success, memory fd 39
I/vpu_mem_pool(  163): pid 163, vpu_mem_allocator:717: vpu memory pool size (320000)
I/vpu_mem_pool(  163): pid 163, vpu_mem_allocator:720: ion_alloc_fd success, memory fd 51
I/vpu_mem_pool(  163): pid 163, vpu_mem_allocator:717: vpu memory pool size (400000)
I/vpu_mem_pool(  163): pid 163, vpu_mem_allocator:720: ion_alloc_fd success, memory fd 24
I/FrameQueueManage(  163): FrameQueueManage::~FrameQueueManage end!
I/vpu_mem_pool(  163): pid 163, vpu_mem_allocator:717: vpu memory pool size (480000)
I/vpu_mem_pool(  163): pid 163, vpu_mem_allocator:720: ion_alloc_fd success, memory fd 17
I/vpu_mem_pool(  163): pid 163, vpu_mem_allocator:717: vpu memory pool size (560000)
I/vpu_mem_pool(  163): pid 163, vpu_mem_allocator:720: ion_alloc_fd success, memory fd 18
I/vpu_mem_pool(  163): pid 163, vpu_mem_allocator:717: vpu memory pool size (640000)
I/vpu_mem_pool(  163): pid 163, vpu_mem_allocator:720: ion_alloc_fd success, memory fd 19
I/vpu_mem_pool(  163): pid 163, vpu_mem_allocator:717: vpu memory pool size (720000)
I/vpu_mem_pool(  163): pid 163, vpu_mem_allocator:720: ion_alloc_fd success, memory fd 48
I/vpu_mem_pool(  163): pid 163, vpu_mem_allocator:717: vpu memory pool size (800000)
I/vpu_mem_pool(  163): pid 163, vpu_mem_allocator:720: ion_alloc_fd success, memory fd 49
D/CAM_LcyLocProvider( 1472): provider does not exist provider doesn't exist: network
D/CAM_LcyLocProvider( 1472): provider does not exist provider doesn't exist: gps
D/CAM_LcyLocProvider( 1472): startReceivingLocationUpdates
V/CAM_QuickActivity( 1472): END onResume: Activity = com.android.camera.CameraActivity@442bfeb
D/DisplayManager( 1472): getDisplayInfo: displayId=0, info=DisplayInfo{"Built-in Screen", uniqueId "local:0", app 2560 x 1344, real 2560 x 1440, largest app 2560 x 2414, smallest app 1440 x 1294, 49.408005 fps, supportedRefreshRates [49.408005], rotation 1, density 320 (537.8823 x 537.3884) dpi, layerStack 0, appVsyncOff 0, presDeadline 21239636, type BUILT_IN, state ON, FLAG_SECURE, FLAG_SUPPORTS_PROTECTED_BUFFERS}
D/DisplayManager( 1472): getDisplayInfo: displayId=0, info=DisplayInfo{"Built-in Screen", uniqueId "local:0", app 2560 x 1344, real 2560 x 1440, largest app 2560 x 2414, smallest app 1440 x 1294, 49.408005 fps, supportedRefreshRates [49.408005], rotation 1, density 320 (537.8823 x 537.3884) dpi, layerStack 0, appVsyncOff 0, presDeadline 21239636, type BUILT_IN, state ON, FLAG_SECURE, FLAG_SUPPORTS_PROTECTED_BUFFERS}
D/OpenGLRenderer( 1472): Use EGL_SWAP_BEHAVIOR_PRESERVED: true
D/Atlas   ( 1472): Validating map...
W/Atlas   ( 1472): Pointer 0x0, not in getPreloadedDrawables?
W/Atlas   ( 1472): Pointer 0x0, not in getPreloadedDrawables?
W/Atlas   ( 1472): Pointer 0x0, not in getPreloadedDrawables?
W/Atlas   ( 1472): Pointer 0x0, not in getPreloadedDrawables?
W/Atlas   ( 1472): Pointer 0x0, not in getPreloadedDrawables?
W/Atlas   ( 1472): Pointer 0x0, not in getPreloadedDrawables?
W/Atlas   ( 1472): Pointer 0x0, not in getPreloadedDrawables?
W/Atlas   ( 1472): Pointer 0x0, not in getPreloadedDrawables?
W/Atlas   ( 1472): Pointer 0x0, not in getPreloadedDrawables?
V/WindowManagerService(  455): Adding window Window{272c7aeb u0 com.android.camera2/com.android.camera.CameraLauncher} at 2 of 8 (before Window{c8e5cfb u0 Starting com.android.camera2})
V/CAM_CameraActivity( 1472): ignoring storage callback after activity pause
D/CAM_Storage( 1472): External storage state=mounted
E/CameraHal_Marvin(  163): GS5604: GS5604_IsiRegReadIss (exit: 0x00000000 0x00006017)
E/CameraHal_Marvin(  163): CAM_API_CAMENGINE: openSensor (IsiMdiInitMotoDrive failed)
D/CameraHal_Marvin(  163):
D/CameraHal_Marvin(  163):
D/CameraHal_Marvin(  163):
D/CameraHal_Marvin(  163): CameraHal Version Check:
D/CameraHal_Marvin(  163):     CamSys_Head.h version:
D/CameraHal_Marvin(  163):        kernel: (0x) v0.b.0
D/CameraHal_Marvin(  163):        libisp_siliconimage_isp.so: (0x) v0.b.0
D/CameraHal_Marvin(  163):     LibIsp version:
D/CameraHal_Marvin(  163):        local: (0x) v1.27.0
D/CameraHal_Marvin(  163):        camera.rk30board.so: (0x) v1.27.0
D/CameraHal_Marvin(  163):     Sensor ISI version:
D/CameraHal_Marvin(  163):         libisp_isi_drv_XXX: (0x) v0.a.0
D/CameraHal_Marvin(  163):         libisp_siliconimage_isp.so: (0x) v0.a.0
D/CameraHal_Marvin(  163):     sensor name GS5604:
D/CameraHal_Marvin(  163):        sensor drv version: (0x) v0.5.0
D/CameraHal_Marvin(  163):
D/CameraHal_Marvin(  163):
D/CameraHal_Marvin(  163):
D/CameraHal_Marvin(  163): CAM_API_CAMENGINE: Request 640x480, Exp(>= 0.000000), Fps(>= 15fps)
E/CameraHal_Marvin(  163): GS5604: GS5604_IsiGetCapsIss (enter)
E/CameraHal_Marvin(  163): GS5604: GS5604_IsiGetCapsIss (exit)
E/CameraHal_Marvin(  163): GS5604: GS5604_IsiGetCapsIss (enter)
E/CameraHal_Marvin(  163): GS5604: GS5604_IsiGetCapsIss (exit)
E/CameraHal_Marvin(  163): GS5604: GS5604_IsiGetCapsIss (enter)
E/CameraHal_Marvin(  163): GS5604: GS5604_IsiGetCapsIss (exit)
D/CameraHal_Marvin(  163): CAM_API_CAMENGINE: getPreferedSensorRes is 1280x720@30fps
E/CameraHal_Marvin(  163): GS5604: GS5604_IsiGetCapsIss (enter)
E/CameraHal_Marvin(  163): GS5604: GS5604_IsiGetCapsIss (exit)
E/CameraHal_Marvin(  163): GS5604: GS5604_IsiGetCapsIss (enter)
E/CameraHal_Marvin(  163): GS5604: GS5604_IsiGetCapsIss (exit)
E/CameraHal_Marvin(  163): GS5604: GS5604_IsiGetCapsIss (enter)
E/CameraHal_Marvin(  163): GS5604: GS5604_IsiGetCapsIss (exit)
D/CameraHal(  163): setupPreview(248): isp out put format is YUV420SP.
D/CameraHal(  163): setupPreview(260): Sensor output: 0x0 --(0,0,0,0)--> User request: 640x480
E/CameraHal_Marvin(  163): GS5604: GS5604_IsiRegReadIss (exit: 0x00000000 0x00006017)
E/CameraHal_Marvin(  163): GS5604: GS5604_IsiSetupSensorIss (enter).........
E/CameraHal_Marvin(  163): GS5604: GS5604MIPI_WAIT_STATUS ( GS5604MIPI_WAIT_STATUS enter,p_value:0x1)
E/CameraHal_Marvin(  163): GS5604: GS5604MIPI_WAIT_STATUS ( GS5604MIPI_WAIT_STATUS-- enter,p_value:0x0)
E/CameraHal_Marvin(  163): GS5604: IsiRegDefaultsApply_W (enter)
D/ViewRootImpl( 1472): onAttachToWindow register content observer attrs=WM.LayoutParams{(0,0)(fillxfill)mPosX=0mPosY=0mHScale=1.0mVScale=1.0 align=UNDEFINE taskId=10 sim=#123 ty=1 fl=#81810580 wanim=0x1030469 rotAnim=1 vsysui=0x501 sysuil=true surfaceInsets=Rect(0, 0 - 0, 0) needsMenuKey=2packageName=com.android.camera2token=android.os.BinderProxy@3e140a22}
D/DisplayManager( 1472): getDisplayInfo: displayId=0, info=DisplayInfo{"Built-in Screen", uniqueId "local:0", app 2560 x 1344, real 2560 x 1440, largest app 2560 x 2414, smallest app 1440 x 1294, 49.408005 fps, supportedRefreshRates [49.408005], rotation 1, density 320 (537.8823 x 537.3884) dpi, layerStack 0, appVsyncOff 0, presDeadline 21239636, type BUILT_IN, state ON, FLAG_SECURE, FLAG_SUPPORTS_PROTECTED_BUFFERS}
D/WindowManagerService(  455): Window{272c7aeb u0 com.android.camera2/com.android.camera.CameraLauncher}  ==========setInputFocusLw ==========  =======
D/ViewRootImpl( 1472): 2560<<<<<< BACK FROM relayoutWM.LayoutParams{(0,0)(fillxfill)mPosX=0mPosY=0mHScale=1.0mVScale=1.0 align=UNDEFINE taskId=10 sim=#123 ty=1 fl=#81810580 wanim=0x1030469 rotAnim=1 vsysui=0x501 sysuil=true surfaceInsets=Rect(0, 0 - 0, 0) needsMenuKey=2packageName=com.android.camera2token=android.os.BinderProxy@3e140a22}
I/mali_so ( 1472): [File] : hardware/arm/maliT760-r11-bak/driver/product/base/src/mali_base_kbase.c; [Line] : 928; [Func] : base_context_deal_with_version_affairs_rk_ext;
I/mali_so ( 1472): arm_release_ver of this mali_so is 'r11p0-00rel0', rk_so_ver is '11@0', built at '16:25:03', on 'Jun 22 2016'.
I/mali_so ( 1472): [File] : hardware/arm/maliT760-r11-bak/driver/product/base/src/mali_base_kbase.c; [Line] : 955; [Func] : base_context_deal_with_version_affairs_rk_ext;
I/mali_so ( 1472): mali_ver_property has been set to 'r11p0-00rel0-13-11@0', to return.
I/OpenGLRenderer( 1472): Initialized EGL, version 1.4
D/        ( 1472): rtl is ok
I/RenderThread( 1536): type=1400 audit(0.0:11): avc: denied { read } for name="buf" dev="debugfs" ino=8573 scontext=u:r:untrusted_app:s0 tcontext=u:object_r:debugfs:s0 tclass=file permissive=1
I/RenderThread( 1536): type=1400 audit(0.0:12): avc: denied { getattr } for path="/sys/kernel/debug/rk_util/buf" dev="debugfs" ino=8573 scontext=u:r:untrusted_app:s0 tcontext=u:object_r:debugfs:s0 tclass=file permissive=1
D/OpenGLRenderer( 1472): Enabling debug mode 0
D/mali_winsys( 1472): EGLint new_window_surface(egl_winsys_display*, void*, EGLSurface, EGLConfig, egl_winsys_surface**, egl_color_buffer_format*, EGLBoolean) returns 0x3000
D/DisplayManager( 1472): getDisplayInfo: displayId=0, info=DisplayInfo{"Built-in Screen", uniqueId "local:0", app 2560 x 1344, real 2560 x 1440, largest app 2560 x 2414, smallest app 1440 x 1294, 49.408005 fps, supportedRefreshRates [49.408005], rotation 1, density 320 (537.8823 x 537.3884) dpi, layerStack 0, appVsyncOff 0, presDeadline 21239636, type BUILT_IN, state ON, FLAG_SECURE, FLAG_SUPPORTS_PROTECTED_BUFFERS}
V/CAM_TexViewHelper( 1472): onLayoutChange
D/DisplayManager( 1472): getDisplayInfo: displayId=0, info=DisplayInfo{"Built-in Screen", uniqueId "local:0", app 2560 x 1344, real 2560 x 1440, largest app 2560 x 2414, smallest app 1440 x 1294, 49.408005 fps, supportedRefreshRates [49.408005], rotation 1, density 320 (537.8823 x 537.3884) dpi, layerStack 0, appVsyncOff 0, presDeadline 21239636, type BUILT_IN, state ON, FLAG_SECURE, FLAG_SUPPORTS_PROTECTED_BUFFERS}
V/CAM_TexViewHelper( 1472): updateTransform
V/CAM_CameraDataAdapter( 1472): new photos query return num items: 0
V/CAM_CameraActivity( 1472): ignoring storage callback after activity pause
D/DisplayManager( 1472): getDisplayInfo: displayId=0, info=DisplayInfo{"Built-in Screen", uniqueId "local:0", app 2560 x 1344, real 2560 x 1440, largest app 2560 x 2414, smallest app 1440 x 1294, 49.408005 fps, supportedRefreshRates [49.408005], rotation 1, density 320 (537.8823 x 537.3884) dpi, layerStack 0, appVsyncOff 0, presDeadline 21239636, type BUILT_IN, state ON, FLAG_SECURE, FLAG_SUPPORTS_PROTECTED_BUFFERS}
V/CAM_TexViewHelper( 1472): updateTransform
V/CAM_CameraAppUI( 1472): SurfaceTexture is available
I/CAM_PhotoModule( 1472): onPreviewUIReady
I/CAM_PhotoModule( 1472): attempted to start preview before camera device
W/PathParser( 1472): Points are too far apart 4.000000596046461
W/ResourceType( 1472): No package identifier when getting value for resource number 0x00000000
W/PackageManager( 1472): Failure retrieving resources for com.android.gallery3d: Resource ID #0x0
I/ActivityManagerService(  455): Displayed com.android.camera2/com.android.camera.CameraLauncher: +1s537ms
D/ViewRootImpl(  455): onDetachedFromWindow ungister contentObserver
D/DisplayManager( 1472): getDisplayInfo: displayId=0, info=DisplayInfo{"Built-in Screen", uniqueId "local:0", app 2560 x 1344, real 2560 x 1440, largest app 2560 x 2414, smallest app 1440 x 1294, 49.408005 fps, supportedRefreshRates [49.408005], rotation 1, density 320 (537.8823 x 537.3884) dpi, layerStack 0, appVsyncOff 0, presDeadline 21239636, type BUILT_IN, state ON, FLAG_SECURE, FLAG_SUPPORTS_PROTECTED_BUFFERS}
V/CAM_TexViewHelper( 1472): onLayoutChange
D/DisplayManager( 1472): getDisplayInfo: displayId=0, info=DisplayInfo{"Built-in Screen", uniqueId "local:0", app 2560 x 1344, real 2560 x 1440, largest app 2560 x 2414, smallest app 1440 x 1294, 49.408005 fps, supportedRefreshRates [49.408005], rotation 1, density 320 (537.8823 x 537.3884) dpi, layerStack 0, appVsyncOff 0, presDeadline 21239636, type BUILT_IN, state ON, FLAG_SECURE, FLAG_SUPPORTS_PROTECTED_BUFFERS}
D/DisplayManager( 1472): getDisplayInfo: displayId=0, info=DisplayInfo{"Built-in Screen", uniqueId "local:0", app 2560 x 1344, real 2560 x 1440, largest app 2560 x 2414, smallest app 1440 x 1294, 49.408005 fps, supportedRefreshRates [49.408005], rotation 1, density 320 (537.8823 x 537.3884) dpi, layerStack 0, appVsyncOff 0, presDeadline 21239636, type BUILT_IN, state ON, FLAG_SECURE, FLAG_SUPPORTS_PROTECTED_BUFFERS}
D/DisplayManager( 1472): getDisplayInfo: displayId=0, info=DisplayInfo{"Built-in Screen", uniqueId "local:0", app 2560 x 1344, real 2560 x 1440, largest app 2560 x 2414, smallest app 1440 x 1294, 49.408005 fps, supportedRefreshRates [49.408005], rotation 1, density 320 (537.8823 x 537.3884) dpi, layerStack 0, appVsyncOff 0, presDeadline 21239636, type BUILT_IN, state ON, FLAG_SECURE, FLAG_SUPPORTS_PROTECTED_BUFFERS}
D/DisplayManager( 1472): getDisplayInfo: displayId=0, info=DisplayInfo{"Built-in Screen", uniqueId "local:0", app 2560 x 1344, real 2560 x 1440, largest app 2560 x 2414, smallest app 1440 x 1294, 49.408005 fps, supportedRefreshRates [49.408005], rotation 1, density 320 (537.8823 x 537.3884) dpi, layerStack 0, appVsyncOff 0, presDeadline 21239636, type BUILT_IN, state ON, FLAG_SECURE, FLAG_SUPPORTS_PROTECTED_BUFFERS}
D/DisplayManager( 1472): getDisplayInfo: displayId=0, info=DisplayInfo{"Built-in Screen", uniqueId "local:0", app 2560 x 1344, real 2560 x 1440, largest app 2560 x 2414, smallest app 1440 x 1294, 49.408005 fps, supportedRefreshRates [49.408005], rotation 1, density 320 (537.8823 x 537.3884) dpi, layerStack 0, appVsyncOff 0, presDeadline 21239636, type BUILT_IN, state ON, FLAG_SECURE, FLAG_SUPPORTS_PROTECTED_BUFFERS}
D/DisplayManager( 1472): getDisplayInfo: displayId=0, info=DisplayInfo{"Built-in Screen", uniqueId "local:0", app 2560 x 1344, real 2560 x 1440, largest app 2560 x 2414, smallest app 1440 x 1294, 49.408005 fps, supportedRefreshRates [49.408005], rotation 1, density 320 (537.8823 x 537.3884) dpi, layerStack 0, appVsyncOff 0, presDeadline 21239636, type BUILT_IN, state ON, FLAG_SECURE, FLAG_SUPPORTS_PROTECTED_BUFFERS}
E/CameraHal_Marvin(  163): GS5604: GS5604MIPI_WAIT_STATUS2 ( GS5604MIPI_WAIT_STATUS2 enter,p_value:0x3)
E/CameraHal_Marvin(  163): GS5604: GS5604MIPI_WAIT_STATUS2 ( GS5604MIPI_WAIT_STATUS2--- enter,p_value:0x2)
D/DisplayManager( 1472): getDisplayInfo: displayId=0, info=DisplayInfo{"Built-in Screen", uniqueId "local:0", app 2560 x 1344, real 2560 x 1440, largest app 2560 x 2414, smallest app 1440 x 1294, 49.408005 fps, supportedRefreshRates [49.408005], rotation 1, density 320 (537.8823 x 537.3884) dpi, layerStack 0, appVsyncOff 0, presDeadline 21239636, type BUILT_IN, state ON, FLAG_SECURE, FLAG_SUPPORTS_PROTECTED_BUFFERS}
E/CameraHal_Marvin(  163): GS5604: GS5604_IsiSetupSensorIss (enter222222)
E/CameraHal_Marvin(  163): GS5604: GS5604_SetupOutputWindow (enter...pConfig->Resolution:0x3c5002d0..)
E/CameraHal_Marvin(  163): GS5604: GS5604_SetupOutputWindow: case ISI_RES_TV720P30
E/CameraHal_Marvin(  163): GS5604: IsiRegDefaultsApply_W (enter)
E/CameraHal_Marvin(  163): GS5604: GS5604_SetupOutputWindow: successs to set  ISI_RES_TV720P30 I2CADDR:0x78
E/CameraHal_Marvin(  163): GS5604: GS5604MIPI_WAIT_STATUS1 ( GS5604MIPI_WAIT_STATUS1 enter,p_value:0x22)
E/CameraHal_Marvin(  163): GS5604: GS5604MIPI_WAIT_STATUS1 ( GS5604MIPI_WAIT_STATUS1-- enter,p_value:0x20))
E/CameraHal_Marvin(  163): GS5604: GS5604_IsiSetupSensorIss: (exit)
E/CameraHal_Marvin(  163): GS5604: GS5604_IsiMdiFocusSet: ((enter)
E/CameraHal_Marvin(  163): GS5604: GS5604_IsiMdiFocusSet: Position:1;SlaveAddress:0x78
E/CameraHal_Marvin(  163): GS5604: IsiRegDefaultsApply_W (enter)
D/DisplayManager( 1472): getDisplayInfo: displayId=0, info=DisplayInfo{"Built-in Screen", uniqueId "local:0", app 2560 x 1344, real 2560 x 1440, largest app 2560 x 2414, smallest app 1440 x 1294, 49.408005 fps, supportedRefreshRates [49.408005], rotation 1, density 320 (537.8823 x 537.3884) dpi, layerStack 0, appVsyncOff 0, presDeadline 21239636, type BUILT_IN, state ON, FLAG_SECURE, FLAG_SUPPORTS_PROTECTED_BUFFERS}
E/CameraHal_Marvin(  163): GS5604: GS5604_IsiRegReadIss (exit: 0x00000000 0x00006017)
E/CameraHal_Marvin(  163): GS5604: GS5604_IsiMdiFocusSet: Download GS5604_af_firmware success
E/CameraHal_Marvin(  163): GS5604: GS5604_IsiMdiFocusSet: (exit)
E/CameraHal_Marvin(  163): GS5604: ------GS5604_IsiSensorSetStreamingIss (exit):on:1
E/CameraHal_Marvin(  163): ADPF: AdpfStart: Can't enable CamerIc DPF (8)
E/CameraHal_Marvin(  163): ADPCC: AdpccStart: Can't enable CamerIc DPCC (8)
D/CameraHal(  163): connectCamera(1695): gamma_curve.GammaY[0]:0
D/CameraHal(  163): connectCamera(1695): gamma_curve.GammaY[1]:64
D/CameraHal(  163): connectCamera(1695): gamma_curve.GammaY[2]:128
D/CameraHal(  163): connectCamera(1695): gamma_curve.GammaY[3]:192
D/CameraHal(  163): connectCamera(1695): gamma_curve.GammaY[4]:256
D/CameraHal(  163): connectCamera(1695): gamma_curve.GammaY[5]:320
D/CameraHal(  163): connectCamera(1695): gamma_curve.GammaY[6]:384
D/CameraHal(  163): connectCamera(1695): gamma_curve.GammaY[7]:448
D/CameraHal(  163): connectCamera(1695): gamma_curve.GammaY[8]:512
D/CameraHal(  163): connectCamera(1695): gamma_curve.GammaY[9]:576
D/CameraHal(  163): connectCamera(1695): gamma_curve.GammaY[10]:640
D/CameraHal(  163): connectCamera(1695): gamma_curve.GammaY[11]:704
D/CameraHal(  163): connectCamera(1695): gamma_curve.GammaY[12]:768
D/CameraHal(  163): connectCamera(1695): gamma_curve.GammaY[13]:832
D/CameraHal(  163): connectCamera(1695): gamma_curve.GammaY[14]:896
D/CameraHal(  163): connectCamera(1695): gamma_curve.GammaY[15]:960
D/CameraHal(  163): connectCamera(1695): gamma_curve.GammaY[16]:1023
E/CameraHal_Marvin(  163): GS5604: GS5604_IsiMdiSetupMotoDrive: this is SOC camera af(exit)
D/CameraHal(  163): cameraCreate(143):  exit
D/CameraHal(  163): initDefaultParameters(753):  enter
D/CameraHal(  163): initDefaultParameters(762): Sensor resolution list:
E/CameraHal_Marvin(  163): GS5604: GS5604_IsiGetCapsIss (enter)
E/CameraHal_Marvin(  163): GS5604: GS5604_IsiGetCapsIss (exit)
D/CameraHal(  163): initDefaultParameters(802):     2592x1944 @ 7 fps
D/CameraHal(  163): afListenerThread(2272):  enter
E/CameraHal_Marvin(  163): GS5604: GS5604_IsiGetCapsIss (enter)
E/CameraHal_Marvin(  163): GS5604: GS5604_IsiGetCapsIss (exit)
D/CameraHal(  163): initDefaultParameters(802):     1280x720 @ 30 fps
E/CameraHal_Marvin(  163): GS5604: GS5604_IsiGetCapsIss (enter)
E/CameraHal_Marvin(  163): GS5604: GS5604_IsiGetCapsIss (exit)
D/CameraHal(  163): initDefaultParameters(1162): Support Preview format: yuv420sp,yuv420p    yuv420sp(default)
D/CameraHal(  163): initDefaultParameters(1164): Support Preview sizes: 176x144,320x240,352x288,640x480,720x480,800x600,2592x1944,1280x720,1280x720    800x600(default)    800x600(force)
D/CameraHal(  163): initDefaultParameters(1165): Support Preview FPS range: (3000,30000)
D/CameraHal(  163): initDefaultParameters(1166): Support Preview framerate: 10,15,30
D/CameraHal(  163): initDefaultParameters(1167): Support Picture sizes: 2592x1944,2048x1536,1600x1200,1024x768,640x480,352x288,320x240,176x144    2592x1944(default)
D/CameraHal(  163): initDefaultParameters(1169): Support Focus: fixed  Focus zone: 0
D/CameraHal(  163): initDefaultParameters(1172): Support Flash: off,on,auto  Flash: off
D/CameraHal(  163): initDefaultParameters(1173): Support AWB: auto
D/CameraHal(  163): initDefaultParameters(1175): Support FOV test h(60.000000) v(60.000000)
D/CameraHal(  163): isNeedToRestartPreview(143): mPreviewFrame2AppW (800x600)
D/CameraHal(  163): isNeedToRestartPreview(144): mCamPreviewW (640x480)
D/CameraHal(  163): isNeedToRestartPreview(145): video width (800x600)
D/CameraHal(  163): initDefaultParameters(1178):  exit
D/CameraHal(  163): initialize(49):  exit
D/CameraHal(  163): updateParameters(227):  enter
D/CameraHal(  163): updateParameters(231):  exit
D/CameraHal(  163): SensorListener(97):  enter
D/CameraHal(  163): SensorListener(104):  exit
D/CameraHal(  163): initialize(142):  enter
D/CameraHal(  163): commandThread(820):  enter
D/CameraHal(  163): initialize(174):  exit
D/CameraHal(  163): setCallbacks(179):  enter
D/CameraHal(  163): setCallbacks(186):  exit
D/CameraHal(  163): enableSensor(207):  enter
D/CameraHal(  163): enableSensor(213): orientation = 0xb8d9dfe0 (MPL Accelerometer)
D/Sensors (  455): int sensors_poll_context_t::setDelay(int, int64_t)
D/Sensors (  455): max rate: 1000000
D/Sensors (  455): Entered : handle = 0x3, ns = 200000000.
D/Sensors (  455): int sensors_poll_context_t::setDelay(int, int64_t)
D/Sensors (  455): max rate: 1000000
D/Sensors (  455): Entered : handle = 0x3, ns = 200000000.
D/CameraHal(  163): enableSensor(219):  exit
D/CameraHal(  163): CameraHal(219):  exit
D/CameraHal(  163): setCallbacks(375):  enter
D/CameraHal(  163): setCallbacks(565):  enter
D/CameraHal(  163): setCallbacks(572):  exit
D/CameraHal(  163): setCallbacks(378):  exit
D/CameraHal(  163): enableMsgType(384):  enter
D/CameraHal(  163): enableMsgType(512):  enter
D/CameraHal(  163): enableMsgType(520):  exit
D/CameraHal(  163): enableMsgType(393):  exit
W/CameraService(  163): CameraService::connect X (id 0, this pid is 163, name com.android.camera2)
D/CameraHal(  163): camera_get_camera_info(1311): camera_get_camera_info(1311): camera_0 facing(0), orientation(90)
D/DisplayManager( 1472): getDisplayInfo: displayId=0, info=DisplayInfo{"Built-in Screen", uniqueId "local:0", app 2560 x 1344, real 2560 x 1440, largest app 2560 x 2414, smallest app 1440 x 1294, 49.408005 fps, supportedRefreshRates [49.408005], rotation 1, density 320 (537.8823 x 537.3884) dpi, layerStack 0, appVsyncOff 0, presDeadline 21239636, type BUILT_IN, state ON, FLAG_SECURE, FLAG_SUPPORTS_PROTECTED_BUFFERS}
V/CAM_CameraController( 1472): onCameraOpened
V/CAM_CameraActivity( 1472): onCameraOpened
I/CAM_PhotoModule( 1472): onCameraAvailable
D/CameraHal(  163): setParameters(580):  enter
D/CameraHal(  163): commandThread(958): commandThread(958): receive CMD_SET_PARAMETERS
D/CameraHal(  163): isNeedToRestartPreview(143): mPreviewFrame2AppW (800x600)
D/CameraHal(  163): isNeedToRestartPreview(144): mCamPreviewW (640x480)
D/CameraHal(  163): isNeedToRestartPreview(145): video width (800x600)
D/CameraHal(  163): setParameters(725): PreviewSize(800x600)
D/CameraHal(  163): setParameters(726): PreviewFormat(yuv420sp)
D/CameraHal(  163): setParameters(727): FPS Range(3000,30000)
D/CameraHal(  163): setParameters(728): PictureSize(2592x1944)
D/CameraHal(  163): setParameters(729): PictureFormat(jpeg)
D/CameraHal(  163): setParameters(730): Framerate: 0
D/CameraHal(  163): setParameters(731): WhiteBalance: auto
D/CameraHal(  163): setParameters(732): Flash: off
D/CameraHal(  163): setParameters(734): Focus: fixed  Foucus area: (null)
D/CameraHal(  163): setParameters(735): Scene: (null)
D/CameraHal(  163): setParameters(736): Effect: none
D/CameraHal(  163): setParameters(737): ZoomIndex: 0
D/CameraHal(  163): updateParameters(227):  enter
D/CameraHal(  163): updateParameters(231):  exit
D/CameraHal(  163): commandThread(972): commandThread(972): CMD_SET_PARAMETERS out
D/CameraHal(  163): setParameters(602): set parameters OK.
D/CameraHal(  163): setParameters(607):  exit
V/CAM_FocusOverlayMgr( 1472): stored focus setting for camera: fixed
V/CAM_FocusOverlayMgr( 1472): focus mode resolved from setting: FIXED
V/CAM_FocusOverlayMgr( 1472): stored focus setting for camera: fixed
V/CAM_FocusOverlayMgr( 1472): focus mode resolved from setting: FIXED
V/CAM_SettingsManager( 1472): listeners: [com.android.camera.app.CameraAppUI@1eec7940, com.android.camera.ButtonManager@2f5d7b35, com.android.camera.widget.IndicatorIconController@1edb813b, com.android.camera.PhotoModule@3f8ca66e]
D/DisplayManager( 1472): getDisplayInfo: displayId=0, info=DisplayInfo{"Built-in Screen", uniqueId "local:0", app 2560 x 1344, real 2560 x 1440, largest app 2560 x 2414, smallest app 1440 x 1294, 49.408005 fps, supportedRefreshRates [49.408005], rotation 1, density 320 (537.8823 x 537.3884) dpi, layerStack 0, appVsyncOff 0, presDeadline 21239636, type BUILT_IN, state ON, FLAG_SECURE, FLAG_SUPPORTS_PROTECTED_BUFFERS}
V/CAM_PhotoModule( 1472): setDisplayOrientation (screen:preview) 90:0
V/CAM_FocusOverlayMgr( 1472): returning override focus: FIXED
D/CAM_SettingsUtil( 1472): Selected 2592x1944 resolution: 2592x1944
D/CameraHal(  163): setParameters(580):  enter
D/CameraHal(  163): commandThread(958): commandThread(958): receive CMD_SET_PARAMETERS
D/CameraHal(  163): isNeedToRestartPreview(143): mPreviewFrame2AppW (800x600)
D/CameraHal(  163): isNeedToRestartPreview(144): mCamPreviewW (640x480)
D/CameraHal(  163): isNeedToRestartPreview(145): video width (800x600)
D/CameraHal(  163): setParameters(725): PreviewSize(800x600)
D/CameraHal(  163): setParameters(726): PreviewFormat(yuv420sp)
D/CameraHal(  163): setParameters(727): FPS Range(3000,30000)
D/CameraHal(  163): setParameters(728): PictureSize(2592x1944)
D/CameraHal(  163): setParameters(729): PictureFormat(jpeg)
D/CameraHal(  163): setParameters(730): Framerate: 0
D/CameraHal(  163): setParameters(731): WhiteBalance: auto
D/CameraHal(  163): setParameters(732): Flash: off
D/CameraHal(  163): setParameters(734): Focus: fixed  Foucus area: (null)
D/CameraHal(  163): setParameters(735): Scene: (null)
D/CameraHal(  163): setParameters(736): Effect: none
D/CameraHal(  163): setParameters(737): ZoomIndex: 0
D/CameraHal(  163): updateParameters(227):  enter
D/CameraHal(  163): updateParameters(231):  exit
D/CameraHal(  163): commandThread(972): commandThread(972): CMD_SET_PARAMETERS out
D/CameraHal(  163): setParameters(602): set parameters OK.
D/CameraHal(  163): setParameters(607):  exit
D/DisplayManager( 1472): getDisplayInfo: displayId=0, info=DisplayInfo{"Built-in Screen", uniqueId "local:0", app 2560 x 1344, real 2560 x 1440, largest app 2560 x 2414, smallest app 1440 x 1294, 49.408005 fps, supportedRefreshRates [49.408005], rotation 1, density 320 (537.8823 x 537.3884) dpi, layerStack 0, appVsyncOff 0, presDeadline 21239636, type BUILT_IN, state ON, FLAG_SECURE, FLAG_SUPPORTS_PROTECTED_BUFFERS}
V/CAM_PhotoModule( 1472): setting preview size. optimal: Size: (2592 x 1944)original: Size: (800 x 600)
D/CameraHal(  163): setParameters(580):  enter
D/CameraHal(  163): commandThread(958): commandThread(958): receive CMD_SET_PARAMETERS
D/CameraHal(  163): isNeedToRestartPreview(143): mPreviewFrame2AppW (800x600)
D/CameraHal(  163): isNeedToRestartPreview(144): mCamPreviewW (640x480)
D/CameraHal(  163): isNeedToRestartPreview(145): video width (800x600)
D/CameraHal(  163): setParameters(725): PreviewSize(800x600)
D/CameraHal(  163): setParameters(726): PreviewFormat(yuv420sp)
D/CameraHal(  163): setParameters(727): FPS Range(3000,30000)
D/CameraHal(  163): setParameters(728): PictureSize(2592x1944)
D/CameraHal(  163): setParameters(729): PictureFormat(jpeg)
D/CameraHal(  163): setParameters(730): Framerate: 0
D/CameraHal(  163): setParameters(731): WhiteBalance: auto
D/CameraHal(  163): setParameters(732): Flash: off
D/CameraHal(  163): setParameters(734): Focus: fixed  Foucus area: (null)
D/CameraHal(  163): setParameters(735): Scene: (null)
D/CameraHal(  163): setParameters(736): Effect: none
D/CameraHal(  163): setParameters(737): ZoomIndex: 0
D/CameraHal(  163): updateParameters(227):  enter
D/CameraHal(  163): updateParameters(231):  exit
D/CameraHal(  163): commandThread(972): commandThread(972): CMD_SET_PARAMETERS out
D/CameraHal(  163): setParameters(602): set parameters OK.
D/CameraHal(  163): setParameters(607):  exit
D/CameraHal(  163): setParameters(580):  enter
D/CameraHal(  163): commandThread(958): commandThread(958): receive CMD_SET_PARAMETERS
D/CameraHal(  163): setParameters(475): Set preview size 2592x1944
D/CameraHal(  163): setPreviewDataCbRes(501):  enter
D/CameraHal(  163): setPreviewDataCbRes(506):  exit
D/CameraHal(  163): isNeedToRestartPreview(143): mPreviewFrame2AppW (2592x1944)
D/CameraHal(  163): isNeedToRestartPreview(144): mCamPreviewW (640x480)
D/CameraHal(  163): isNeedToRestartPreview(145): video width (2592x1944)
D/CameraHal(  163): setParameters(725): PreviewSize(2592x1944)
D/CameraHal(  163): setParameters(726): PreviewFormat(yuv420sp)
D/CameraHal(  163): setParameters(727): FPS Range(3000,30000)
D/CameraHal(  163): setParameters(728): PictureSize(2592x1944)
D/CameraHal(  163): setParameters(729): PictureFormat(jpeg)
D/CameraHal(  163): setParameters(730): Framerate: 0
D/CameraHal(  163): setParameters(731): WhiteBalance: auto
D/CameraHal(  163): setParameters(732): Flash: off
D/CameraHal(  163): setParameters(734): Focus: fixed  Foucus area: (null)
D/CameraHal(  163): setParameters(735): Scene: (null)
D/CameraHal(  163): setParameters(736): Effect: none
D/CameraHal(  163): setParameters(737): ZoomIndex: 0
D/CameraHal(  163): updateParameters(227):  enter
D/CameraHal(  163): updateParameters(231):  exit
D/CameraHal(  163): commandThread(972): commandThread(972): CMD_SET_PARAMETERS out
D/CameraHal(  163): setParameters(602): set parameters OK.
D/CameraHal(  163): setParameters(607):  exit
V/CAM_PhotoModule( 1472): updating aspect ratio
V/CAM_TexViewHelper( 1472): updateAspectRatio
V/CAM_TexViewHelper( 1472): setAspectRatio: 1.3333334
V/CAM_TexViewHelper( 1472): aspect ratio changed from: 0.0
V/CAM_TexViewHelper( 1472): updateTransform
D/CAM_PhotoModule( 1472): Preview size is Size: (2592 x 1944)
V/CAM_FocusOverlayMgr( 1472): stored focus setting for camera: fixed
