E/wayne   (  452): keyCode:66 event:KeyEvent { action=ACTION_DOWN, keyCode=KEYCODE_ENTER, scanCode=28, metaState=0, flags=0x8, repeatCount=0, eventTime=930539, downTime=930539, deviceId=4, source=0x101 }
E/wayne   (  452): keyCode:66 event:KeyEvent { action=ACTION_UP, keyCode=KEYCODE_ENTER, scanCode=28, metaState=0, flags=0x8, repeatCount=0, eventTime=930539, downTime=930539, deviceId=4, source=0x101 }
W/ContextImpl(  452): Calling a method in the system process without a qualified user: android.app.ContextImpl.sendBroadcast:1344 com.android.server.policy.nibiru.NibiruKeyManager.sendNibiruBroadcast:94 com.android.server.policy.nibiru.NibiruKeyManager.handleKeyEvent:83 com.android.internal.policy.impl.PhoneWindowManager.interceptKeyBeforeDispatching:2657 com.android.server.wm.InputMonitor.interceptKeyBeforeDispatching:476
E/wayne   (  452): keyCode:66 event:KeyEvent { action=ACTION_DOWN, keyCode=KEYCODE_ENTER, scanCode=28, metaState=0, flags=0x8, repeatCount=0, eventTime=930735, downTime=930735, deviceId=4, source=0x101 }
E/wayne   (  452): keyCode:66 event:KeyEvent { action=ACTION_UP, keyCode=KEYCODE_ENTER, scanCode=28, metaState=0, flags=0x8, repeatCount=0, eventTime=930735, downTime=930735, deviceId=4, source=0x101 }
W/ContextImpl(  452): Calling a method in the system process without a qualified user: android.app.ContextImpl.sendBroadcast:1344 com.android.server.policy.nibiru.NibiruKeyManager.sendNibiruBroadcast:94 com.android.server.policy.nibiru.NibiruKeyManager.handleKeyEvent:83 com.android.internal.policy.impl.PhoneWindowManager.interceptKeyBeforeDispatching:2657 com.android.server.wm.InputMonitor.interceptKeyBeforeDispatching:476
V/NibiruControllerService( 1485): retry check controller info[com.nibiru.tcl.vrphotogallery]
V/NibiruControllerService( 1485): check controller information2[C]: AUK0BO0MUP|true|com.nibiru.tcl.vrphotogallery|1|N0000|22|true|0
V/MsgStatisic( 1485): GET GID FAILED
V/NibiruControllerService( 1485): check controller info[checkmsg:1com.nibiru.tcl.vrphotogallery]: failed
D/UsbDeviceManager(  452): Usb state is false false false
D/Tethering(  452): UsbManager.ACTION_USB_STATE: false, false, false
D/xzj     (  555): false---------------------------ooooooooooo,stop mtp service---------------true
I/InputReader(  452): Detected input event buffer overrun for device rk29-keypad.
I/InputReader(  452): Detected input event buffer overrun for device rk29-keypad.
I/BatteryStatsImpl(  452): Resetting battery stats: level=93 status=2 dischargeLevel=93 lowAmount=0 highAmount=0
E/Lights  (  452): write_int failed to open sys/class/leds/battery_led/brightness
E/Lights  (  452): write_int failed to open sys/class/leds/battery_led/brightness
I/EntropyMixer(  452): Writing entropy...
I/ValidateNoPeople(  452): skipping global notification
D/UsbDeviceManager(  452): Usb state is true false false
I/ValidateNoPeople(  452): skipping global notification
D/Tethering(  452): UsbManager.ACTION_USB_STATE: true, false, false
D/xzj     (  555): false---------------------------ooooooooooo,stop mtp service---------------true
D/UsbDeviceManager(  452): Usb state is true true false
D/Tethering(  452): UsbManager.ACTION_USB_STATE: true, false, false
D/xzj     (  555): true---------------------------ooooooooooo,stop mtp service---------------true
D/MtpService(  555): updating state; isCurrentUser=true, mMtpLocked=false
D/MtpService(  555): addStorageLocked 65537 /storage/emulated/0
D/MtpService(  555): updating state; isCurrentUser=true, mMtpLocked=false
D/MtpService(  555): starting MTP server in MTP mode
D/MtpService(  555): addStorageLocked 65537 /storage/emulated/0
V/NibiruControllerService( 2477): retry check controller info[com.nibiru.vr.media.pptv]
V/NibiruControllerService( 2477): check controller information2[C]: AUK0BO0MUP|true|com.nibiru.vr.media.pptv|1|N0000|8|true|0
V/MsgStatisic( 2477): GET GID FAILED
V/NibiruControllerService( 2477): check controller info[checkmsg:1com.nibiru.vr.media.pptv]: failed
V/NibiruControllerService( 2596): retry check controller info[com.nibiru.vrfilemanager]
V/NibiruControllerService( 2596): check controller information2[C]: AUK0BO0MUP|true|com.nibiru.vrfilemanager|1|N0000|30|true|0
V/MsgStatisic( 2596): GET GID FAILED
V/NibiruControllerService( 2596): check controller info[checkmsg:1com.nibiru.vrfilemanager]: failed
E/wayne   (  452): keyCode:66 event:KeyEvent { action=ACTION_DOWN, keyCode=KEYCODE_ENTER, scanCode=28, metaState=0, flags=0x8, repeatCount=0, eventTime=1135935, downTime=1135935, deviceId=4, source=0x101 }
E/wayne   (  452): keyCode:66 event:KeyEvent { action=ACTION_UP, keyCode=KEYCODE_ENTER, scanCode=28, metaState=0, flags=0x8, repeatCount=0, eventTime=1135935, downTime=1135935, deviceId=4, source=0x101 }
W/ContextImpl(  452): Calling a method in the system process without a qualified user: android.app.ContextImpl.sendBroadcast:1344 com.android.server.policy.nibiru.NibiruKeyManager.sendNibiruBroadcast:94 com.android.server.policy.nibiru.NibiruKeyManager.handleKeyEvent:83 com.android.internal.policy.impl.PhoneWindowManager.interceptKeyBeforeDispatching:2657 com.android.server.wm.InputMonitor.interceptKeyBeforeDispatching:476
I/ActivityStackSupervisor(  452): START u0 {act=android.intent.action.MAIN cat=[android.intent.category.LAUNCHER] flg=0x10000000 pkg=com.nibiru.vr.player cmp=com.nibiru.vr.player/.MainActivity} from uid 10028 on display 0
I/System.out(  452): com.nibiru.vr.player.MainActivityaddAppToken taskId:29
D/WindowManagerService(  452): null  ==========setInputFocusLw ==========  =======
D/PhoneWindow(  452): DecorView - SCREEN_WEITH = 2560 - SCREE_HEIGHT = 1440
V/WindowManagerService(  452): Adding window Window{2bc193b9 u0 Starting com.nibiru.vr.player} at 3 of 9 (after Window{35b62cb5 u0 com.nibiru.launcher3d/com.nibiru.lanchuer.Lanchuer2DActivity})
D/ViewRootImpl(  452): onAttachToWindow register content observer attrs=WM.LayoutParams{(0,0)(fillxfill)mPosX=0mPosY=0mHScale=1.0mVScale=1.0 align=UNDEFINE taskId=29 ty=3 fl=#1830518 pfl=0x12 fmt=-3 wanim=0x1030001 surfaceInsets=Rect(0, 0 - 0, 0) needsMenuKey=2packageName=com.nibiru.vr.playertoken=Token{294b581 ActivityRecord{1bf9ad68 u0 com.nibiru.vr.player/.MainActivity t29}}}
D/ViewRootImpl(  452): 2560<<<<<< BACK FROM relayoutWM.LayoutParams{(0,0)(fillxfill)mPosX=0mPosY=0mHScale=1.0mVScale=1.0 align=UNDEFINE taskId=29 sim=#20 ty=3 fl=#1830518 pfl=0x12 fmt=-3 wanim=0x1030001 surfaceInsets=Rect(0, 0 - 0, 0) needsMenuKey=2packageName=com.nibiru.vr.playertoken=Token{294b581 ActivityRecord{1bf9ad68 u0 com.nibiru.vr.player/.MainActivity t29}}}
I/OpenGLRenderer(  452): Initialized EGL, version 1.4
D/        (  452): rtl is ok
D/mali_winsys(  452): EGLint new_window_surface(egl_winsys_display*, void*, EGLSurface, EGLConfig, egl_winsys_surface**, egl_color_buffer_format*, EGLBoolean) returns 0x3000
W/art     (  841): Native thread exiting without having called DetachCurrentThread (maybe it's going to use a pthread_key_create destructor?): Thread[31,tid=2787,Native,Thread*=0xb87cd618,peer=0x32f201c0,"Thread-146"]
D/ccc     (  841): trackerNative onPause
I/ActivityManagerService(  452): Start proc 2816:com.nibiru.vr.player/u0a31 for activity com.nibiru.vr.player/.MainActivity
D/ViewRootImpl(  841): 2560<<<<<< BACK FROM relayoutWM.LayoutParams{(0,0)(fillxfill)mPosX=0mPosY=0mHScale=1.0mVScale=1.0 align=UNDEFINE taskId=22 sim=#120 ty=1 fl=#1810500 fmt=-3 wanim=0x1030001 vsysui=0x1700 surfaceInsets=Rect(0, 0 - 0, 0) needsMenuKey=2packageName=com.nibiru.launcher3dtoken=android.os.BinderProxy@282c619e}
E/wayne   (  452): keyCode:21 event:KeyEvent { action=ACTION_DOWN, keyCode=KEYCODE_DPAD_LEFT, scanCode=105, metaState=0, flags=0x8, repeatCount=0, eventTime=1136077, downTime=1136077, deviceId=4, source=0x101 }
V/ActivityStackSupervisor(  452): Display changed displayId=0
D/ViewRootImpl(  841): 2560<<<<<< BACK FROM relayoutnull
I/NIBIRU-com.nibiru.vr.player( 2816): ========= This App is powered by Nibiru SDK! Ver.270 =========
I/NIBIRU-com.nibiru.vr.player( 2816): Nibiru SDK creates best control experiences!
I/NIBIRU-com.nibiru.vr.player( 2816): Contract: http://www.nibiruplayer.com
V/ControllerService( 2816): show activity: com.nibiru.vr.player.MainActivity@310fe0ee
V/NibiruConfig( 2816): enable dubug mode: false
V/nibiru-device( 2816): service handler is null
D/ViewRootImpl(  841): 2560<<<<<< BACK FROM relayoutnull
V/ControllerService( 2816): INIT TOUCH SIM: true
V/ServiceManager( 2816): PREPARE TO START SERVICE
I/ActivityManagerService(  452): Start proc 2843:com.nibiru.vr.player:controller/u0a31 for service com.nibiru.vr.player/com.nibiru.lib.utils.NibiruControllerService
W/System.err( 2816): java.io.FileNotFoundException: nibiru_guide_zh.png
W/System.err( 2816):    at android.content.res.AssetManager.openAsset(Native Method)
W/System.err( 2816):    at android.content.res.AssetManager.open(AssetManager.java:313)
W/System.err( 2816):    at android.content.res.AssetManager.open(AssetManager.java:287)
W/System.err( 2816):    at com.nibiru.lib.controller.fb.b(Unknown Source)
W/System.err( 2816):    at com.nibiru.lib.controller.fb.a(Unknown Source)
W/System.err( 2816):    at com.nibiru.lib.controller.ae.a(Unknown Source)
W/System.err( 2816):    at com.nibiru.lib.controller.ae.n(Unknown Source)
W/System.err( 2816):    at com.nibiru.lib.vr.ControllerActivity.onCreate(Unknown Source)
W/System.err( 2816):    at com.nibiru.lib.vr.NibiruVRActivity.onCreate(Unknown Source)
W/System.err( 2816):    at com.nibiru.vr.player.MainActivity.onCreate(Unknown Source)
W/System.err( 2816):    at android.app.Activity.performCreate(Activity.java:6230)
W/System.err( 2816):    at android.app.Instrumentation.callActivityOnCreate(Instrumentation.java:1106)
W/System.err( 2816):    at android.app.ActivityThread.performLaunchActivity(ActivityThread.java:2295)
W/System.err( 2816):    at android.app.ActivityThread.handleLaunchActivity(ActivityThread.java:2407)
W/System.err( 2816):    at android.app.ActivityThread.access$800(ActivityThread.java:151)
W/System.err( 2816):    at android.app.ActivityThread$H.handleMessage(ActivityThread.java:1319)
W/System.err( 2816):    at android.os.Handler.dispatchMessage(Handler.java:102)
W/System.err( 2816):    at android.os.Looper.loop(Looper.java:135)
W/System.err( 2816):    at android.app.ActivityThread.main(ActivityThread.java:5280)
W/System.err( 2816):    at java.lang.reflect.Method.invoke(Native Method)
W/System.err( 2816):    at java.lang.reflect.Method.invoke(Method.java:372)
W/System.err( 2816):    at com.android.internal.os.ZygoteInit$MethodAndArgsCaller.run(ZygoteInit.java:963)
W/System.err( 2816):    at com.android.internal.os.ZygoteInit.main(ZygoteInit.java:758)
I/NibiruControllerSDK( 2816): match intents: 0
E/hehe    ( 2816): 5894
D/PhoneWindow( 2816): DecorView - SCREEN_WEITH = 2560 - SCREE_HEIGHT = 1440
V/NibiruConfig( 2843): enable dubug mode: false
D/HeadMountedDisplayManager( 2816): Cardboard screen parameters file not found: java.io.FileNotFoundException: /storage/emulated/0/Cardboard/phone_params: open failed: ENOENT (No such file or directory)
I/HeadMountedDisplayManager( 2816): Successfully read device params from external storage
D/CardboardViewNativeImpl( 2816): NativeProxy not found
D/CardboardViewNativeImpl( 2816): Loading native library vrtoolkit
D/CardboardViewNativeImpl( 2816): Native library loaded
W/art     ( 2816): Attempt to remove local handle scope entry from IRT, ignoring
W/art     ( 2816): Attempt to remove local handle scope entry from IRT, ignoring
I/art     ( 2816): Background sticky concurrent mark sweep GC freed 7393(617KB) AllocSpace objects, 1(16KB) LOS objects, 18% free, 2MB/3MB, paused 6.623ms total 21.924ms
W/art     ( 2816): Attempt to remove local handle scope entry from IRT, ignoring
W/System.err( 2843): java.net.UnknownHostException: Unable to resolve host "www.1919game.net": No address associated with hostname
W/System.err( 2843):    at java.net.InetAddress.lookupHostByName(InetAddress.java:457)
W/System.err( 2843):    at java.net.InetAddress.getAllByNameImpl(InetAddress.java:252)
W/System.err( 2843):    at java.net.InetAddress.getAllByName(InetAddress.java:215)
W/System.err( 2843):    at com.android.okhttp.HostResolver$1.getAllByName(HostResolver.java:29)
W/System.err( 2843):    at com.android.okhttp.internal.http.RouteSelector.resetNextInetSocketAddress(RouteSelector.java:232)
W/System.err( 2843):    at com.android.okhttp.internal.http.RouteSelector.next(RouteSelector.java:124)
W/System.err( 2843):    at com.android.okhttp.internal.http.HttpEngine.connect(HttpEngine.java:272)
W/System.err( 2843):    at com.android.okhttp.internal.http.HttpEngine.sendRequest(HttpEngine.java:211)
W/System.err( 2843):    at com.android.okhttp.internal.http.HttpURLConnectionImpl.execute(HttpURLConnectionImpl.java:382)
W/System.err( 2843):    at com.android.okhttp.internal.http.HttpURLConnectionImpl.getResponse(HttpURLConnectionImpl.java:332)
W/System.err( 2843):    at com.android.okhttp.internal.http.HttpURLConnectionImpl.getHeaderField(HttpURLConnectionImpl.java:161)
W/System.err( 2843):    at java.net.URLConnection.getHeaderFieldInt(URLConnection.java:543)
W/System.err( 2843):    at java.net.URLConnection.getContentLength(URLConnection.java:315)
W/System.err( 2843):    at com.nibiru.lib.utils.p.a(Unknown Source)
W/System.err( 2843):    at com.nibiru.lib.utils.p.run(Unknown Source)
W/System.err( 2843):    at java.util.concurrent.ThreadPoolExecutor.runWorker(ThreadPoolExecutor.java:1112)
W/System.err( 2843):    at java.util.concurrent.ThreadPoolExecutor$Worker.run(ThreadPoolExecutor.java:587)
W/System.err( 2843):    at java.lang.Thread.run(Thread.java:818)
W/System.err( 2843): Caused by: android.system.GaiException: android_getaddrinfo failed: EAI_NODATA (No address associated with hostname)
W/System.err( 2843):    at libcore.io.Posix.android_getaddrinfo(Native Method)
W/System.err( 2843):    at libcore.io.ForwardingOs.android_getaddrinfo(ForwardingOs.java:55)
W/System.err( 2843):    at java.net.InetAddress.lookupHostByName(InetAddress.java:438)
W/System.err( 2843):    ... 17 more
V/NibiruControllerService( 2843): check controller information2[C]: AUK0BO0MUP|true|com.nibiru.vr.player|1|N0000|24|false|0
V/MsgStatisic( 2843): GET GID FAILED
V/NibiruControllerService( 2843): check controller info[checkmsg:0com.nibiru.vr.player]: failed
W/linker  ( 2816): libvlcjni.so has text relocations. This is wasting memory and prevents security hardening. Please fix.
W/System.err( 2816): java.net.UnknownHostException: Unable to resolve host "play.googleapis.com": No address associated with hostname
W/System.err( 2816):    at java.net.InetAddress.lookupHostByName(InetAddress.java:457)
W/System.err( 2816):    at java.net.InetAddress.getAllByNameImpl(InetAddress.java:252)
W/System.err( 2816):    at java.net.InetAddress.getAllByName(InetAddress.java:215)
W/System.err( 2816):    at com.android.okhttp.HostResolver$1.getAllByName(HostResolver.java:29)
W/System.err( 2816):    at com.android.okhttp.internal.http.RouteSelector.resetNextInetSocketAddress(RouteSelector.java:232)
W/System.err( 2816):    at com.android.okhttp.internal.http.RouteSelector.next(RouteSelector.java:124)
W/System.err( 2816):    at com.android.okhttp.internal.http.HttpEngine.connect(HttpEngine.java:272)
W/System.err( 2816):    at com.android.okhttp.internal.http.HttpEngine.sendRequest(HttpEngine.java:211)
W/System.err( 2816):    at com.android.okhttp.internal.http.HttpURLConnectionImpl.execute(HttpURLConnectionImpl.java:382)
W/System.err( 2816):    at com.android.okhttp.internal.http.HttpURLConnectionImpl.connect(HttpURLConnectionImpl.java:106)
W/System.err( 2816):    at com.android.okhttp.internal.http.HttpURLConnectionImpl.getOutputStream(HttpURLConnectionImpl.java:217)
W/System.err( 2816):    at com.android.okhttp.internal.http.DelegatingHttpsURLConnection.getOutputStream(DelegatingHttpsURLConnection.java:218)
W/System.err( 2816):    at com.android.okhttp.internal.http.HttpsURLConnectionImpl.getOutputStream(HttpsURLConnectionImpl.java:25)
W/System.err( 2816): Caused by: android.system.GaiException: android_getaddrinfo failed: EAI_NODATA (No address associated with hostname)
W/System.err( 2816):    at libcore.io.Posix.android_getaddrinfo(Native Method)
W/System.err( 2816):    at libcore.io.ForwardingOs.android_getaddrinfo(ForwardingOs.java:55)
W/System.err( 2816):    at java.net.InetAddress.lookupHostByName(InetAddress.java:438)
W/System.err( 2816):    ... 12 more
W/System.err( 2816): java.net.UnknownHostException: Unable to resolve host "play.googleapis.com": No address associated with hostname
W/System.err( 2816):    at java.net.InetAddress.lookupHostByName(InetAddress.java:457)
W/System.err( 2816):    at java.net.InetAddress.getAllByNameImpl(InetAddress.java:252)
W/System.err( 2816):    at java.net.InetAddress.getAllByName(InetAddress.java:215)
W/System.err( 2816):    at com.android.okhttp.HostResolver$1.getAllByName(HostResolver.java:29)
W/System.err( 2816):    at com.android.okhttp.internal.http.RouteSelector.resetNextInetSocketAddress(RouteSelector.java:232)
W/System.err( 2816):    at com.android.okhttp.internal.http.RouteSelector.next(RouteSelector.java:124)
W/System.err( 2816):    at com.android.okhttp.internal.http.HttpEngine.connect(HttpEngine.java:272)
W/System.err( 2816):    at com.android.okhttp.internal.http.HttpEngine.sendRequest(HttpEngine.java:211)
W/System.err( 2816):    at com.android.okhttp.internal.http.HttpURLConnectionImpl.execute(HttpURLConnectionImpl.java:382)
W/System.err( 2816):    at com.android.okhttp.internal.http.HttpURLConnectionImpl.connect(HttpURLConnectionImpl.java:106)
W/System.err( 2816):    at com.android.okhttp.internal.http.HttpURLConnectionImpl.getOutputStream(HttpURLConnectionImpl.java:217)
W/System.err( 2816):    at com.android.okhttp.internal.http.DelegatingHttpsURLConnection.getOutputStream(DelegatingHttpsURLConnection.java:218)
W/System.err( 2816):    at com.android.okhttp.internal.http.HttpsURLConnectionImpl.getOutputStream(HttpsURLConnectionImpl.java:25)
W/System.err( 2816): Caused by: android.system.GaiException: android_getaddrinfo failed: EAI_NODATA (No address associated with hostname)
W/System.err( 2816):    at libcore.io.Posix.android_getaddrinfo(Native Method)
W/System.err( 2816):    at libcore.io.ForwardingOs.android_getaddrinfo(ForwardingOs.java:55)
W/System.err( 2816):    at java.net.InetAddress.lookupHostByName(InetAddress.java:438)
W/System.err( 2816):    ... 12 more
D/VLC/JNI/VLCObject( 2816): JNI interface loaded.
W/art     ( 2816): Attempt to remove local handle scope entry from IRT, ignoring
V/NibiruVR-SDK( 2816): bind service res: true
D/HeadMountedDisplayManager( 2816): Cardboard screen parameters file not found: java.io.FileNotFoundException: /storage/emulated/0/Cardboard/phone_params: open failed: ENOENT (No such file or directory)
V/nibiru-device( 2816): device count: 0:0:false
V/nibiru-device( 2816): device count: 0:0:false
W/System.err( 2816): java.io.FileNotFoundException: adshow.config
W/System.err( 2816):    at android.content.res.AssetManager.openAsset(Native Method)
W/System.err( 2816):    at android.content.res.AssetManager.open(AssetManager.java:313)
W/System.err( 2816):    at android.content.res.AssetManager.open(AssetManager.java:287)
W/System.err( 2816):    at com.nibiru.vr.a.r.a(Unknown Source)
W/System.err( 2816):    at com.nibiru.vr.a.r.a(Unknown Source)
W/System.err( 2816):    at com.nibiru.vr.a.t.run(Unknown Source)
W/System.err( 2816):    at android.os.Handler.handleCallback(Handler.java:739)
W/System.err( 2816):    at android.os.Handler.dispatchMessage(Handler.java:95)
W/System.err( 2816):    at android.os.Looper.loop(Looper.java:135)
W/System.err( 2816):    at android.os.HandlerThread.run(HandlerThread.java:61)
D/nibiru  ( 1024): --isNibiruSDK->true
D/HeadMountedDisplayManager( 2816): Cardboard screen parameters file not found: java.io.FileNotFoundException: /storage/emulated/0/Cardboard/phone_params: open failed: ENOENT (No such file or directory)
D/OpenGLRenderer( 2816): Use EGL_SWAP_BEHAVIOR_PRESERVED: true
D/Atlas   ( 2816): Validating map...
W/Atlas   ( 2816): Pointer 0x0, not in getPreloadedDrawables?
W/Atlas   ( 2816): Pointer 0x0, not in getPreloadedDrawables?
W/Atlas   ( 2816): Pointer 0x0, not in getPreloadedDrawables?
W/Atlas   ( 2816): Pointer 0x0, not in getPreloadedDrawables?
W/Atlas   ( 2816): Pointer 0x0, not in getPreloadedDrawables?
W/Atlas   ( 2816): Pointer 0x0, not in getPreloadedDrawables?
W/Atlas   ( 2816): Pointer 0x0, not in getPreloadedDrawables?
W/Atlas   ( 2816): Pointer 0x0, not in getPreloadedDrawables?
W/Atlas   ( 2816): Pointer 0x0, not in getPreloadedDrawables?
V/WindowManagerService(  452): Adding window Window{af91d6a u0 com.nibiru.vr.player/com.nibiru.vr.player.MainActivity} at 3 of 10 (before Window{2bc193b9 u0 Starting com.nibiru.vr.player})
D/ViewRootImpl( 2816): onAttachToWindow register content observer attrs=WM.LayoutParams{(0,0)(fillxfill)mPosX=0mPosY=0mHScale=1.0mVScale=1.0 align=UNDEFINE taskId=29 sim=#100 ty=1 fl=#1810580 wanim=0x1030001 vsysui=0x1706 surfaceInsets=Rect(0, 0 - 0, 0) needsMenuKey=2packageName=com.nibiru.vr.playertoken=android.os.BinderProxy@2c52c4c}
D/WindowManagerService(  452): Window{af91d6a u0 com.nibiru.vr.player/com.nibiru.vr.player.MainActivity}  ==========setInputFocusLw ==========  =======
E/wayne   (  452): keyCode:21 event:KeyEvent { action=ACTION_UP, keyCode=KEYCODE_DPAD_LEFT, scanCode=105, metaState=0, flags=0x8, repeatCount=0, eventTime=1136077, downTime=1136077, deviceId=4, source=0x101 }
D/ViewRootImpl( 2816): 2560<<<<<< BACK FROM relayoutWM.LayoutParams{(0,0)(fillxfill)mPosX=0mPosY=0mHScale=1.0mVScale=1.0 align=UNDEFINE taskId=29 sim=#120 ty=1 fl=#1810580 fmt=-3 wanim=0x1030001 vsysui=0x1706 surfaceInsets=Rect(0, 0 - 0, 0) needsMenuKey=2packageName=com.nibiru.vr.playertoken=android.os.BinderProxy@2c52c4c}
I/mali_so ( 2816): [File] : hardware/arm/maliT760-r11-bak/driver/product/base/src/mali_base_kbase.c; [Line] : 928; [Func] : base_context_deal_with_version_affairs_rk_ext;
I/mali_so ( 2816): arm_release_ver of this mali_so is 'r11p0-00rel0', rk_so_ver is '11@0', built at '16:25:03', on 'Jun 22 2016'.
I/mali_so ( 2816): [File] : hardware/arm/maliT760-r11-bak/driver/product/base/src/mali_base_kbase.c; [Line] : 955; [Func] : base_context_deal_with_version_affairs_rk_ext;
I/mali_so ( 2816): mali_ver_property has been set to 'r11p0-00rel0-13-11@0', to return.
I/OpenGLRenderer( 2816): Initialized EGL, version 1.4
I/RenderThread( 2901): type=1400 audit(0.0:15): avc: denied { read } for name="buf" dev="debugfs" ino=8447 scontext=u:r:untrusted_app:s0 tcontext=u:object_r:debugfs:s0 tclass=file permissive=1
I/RenderThread( 2901): type=1400 audit(0.0:16): avc: denied { getattr } for path="/sys/kernel/debug/rk_util/buf" dev="debugfs" ino=8447 scontext=u:r:untrusted_app:s0 tcontext=u:object_r:debugfs:s0 tclass=file permissive=1
D/        ( 2816): rtl is ok
I/RenderThread( 2901): type=1400 audit(0.0:15): avc: denied { read } for name="buf" dev="debugfs" ino=8447 scontext=u:r:untrusted_app:s0 tcontext=u:object_r:debugfs:s0 tclass=file permissive=1
I/RenderThread( 2901): type=1400 audit(0.0:16): avc: denied { getattr } for path="/sys/kernel/debug/rk_util/buf" dev="debugfs" ino=8447 scontext=u:r:untrusted_app:s0 tcontext=u:object_r:debugfs:s0 tclass=file permissive=1
D/OpenGLRenderer( 2816): Enabling debug mode 0
D/mali_winsys( 2816): EGLint new_window_surface(egl_winsys_display*, void*, EGLSurface, EGLConfig, egl_winsys_surface**, egl_color_buffer_format*, EGLBoolean) returns 0x3000
V/WindowManagerService(  452): Adding window Window{2303a636 u0 SurfaceView} at 3 of 11 (before Window{af91d6a u0 com.nibiru.vr.player/com.nibiru.vr.player.MainActivity})
D/        ( 2816): rtl is ok
D/mali_winsys( 2816): EGLint new_window_surface(egl_winsys_display*, void*, EGLSurface, EGLConfig, egl_winsys_surface**, egl_color_buffer_format*, EGLBoolean) returns 0x3000
W/ViewRootImpl( 2816): Dropping event due to no window focus: KeyEvent { action=ACTION_DOWN, keyCode=KEYCODE_DPAD_LEFT, scanCode=105, metaState=0, flags=0x8, repeatCount=0, eventTime=1136077, downTime=1136077, deviceId=4, source=0x101 }
E/wayne   (  452): keyCode:22 event:KeyEvent { action=ACTION_DOWN, keyCode=KEYCODE_DPAD_RIGHT, scanCode=106, metaState=0, flags=0x8, repeatCount=0, eventTime=1136716, downTime=1136716, deviceId=4, source=0x101 }
E/mali_so ( 2816): encounter the first gles_error : 0x0001 : failed to allocate CPU memory (gles2_statep_getv at hardware/arm/maliT760-r11-bak/driver/product/gles/src/state/gles2/mali_gles2_state_get.c:970)
E/mali_so ( 2816): to dump the call_stack of the first error :
V/NibiruControllerService( 2843): check controller information2[C]: AUK0BO0MUP|true|com.nibiru.vr.player|1|N0000|24|true|0
V/NibiruCheckUtil( 2816): CHECK NIBIRU STATE
V/NibiruControllerService( 2843): check controller info[checkmsg:1com.nibiru.vr.player]: failed
D/mali_so ( 2816): #00 pc 002518b0  /system/vendor/lib/egl/libGLES_mali.so
D/mali_so ( 2816): #01 pc 002495f4  /system/vendor/lib/egl/libGLES_mali.so
D/mali_so ( 2816): #02 pc 00205cbc  /system/vendor/lib/egl/libGLES_mali.so (glGetIntegerv+104)
D/mali_so ( 2816): #03 pc 0004137f  /system/app/NibiruPlayer/lib/arm/libvrtoolkit.so
D/mali_so ( 2816): #04 pc 00042ad9  /system/app/NibiruPlayer/lib/arm/libvrtoolkit.so
D/mali_so ( 2816): #05 pc 0004389d  /system/app/NibiruPlayer/lib/arm/libvrtoolkit.so
D/mali_so ( 2816): #06 pc 000438f5  /system/app/NibiruPlayer/lib/arm/libvrtoolkit.so
D/mali_so ( 2816): #07 pc 00045319  /system/app/NibiruPlayer/lib/arm/libvrtoolkit.so
D/mali_so ( 2816): #08 pc 000106b1  /system/app/NibiruPlayer/lib/arm/libvrtoolkit.so
D/mali_so ( 2816): #09 pc 0000e35f  /system/app/NibiruPlayer/lib/arm/libvrtoolkit.so
D/mali_so ( 2816): #10 pc 0000eb37  /system/app/NibiruPlayer/lib/arm/libvrtoolkit.so
D/mali_so ( 2816): #11 pc 0006cad7  /data/dalvik-cache/arm/system@app@NibiruPlayer@NibiruPlayer.apk@classes.dex
V/NibiruCheckUtil( 2816): PREPARE RETRIEVE NIBIRU
V/NibiruControllerService( 2843): TV PUSH LIST: 0
I/art     ( 2816): Background sticky concurrent mark sweep GC freed 80(5KB) AllocSpace objects, 0(0B) LOS objects, 3% free, 3MB/3MB, paused 5.246ms total 9.802ms
W/ViewRootImpl( 2816): Cancelling event due to no window focus: KeyEvent { action=ACTION_UP, keyCode=KEYCODE_DPAD_LEFT, scanCode=105, metaState=0, flags=0x28, repeatCount=0, eventTime=1136077, downTime=1136077, deviceId=4, source=0x101 }
W/ViewRootImpl( 2816): Cancelling event due to no window focus: KeyEvent { action=ACTION_UP, keyCode=KEYCODE_DPAD_LEFT, scanCode=105, metaState=0, flags=0x28, repeatCount=0, eventTime=1136077, downTime=1136077, deviceId=4, source=0x101 }
W/ViewRootImpl( 2816): Cancelling event due to no window focus: KeyEvent { action=ACTION_UP, keyCode=KEYCODE_DPAD_LEFT, scanCode=105, metaState=0, flags=0x28, repeatCount=0, eventTime=1136077, downTime=1136077, deviceId=4, source=0x101 }
W/ViewRootImpl( 2816): Cancelling event due to no window focus: KeyEvent { action=ACTION_UP, keyCode=KEYCODE_DPAD_LEFT, scanCode=105, metaState=0, flags=0x28, repeatCount=0, eventTime=1136077, downTime=1136077, deviceId=4, source=0x101 }
W/ViewRootImpl( 2816): Cancelling event due to no window focus: KeyEvent { action=ACTION_UP, keyCode=KEYCODE_DPAD_LEFT, scanCode=105, metaState=0, flags=0x28, repeatCount=0, eventTime=1136077, downTime=1136077, deviceId=4, source=0x101 }
W/ViewRootImpl( 2816): Cancelling event due to no window focus: KeyEvent { action=ACTION_UP, keyCode=KEYCODE_DPAD_LEFT, scanCode=105, metaState=0, flags=0x28, repeatCount=0, eventTime=1136077, downTime=1136077, deviceId=4, source=0x101 }
V/nibiru-device( 2816): device count: 0:0:true
I/PhoneWindow( 2816): 21Key up: repeat=0 flags=0x28
W/ViewRootImpl( 2816): Cancelling event due to no window focus: KeyEvent { action=ACTION_UP, keyCode=KEYCODE_DPAD_LEFT, scanCode=105, metaState=0, flags=0x28, repeatCount=0, eventTime=1136077, downTime=1136077, deviceId=4, source=0x101 }
W/ViewRootImpl( 2816): Cancelling event due to no window focus: KeyEvent { action=ACTION_UP, keyCode=KEYCODE_DPAD_LEFT, scanCode=105, metaState=0, flags=0x28, repeatCount=0, eventTime=1136077, downTime=1136077, deviceId=4, source=0x101 }
W/ViewRootImpl( 2816): Cancelling event due to no window focus: KeyEvent { action=ACTION_UP, keyCode=KEYCODE_DPAD_LEFT, scanCode=105, metaState=0, flags=0x28, repeatCount=0, eventTime=1136077, downTime=1136077, deviceId=4, source=0x101 }
E/wayne   (  452): keyCode:22 event:KeyEvent { action=ACTION_UP, keyCode=KEYCODE_DPAD_RIGHT, scanCode=106, metaState=0, flags=0x8, repeatCount=0, eventTime=1136717, downTime=1136716, deviceId=4, source=0x101 }
V/nibiru-device( 2816): device count: 0:0:true
W/ViewRootImpl( 2816): Dropping event due to no window focus: KeyEvent { action=ACTION_DOWN, keyCode=KEYCODE_DPAD_RIGHT, scanCode=106, metaState=0, flags=0x8, repeatCount=0, eventTime=1136716, downTime=1136716, deviceId=4, source=0x101 }
W/ViewRootImpl( 2816): Cancelling event due to no window focus: KeyEvent { action=ACTION_UP, keyCode=KEYCODE_DPAD_RIGHT, scanCode=106, metaState=0, flags=0x28, repeatCount=0, eventTime=1136717, downTime=1136716, deviceId=4, source=0x101 }
W/ViewRootImpl( 2816): Cancelling event due to no window focus: KeyEvent { action=ACTION_UP, keyCode=KEYCODE_DPAD_RIGHT, scanCode=106, metaState=0, flags=0x28, repeatCount=0, eventTime=1136717, downTime=1136716, deviceId=4, source=0x101 }
W/ViewRootImpl( 2816): Cancelling event due to no window focus: KeyEvent { action=ACTION_UP, keyCode=KEYCODE_DPAD_RIGHT, scanCode=106, metaState=0, flags=0x28, repeatCount=0, eventTime=1136717, downTime=1136716, deviceId=4, source=0x101 }
W/ViewRootImpl( 2816): Cancelling event due to no window focus: KeyEvent { action=ACTION_UP, keyCode=KEYCODE_DPAD_RIGHT, scanCode=106, metaState=0, flags=0x28, repeatCount=0, eventTime=1136717, downTime=1136716, deviceId=4, source=0x101 }
W/ViewRootImpl( 2816): Cancelling event due to no window focus: KeyEvent { action=ACTION_UP, keyCode=KEYCODE_DPAD_RIGHT, scanCode=106, metaState=0, flags=0x28, repeatCount=0, eventTime=1136717, downTime=1136716, deviceId=4, source=0x101 }
W/ViewRootImpl( 2816): Cancelling event due to no window focus: KeyEvent { action=ACTION_UP, keyCode=KEYCODE_DPAD_RIGHT, scanCode=106, metaState=0, flags=0x28, repeatCount=0, eventTime=1136717, downTime=1136716, deviceId=4, source=0x101 }
I/PhoneWindow( 2816): 22Key up: repeat=0 flags=0x28
W/ViewRootImpl( 2816): Cancelling event due to no window focus: KeyEvent { action=ACTION_UP, keyCode=KEYCODE_DPAD_RIGHT, scanCode=106, metaState=0, flags=0x28, repeatCount=0, eventTime=1136717, downTime=1136716, deviceId=4, source=0x101 }
W/ViewRootImpl( 2816): Cancelling event due to no window focus: KeyEvent { action=ACTION_UP, keyCode=KEYCODE_DPAD_RIGHT, scanCode=106, metaState=0, flags=0x28, repeatCount=0, eventTime=1136717, downTime=1136716, deviceId=4, source=0x101 }
W/ViewRootImpl( 2816): Cancelling event due to no window focus: KeyEvent { action=ACTION_UP, keyCode=KEYCODE_DPAD_RIGHT, scanCode=106, metaState=0, flags=0x28, repeatCount=0, eventTime=1136717, downTime=1136716, deviceId=4, source=0x101 }
V/VR-SUPPORT( 1042): check config now
V/distort ( 1042): dx: 0.04694
V/distort ( 1042): distort y: 0.02609
V/VR-SUPPORT( 1042): config cardboard write res: true
V/NibiruVR-SDK( 2816): LOAD VR CONFIG: NVRConfig [inter_lens_distance=0.06, vertical_distance_to_lens_center=0.03725, screen_to_lens_distance=0.06, left_eye_fov_left=45.0, left_eye_fov_right=45.0, left_eye_fov_bottom=48.3, left_eye_fov_top=48.3, distortion_coef_x=0.04694, distortion_coef_y=0.02609, screen_width=2560.0, screen_height=1440.0, border_size_meters=0.006]
V/NibiruVR-SDK( 2816): left, right, bottom, top: 45.0, 45.0, 48.3, 48.3
V/NibiruVR-SDK( 2816): left, right, bottom, top: 45.0, 45.0, 48.3, 48.3
V/NibiruVR-SDK( 2816): left, right, bottom, top: 45.0, 45.0, 48.3, 48.3
I/HeadMountedDisplayManager( 2816): Successfully wrote Cardboard parameters to external storage.
V/VR-SUPPORT( 1042): DEBUG: false
V/NibiruVR-SDK( 2816): REV SET FPS: false
V/NibiruVR-SDK( 2816): VR SDK start collection
E/NibiruVRManager( 2816): ================== VR CONN
V/NibiruVR-SDK( 2816): service is connected
D/ViewRootImpl( 2816): 2560<<<<<< BACK FROM relayoutWM.LayoutParams{(0,0)(fillxfill)mPosX=0mPosY=0mHScale=1.0mVScale=1.0 align=UNDEFINE taskId=29 sim=#120 ty=1 fl=#1810580 fmt=-3 wanim=0x1030001 vsysui=0x1706 surfaceInsets=Rect(0, 0 - 0, 0) needsMenuKey=2packageName=com.nibiru.vr.playertoken=android.os.BinderProxy@2c52c4c}
E/NibiruCheckUtil( 2816): check nibiru failed: -1
D/ViewRootImpl( 2816): 2560<<<<<< BACK FROM relayoutWM.LayoutParams{(0,0)(fillxfill)mPosX=0mPosY=0mHScale=1.0mVScale=1.0 align=UNDEFINE taskId=29 sim=#20 ty=1 fl=#1810580 fmt=-3 wanim=0x1030001 vsysui=0x1706 surfaceInsets=Rect(0, 0 - 0, 0) needsMenuKey=2packageName=com.nibiru.vr.playertoken=android.os.BinderProxy@2c52c4c}
I/ActivityManagerService(  452): Displayed com.nibiru.vr.player/.MainActivity: +1s14ms
D/ViewRootImpl(  452): onDetachedFromWindow ungister contentObserver
D/ccc     ( 2816): init world time :284
V/NibiruVR-SDK( 2816): left, right, bottom, top: 45.0, 45.0, 48.3, 48.3
V/NibiruVR-SDK( 2816): left, right, bottom, top: 45.0, 45.0, 48.3, 48.3
E/mali_so ( 2816): encounter the first gles_error : 0x0001 : failed to allocate CPU memory (gles2_state_is_enabled at hardware/arm/maliT760-r11-bak/driver/product/gles/src/state/gles2/mali_gles2_state_enable.c:210)
E/mali_so ( 2816): to dump the call_stack of the first error :
D/mali_so ( 2816): #00 pc 002518b0  /system/vendor/lib/egl/libGLES_mali.so
D/mali_so ( 2816): #01 pc 002488cc  /system/vendor/lib/egl/libGLES_mali.so
D/mali_so ( 2816): #02 pc 002064e0  /system/vendor/lib/egl/libGLES_mali.so (glIsEnabled+96)
D/mali_so ( 2816): #03 pc 0005d63f  /system/app/NibiruPlayer/lib/arm/libvrtoolkit.so
D/mali_so ( 2816): #04 pc 000505eb  /system/app/NibiruPlayer/lib/arm/libvrtoolkit.so
D/mali_so ( 2816): #05 pc 00052c9b  /system/app/NibiruPlayer/lib/arm/libvrtoolkit.so
D/mali_so ( 2816): #06 pc 00038ce9  /system/app/NibiruPlayer/lib/arm/libvrtoolkit.so
D/mali_so ( 2816): #07 pc 000115f5  /system/app/NibiruPlayer/lib/arm/libvrtoolkit.so
D/mali_so ( 2816): #08 pc 0000f11f  /system/app/NibiruPlayer/lib/arm/libvrtoolkit.so
D/mali_so ( 2816): #09 pc 0006cad7  /data/dalvik-cache/arm/system@app@NibiruPlayer@NibiruPlayer.apk@classes.dex
V/NibiruVR-SDK( 2816): Avg FPS: 81.77284 FPS: 0.0
V/NibiruVR-SDK( 2816): Avg FPS: 67.72223 FPS: 65.0
D/DisplayPowerController(  452): button lights toggle
E/wayne   (  452): keyCode:4 event:KeyEvent { action=ACTION_DOWN, keyCode=KEYCODE_BACK, scanCode=158, metaState=0, flags=0x8, repeatCount=0, eventTime=1139380, downTime=1139380, deviceId=0, source=0x101 }
E/Lights  (  452): write_int failed to open sys/class/leds/rk29_key_led/brightness
I/Lights  (  452): >>> Enter set_keyboard_light
D/DisplayPowerController(  452): send timeout msg after 1500
D/DisplayPowerController(  452): send timeout msg after 1500
D/onkeydown( 2816): dispatch:4
D/ccc     ( 2816): finish
D/ActivityManagerService(  452): moveHomeStackTaskToTop: moving TaskRecord{19329696 #22 A=com.nibiru.launcher3d U=0 sz=1}
D/WindowManagerService(  452): null  ==========setInputFocusLw ==========  =======
I/PhoneWindow( 2816): 4Key up: repeat=0 flags=0x28
W/art     ( 2816): Native thread exiting without having called DetachCurrentThread (maybe it's going to use a pthread_key_create destructor?): Thread[16,tid=2868,Native,Thread*=0xb87d5108,peer=0x12c15160,"Thread-182"]
V/NibiruVR-SDK( 2816): VR SDK stop collection
D/ViewRootImpl(  841): 2560<<<<<< BACK FROM relayoutnull
V/NibiruVR-SDK(  841): bind service res: true
D/ViewRootImpl( 2816): 2560<<<<<< BACK FROM relayoutWM.LayoutParams{(0,0)(fillxfill)mPosX=0mPosY=0mHScale=1.0mVScale=1.0 align=UNDEFINE taskId=29 sim=#20 ty=1 fl=#1810500 fmt=-3 wanim=0x1030001 vsysui=0x1706 surfaceInsets=Rect(0, 0 - 0, 0) needsMenuKey=2packageName=com.nibiru.vr.playertoken=android.os.BinderProxy@2c52c4c}
I/HeadMountedDisplayManager(  841): Successfully read updated device params from external storage
V/nibiru-device(  841): device count: 0:0:true
V/nibiru-device(  841): device count: 0:0:true
D/HeadMountedDisplayManager(  841): Cardboard screen parameters file not found: java.io.FileNotFoundException: /storage/emulated/0/Cardboard/phone_params: open failed: ENOENT (No such file or directory)
D/ccc     (  841): trackerNative onResume
W/ContextImpl( 1024): Calling a method in the system process without a qualified user: android.app.ContextImpl.sendBroadcast:1344 android.content.ContextWrapper.sendBroadcast:377 com.nibiru.vrconfig.VRControlService.sendVRBroadcast:519 com.nibiru.vrconfig.VRControlService.access$600:68 com.nibiru.vrconfig.VRControlService$PackageChangeReceiver.onReceive:468
V/VR-SUPPORT( 1042): REV HEAD RESET BROADCAST
V/NibiruVRView( 2816): REV HEAD RESET BROADCAST
D/nibiru  ( 1024): --isNibiruSDK->true
V/NibiruVR-SDK( 2816): REV RESET TRACKER
D/mali_winsys(  841): EGLint new_window_surface(egl_winsys_display*, void*, EGLSurface, EGLConfig, egl_winsys_surface**, egl_color_buffer_format*, EGLBoolean) returns 0x3000
E/wayne   (  452): keyCode:4 event:KeyEvent { action=ACTION_UP, keyCode=KEYCODE_BACK, scanCode=158, metaState=0, flags=0x8, repeatCount=0, eventTime=1139580, downTime=1139380, deviceId=0, source=0x101 }
D/ViewRootImpl( 2816): 2560<<<<<< BACK FROM relayoutnull
D/mali_winsys(  841): EGLint new_window_surface(egl_winsys_display*, void*, EGLSurface, EGLConfig, egl_winsys_surface**, egl_color_buffer_format*, EGLBoolean) returns 0x3000
D/WindowManagerService(  452): Window{35b62cb5 u0 com.nibiru.launcher3d/com.nibiru.lanchuer.Lanchuer2DActivity}  ==========setInputFocusLw ==========  =======
D/ViewRootImpl(  841): 2560<<<<<< BACK FROM relayoutWM.LayoutParams{(0,0)(fillxfill)mPosX=0mPosY=0mHScale=1.0mVScale=1.0 align=UNDEFINE taskId=22 sim=#20 ty=1 fl=#1810500 fmt=-3 wanim=0x1030001 vsysui=0x1700 surfaceInsets=Rect(0, 0 - 0, 0) needsMenuKey=2packageName=com.nibiru.launcher3dtoken=android.os.BinderProxy@282c619e}
D/mali_winsys(  841): EGLint new_window_surface(egl_winsys_display*, void*, EGLSurface, EGLConfig, egl_winsys_surface**, egl_color_buffer_format*, EGLBoolean) returns 0x3000
D/ViewRootImpl( 2816): 2560<<<<<< BACK FROM relayoutWM.LayoutParams{(0,0)(fillxfill)mPosX=0mPosY=0mHScale=1.0mVScale=1.0 align=UNDEFINE taskId=29 sim=#20 ty=1 fl=#1810500 fmt=-3 wanim=0x1030001 vsysui=0x1700 surfaceInsets=Rect(0, 0 - 0, 0) needsMenuKey=2packageName=com.nibiru.vr.playertoken=android.os.BinderProxy@2c52c4c}
W/ViewRootImpl(  841): Cancelling event due to no window focus: KeyEvent { action=ACTION_UP, keyCode=KEYCODE_BACK, scanCode=158, metaState=0, flags=0x28, repeatCount=0, eventTime=1139580, downTime=1139380, deviceId=0, source=0x101 }
W/ViewRootImpl(  841): Cancelling event due to no window focus: KeyEvent { action=ACTION_UP, keyCode=KEYCODE_BACK, scanCode=158, metaState=0, flags=0x28, repeatCount=0, eventTime=1139580, downTime=1139380, deviceId=0, source=0x101 }
W/ViewRootImpl(  841): Cancelling event due to no window focus: KeyEvent { action=ACTION_UP, keyCode=KEYCODE_BACK, scanCode=158, metaState=0, flags=0x28, repeatCount=0, eventTime=1139580, downTime=1139380, deviceId=0, source=0x101 }
W/ViewRootImpl(  841): Cancelling event due to no window focus: KeyEvent { action=ACTION_UP, keyCode=KEYCODE_BACK, scanCode=158, metaState=0, flags=0x28, repeatCount=0, eventTime=1139580, downTime=1139380, deviceId=0, source=0x101 }
W/ViewRootImpl(  841): Cancelling event due to no window focus: KeyEvent { action=ACTION_UP, keyCode=KEYCODE_BACK, scanCode=158, metaState=0, flags=0x28, repeatCount=0, eventTime=1139580, downTime=1139380, deviceId=0, source=0x101 }
W/ViewRootImpl(  841): Cancelling event due to no window focus: KeyEvent { action=ACTION_UP, keyCode=KEYCODE_BACK, scanCode=158, metaState=0, flags=0x28, repeatCount=0, eventTime=1139580, downTime=1139380, deviceId=0, source=0x101 }
I/PhoneWindow(  841): 4Key up: repeat=0 flags=0x28
W/ViewRootImpl(  841): Cancelling event due to no window focus: KeyEvent { action=ACTION_UP, keyCode=KEYCODE_BACK, scanCode=158, metaState=0, flags=0x28, repeatCount=0, eventTime=1139580, downTime=1139380, deviceId=0, source=0x101 }
W/ViewRootImpl(  841): Cancelling event due to no window focus: KeyEvent { action=ACTION_UP, keyCode=KEYCODE_BACK, scanCode=158, metaState=0, flags=0x28, repeatCount=0, eventTime=1139580, downTime=1139380, deviceId=0, source=0x101 }
W/ViewRootImpl(  841): Cancelling event due to no window focus: KeyEvent { action=ACTION_UP, keyCode=KEYCODE_BACK, scanCode=158, metaState=0, flags=0x28, repeatCount=0, eventTime=1139580, downTime=1139380, deviceId=0, source=0x101 }
V/VR-SUPPORT( 1042): check config now
V/distort ( 1042): dx: 0.04694
V/distort ( 1042): distort y: 0.02609
V/VR-SUPPORT( 1042): config cardboard write res: true
V/NibiruVR-SDK(  841): LOAD VR CONFIG: NVRConfig [vertical_distance_to_lens_center=0.03725, screen_to_lens_distance=0.06, screen_to_lens_distance_v2=0.0315, left_eye_fov_left=45.0, left_eye_fov_right=45.0, left_eye_fov_bottom=48.3, left_eye_fov_top=48.3, distortion_coef_x=0.04694, distortion_coef_y=0.02609, distortion_coef_v2_k1=0.04694, distortion_coef_v2_k2=0.02609, screen_width=2560.0, screen_height=1440.0, border_size_meters=0.006, screen_size_x=0.12096, screen_size_y=0.06804, view_res_x=1280.0, view_res_y=1440.0, eye_fb_res_x=1280.0, eye_fb_res_y=1440.0, multi_samples=4, eye_ipd=0.06, eye_ipd_v2=0.06, lens_ipd=0.062, default_point_ratio=0.488, view_aspect_ratio=0.8888889, eye_fb_aspect_ratio=0.8888889, wrap_mesh_res_x=16, wrap_mesh_res_y=16, xMetersPerPixel=0.0, yMetersPerPixel=0.0, channel=VR0091, timestamp=0, version=1, point_z=1.5]
V/VR-SUPPORT( 1042): DEBUG: false
V/NibiruVR-SDK(  841): REV SET FPS: false
E/NibiruVRManager(  841): ================== VR CONN
V/NibiruVR-SDK(  841): service is connected
V/NibiruVRView(  841): REV HEAD RESET BROADCAST
D/ViewRootImpl(  841): 2560<<<<<< BACK FROM relayoutWM.LayoutParams{(0,0)(fillxfill)mPosX=0mPosY=0mHScale=1.0mVScale=1.0 align=UNDEFINE taskId=22 sim=#20 ty=1 fl=#1810580 fmt=-3 wanim=0x1030001 vsysui=0x1700 surfaceInsets=Rect(0, 0 - 0, 0) needsMenuKey=2packageName=com.nibiru.launcher3dtoken=android.os.BinderProxy@282c619e}
W/art     (  452): Long monitor contention event with owner method=void com.android.server.am.ActivityManagerService.activityIdle(android.os.IBinder, android.content.res.Configuration, boolean) from ActivityManagerService.java:6289 waiters=0 for 122ms
D/NVR     ( 2816): ÂõæÁâáËµÑÊ∫êÂõûÊî∂Ôº?130837575
D/NVR     ( 2816): ÂõæÁâáËµÑÊ∫êÂõûÊî∂Ôº?130837578
D/NVR     ( 2816): ÂõæÁâáËµÑÊ∫êÂõûÊî∂Ôº?130837576
I/art     ( 2816): Explicit concurrent mark sweep GC freed 8934(983KB) AllocSpace objects, 8(12MB) LOS objects, 25% free, 5MB/7MB, paused 313us total 21.617ms
D/ViewRootImpl( 2816): onDetachedFromWindow ungister contentObserver
W/ResourceType(  591): No package identifier when getting value for resource number 0x00000000
W/PackageManager(  591): Failure retrieving resources for com.nibiru.vr.player: Resource ID #0x0
D/DisplayPowerController(  452): MSG_BUTTON_LIGHTS_TIME_OUT
E/Lights  (  452): write_int failed to open sys/class/leds/rk29_key_led/brightness
I/Lights  (  452): >>> Enter set_keyboard_light
D/TaskPersister(  452): removeObsoleteFile: deleting file=15_task.xml
D/TaskPersister(  452): removeObsoleteFile: deleting file=15_task_thumbnail.png
V/VRShowManager( 2816): show network exit
V/NibiruVR-SDK( 2816): SHOW EXIT
E/wayne   (  452): keyCode:66 event:KeyEvent { action=ACTION_DOWN, keyCode=KEYCODE_ENTER, scanCode=28, metaState=0, flags=0x8, repeatCount=0, eventTime=1150791, downTime=1150791, deviceId=4, source=0x101 }
E/wayne   (  452): keyCode:66 event:KeyEvent { action=ACTION_UP, keyCode=KEYCODE_ENTER, scanCode=28, metaState=0, flags=0x8, repeatCount=0, eventTime=1150791, downTime=1150791, deviceId=4, source=0x101 }
W/ContextImpl(  452): Calling a method in the system process without a qualified user: android.app.ContextImpl.sendBroadcast:1344 com.android.server.policy.nibiru.NibiruKeyManager.sendNibiruBroadcast:94 com.android.server.policy.nibiru.NibiruKeyManager.handleKeyEvent:83 com.android.internal.policy.impl.PhoneWindowManager.interceptKeyBeforeDispatching:2657 com.android.server.wm.InputMonitor.interceptKeyBeforeDispatching:476
E/wayne   (  452): keyCode:66 event:KeyEvent { action=ACTION_DOWN, keyCode=KEYCODE_ENTER, scanCode=28, metaState=0, flags=0x8, repeatCount=0, eventTime=1151004, downTime=1151004, deviceId=4, source=0x101 }
E/wayne   (  452): keyCode:66 event:KeyEvent { action=ACTION_UP, keyCode=KEYCODE_ENTER, scanCode=28, metaState=0, flags=0x8, repeatCount=0, eventTime=1151004, downTime=1151004, deviceId=4, source=0x101 }
W/ContextImpl(  452): Calling a method in the system process without a qualified user: android.app.ContextImpl.sendBroadcast:1344 com.android.server.policy.nibiru.NibiruKeyManager.sendNibiruBroadcast:94 com.android.server.policy.nibiru.NibiruKeyManager.handleKeyEvent:83 com.android.internal.policy.impl.PhoneWindowManager.interceptKeyBeforeDispatching:2657 com.android.server.wm.InputMonitor.interceptKeyBeforeDispatching:476
V/NibiruControllerService( 1804): retry check controller info[com.nibiru.tcl.vrgallery]
V/NibiruControllerService( 1804): check controller information2[C]: AUK0BO0MUP|true|com.nibiru.tcl.vrgallery|1|N0000|22|true|0
V/MsgStatisic( 1804): GET GID FAILED
V/NibiruControllerService( 1804): check controller info[checkmsg:1com.nibiru.tcl.vrgallery]: failed
E/wayne   (  452): keyCode:66 event:KeyEvent { action=ACTION_DOWN, keyCode=KEYCODE_ENTER, scanCode=28, metaState=0, flags=0x8, repeatCount=0, eventTime=1175349, downTime=1175349, deviceId=4, source=0x101 }
E/wayne   (  452): keyCode:66 event:KeyEvent { action=ACTION_UP, keyCode=KEYCODE_ENTER, scanCode=28, metaState=0, flags=0x8, repeatCount=0, eventTime=1175349, downTime=1175349, deviceId=4, source=0x101 }
W/ContextImpl(  452): Calling a method in the system process without a qualified user: android.app.ContextImpl.sendBroadcast:1344 com.android.server.policy.nibiru.NibiruKeyManager.sendNibiruBroadcast:94 com.android.server.policy.nibiru.NibiruKeyManager.handleKeyEvent:83 com.android.internal.policy.impl.PhoneWindowManager.interceptKeyBeforeDispatching:2657 com.android.server.wm.InputMonitor.interceptKeyBeforeDispatching:476
E/wayne   (  452): keyCode:66 event:KeyEvent { action=ACTION_DOWN, keyCode=KEYCODE_ENTER, scanCode=28, metaState=0, flags=0x8, repeatCount=0, eventTime=1175491, downTime=1175491, deviceId=4, source=0x101 }
E/wayne   (  452): keyCode:66 event:KeyEvent { action=ACTION_UP, keyCode=KEYCODE_ENTER, scanCode=28, metaState=0, flags=0x8, repeatCount=0, eventTime=1175491, downTime=1175491, deviceId=4, source=0x101 }
W/ContextImpl(  452): Calling a method in the system process without a qualified user: android.app.ContextImpl.sendBroadcast:1344 com.android.server.policy.nibiru.NibiruKeyManager.sendNibiruBroadcast:94 com.android.server.policy.nibiru.NibiruKeyManager.handleKeyEvent:83 com.android.internal.policy.impl.PhoneWindowManager.interceptKeyBeforeDispatching:2657 com.android.server.wm.InputMonitor.interceptKeyBeforeDispatching:476
E/wayne   (  452): keyCode:66 event:KeyEvent { action=ACTION_DOWN, keyCode=KEYCODE_ENTER, scanCode=28, metaState=0, flags=0x8, repeatCount=0, eventTime=1175651, downTime=1175651, deviceId=4, source=0x101 }
E/wayne   (  452): keyCode:66 event:KeyEvent { action=ACTION_UP, keyCode=KEYCODE_ENTER, scanCode=28, metaState=0, flags=0x8, repeatCount=0, eventTime=1175651, downTime=1175651, deviceId=4, source=0x101 }
W/ContextImpl(  452): Calling a method in the system process without a qualified user: android.app.ContextImpl.sendBroadcast:1344 com.android.server.policy.nibiru.NibiruKeyManager.sendNibiruBroadcast:94 com.android.server.policy.nibiru.NibiruKeyManager.handleKeyEvent:83 com.android.internal.policy.impl.PhoneWindowManager.interceptKeyBeforeDispatching:2657 com.android.server.wm.InputMonitor.interceptKeyBeforeDispatching:476
E/wayne   (  452): keyCode:66 event:KeyEvent { action=ACTION_DOWN, keyCode=KEYCODE_ENTER, scanCode=28, metaState=0, flags=0x8, repeatCount=0, eventTime=1175811, downTime=1175811, deviceId=4, source=0x101 }
E/wayne   (  452): keyCode:66 event:KeyEvent { action=ACTION_UP, keyCode=KEYCODE_ENTER, scanCode=28, metaState=0, flags=0x8, repeatCount=0, eventTime=1175811, downTime=1175811, deviceId=4, source=0x101 }
W/ContextImpl(  452): Calling a method in the system process without a qualified user: android.app.ContextImpl.sendBroadcast:1344 com.android.server.policy.nibiru.NibiruKeyManager.sendNibiruBroadcast:94 com.android.server.policy.nibiru.NibiruKeyManager.handleKeyEvent:83 com.android.internal.policy.impl.PhoneWindowManager.interceptKeyBeforeDispatching:2657 com.android.server.wm.InputMonitor.interceptKeyBeforeDispatching:476
E/wayne   (  452): keyCode:66 event:KeyEvent { action=ACTION_DOWN, keyCode=KEYCODE_ENTER, scanCode=28, metaState=0, flags=0x8, repeatCount=0, eventTime=1175954, downTime=1175954, deviceId=4, source=0x101 }
E/wayne   (  452): keyCode:66 event:KeyEvent { action=ACTION_UP, keyCode=KEYCODE_ENTER, scanCode=28, metaState=0, flags=0x8, repeatCount=0, eventTime=1175954, downTime=1175954, deviceId=4, source=0x101 }
W/ContextImpl(  452): Calling a method in the system process without a qualified user: android.app.ContextImpl.sendBroadcast:1344 com.android.server.policy.nibiru.NibiruKeyManager.sendNibiruBroadcast:94 com.android.server.policy.nibiru.NibiruKeyManager.handleKeyEvent:83 com.android.internal.policy.impl.PhoneWindowManager.interceptKeyBeforeDispatching:2657 com.android.server.wm.InputMonitor.interceptKeyBeforeDispatching:476
E/wayne   (  452): keyCode:66 event:KeyEvent { action=ACTION_DOWN, keyCode=KEYCODE_ENTER, scanCode=28, metaState=0, flags=0x8, repeatCount=0, eventTime=1176113, downTime=1176113, deviceId=4, source=0x101 }
