D/RockFFPlayer(  163): doStart(): mSeekTimeUs = -1
D/RockFFPlayer(  163): doStart ok
D/RockFFPlayer(  163): run : dequeueMessage Message 2 OK
D/RockFFPlayer(  163): Messagecomplete type [2]
D/RockFFPlayer(  163): run : Message 2 complete
D/RockFFPlayer(  163): enqueueMessage:sync wait ok
I/Choreographer( 2451): Skipped 52 frames!  The application may be doing too much work on its main thread.
D/DecodeVideo(  163): Use the old vpu framework
D/AudioHardwareTiny(  163): start_output_stream
D/alsa_route(  163): route_info->sound_card 0, route_info->devices 0
D/alsa_route(  163): route_set_controls() set route 0
I/vpu_mem_pool(  163): pid 163, open_vpu_memory_pool:473: success
D/vpu_api (  163): codec 0xb7ee3428 work thread created
D/DecodeVideo(  163): CommitBuffer2VpuPool dupshared_fd = 0x34 share_fd = 0x22
D/DecodeVideo(  163): CommitBuffer2VpuPool dupshared_fd = 0x35 share_fd = 0x24
D/DecodeVideo(  163): CommitBuffer2VpuPool dupshared_fd = 0x36 share_fd = 0x26
D/DecodeVideo(  163): CommitBuffer2VpuPool dupshared_fd = 0x37 share_fd = 0x28
D/DecodeVideo(  163): CommitBuffer2VpuPool dupshared_fd = 0x38 share_fd = 0x2a
D/DecodeVideo(  163): CommitBuffer2VpuPool dupshared_fd = 0x39 share_fd = 0x2c
D/DecodeVideo(  163): CommitBuffer2VpuPool dupshared_fd = 0x3a share_fd = 0x2e
D/DecodeVideo(  163): CommitBuffer2VpuPool dupshared_fd = 0x3b share_fd = 0x30
D/DecodeVideo(  163): CommitBuffer2VpuPool dupshared_fd = 0x3c share_fd = 0x32
E/TraceThread(  163):     DecoderVideo(tid = 3085838632)--> [UID=] DecoderVideo::decode
E/DecodeVideo(  163): RkMark DecoderVideo ctx->no_thread send ts stream first time!
D/RockFFPlayer(  163): set videoFirstFrame=0
D/RockFFPlayer(  163): onDisplayEvent(): FIRST_FRAME
D/RockFFPlayer(  163): *****************onDisplayEvent:audio flush set timeus=0
D/RockFFPlayer(  163): onDisplayEvent:resume audio decode
E/AudioSink(  163): received unknown event type: 1 inside CallbackWrapper !
D/RockFFPlayer(  163): onDisplayEvent video delay time: 66666
D/RockFFPlayer(  163): [onDisplayEvent]audiotime = 29776;videotime=0;latenessUs=29776;rawpts=0
E/RockFFPlayer(  163): Hery, notify MEDIA_INFO_RENDERING_START 29776
W/MediaPlayer( 2451): info/warning (3, 0)
D/RockFFPlayer(  163): *****Channel Changed Time is 1188332
D/RockFFPlayer(  163): onDisplayEvent(3660) render first frame
D/RockFFPlayer(  163): [onDisplayEvent]audiotime = 39880;videotime=33333;latenessUs=6547;rawpts=33333
D/DecodeVideo(  163): commitHdl2Vpu dupshared_fd = 0x44 shared_fd = 0x14
D/DecodeVideo(  163): commitHdl2Vpu dupshared_fd = 0x45 shared_fd = 0x18
W/GLConsumer( 2451): [unnamed-2451-0] bindTextureImage: clearing GL error: 0x500
D/RockFFPlayer(  163): [onDisplayEvent]audiotime = 75736;videotime=66666;latenessUs=9070;rawpts=66666
D/DecodeVideo(  163): commitHdl2Vpu dupshared_fd = 0x46 shared_fd = 0x1a
D/DecodeVideo(  163): commitHdl2Vpu dupshared_fd = 0x47 shared_fd = 0x1c
D/DecodeVideo(  163): commitHdl2Vpu dupshared_fd = 0x48 shared_fd = 0x1e
V/NibiruVR-SDK( 2451): Avg FPS: 60.845455 FPS: 60.0
W/AudioFlinger(  163): write blocked for 379 msecs, 1 delayed writes, thread 0xb4c8b008
D/RockFFPlayer(  163): onDisplayEvent sync audio nowUs: 331434, mediaTimeUs: 19586
D/RockFFPlayer(  163): [onDisplayEvent]audiotime = 19586;videotime=333333;latenessUs=-313747;rawpts=333333
D/RockFFPlayer(  163): [onDisplayEvent] reset mIsSlowSyncPlay to true.  latenessUs:-313747
D/RockFFPlayer(  163): [onDisplayEvent]audiotime = 86514;videotime=366666;latenessUs=-280152;rawpts=366666
D/RockFFPlayer(  163): [onDisplayEvent]audiotime = 153436;videotime=400000;latenessUs=-246564;rawpts=400000
D/RockFFPlayer(  163): [onDisplayEvent]audiotime = 220321;videotime=433333;latenessUs=-213012;rawpts=433333
D/RockFFPlayer(  163): [onDisplayEvent]audiotime = 287222;videotime=466666;latenessUs=-179444;rawpts=466666
D/RockFFPlayer(  163): [onDisplayEvent]audiotime = 688637;videotime=666666;latenessUs=21971;rawpts=666666
V/NibiruVR-SDK( 2451): Avg FPS: 57.70325 FPS: 59.0
V/NibiruVR-SDK( 2451): Avg FPS: 60.695213 FPS: 61.0
V/NibiruVR-SDK( 2451): Avg FPS: 63.257706 FPS: 59.0
V/NibiruVR-SDK( 2451): Avg FPS: 57.228504 FPS: 60.0
V/PhoneWindowManager(  466): truehungUp=false, mScreenshotChordVolumeDownKeyTriggered=false, mScreenshotChordVolumeDownKeyTriggered=false
D/PhoneWindowManager(  466): interceptPowerKeyDown =================  =======
D/PhoneWindowManager(  466): cancelPendingPowerKeyAction =================  =======
E/WifiStateMachine(  466): ACTION_SCREEN_OFF...
E/WifiStateMachine(  466): cancelDelayedScan -> 42
D/WifiStateMachine(  466): backgroundScan enabled=false startBackgroundScanIfNeeded:false
E/WifiStateMachine(  466): handleScreenStateChanged Exit: false
E/WifiStateMachine(  466): setSuspendOptimizations: 4 true
E/WifiStateMachine(  466): mSuspendOptNeedsDisabled 0
D/mali_winsys(  466): EGLint new_window_surface(egl_winsys_display*, void*, EGLSurface, EGLConfig, egl_winsys_surface**, egl_color_buffer_format*, EGLBoolean) returns 0x3000
V/NibiruVR-SDK( 2451): Avg FPS: 51.424236 FPS: 51.0
D/DisplayPowerController(  466): screen off, so turn off btn && keyboard lights
I/DisplayManagerService(  466): Display device changed: DisplayDeviceInfo{"ÂÜÖÁΩÆÂ±èÂπï": uniqueId="local:0", 2560 x 1440, 60.387 fps, supportedRefreshRates [60.387], density 480, 401.0 x 401.0 dpi, appVsyncOff 0, presDeadline 17559855, touch INTERNAL, rotation 0, type BUILT_IN, state OFF, FLAG_DEFAULT_DISPLAY, FLAG_ROTATES_WITH_CONTENT, FLAG_SECURE, FLAG_SUPPORTS_PROTECTED_BUFFERS}
V/ActivityStackSupervisor(  466): Display changed displayId=0
D/SurfaceFlinger(  157): Set power mode=0, type=0 flinger=0xb7114550
I/hwcomposer(  157): hwc_blank dpy[0],blank[1]
D/SurfaceControl(  466): Excessive delay in setPowerMode(): 427ms
E/RKPowerHAL(  466): Error opening /sys/devices/system/cpu/cpufreq/interactive/input_boost: No such file or directory
E/RKPowerHAL(  466): Error opening /sys/devices/system/cpu/cpu7/online: No such file or directory
E/RKPowerHAL(  466): Error opening /sys/devices/system/cpu/cpu6/online: No such file or directory
E/RKPowerHAL(  466): Error opening /sys/devices/system/cpu/cpu5/online: No such file or directory
E/RKPowerHAL(  466): Error opening /sys/devices/system/cpu/cpu4/online: No such file or directory
E/RKPowerHAL(  466): Error opening /sys/devices/system/cpu/cpu3/online: Permission denied
E/RKPowerHAL(  466): Error opening /sys/devices/system/cpu/cpu2/online: Permission denied
W/art     ( 2451): Native thread exiting without having called DetachCurrentThread (maybe it's going to use a pthread_key_create destructor?): Thread[30,tid=3367,Native,Thread*=0xb7fd23f0,peer=0x32e2b0a0,"Thread-286"]
V/NibiruVR-SDK( 2451): VR SDK stop collection
D/RockFFPlayer(  163): pause()**************
D/RockFFPlayerBase(  163): dumpStatus(): Started
D/RockFFPlayer(  163): enter enqueueMessage
D/RockFFPlayer(  163): enqueueMessage:****1
D/RockFFPlayer(  163): enqueueMessage:****2
D/RockFFPlayer(  163): enqueueMessage:****3
D/RockFFPlayer(  163): enqueueMessage:Message 1,set signal
D/RockFFPlayer(  163): enqueueMessage:sync wait
D/RockFFPlayer(  163): deliverMessage
D/RockFFPlayer(  163): run : dequeueMessage Message 5
D/RockFFPlayer(  163): CMD_PAUSE
D/RockFFPlayer(  163): doPause
D/RockFFPlayerBase(  163): dumpStatus(): Pause
D/RockFFPlayer(  163): doPause**1
D/RockFFPlayer(  163): doPause**2
D/RockFFPlayer(  163): doPause**3
D/RockFFPlayer(  163): doPause**4
D/RockFFPlayer(  163): doPause**5
D/RockFFPlayer(  163): run : dequeueMessage Message 5 OK
D/RockFFPlayer(  163): Messagecomplete type [5]
D/RockFFPlayer(  163): run : Message 5 complete
D/RockFFPlayer(  163): enqueueMessage:sync wait ok
D/ViewRootImpl( 2451): 2560<<<<<< BACK FROM relayoutWM.LayoutParams{(0,0)(fillxfill)mPosX=0mPosY=0mHScale=1.0mVScale=1.0 align=UNDEFINE taskId=13 sim=#20 ty=1 fl=#1810500 fmt=-3 wanim=0x1030001 vsysui=0x1700 surfaceInsets=Rect(0, 0 - 0, 0) needsMenuKey=2packageName=com.nibiru.vr.playertoken=android.os.BinderProxy@61a7993}
E/VsyncReciver(  163): timeout [this=0xb7ec6938]0.162239 ms (6163.746181 Hz), buffer[0].count = 29601 phase 246
D/alsa_route(  163): route_set_controls() set route 24
D/AudioHardwareTiny(  163): close device
I/DisplayPowerController(  466): Blocking screen on until initial contents have been drawn.
D/DisplayPowerController(  466): button lights toggle
E/Lights  (  466): write_int failed to open sys/class/leds/rk29_key_led/brightness
I/Lights  (  466): >>> Enter set_keyboard_light
D/DisplayPowerController(  466): send timeout msg after 1500
E/RKPowerHAL(  466): Error opening /sys/devices/system/cpu/cpufreq/interactive/input_boost: No such file or directory
E/RKPowerHAL(  466): Error opening /sys/devices/system/cpu/cpu7/online: No such file or directory
E/RKPowerHAL(  466): Error opening /sys/devices/system/cpu/cpu6/online: No such file or directory
E/RKPowerHAL(  466): Error opening /sys/devices/system/cpu/cpu5/online: No such file or directory
E/RKPowerHAL(  466): Error opening /sys/devices/system/cpu/cpu4/online: No such file or directory
E/RKPowerHAL(  466): Error opening /sys/devices/system/cpu/cpu3/online: Permission denied
E/RKPowerHAL(  466): Error opening /sys/devices/system/cpu/cpu2/online: Permission denied
D/SurfaceFlinger(  157): Set power mode=2, type=0 flinger=0xb7114550
I/hwcomposer(  157): hwc_blank dpy[0],blank[0]
I/DisplayManagerService(  466): Display device changed: DisplayDeviceInfo{"ÂÜÖÁΩÆÂ±èÂπï": uniqueId="local:0", 2560 x 1440, 60.387 fps, supportedRefreshRates [60.387], density 480, 401.0 x 401.0 dpi, appVsyncOff 0, presDeadline 17559855, touch INTERNAL, rotation 0, type BUILT_IN, state ON, FLAG_DEFAULT_DISPLAY, FLAG_ROTATES_WITH_CONTENT, FLAG_SECURE, FLAG_SUPPORTS_PROTECTED_BUFFERS}
V/KeyguardServiceDelegate(  466): onScreenTurnedOn(showListener = com.android.internal.policy.impl.PhoneWindowManager$2@28e35507)
V/ActivityStackSupervisor(  466): Display changed displayId=0
V/ActivityStackSupervisor(  466): Display changed displayId=0
E/WifiStateMachine(  466): ACTION_SCREEN_ON...
E/WifiStateMachine(  466): cancelDelayedScan -> 43
E/WifiStateMachine(  466): wifi network checker is off.
D/WifiStateMachine(  466): backgroundScan enabled=false startBackgroundScanIfNeeded:false
E/WifiStateMachine(  466): handleScreenStateChanged Exit: true
E/WifiStateMachine(  466): setSuspendOptimizations: 4 false
E/WifiStateMachine(  466): mSuspendOptNeedsDisabled 4
V/NibiruVR-SDK( 2451): bind service res: true
D/DisplayPowerController(  466): send timeout msg after 1500
D/nibiru  ( 1353): onReceive->android.intent.action.USER_PRESENT
W/ContextImpl( 1353): Calling a method in the system process without a qualified user: android.app.ContextImpl.startService:1709 android.content.ContextWrapper.startService:516 android.content.ContextWrapper.startService:516 com.nibiru.vrconfig.VRReceiver.onReceive:33 android.app.ActivityThread.handleReceiver:2629
V/nibiru-device( 2451): device count: 0:0:true
V/nibiru-device( 2451): device count: 0:0:true
D/HeadMountedDisplayManager( 2451): Cardboard screen parameters file not found: java.io.FileNotFoundException: /storage/emulated/0/Cardboard/phone_params: open failed: ENOENT (No such file or directory)
D/mali_winsys( 2451): EGLint new_window_surface(egl_winsys_display*, void*, EGLSurface, EGLConfig, egl_winsys_surface**, egl_color_buffer_format*, EGLBoolean) returns 0x3000
V/NibiruVR-SDK( 2451): VR SDK start collection
D/HeadMountedDisplayManager( 2451): Cardboard screen parameters file not found: java.io.FileNotFoundException: /storage/emulated/0/Cardboard/phone_params: open failed: ENOENT (No such file or directory)
V/KeyguardServiceDelegate(  466): **** SHOWN CALLED ****
V/VR-SUPPORT( 1371): check config now
V/distort ( 1371): dx: 0.04694
V/distort ( 1371): distort y: 0.02609
V/VR-SUPPORT( 1371): config cardboard write res: true
V/NibiruVR-SDK( 2451): LOAD VR CONFIG: NVRConfig [inter_lens_distance=0.06, vertical_distance_to_lens_center=0.03725, screen_to_lens_distance=0.06, left_eye_fov_left=45.0, left_eye_fov_right=45.0, left_eye_fov_bottom=48.3, left_eye_fov_top=48.3, distortion_coef_x=0.04694, distortion_coef_y=0.02609, screen_width=2560.0, screen_height=1440.0, border_size_meters=0.006]
V/NibiruVR-SDK( 2451): left, right, bottom, top: 45.0, 45.0, 48.3, 48.3
V/NibiruVR-SDK( 2451): left, right, bottom, top: 45.0, 45.0, 48.3, 48.3
V/NibiruVR-SDK( 2451): left, right, bottom, top: 45.0, 45.0, 48.3, 48.3
V/VR-SUPPORT( 1371): DEBUG: false
V/NibiruVR-SDK( 2451): REV SET FPS: false
E/NibiruVRManager( 2451): ================== VR CONN
V/NibiruVR-SDK( 2451): service is connected
D/ViewRootImpl( 2451): 2560<<<<<< BACK FROM relayoutWM.LayoutParams{(0,0)(fillxfill)mPosX=0mPosY=0mHScale=1.0mVScale=1.0 align=UNDEFINE taskId=13 sim=#120 ty=1 fl=#1810500 fmt=-3 wanim=0x1030001 vsysui=0x1700 surfaceInsets=Rect(0, 0 - 0, 0) needsMenuKey=2packageName=com.nibiru.vr.playertoken=android.os.BinderProxy@61a7993}
D/ViewRootImpl( 2451): 2560<<<<<< BACK FROM relayoutWM.LayoutParams{(0,0)(fillxfill)mPosX=0mPosY=0mHScale=1.0mVScale=1.0 align=UNDEFINE taskId=13 sim=#120 ty=1 fl=#1810580 fmt=-3 wanim=0x1030001 vsysui=0x1700 surfaceInsets=Rect(0, 0 - 0, 0) needsMenuKey=2packageName=com.nibiru.vr.playertoken=android.os.BinderProxy@61a7993}
I/DisplayPowerController(  466): Unblocked screen on after 186 ms
D/DisplayPowerController(  466): send timeout msg after 1500
D/DisplayPowerController(  466): send timeout msg after 1500
V/NibiruVR-SDK( 2451): Avg FPS: 23.424511 FPS: 2.0
D/SurfaceControl(  466): Excessive delay in setPowerMode(): 1623ms
D/DisplayPowerController(  466): send timeout msg after 1500
V/NibiruVR-SDK( 2451): Avg FPS: 60.940506 FPS: 27.0
V/NibiruVR-SDK( 2451): Avg FPS: 59.733047 FPS: 61.0
D/DisplayPowerController(  466): MSG_BUTTON_LIGHTS_TIME_OUT
E/Lights  (  466): write_int failed to open sys/class/leds/rk29_key_led/brightness
I/Lights  (  466): >>> Enter set_keyboard_light
E/wayne   (  466): keyCode:20 event:KeyEvent { action=ACTION_DOWN, keyCode=KEYCODE_DPAD_DOWN, scanCode=108, metaState=0, flags=0x8, repeatCount=0, eventTime=583110, downTime=583110, deviceId=4, source=0x101 }
E/wayne   (  466): keyCode:20 event:KeyEvent { action=ACTION_UP, keyCode=KEYCODE_DPAD_DOWN, scanCode=108, metaState=0, flags=0x8, repeatCount=0, eventTime=583110, downTime=583110, deviceId=4, source=0x101 }
D/onkeydown( 2451): dispatch:20
I/PhoneWindow( 2451): 20Key down: repeat=0 flags=0x8
I/PhoneWindow( 2451): 20Key up: repeat=0 flags=0x8
V/NibiruVR-SDK( 2451): Avg FPS: 61.35045 FPS: 60.0
E/wayne   (  466): keyCode:66 event:KeyEvent { action=ACTION_DOWN, keyCode=KEYCODE_ENTER, scanCode=28, metaState=0, flags=0x8, repeatCount=0, eventTime=583263, downTime=583263, deviceId=4, source=0x101 }
E/wayne   (  466): keyCode:66 event:KeyEvent { action=ACTION_UP, keyCode=KEYCODE_ENTER, scanCode=28, metaState=0, flags=0x8, repeatCount=0, eventTime=583263, downTime=583263, deviceId=4, source=0x101 }
D/onkeydown( 2451): dispatch:66
D/confirm ( 2451): :down
I/PhoneWindow( 2451): 66Key up: repeat=0 flags=0x8
V/NibiruVR-SDK( 2451): Avg FPS: 60.200676 FPS: 60.0
E/wayne   (  466): keyCode:66 event:KeyEvent { action=ACTION_DOWN, keyCode=KEYCODE_ENTER, scanCode=28, metaState=0, flags=0x8, repeatCount=0, eventTime=584270, downTime=584270, deviceId=4, source=0x101 }
E/wayne   (  466): keyCode:66 event:KeyEvent { action=ACTION_UP, keyCode=KEYCODE_ENTER, scanCode=28, metaState=0, flags=0x8, repeatCount=0, eventTime=584270, downTime=584270, deviceId=4, source=0x101 }
D/onkeydown( 2451): dispatch:66
D/confirm ( 2451): :down
D/RockFFPlayer(  163): seekTo(): timeUs = 100526000
D/RockFFPlayerBase(  163): dumpStatus(): Pause
D/RockFFPlayer(  163): enter enqueueMessage
D/RockFFPlayer(  163): enqueueMessage:****1
D/RockFFPlayer(  163): enqueueMessage:****2
D/RockFFPlayer(  163): enqueueMessage:****3
D/RockFFPlayer(  163): enqueueMessage:Message 1,set signal
D/RockFFPlayer(  163): deliverMessage
D/RockFFPlayer(  163): run : dequeueMessage Message 7
D/RockFFPlayer(  163): CMD_SEEK
D/RockFFPlayer(  163): doSeekto:timeUs=100526000,mDurationUs = 231659000
D/DecodeAudio(  163): pause:mState=5,already pause
D/RockFFPlayer(  163): run : dequeueMessage Message 7 OK
D/RockFFPlayer(  163): Messagecomplete type [7]
D/RockFFPlayer(  163): messageASyncCallback:status=0
D/RockFFPlayer(  163): run : Message 7 complete
D/RockFFPlayer(  163): seek now, need flush everything,mSeekTimeUs = 100526000
D/RockFFPlayer(  163): enter enqueueMessage
D/RockFFPlayer(  163): enqueueMessage:****1
D/RockFFPlayer(  163): enqueueMessage:****2
D/RockFFPlayer(  163): enqueueMessage:****3
D/RockFFPlayer(  163): enqueueMessage:Message 1,set signal
D/RockFFPlayer(  163): enqueueMessage:sync wait
D/RockFFPlayer(  163): deliverMessage
D/RockFFPlayer(  163): run : dequeueMessage Message 17
D/RockFFPlayer(  163): CMD_SEEKSTART
D/RockFFPlayer(  163): FFMPlayer::doBeforeSeek in
D/DecodeVideo(  163): pause:mState=5,already pause
D/DecodeAudio(  163): pause:mState=5,already pause
D/RockFFPlayer(  163): FFMPlayer::flushFfmpegAudioCodec in
D/RockFFPlayer(  163): doBeforeSeek:before avcodec_flush_buffers,0xb7e9b860
E/RockFFPlayer(  163): avcodec_flush_buffers: flush
D/RockFFPlayer(  163): FFMPlayer::flushFfmpegAudioCodec out
D/RockFFPlayer(  163): FFMPlayer::flushFfmpegVideoCodec in
D/RockFFPlayer(  163): FFMPlayer::flushFfmpegVideoCodec out
I/pv_hevcdec_api(  163): pv_rkhevcdecoder_flush out
I/PhoneWindow( 2451): 66Key up: repeat=0 flags=0x8
D/RockFFPlayer(  163): notify buffer percent 43, mFlags = 0x10
D/RockFFPlayer(  163): FFMPlayer::doBeforeSeek out
D/RockFFPlayer(  163): run : dequeueMessage Message 17 OK
D/RockFFPlayer(  163): Messagecomplete type [17]
D/RockFFPlayer(  163): run : Message 17 complete
D/RockFFPlayer(  163): enqueueMessage:sync wait ok
E/RockFFPlayer(  163): s->iformat->flags = 0 seek flags = 1
E/RockFFPlayer(  163): seek operation: timeus = 9047340,flags = 0x1,start_time = 0
D/RockFFPlayer(  163): readpacket:seek ok
D/RockFFPlayer(  163): enter enqueueMessage
D/RockFFPlayer(  163): enqueueMessage:****1
D/RockFFPlayer(  163): enqueueMessage:****2
D/RockFFPlayer(  163): enqueueMessage:****3
D/RockFFPlayer(  163): enqueueMessage:Message 1,set signal
D/RockFFPlayer(  163): enqueueMessage:sync wait
D/RockFFPlayer(  163): deliverMessage
D/RockFFPlayer(  163): run : dequeueMessage Message 18
D/RockFFPlayer(  163): CMD_SEEKFINISH
D/RockFFPlayer(  163): run : dequeueMessage Message 18 OK
D/RockFFPlayer(  163): Messagecomplete type [18]
D/RockFFPlayer(  163): enqueueMessage:sync wait ok
D/RockFFPlayer(  163): run : Message 18 complete
D/RockFFPlayer(  163): on finishSeekIfNecessary
D/RockFFPlayer(  163): finsh seek first enter
D/RockFFPlayerBase(  163): dumpStatus(): Pause
D/RockFFPlayer(  163): seeking or initial now ........
D/RockFFPlayer(  163): on finishSeekIfNecessary ok
D/RockFFPlayer(  163): RA:vSeekToUs=100223854,pts=4810745,start=0
E/wayne   (  466): keyCode:66 event:KeyEvent { action=ACTION_DOWN, keyCode=KEYCODE_ENTER, scanCode=28, metaState=0, flags=0x8, repeatCount=0, eventTime=584730, downTime=584730, deviceId=4, source=0x101 }
E/wayne   (  466): keyCode:66 event:KeyEvent { action=ACTION_UP, keyCode=KEYCODE_ENTER, scanCode=28, metaState=0, flags=0x8, repeatCount=0, eventTime=584730, downTime=584730, deviceId=4, source=0x101 }
D/onkeydown( 2451): dispatch:66
D/confirm ( 2451): :down
I/PhoneWindow( 2451): 66Key up: repeat=0 flags=0x8
E/wayne   (  466): keyCode:66 event:KeyEvent { action=ACTION_DOWN, keyCode=KEYCODE_ENTER, scanCode=28, metaState=0, flags=0x8, repeatCount=0, eventTime=584935, downTime=584935, deviceId=4, source=0x101 }
E/wayne   (  466): keyCode:66 event:KeyEvent { action=ACTION_UP, keyCode=KEYCODE_ENTER, scanCode=28, metaState=0, flags=0x8, repeatCount=0, eventTime=584935, downTime=584935, deviceId=4, source=0x101 }
D/onkeydown( 2451): dispatch:66
D/confirm ( 2451): :down
I/PhoneWindow( 2451): 66Key up: repeat=0 flags=0x8
V/NibiruVR-SDK( 2451): Avg FPS: 62.155624 FPS: 60.0
V/NibiruVR-SDK( 2451): Avg FPS: 58.946335 FPS: 60.0
E/wayne   (  466): keyCode:66 event:KeyEvent { action=ACTION_DOWN, keyCode=KEYCODE_ENTER, scanCode=28, metaState=0, flags=0x8, repeatCount=0, eventTime=586899, downTime=586899, deviceId=4, source=0x101 }
E/wayne   (  466): keyCode:66 event:KeyEvent { action=ACTION_UP, keyCode=KEYCODE_ENTER, scanCode=28, metaState=0, flags=0x8, repeatCount=0, eventTime=586899, downTime=586899, deviceId=4, source=0x101 }
D/onkeydown( 2451): dispatch:66
D/confirm ( 2451): :down
I/PhoneWindow( 2451): 66Key up: repeat=0 flags=0x8
E/wayne   (  466): keyCode:66 event:KeyEvent { action=ACTION_DOWN, keyCode=KEYCODE_ENTER, scanCode=28, metaState=0, flags=0x8, repeatCount=0, eventTime=587001, downTime=587001, deviceId=4, source=0x101 }
E/wayne   (  466): keyCode:66 event:KeyEvent { action=ACTION_UP, keyCode=KEYCODE_ENTER, scanCode=28, metaState=0, flags=0x8, repeatCount=0, eventTime=587001, downTime=587001, deviceId=4, source=0x101 }
D/onkeydown( 2451): dispatch:66
D/confirm ( 2451): :down
I/PhoneWindow( 2451): 66Key up: repeat=0 flags=0x8
E/wayne   (  466): keyCode:21 event:KeyEvent { action=ACTION_DOWN, keyCode=KEYCODE_DPAD_LEFT, scanCode=105, metaState=0, flags=0x8, repeatCount=0, eventTime=587103, downTime=587103, deviceId=4, source=0x101 }
E/wayne   (  466): keyCode:21 event:KeyEvent { action=ACTION_UP, keyCode=KEYCODE_DPAD_LEFT, scanCode=105, metaState=0, flags=0x8, repeatCount=0, eventTime=587103, downTime=587103, deviceId=4, source=0x101 }
D/onkeydown( 2451): dispatch:21
I/PhoneWindow( 2451): 21Key up: repeat=0 flags=0x8
V/NibiruVR-SDK( 2451): Avg FPS: 67.14971 FPS: 60.0
V/NibiruControllerService( 2478): retry check controller info[com.nibiru.vr.player]
V/NibiruControllerService( 2478): check controller information2[C]: AUK0BEJGC8|true|com.nibiru.vr.player|1|N0000|24|true|0
V/NibiruControllerService( 2478): retry check controller info[com.nibiru.vr.player]
V/NibiruVR-SDK( 2451): Avg FPS: 71.51175 FPS: 60.0
V/NibiruVR-SDK( 2451): Avg FPS: 56.369267 FPS: 60.0
E/wayne   (  466): keyCode:66 event:KeyEvent { action=ACTION_DOWN, keyCode=KEYCODE_ENTER, scanCode=28, metaState=0, flags=0x8, repeatCount=0, eventTime=589494, downTime=589494, deviceId=4, source=0x101 }
E/wayne   (  466): keyCode:66 event:KeyEvent { action=ACTION_UP, keyCode=KEYCODE_ENTER, scanCode=28, metaState=0, flags=0x8, repeatCount=0, eventTime=589494, downTime=589494, deviceId=4, source=0x101 }
D/onkeydown( 2451): dispatch:66
D/confirm ( 2451): :down
I/PhoneWindow( 2451): 66Key up: repeat=0 flags=0x8
V/NibiruVR-SDK( 2451): Avg FPS: 65.022385 FPS: 60.0
E/wayne   (  466): keyCode:66 event:KeyEvent { action=ACTION_DOWN, keyCode=KEYCODE_ENTER, scanCode=28, metaState=0, flags=0x8, repeatCount=0, eventTime=590468, downTime=590468, deviceId=4, source=0x101 }
E/wayne   (  466): keyCode:66 event:KeyEvent { action=ACTION_UP, keyCode=KEYCODE_ENTER, scanCode=28, metaState=0, flags=0x8, repeatCount=0, eventTime=590468, downTime=590468, deviceId=4, source=0x101 }
D/onkeydown( 2451): dispatch:66
D/confirm ( 2451): :down
I/PhoneWindow( 2451): 66Key up: repeat=0 flags=0x8
V/NibiruVR-SDK( 2451): Avg FPS: 60.883835 FPS: 60.0
V/NibiruVR-SDK( 2451): Avg FPS: 58.760406 FPS: 60.0
V/NibiruVR-SDK( 2451): Avg FPS: 64.26077 FPS: 61.0
V/NibiruVR-SDK( 2451): Avg FPS: 59.50757 FPS: 59.0
V/NibiruVR-SDK( 2451): Avg FPS: 55.32399 FPS: 61.0
V/NibiruVR-SDK( 2451): Avg FPS: 61.984184 FPS: 60.0
V/NibiruVR-SDK( 2451): Avg FPS: 61.528355 FPS: 60.0
E/wayne   (  466): keyCode:20 event:KeyEvent { action=ACTION_DOWN, keyCode=KEYCODE_DPAD_DOWN, scanCode=108, metaState=0, flags=0x8, repeatCount=0, eventTime=598086, downTime=598086, deviceId=4, source=0x101 }
E/wayne   (  466): keyCode:20 event:KeyEvent { action=ACTION_UP, keyCode=KEYCODE_DPAD_DOWN, scanCode=108, metaState=0, flags=0x8, repeatCount=0, eventTime=598086, downTime=598086, deviceId=4, source=0x101 }
D/onkeydown( 2451): dispatch:20
I/PhoneWindow( 2451): 20Key down: repeat=0 flags=0x8
I/PhoneWindow( 2451): 20Key up: repeat=0 flags=0x8
V/NibiruVR-SDK( 2451): Avg FPS: 64.40519 FPS: 59.0
E/wayne   (  466): keyCode:66 event:KeyEvent { action=ACTION_DOWN, keyCode=KEYCODE_ENTER, scanCode=28, metaState=0, flags=0x8, repeatCount=0, eventTime=598341, downTime=598341, deviceId=4, source=0x101 }
D/onkeydown( 2451): dispatch:66
D/confirm ( 2451): :down
E/wayne   (  466): keyCode:66 event:KeyEvent { action=ACTION_UP, keyCode=KEYCODE_ENTER, scanCode=28, metaState=0, flags=0x8, repeatCount=0, eventTime=598341, downTime=598341, deviceId=4, source=0x101 }
I/PhoneWindow( 2451): 66Key up: repeat=0 flags=0x8
V/NibiruVR-SDK( 2451): Avg FPS: 67.79411 FPS: 61.0
E/wayne   (  466): keyCode:66 event:KeyEvent { action=ACTION_DOWN, keyCode=KEYCODE_ENTER, scanCode=28, metaState=0, flags=0x8, repeatCount=0, eventTime=599315, downTime=599315, deviceId=4, source=0x101 }
E/wayne   (  466): keyCode:66 event:KeyEvent { action=ACTION_UP, keyCode=KEYCODE_ENTER, scanCode=28, metaState=0, flags=0x8, repeatCount=0, eventTime=599315, downTime=599315, deviceId=4, source=0x101 }
D/onkeydown( 2451): dispatch:66
D/confirm ( 2451): :down
I/PhoneWindow( 2451): 66Key up: repeat=0 flags=0x8
V/NibiruVR-SDK( 2451): Avg FPS: 64.57887 FPS: 60.0
E/wayne   (  466): keyCode:66 event:KeyEvent { action=ACTION_DOWN, keyCode=KEYCODE_ENTER, scanCode=28, metaState=0, flags=0x8, repeatCount=0, eventTime=600767, downTime=600767, deviceId=4, source=0x101 }
D/onkeydown( 2451): dispatch:66
D/confirm ( 2451): :down
E/wayne   (  466): keyCode:66 event:KeyEvent { action=ACTION_UP, keyCode=KEYCODE_ENTER, scanCode=28, metaState=0, flags=0x8, repeatCount=0, eventTime=600767, downTime=600767, deviceId=4, source=0x101 }
I/PhoneWindow( 2451): 66Key up: repeat=0 flags=0x8
V/NibiruVR-SDK( 2451): Avg FPS: 65.13445 FPS: 61.0
E/wayne   (  466): keyCode:66 event:KeyEvent { action=ACTION_DOWN, keyCode=KEYCODE_ENTER, scanCode=28, metaState=0, flags=0x8, repeatCount=0, eventTime=601587, downTime=601587, deviceId=4, source=0x101 }
E/wayne   (  466): keyCode:66 event:KeyEvent { action=ACTION_UP, keyCode=KEYCODE_ENTER, scanCode=28, metaState=0, flags=0x8, repeatCount=0, eventTime=601587, downTime=601587, deviceId=4, source=0x101 }
D/onkeydown( 2451): dispatch:66
D/confirm ( 2451): :down
I/PhoneWindow( 2451): 66Key up: repeat=0 flags=0x8
V/NibiruVR-SDK( 2451): Avg FPS: 59.3377 FPS: 59.0
V/NibiruVR-SDK( 2451): Avg FPS: 60.112366 FPS: 60.0
V/NibiruVR-SDK( 2451): Avg FPS: 61.2134 FPS: 60.0
V/NibiruVR-SDK( 2451): Avg FPS: 61.080803 FPS: 61.0
E/wayne   (  466): keyCode:22 event:KeyEvent { action=ACTION_DOWN, keyCode=KEYCODE_DPAD_RIGHT, scanCode=106, metaState=0, flags=0x8, repeatCount=0, eventTime=606200, downTime=606200, deviceId=4, source=0x101 }
E/wayne   (  466): keyCode:22 event:KeyEvent { action=ACTION_UP, keyCode=KEYCODE_DPAD_RIGHT, scanCode=106, metaState=0, flags=0x8, repeatCount=0, eventTime=606200, downTime=606200, deviceId=4, source=0x101 }
D/onkeydown( 2451): dispatch:22
I/PhoneWindow( 2451): 22Key up: repeat=0 flags=0x8
V/NibiruVR-SDK( 2451): Avg FPS: 58.572906 FPS: 59.0
E/wayne   (  466): keyCode:66 event:KeyEvent { action=ACTION_DOWN, keyCode=KEYCODE_ENTER, scanCode=28, metaState=0, flags=0x8, repeatCount=0, eventTime=606730, downTime=606730, deviceId=4, source=0x101 }
E/wayne   (  466): keyCode:66 event:KeyEvent { action=ACTION_UP, keyCode=KEYCODE_ENTER, scanCode=28, metaState=0, flags=0x8, repeatCount=0, eventTime=606730, downTime=606730, deviceId=4, source=0x101 }
D/onkeydown( 2451): dispatch:66
D/confirm ( 2451): :down
I/PhoneWindow( 2451): 66Key up: repeat=0 flags=0x8
E/wayne   (  466): keyCode:66 event:KeyEvent { action=ACTION_DOWN, keyCode=KEYCODE_ENTER, scanCode=28, metaState=0, flags=0x8, repeatCount=0, eventTime=606986, downTime=606986, deviceId=4, source=0x101 }
E/wayne   (  466): keyCode:66 event:KeyEvent { action=ACTION_UP, keyCode=KEYCODE_ENTER, scanCode=28, metaState=0, flags=0x8, repeatCount=0, eventTime=606986, downTime=606986, deviceId=4, source=0x101 }
D/onkeydown( 2451): dispatch:66
D/confirm ( 2451): :down
I/PhoneWindow( 2451): 66Key up: repeat=0 flags=0x8
V/NibiruVR-SDK( 2451): Avg FPS: 61.467026 FPS: 60.0
E/wayne   (  466): keyCode:66 event:KeyEvent { action=ACTION_DOWN, keyCode=KEYCODE_ENTER, scanCode=28, metaState=0, flags=0x8, repeatCount=0, eventTime=607618, downTime=607618, deviceId=4, source=0x101 }
E/wayne   (  466): keyCode:66 event:KeyEvent { action=ACTION_UP, keyCode=KEYCODE_ENTER, scanCode=28, metaState=0, flags=0x8, repeatCount=0, eventTime=607618, downTime=607618, deviceId=4, source=0x101 }
D/onkeydown( 2451): dispatch:66
D/confirm ( 2451): :down
I/PhoneWindow( 2451): 66Key up: repeat=0 flags=0x8
V/NibiruVR-SDK( 2451): Avg FPS: 60.605423 FPS: 61.0
E/wayne   (  466): keyCode:66 event:KeyEvent { action=ACTION_DOWN, keyCode=KEYCODE_ENTER, scanCode=28, metaState=0, flags=0x8, repeatCount=0, eventTime=609036, downTime=609036, deviceId=4, source=0x101 }
E/wayne   (  466): keyCode:66 event:KeyEvent { action=ACTION_UP, keyCode=KEYCODE_ENTER, scanCode=28, metaState=0, flags=0x8, repeatCount=0, eventTime=609037, downTime=609036, deviceId=4, source=0x101 }
D/onkeydown( 2451): dispatch:66
D/confirm ( 2451): :down
I/PhoneWindow( 2451): 66Key up: repeat=0 flags=0x8
V/NibiruVR-SDK( 2451): Avg FPS: 60.282166 FPS: 59.0
E/wayne   (  466): keyCode:66 event:KeyEvent { action=ACTION_DOWN, keyCode=KEYCODE_ENTER, scanCode=28, metaState=0, flags=0x8, repeatCount=0, eventTime=609720, downTime=609720, deviceId=4, source=0x101 }
E/wayne   (  466): keyCode:66 event:KeyEvent { action=ACTION_UP, keyCode=KEYCODE_ENTER, scanCode=28, metaState=0, flags=0x8, repeatCount=0, eventTime=609720, downTime=609720, deviceId=4, source=0x101 }
D/onkeydown( 2451): dispatch:66
D/confirm ( 2451): :down
I/PhoneWindow( 2451): 66Key up: repeat=0 flags=0x8
V/NibiruVR-SDK( 2451): Avg FPS: 60.43538 FPS: 60.0
V/NibiruVR-SDK( 2451): Avg FPS: 64.01343 FPS: 61.0
E/wayne   (  466): keyCode:66 event:KeyEvent { action=ACTION_DOWN, keyCode=KEYCODE_ENTER, scanCode=28, metaState=0, flags=0x8, repeatCount=0, eventTime=611566, downTime=611566, deviceId=4, source=0x101 }
E/wayne   (  466): keyCode:66 event:KeyEvent { action=ACTION_UP, keyCode=KEYCODE_ENTER, scanCode=28, metaState=0, flags=0x8, repeatCount=0, eventTime=611566, downTime=611566, deviceId=4, source=0x101 }
D/onkeydown( 2451): dispatch:66
D/confirm ( 2451): :down
I/PhoneWindow( 2451): 66Key up: repeat=0 flags=0x8
I/art     ( 2451): Background sticky concurrent mark sweep GC freed 9233(765KB) AllocSpace objects, 1(16KB) LOS objects, 3% free, 23MB/24MB, paused 38.009ms total 47.723ms
V/NibiruVR-SDK( 2451): Avg FPS: 67.52527 FPS: 57.0
E/wayne   (  466): keyCode:66 event:KeyEvent { action=ACTION_DOWN, keyCode=KEYCODE_ENTER, scanCode=28, metaState=0, flags=0x8, repeatCount=0, eventTime=612717, downTime=612717, deviceId=4, source=0x101 }
E/wayne   (  466): keyCode:66 event:KeyEvent { action=ACTION_UP, keyCode=KEYCODE_ENTER, scanCode=28, metaState=0, flags=0x8, repeatCount=0, eventTime=612717, downTime=612717, deviceId=4, source=0x101 }
D/onkeydown( 2451): dispatch:66
D/confirm ( 2451): :down
I/PhoneWindow( 2451): 66Key up: repeat=0 flags=0x8
V/NibiruVR-SDK( 2451): Avg FPS: 62.67302 FPS: 60.0
V/NibiruVR-SDK( 2451): Avg FPS: 65.08685 FPS: 61.0
V/NibiruVR-SDK( 2451): Avg FPS: 62.954624 FPS: 59.0
V/NibiruVR-SDK( 2451): Avg FPS: 60.713493 FPS: 61.0
V/NibiruVR-SDK( 2451): Avg FPS: 64.22967 FPS: 60.0
V/NibiruVR-SDK( 2451): Avg FPS: 56.650185 FPS: 60.0
V/NibiruVR-SDK( 2451): Avg FPS: 62.20248 FPS: 60.0
V/NibiruVR-SDK( 2451): Avg FPS: 63.72347 FPS: 60.0
V/NibiruVR-SDK( 2451): Avg FPS: 66.62336 FPS: 60.0
V/NibiruVR-SDK( 2451): Avg FPS: 62.383625 FPS: 61.0
V/NibiruVR-SDK( 2451): Avg FPS: 60.365158 FPS: 59.0
V/NibiruVR-SDK( 2451): Avg FPS: 59.84433 FPS: 61.0
E/wayne   (  466): keyCode:66 event:KeyEvent { action=ACTION_DOWN, keyCode=KEYCODE_ENTER, scanCode=28, metaState=0, flags=0x8, repeatCount=0, eventTime=624657, downTime=624657, deviceId=4, source=0x101 }
E/wayne   (  466): keyCode:66 event:KeyEvent { action=ACTION_UP, keyCode=KEYCODE_ENTER, scanCode=28, metaState=0, flags=0x8, repeatCount=0, eventTime=624657, downTime=624657, deviceId=4, source=0x101 }
D/onkeydown( 2451): dispatch:66
D/confirm ( 2451): :down
I/PhoneWindow( 2451): 66Key up: repeat=0 flags=0x8
V/NibiruVR-SDK( 2451): Avg FPS: 57.694458 FPS: 61.0
V/NibiruVR-SDK( 2451): Avg FPS: 63.42038 FPS: 60.0
E/wayne   (  466): keyCode:66 event:KeyEvent { action=ACTION_DOWN, keyCode=KEYCODE_ENTER, scanCode=28, metaState=0, flags=0x8, repeatCount=0, eventTime=626829, downTime=626829, deviceId=4, source=0x101 }
E/wayne   (  466): keyCode:66 event:KeyEvent { action=ACTION_UP, keyCode=KEYCODE_ENTER, scanCode=28, metaState=0, flags=0x8, repeatCount=0, eventTime=626829, downTime=626829, deviceId=4, source=0x101 }
D/onkeydown( 2451): dispatch:66
D/confirm ( 2451): :down
I/PhoneWindow( 2451): 66Key up: repeat=0 flags=0x8
V/NibiruVR-SDK( 2451): Avg FPS: 58.746403 FPS: 59.0
V/NibiruVR-SDK( 2451): Avg FPS: 61.439667 FPS: 59.0
E/wayne   (  466): keyCode:66 event:KeyEvent { action=ACTION_DOWN, keyCode=KEYCODE_ENTER, scanCode=28, metaState=0, flags=0x8, repeatCount=0, eventTime=628538, downTime=628538, deviceId=4, source=0x101 }
E/wayne   (  466): keyCode:66 event:KeyEvent { action=ACTION_UP, keyCode=KEYCODE_ENTER, scanCode=28, metaState=0, flags=0x8, repeatCount=0, eventTime=628538, downTime=628538, deviceId=4, source=0x101 }
D/onkeydown( 2451): dispatch:66
D/confirm ( 2451): :down
I/PhoneWindow( 2451): 66Key up: repeat=0 flags=0x8
V/NibiruVR-SDK( 2451): Avg FPS: 64.1955 FPS: 61.0
V/NibiruVR-SDK( 2451): Avg FPS: 63.11149 FPS: 61.0
E/wayne   (  466): keyCode:66 event:KeyEvent { action=ACTION_DOWN, keyCode=KEYCODE_ENTER, scanCode=28, metaState=0, flags=0x8, repeatCount=0, eventTime=630864, downTime=630864, deviceId=4, source=0x101 }
E/wayne   (  466): keyCode:66 event:KeyEvent { action=ACTION_UP, keyCode=KEYCODE_ENTER, scanCode=28, metaState=0, flags=0x8, repeatCount=0, eventTime=630864, downTime=630864, deviceId=4, source=0x101 }
D/onkeydown( 2451): dispatch:66
D/confirm ( 2451): :down
I/PhoneWindow( 2451): 66Key up: repeat=0 flags=0x8
V/NibiruVR-SDK( 2451): Avg FPS: 59.379433 FPS: 60.0
V/NibiruVR-SDK( 2451): Avg FPS: 63.356155 FPS: 59.0
V/NibiruVR-SDK( 2451): Avg FPS: 57.243916 FPS: 60.0
V/NibiruVR-SDK( 2451): Avg FPS: 60.176582 FPS: 61.0
V/NibiruVR-SDK( 2451): Avg FPS: 58.46028 FPS: 59.0
V/NibiruVR-SDK( 2451): Avg FPS: 62.867294 FPS: 61.0
V/NibiruVR-SDK( 2451): Avg FPS: 59.077118 FPS: 60.0
E/wayne   (  466): keyCode:66 event:KeyEvent { action=ACTION_DOWN, keyCode=KEYCODE_ENTER, scanCode=28, metaState=0, flags=0x8, repeatCount=0, eventTime=637874, downTime=637874, deviceId=4, source=0x101 }
E/wayne   (  466): keyCode:66 event:KeyEvent { action=ACTION_UP, keyCode=KEYCODE_ENTER, scanCode=28, metaState=0, flags=0x8, repeatCount=0, eventTime=637874, downTime=637874, deviceId=4, source=0x101 }
D/onkeydown( 2451): dispatch:66
D/confirm ( 2451): :down
I/PhoneWindow( 2451): 66Key up: repeat=0 flags=0x8
E/wayne   (  466): keyCode:66 event:KeyEvent { action=ACTION_DOWN, keyCode=KEYCODE_ENTER, scanCode=28, metaState=0, flags=0x8, repeatCount=0, eventTime=638182, downTime=638182, deviceId=4, source=0x101 }
E/wayne   (  466): keyCode:66 event:KeyEvent { action=ACTION_UP, keyCode=KEYCODE_ENTER, scanCode=28, metaState=0, flags=0x8, repeatCount=0, eventTime=638182, downTime=638182, deviceId=4, source=0x101 }
D/onkeydown( 2451): dispatch:66
D/confirm ( 2451): :down
I/PhoneWindow( 2451): 66Key up: repeat=0 flags=0x8
V/NibiruVR-SDK( 2451): Avg FPS: 45.727543 FPS: 59.0
V/NibiruVR-SDK( 2451): Avg FPS: 60.443455 FPS: 61.0
V/NibiruVR-SDK( 2451): Avg FPS: 58.730766 FPS: 60.0
V/NibiruVR-SDK( 2451): Avg FPS: 61.69805 FPS: 60.0
E/wayne   (  466): keyCode:66 event:KeyEvent { action=ACTION_DOWN, keyCode=KEYCODE_ENTER, scanCode=28, metaState=0, flags=0x8, repeatCount=0, eventTime=641295, downTime=641295, deviceId=4, source=0x101 }
E/wayne   (  466): keyCode:66 event:KeyEvent { action=ACTION_UP, keyCode=KEYCODE_ENTER, scanCode=28, metaState=0, flags=0x8, repeatCount=0, eventTime=641295, downTime=641295, deviceId=4, source=0x101 }
D/onkeydown( 2451): dispatch:66
D/confirm ( 2451): :down
I/PhoneWindow( 2451): 66Key up: repeat=0 flags=0x8
V/PhoneWindowManager(  466): truehungUp=false, mScreenshotChordVolumeDownKeyTriggered=false, mScreenshotChordVolumeDownKeyTriggered=false
D/PhoneWindowManager(  466): interceptPowerKeyDown =================  =======
D/PhoneWindowManager(  466): cancelPendingPowerKeyAction =================  =======
E/WifiStateMachine(  466): ACTION_SCREEN_OFF...
E/WifiStateMachine(  466): cancelDelayedScan -> 44
D/WifiStateMachine(  466): backgroundScan enabled=false startBackgroundScanIfNeeded:false
E/WifiStateMachine(  466): handleScreenStateChanged Exit: false
E/WifiStateMachine(  466): setSuspendOptimizations: 4 true
E/WifiStateMachine(  466): mSuspendOptNeedsDisabled 0
D/mali_winsys(  466): EGLint new_window_surface(egl_winsys_display*, void*, EGLSurface, EGLConfig, egl_winsys_surface**, egl_color_buffer_format*, EGLBoolean) returns 0x3000
V/NibiruVR-SDK( 2451): Avg FPS: 41.38437 FPS: 57.0
D/DisplayPowerController(  466): screen off, so turn off btn && keyboard lights
I/DisplayManagerService(  466): Display device changed: DisplayDeviceInfo{"ÂÜÖÁΩÆÂ±èÂπï": uniqueId="local:0", 2560 x 1440, 60.387 fps, supportedRefreshRates [60.387], density 480, 401.0 x 401.0 dpi, appVsyncOff 0, presDeadline 17559855, touch INTERNAL, rotation 0, type BUILT_IN, state OFF, FLAG_DEFAULT_DISPLAY, FLAG_ROTATES_WITH_CONTENT, FLAG_SECURE, FLAG_SUPPORTS_PROTECTED_BUFFERS}
V/ActivityStackSupervisor(  466): Display changed displayId=0
D/SurfaceFlinger(  157): Set power mode=0, type=0 flinger=0xb7114550
I/hwcomposer(  157): hwc_blank dpy[0],blank[1]
I/DisplayPowerController(  466): Blocking screen on until initial contents have been drawn.
D/DisplayPowerController(  466): button lights toggle
E/Lights  (  466): write_int failed to open sys/class/leds/rk29_key_led/brightness
I/Lights  (  466): >>> Enter set_keyboard_light
D/DisplayPowerController(  466): send timeout msg after 1500
D/DisplayPowerController(  466): send timeout msg after 1500
D/SurfaceControl(  466): Excessive delay in setPowerMode(): 421ms
E/RKPowerHAL(  466): Error opening /sys/devices/system/cpu/cpufreq/interactive/input_boost: No such file or directory
E/RKPowerHAL(  466): Error opening /sys/devices/system/cpu/cpu7/online: No such file or directory
E/RKPowerHAL(  466): Error opening /sys/devices/system/cpu/cpu6/online: No such file or directory
E/RKPowerHAL(  466): Error opening /sys/devices/system/cpu/cpu5/online: No such file or directory
E/RKPowerHAL(  466): Error opening /sys/devices/system/cpu/cpu4/online: No such file or directory
E/RKPowerHAL(  466): Error opening /sys/devices/system/cpu/cpu3/online: Permission denied
E/RKPowerHAL(  466): Error opening /sys/devices/system/cpu/cpu2/online: Permission denied
E/RKPowerHAL(  466): Error opening /sys/devices/system/cpu/cpufreq/interactive/input_boost: No such file or directory
E/RKPowerHAL(  466): Error opening /sys/devices/system/cpu/cpu7/online: No such file or directory
E/RKPowerHAL(  466): Error opening /sys/devices/system/cpu/cpu6/online: No such file or directory
E/RKPowerHAL(  466): Error opening /sys/devices/system/cpu/cpu5/online: No such file or directory
E/RKPowerHAL(  466): Error opening /sys/devices/system/cpu/cpu4/online: No such file or directory
E/RKPowerHAL(  466): Error opening /sys/devices/system/cpu/cpu3/online: Permission denied
E/RKPowerHAL(  466): Error opening /sys/devices/system/cpu/cpu2/online: Permission denied
D/SurfaceFlinger(  157): Set power mode=2, type=0 flinger=0xb7114550
I/hwcomposer(  157): hwc_blank dpy[0],blank[0]
W/art     (  466): Long monitor contention event with owner method=void com.android.server.am.ActivityManagerService.onWakefulnessChanged(int) from ActivityManagerService.java:10234 waiters=0 for 394ms
D/ActivityManagerService(  466): awakeFromSleepingLocked: previously pausing activity didn't pause
I/DisplayPowerController(  466): Unblocked screen on after 426 ms
I/DisplayManagerService(  466): Display device changed: DisplayDeviceInfo{"ÂÜÖÁΩÆÂ±èÂπï": uniqueId="local:0", 2560 x 1440, 60.387 fps, supportedRefreshRates [60.387], density 480, 401.0 x 401.0 dpi, appVsyncOff 0, presDeadline 17559855, touch INTERNAL, rotation 0, type BUILT_IN, state ON, FLAG_DEFAULT_DISPLAY, FLAG_ROTATES_WITH_CONTENT, FLAG_SECURE, FLAG_SUPPORTS_PROTECTED_BUFFERS}
V/KeyguardServiceDelegate(  466): onScreenTurnedOn(showListener = com.android.internal.policy.impl.PhoneWindowManager$2@28e35507)
E/WifiStateMachine(  466): ACTION_SCREEN_ON...
E/WifiStateMachine(  466): cancelDelayedScan -> 45
E/WifiStateMachine(  466): wifi network checker is off.
D/WifiStateMachine(  466): backgroundScan enabled=false startBackgroundScanIfNeeded:false
E/WifiStateMachine(  466): handleScreenStateChanged Exit: true
E/WifiStateMachine(  466): setSuspendOptimizations: 4 false
V/ActivityStackSupervisor(  466): Display changed displayId=0
E/WifiStateMachine(  466): mSuspendOptNeedsDisabled 4
D/nibiru  ( 1353): onReceive->android.intent.action.USER_PRESENT
W/ContextImpl( 1353): Calling a method in the system process without a qualified user: android.app.ContextImpl.startService:1709 android.content.ContextWrapper.startService:516 android.content.ContextWrapper.startService:516 com.nibiru.vrconfig.VRReceiver.onReceive:33 android.app.ActivityThread.handleReceiver:2629
V/NibiruVR-SDK( 2451): Avg FPS: 31.766298 FPS: 16.0
V/KeyguardServiceDelegate(  466): **** SHOWN CALLED ****
V/NibiruVR-SDK( 2451): Avg FPS: 0.0 FPS: 0.0
D/SurfaceControl(  466): Excessive delay in setPowerMode(): 1630ms
D/DisplayPowerController(  466): send timeout msg after 1500
I/Choreographer(  466): Skipped 97 frames!  The application may be doing too much work on its main thread.
D/DisplayPowerController(  466): send timeout msg after 1500
D/DisplayPowerController(  466): send timeout msg after 1500
W/art     ( 2451): Native thread exiting without having called DetachCurrentThread (maybe it's going to use a pthread_key_create destructor?): Thread[30,tid=3441,Native,Thread*=0xb7c30760,peer=0x32f6c0a0,"Thread-303"]
V/NibiruVR-SDK( 2451): VR SDK stop collection
I/Choreographer( 2451): Skipped 99 frames!  The application may be doing too much work on its main thread.
D/ViewRootImpl( 2451): 2560<<<<<< BACK FROM relayoutWM.LayoutParams{(0,0)(fillxfill)mPosX=0mPosY=0mHScale=1.0mVScale=1.0 align=UNDEFINE taskId=13 sim=#120 ty=1 fl=#1810500 fmt=-3 wanim=0x1030001 vsysui=0x1700 surfaceInsets=Rect(0, 0 - 0, 0) needsMenuKey=2packageName=com.nibiru.vr.playertoken=android.os.BinderProxy@61a7993}
D/mali_winsys( 2451): EGLint new_window_surface(egl_winsys_display*, void*, EGLSurface, EGLConfig, egl_winsys_surface**, egl_color_buffer_format*, EGLBoolean) returns 0x3000
V/nibiru-device( 2451): device count: 0:0:true
V/nibiru-device( 2451): device count: 0:0:true
D/HeadMountedDisplayManager( 2451): Cardboard screen parameters file not found: java.io.FileNotFoundException: /storage/emulated/0/Cardboard/phone_params: open failed: ENOENT (No such file or directory)
V/NibiruVR-SDK( 2451): VR SDK start collection
D/HeadMountedDisplayManager( 2451): Cardboard screen parameters file not found: java.io.FileNotFoundException: /storage/emulated/0/Cardboard/phone_params: open failed: ENOENT (No such file or directory)
D/ViewRootImpl( 2451): 2560<<<<<< BACK FROM relayoutWM.LayoutParams{(0,0)(fillxfill)mPosX=0mPosY=0mHScale=1.0mVScale=1.0 align=UNDEFINE taskId=13 sim=#120 ty=1 fl=#1810580 fmt=-3 wanim=0x1030001 vsysui=0x1700 surfaceInsets=Rect(0, 0 - 0, 0) needsMenuKey=2packageName=com.nibiru.vr.playertoken=android.os.BinderProxy@61a7993}
V/NibiruVR-SDK( 2451): Avg FPS: 58.192894 FPS: 35.0
D/DisplayPowerController(  466): MSG_BUTTON_LIGHTS_TIME_OUT
E/Lights  (  466): write_int failed to open sys/class/leds/rk29_key_led/brightness
I/Lights  (  466): >>> Enter set_keyboard_light
E/wayne   (  466): keyCode:66 event:KeyEvent { action=ACTION_DOWN, keyCode=KEYCODE_ENTER, scanCode=28, metaState=0, flags=0x8, repeatCount=0, eventTime=646526, downTime=646526, deviceId=4, source=0x101 }
E/wayne   (  466): keyCode:66 event:KeyEvent { action=ACTION_UP, keyCode=KEYCODE_ENTER, scanCode=28, metaState=0, flags=0x8, repeatCount=0, eventTime=646526, downTime=646526, deviceId=4, source=0x101 }
D/onkeydown( 2451): dispatch:66
D/confirm ( 2451): :down
I/PhoneWindow( 2451): 66Key up: repeat=0 flags=0x8
V/NibiruVR-SDK( 2451): Avg FPS: 59.342163 FPS: 59.0
V/NibiruVR-SDK( 2451): Avg FPS: 61.29507 FPS: 60.0
V/NibiruVR-SDK( 2451): Avg FPS: 69.09585 FPS: 59.0
V/NibiruVR-SDK( 2451): Avg FPS: 57.588303 FPS: 60.0
E/wayne   (  466): keyCode:66 event:KeyEvent { action=ACTION_DOWN, keyCode=KEYCODE_ENTER, scanCode=28, metaState=0, flags=0x8, repeatCount=0, eventTime=650133, downTime=650133, deviceId=4, source=0x101 }
E/wayne   (  466): keyCode:66 event:KeyEvent { action=ACTION_UP, keyCode=KEYCODE_ENTER, scanCode=28, metaState=0, flags=0x8, repeatCount=0, eventTime=650133, downTime=650133, deviceId=4, source=0x101 }
D/onkeydown( 2451): dispatch:66
D/confirm ( 2451): :down
D/RockFFPlayer(  163): seekTo(): timeUs = 10516000
D/RockFFPlayerBase(  163): dumpStatus(): Pause
D/RockFFPlayer(  163): enter enqueueMessage
D/RockFFPlayer(  163): enqueueMessage:****1
D/RockFFPlayer(  163): enqueueMessage:****2
D/RockFFPlayer(  163): enqueueMessage:****3
D/RockFFPlayer(  163): enqueueMessage:Message 1,set signal
D/RockFFPlayer(  163): deliverMessage
D/RockFFPlayer(  163): run : dequeueMessage Message 7
D/RockFFPlayer(  163): CMD_SEEK
D/RockFFPlayer(  163): doSeekto:timeUs=10516000,mDurationUs = 231659000
D/DecodeAudio(  163): pause:mState=5,already pause
D/RockFFPlayer(  163): run : dequeueMessage Message 7 OK
D/RockFFPlayer(  163): Messagecomplete type [7]
D/RockFFPlayer(  163): messageASyncCallback:status=0
D/RockFFPlayer(  163): run : Message 7 complete
D/RockFFPlayer(  163): seek now, need flush everything,mSeekTimeUs = 10516000
D/RockFFPlayer(  163): enter enqueueMessage
D/RockFFPlayer(  163): enqueueMessage:****1
D/RockFFPlayer(  163): enqueueMessage:****2
D/RockFFPlayer(  163): enqueueMessage:****3
D/RockFFPlayer(  163): enqueueMessage:Message 1,set signal
D/RockFFPlayer(  163): enqueueMessage:sync wait
D/RockFFPlayer(  163): deliverMessage
D/RockFFPlayer(  163): run : dequeueMessage Message 17
D/RockFFPlayer(  163): CMD_SEEKSTART
D/RockFFPlayer(  163): FFMPlayer::doBeforeSeek in
D/DecodeVideo(  163): pause:mState=5,already pause
D/DecodeAudio(  163): pause:mState=5,already pause
D/RockFFPlayer(  163): FFMPlayer::flushFfmpegAudioCodec in
D/RockFFPlayer(  163): doBeforeSeek:before avcodec_flush_buffers,0xb7e9b860
E/RockFFPlayer(  163): avcodec_flush_buffers: flush
I/PhoneWindow( 2451): 66Key up: repeat=0 flags=0x8
D/RockFFPlayer(  163): FFMPlayer::flushFfmpegAudioCodec out
D/RockFFPlayer(  163): FFMPlayer::flushFfmpegVideoCodec in
D/RockFFPlayer(  163): FFMPlayer::flushFfmpegVideoCodec out
I/pv_hevcdec_api(  163): pv_rkhevcdecoder_flush out
D/RockFFPlayer(  163): notify buffer percent 4, mFlags = 0x14
D/RockFFPlayer(  163): FFMPlayer::doBeforeSeek out
D/RockFFPlayer(  163): run : dequeueMessage Message 17 OK
D/RockFFPlayer(  163): Messagecomplete type [17]
D/RockFFPlayer(  163): run : Message 17 complete
D/RockFFPlayer(  163): enqueueMessage:sync wait ok
E/RockFFPlayer(  163): s->iformat->flags = 0 seek flags = 1
E/RockFFPlayer(  163): seek operation: timeus = 946440,flags = 0x1,start_time = 0
D/RockFFPlayer(  163): readpacket:seek ok
D/RockFFPlayer(  163): enter enqueueMessage
D/RockFFPlayer(  163): enqueueMessage:****1
D/RockFFPlayer(  163): enqueueMessage:****2
D/RockFFPlayer(  163): enqueueMessage:****3
D/RockFFPlayer(  163): enqueueMessage:Message 1,set signal
D/RockFFPlayer(  163): enqueueMessage:sync wait
D/RockFFPlayer(  163): deliverMessage
D/RockFFPlayer(  163): run : dequeueMessage Message 18
D/RockFFPlayer(  163): CMD_SEEKFINISH
D/RockFFPlayer(  163): run : dequeueMessage Message 18 OK
D/RockFFPlayer(  163): Messagecomplete type [18]
D/RockFFPlayer(  163): run : Message 18 complete
D/RockFFPlayer(  163): enqueueMessage:sync wait ok
D/RockFFPlayer(  163): on finishSeekIfNecessary
D/RockFFPlayer(  163): finsh seek first enter
D/RockFFPlayerBase(  163): dumpStatus(): Pause
D/RockFFPlayer(  163): seeking or initial now ........
D/RockFFPlayer(  163): on finishSeekIfNecessary ok
D/RockFFPlayer(  163): RA:vSeekToUs=10261312,pts=492543,start=0
V/NibiruVR-SDK( 2451): Avg FPS: 60.411324 FPS: 60.0
E/wayne   (  466): keyCode:66 event:KeyEvent { action=ACTION_DOWN, keyCode=KEYCODE_ENTER, scanCode=28, metaState=0, flags=0x8, repeatCount=0, eventTime=650901, downTime=650901, deviceId=4, source=0x101 }
E/wayne   (  466): keyCode:66 event:KeyEvent { action=ACTION_UP, keyCode=KEYCODE_ENTER, scanCode=28, metaState=0, flags=0x8, repeatCount=0, eventTime=650901, downTime=650901, deviceId=4, source=0x101 }
D/onkeydown( 2451): dispatch:66
D/confirm ( 2451): :down
D/RockFFPlayer(  163): seekTo(): timeUs = 10957000
D/RockFFPlayerBase(  163): dumpStatus(): Pause
D/RockFFPlayer(  163): doSeekto return, currentTime = 10516000, timeUs = 10957000
I/PhoneWindow( 2451): 66Key up: repeat=0 flags=0x8
V/NibiruVR-SDK( 2451): Avg FPS: 56.02881 FPS: 60.0
V/NibiruVR-SDK( 2451): Avg FPS: 62.049282 FPS: 61.0
E/wayne   (  466): keyCode:66 event:KeyEvent { action=ACTION_DOWN, keyCode=KEYCODE_ENTER, scanCode=28, metaState=0, flags=0x8, repeatCount=0, eventTime=653073, downTime=653073, deviceId=4, source=0x101 }
E/wayne   (  466): keyCode:66 event:KeyEvent { action=ACTION_UP, keyCode=KEYCODE_ENTER, scanCode=28, metaState=0, flags=0x8, repeatCount=0, eventTime=653073, downTime=653073, deviceId=4, source=0x101 }
D/onkeydown( 2451): dispatch:66
D/confirm ( 2451): :down
D/RockFFPlayer(  163): setLooping(): loop = 0
D/RockFFPlayer(  163): setLooping(): loop = 0
D/RockFFPlayer(  163): start()**************
D/RockFFPlayerBase(  163): dumpStatus(): Pause
E/RockFFPlayer(  163): resume*****
D/RockFFPlayer(  163): enter enqueueMessage
