Microsoft Windows [∞Ê±æ 6.1.7601]
∞Ê»®À˘”– (c) 2009 Microsoft Corporation°£±£¡ÙÀ˘”–»®¿˚°£

C:\Users\Administrator>adb logcat -c
* daemon not running. starting it now on port 5037 *
* daemon started successfully *

C:\Users\Administrator>adb logcat
^C
C:\Users\Administrator>adb shell
shell@rk3288:/ $ logcat
logcat
^C
C:\Users\Administrator>adb logcat
--------- beginning of system
D/UsbDeviceManager(  452): Usb state is false false false
--------- beginning of main
D/Tethering(  452): UsbManager.ACTION_USB_STATE: false, false, false
D/xzj     (  555): false---------------------------ooooooooooo,stop mtp service---------------true
I/InputReader(  452): Detected input event buffer overrun for device rk29-keypad.
I/InputReader(  452): Dropping key up from device rk29-keypad because the key was not down.  keyCode=224, scanCode=143
I/InputReader(  452): Detected input event buffer overrun for device rk29-keypad.
I/InputReader(  452): Dropping key up from device rk29-keypad because the key was not down.  keyCode=224, scanCode=143
I/BatteryStatsImpl(  452): Resetting battery stats: level=92 status=2 dischargeLevel=92 lowAmount=2 highAmount=3
E/Lights  (  452): write_int failed to open sys/class/leds/battery_led/brightness
E/Lights  (  452): write_int failed to open sys/class/leds/battery_led/brightness
I/EntropyMixer(  452): Writing entropy...
I/ValidateNoPeople(  452): skipping global notification
D/UsbDeviceManager(  452): Usb state is true false false
I/ValidateNoPeople(  452): skipping global notification
D/Tethering(  452): UsbManager.ACTION_USB_STATE: true, false, false
D/xzj     (  555): false---------------------------ooooooooooo,stop mtp service---------------true
D/UsbDeviceManager(  452): Usb state is true true false
D/Tethering(  452): UsbManager.ACTION_USB_STATE: true, false, false
D/xzj     (  555): true---------------------------ooooooooooo,stop mtp service---------------true
D/MtpService(  555): updating state; isCurrentUser=true, mMtpLocked=false
D/MtpService(  555): addStorageLocked 65537 /storage/emulated/0
D/MtpService(  555): updating state; isCurrentUser=true, mMtpLocked=false
D/MtpService(  555): starting MTP server in MTP mode
D/MtpService(  555): addStorageLocked 65537 /storage/emulated/0

C:\Users\Administrator>adb logcat
--------- beginning of system
D/UsbDeviceManager(  452): Usb state is false false false
--------- beginning of main
D/Tethering(  452): UsbManager.ACTION_USB_STATE: false, false, false
D/xzj     (  555): false---------------------------ooooooooooo,stop mtp service---------------true
I/InputReader(  452): Detected input event buffer overrun for device rk29-keypad.
I/InputReader(  452): Dropping key up from device rk29-keypad because the key was not down.  keyCode=224, scanCode=143
I/InputReader(  452): Detected input event buffer overrun for device rk29-keypad.
I/InputReader(  452): Dropping key up from device rk29-keypad because the key was not down.  keyCode=224, scanCode=143
I/BatteryStatsImpl(  452): Resetting battery stats: level=92 status=2 dischargeLevel=92 lowAmount=2 highAmount=3
E/Lights  (  452): write_int failed to open sys/class/leds/battery_led/brightness
E/Lights  (  452): write_int failed to open sys/class/leds/battery_led/brightness
I/EntropyMixer(  452): Writing entropy...
I/ValidateNoPeople(  452): skipping global notification
D/UsbDeviceManager(  452): Usb state is true false false
I/ValidateNoPeople(  452): skipping global notification
D/Tethering(  452): UsbManager.ACTION_USB_STATE: true, false, false
D/xzj     (  555): false---------------------------ooooooooooo,stop mtp service---------------true
D/UsbDeviceManager(  452): Usb state is true true false
D/Tethering(  452): UsbManager.ACTION_USB_STATE: true, false, false
D/xzj     (  555): true---------------------------ooooooooooo,stop mtp service---------------true
D/MtpService(  555): updating state; isCurrentUser=true, mMtpLocked=false
D/MtpService(  555): addStorageLocked 65537 /storage/emulated/0
D/MtpService(  555): updating state; isCurrentUser=true, mMtpLocked=false
D/MtpService(  555): starting MTP server in MTP mode
D/MtpService(  555): addStorageLocked 65537 /storage/emulated/0
D/UsbDeviceManager(  452): Usb state is false false false
D/Tethering(  452): UsbManager.ACTION_USB_STATE: false, false, false
D/xzj     (  555): false---------------------------ooooooooooo,stop mtp service---------------true
I/InputReader(  452): Detected input event buffer overrun for device rk29-keypad.
I/InputReader(  452): Detected input event buffer overrun for device rk29-keypad.
I/InputReader(  452): Dropping key up from device rk29-keypad because the key was not down.  keyCode=224, scanCode=143
I/BatteryStatsImpl(  452): Resetting battery stats: level=92 status=2 dischargeLevel=92 lowAmount=0 highAmount=0
E/Lights  (  452): write_int failed to open sys/class/leds/battery_led/brightness
V/NibiruControllerService( 1485): retry check controller info[com.nibiru.tcl.vrphotogallery]
V/NibiruControllerService( 1485): check controller information2[C]: AUK0BO0MUP|true|com.nibiru.tcl.vrphotogallery|1|N0000|22|true|0
V/MsgStatisic( 1485): GET GID FAILED
V/NibiruControllerService( 1485): check controller info[checkmsg:1com.nibiru.tcl.vrphotogallery]: failed
E/Lights  (  452): write_int failed to open sys/class/leds/battery_led/brightness
I/EntropyMixer(  452): Writing entropy...
I/ValidateNoPeople(  452): skipping global notification
D/UsbDeviceManager(  452): Usb state is true false false
I/ValidateNoPeople(  452): skipping global notification
D/Tethering(  452): UsbManager.ACTION_USB_STATE: true, false, false
D/xzj     (  555): false---------------------------ooooooooooo,stop mtp service---------------true
D/UsbDeviceManager(  452): Usb state is true true false
D/Tethering(  452): UsbManager.ACTION_USB_STATE: true, false, false
D/xzj     (  555): true---------------------------ooooooooooo,stop mtp service---------------true
D/MtpService(  555): updating state; isCurrentUser=true, mMtpLocked=false
D/MtpService(  555): addStorageLocked 65537 /storage/emulated/0
D/MtpService(  555): updating state; isCurrentUser=true, mMtpLocked=false
D/MtpService(  555): starting MTP server in MTP mode
D/MtpService(  555): addStorageLocked 65537 /storage/emulated/0
E/wayne   (  452): keyCode:20 event:KeyEvent { action=ACTION_DOWN, keyCode=KEYCODE_DPAD_DOWN, scanCode=108, metaState=0, flags=0x8, repeatCount=0, eventTime=740218, downTime=740218, deviceId=4, source=0x101 }
E/wayne   (  452): keyCode:20 event:KeyEvent { action=ACTION_UP, keyCode=KEYCODE_DPAD_DOWN, scanCode=108, metaState=0, flags=0x8, repeatCount=0, eventTime=740218, downTime=740218, deviceId=4, source=0x101 }
I/PhoneWindow(  841): 20Key down: repeat=0 flags=0x8
I/PhoneWindow(  841): 20Key up: repeat=0 flags=0x8
V/NibiruControllerService( 2477): retry check controller info[com.nibiru.vr.media.pptv]
V/NibiruControllerService( 2477): check controller information2[C]: AUK0BO0MUP|true|com.nibiru.vr.media.pptv|1|N0000|8|true|0
V/MsgStatisic( 2477): GET GID FAILED
V/NibiruControllerService( 2477): check controller info[checkmsg:1com.nibiru.vr.media.pptv]: failed
V/NibiruControllerService( 2477): retry check controller info[com.nibiru.vr.media.pptv]
E/wayne   (  452): keyCode:19 event:KeyEvent { action=ACTION_DOWN, keyCode=KEYCODE_DPAD_UP, scanCode=103, metaState=0, flags=0x8, repeatCount=0, eventTime=819946, downTime=819946, deviceId=4, source=0x101 }
E/wayne   (  452): keyCode:19 event:KeyEvent { action=ACTION_UP, keyCode=KEYCODE_DPAD_UP, scanCode=103, metaState=0, flags=0x8, repeatCount=0, eventTime=819946, downTime=819946, deviceId=4, source=0x101 }
I/PhoneWindow(  841): 19Key down: repeat=0 flags=0x8
I/PhoneWindow(  841): 19Key up: repeat=0 flags=0x8
V/NibiruControllerService( 2596): retry check controller info[com.nibiru.vrfilemanager]
V/NibiruControllerService( 2596): check controller information2[C]: AUK0BO0MUP|true|com.nibiru.vrfilemanager|1|N0000|30|true|0
V/MsgStatisic( 2596): GET GID FAILED
V/NibiruControllerService( 2596): check controller info[checkmsg:1com.nibiru.vrfilemanager]: failed
V/NibiruControllerService( 2596): retry check controller info[com.nibiru.vrfilemanager]
V/PhoneWindowManager(  452): truehungUp=false, mScreenshotChordVolumeDownKeyTriggered=false, mScreenshotChordVolumeDownKeyTriggered=false
D/PhoneWindowManager(  452): interceptPowerKeyDown =================  =======
E/WifiStateMachine(  452): ACTION_SCREEN_OFF...
E/WifiStateMachine(  452): cancelDelayedScan -> 130
D/WifiStateMachine(  452): backgroundScan enabled=false startBackgroundScanIfNeeded:false
E/WifiStateMachine(  452): handleScreenStateChanged Exit: false
D/PhoneWindowManager(  452): cancelPendingPowerKeyAction =================  =======
E/WifiStateMachine(  452): setSuspendOptimizations: 4 true
E/WifiStateMachine(  452): mSuspendOptNeedsDisabled 0
D/mali_winsys(  452): EGLint new_window_surface(egl_winsys_display*, void*, EGLSurface, EGLConfig, egl_winsys_surface**, egl_color_buffer_format*, EGLBoolean) returns 0x3000
D/DisplayPowerController(  452): screen off, so turn off btn && keyboard lights
I/DisplayManagerService(  452): Display device changed: DisplayDeviceInfo{"ÂÜÖÁΩÆÂ±èÂπï": uniqueId="local:0", 2560 x 1440, 67.527 fps, supportedRefreshRates [67.527], density 480, 401.0 x 401.0 dpi, appVsyncOff 0, presDeadline 15808891, touch INTERNAL, rotation 0, type BUILT_IN, state OFF, FLAG_DEFAULT_DISPLAY, FLAG_ROTATES_WITH_CONTENT, FLAG_SECURE, FLAG_SUPPORTS_PROTECTED_BUFFERS}
D/SurfaceFlinger(  155): Set power mode=0, type=0 flinger=0xb8407550
I/hwcomposer(  155): hwc_blank dpy[0],blank[1]
V/ActivityStackSupervisor(  452): Display changed displayId=0
D/SurfaceControl(  452): Excessive delay in setPowerMode(): 462ms
E/RKPowerHAL(  452): Error opening /sys/devices/system/cpu/cpufreq/interactive/input_boost: No such file or directory
E/RKPowerHAL(  452): Error opening /sys/devices/system/cpu/cpu7/online: No such file or directory
E/RKPowerHAL(  452): Error opening /sys/devices/system/cpu/cpu6/online: No such file or directory
E/RKPowerHAL(  452): Error opening /sys/devices/system/cpu/cpu5/online: No such file or directory
E/RKPowerHAL(  452): Error opening /sys/devices/system/cpu/cpu4/online: No such file or directory
E/RKPowerHAL(  452): Error opening /sys/devices/system/cpu/cpu3/online: Permission denied
E/RKPowerHAL(  452): Error opening /sys/devices/system/cpu/cpu2/online: Permission denied
W/art     (  841): Native thread exiting without having called DetachCurrentThread (maybe it's going to use a pthread_key_create destructor?): Thread[31,tid=2721,Native,Thread*=0xb87cd618,peer=0x32f20100,"Thread-144"]
D/ccc     (  841): trackerNative onPause
D/ViewRootImpl(  841): 2560<<<<<< BACK FROM relayoutWM.LayoutParams{(0,0)(fillxfill)mPosX=0mPosY=0mHScale=1.0mVScale=1.0 align=UNDEFINE taskId=22 sim=#120 ty=1 fl=#1810500 fmt=-3 wanim=0x1030001 vsysui=0x1700 surfaceInsets=Rect(0, 0 - 0, 0) needsMenuKey=2packageName=com.nibiru.launcher3dtoken=android.os.BinderProxy@282c619e}
I/DisplayPowerController(  452): Blocking screen on until initial contents have been drawn.
D/DisplayPowerController(  452): button lights toggle
E/Lights  (  452): write_int failed to open sys/class/leds/rk29_key_led/brightness
I/Lights  (  452): >>> Enter set_keyboard_light
D/DisplayPowerController(  452): send timeout msg after 1500
E/RKPowerHAL(  452): Error opening /sys/devices/system/cpu/cpufreq/interactive/input_boost: No such file or directory
E/RKPowerHAL(  452): Error opening /sys/devices/system/cpu/cpu7/online: No such file or directory
E/RKPowerHAL(  452): Error opening /sys/devices/system/cpu/cpu6/online: No such file or directory
E/RKPowerHAL(  452): Error opening /sys/devices/system/cpu/cpu5/online: No such file or directory
E/RKPowerHAL(  452): Error opening /sys/devices/system/cpu/cpu4/online: No such file or directory
E/RKPowerHAL(  452): Error opening /sys/devices/system/cpu/cpu3/online: Permission denied
E/RKPowerHAL(  452): Error opening /sys/devices/system/cpu/cpu2/online: Permission denied
I/DisplayManagerService(  452): Display device changed: DisplayDeviceInfo{"ÂÜÖÁΩÆÂ±èÂπï": uniqueId="local:0", 2560 x 1440, 67.527 fps, supportedRefreshRates [67.527], density 480, 401.0 x 401.0 dpi, appVsyncOff 0, presDeadline 15808891, touch INTERNAL, rotation 0, type BUILT_IN, state ON, FLAG_DEFAULT_DISPLAY, FLAG_ROTATES_WITH_CONTENT, FLAG_SECURE, FLAG_SUPPORTS_PROTECTED_BUFFERS}
D/SurfaceFlinger(  155): Set power mode=2, type=0 flinger=0xb8407550
I/hwcomposer(  155): hwc_blank dpy[0],blank[0]
V/KeyguardServiceDelegate(  452): onScreenTurnedOn(showListener = com.android.internal.policy.impl.PhoneWindowManager$2@3ff6fa4a)
V/ActivityStackSupervisor(  452): Display changed displayId=0
V/NibiruVR-SDK(  841): bind service res: true
D/DisplayPowerController(  452): send timeout msg after 1500
D/nibiru  ( 1024): onReceive->android.intent.action.USER_PRESENT
W/ContextImpl( 1024): Calling a method in the system process without a qualified user: android.app.ContextImpl.startService:1709 android.content.ContextWrapper.startService:516 android.content.ContextWrapper.startService:516 com.nibiru.vrconfig.VRReceiver.onReceive:33 android.app.ActivityThread.handleReceiver:2629
E/WifiStateMachine(  452): ACTION_SCREEN_ON...
E/WifiStateMachine(  452): cancelDelayedScan -> 131
E/WifiStateMachine(  452): wifi network checker is off.
D/WifiStateMachine(  452): backgroundScan enabled=false startBackgroundScanIfNeeded:false
E/WifiStateMachine(  452): handleScreenStateChanged Exit: true
E/WifiStateMachine(  452): setSuspendOptimizations: 4 false
E/WifiStateMachine(  452): mSuspendOptNeedsDisabled 4
D/HeadMountedDisplayManager(  841): Cardboard screen parameters file not found: java.io.FileNotFoundException: /storage/emulated/0/Cardboard/phone_params: open failed: ENOENT (No such file or directory)
D/ccc     (  841): trackerNative onResume
V/nibiru-device(  841): device count: 0:0:true
V/nibiru-device(  841): device count: 0:0:true
V/KeyguardServiceDelegate(  452): **** SHOWN CALLED ****
D/mali_winsys(  841): EGLint new_window_surface(egl_winsys_display*, void*, EGLSurface, EGLConfig, egl_winsys_surface**, egl_color_buffer_format*, EGLBoolean) returns 0x3000
V/VR-SUPPORT( 1042): check config now
V/distort ( 1042): dx: 0.04694
V/distort ( 1042): distort y: 0.02609
V/VR-SUPPORT( 1042): config cardboard write res: true
V/NibiruVR-SDK(  841): LOAD VR CONFIG: NVRConfig [vertical_distance_to_lens_center=0.03725, screen_to_lens_distance=0.06, screen_to_lens_distance_v2=0.0315, left_eye_fov_left=45.0, left_eye_fov_right=45.0, left_eye_fov_bottom=48.3, left_eye_fov_top=48.3, distortion_coef_x=0.04694, distortion_coef_y=0.02609, distortion_coef_v2_k1=0.04694, distortion_coef_v2_k2=0.02609, screen_width=2560.0, screen_height=1440.0, border_size_meters=0.006, screen_size_x=0.12096, screen_size_y=0.06804, view_res_x=1280.0, view_res_y=1440.0, eye_fb_res_x=1280.0, eye_fb_res_y=1440.0, multi_samples=4, eye_ipd=0.06, eye_ipd_v2=0.06, lens_ipd=0.062, default_point_ratio=0.488, view_aspect_ratio=0.8888889, eye_fb_aspect_ratio=0.8888889, wrap_mesh_res_x=16, wrap_mesh_res_y=16, xMetersPerPixel=0.0, yMetersPerPixel=0.0, channel=VR0091, timestamp=0, version=1, point_z=1.5]
V/VR-SUPPORT( 1042): DEBUG: false
V/NibiruVR-SDK(  841): REV SET FPS: false
E/NibiruVRManager(  841): ================== VR CONN
V/NibiruVR-SDK(  841): service is connected
I/DisplayPowerController(  452): Unblocked screen on after 128 ms
D/DisplayPowerController(  452): send timeout msg after 1500
D/ViewRootImpl(  841): 2560<<<<<< BACK FROM relayoutWM.LayoutParams{(0,0)(fillxfill)mPosX=0mPosY=0mHScale=1.0mVScale=1.0 align=UNDEFINE taskId=22 sim=#120 ty=1 fl=#1810580 fmt=-3 wanim=0x1030001 vsysui=0x1700 surfaceInsets=Rect(0, 0 - 0, 0) needsMenuKey=2packageName=com.nibiru.launcher3dtoken=android.os.BinderProxy@282c619e}
D/DisplayPowerController(  452): send timeout msg after 1500
D/SurfaceControl(  452): Excessive delay in setPowerMode(): 1549ms
D/DisplayPowerController(  452): send timeout msg after 1500
D/DisplayPowerController(  452): MSG_BUTTON_LIGHTS_TIME_OUT
E/Lights  (  452): write_int failed to open sys/class/leds/rk29_key_led/brightness
I/Lights  (  452): >>> Enter set_keyboard_light
E/WifiStateMachine(  452): ACTION_SCREEN_OFF...
E/WifiStateMachine(  452): cancelDelayedScan -> 132
D/WifiStateMachine(  452): backgroundScan enabled=false startBackgroundScanIfNeeded:false
E/WifiStateMachine(  452): handleScreenStateChanged Exit: false
E/WifiStateMachine(  452): setSuspendOptimizations: 4 true
E/WifiStateMachine(  452): mSuspendOptNeedsDisabled 0
V/PhoneWindowManager(  452): truehungUp=false, mScreenshotChordVolumeDownKeyTriggered=false, mScreenshotChordVolumeDownKeyTriggered=false
D/PhoneWindowManager(  452): interceptPowerKeyDown =================  =======
D/PhoneWindowManager(  452): cancelPendingPowerKeyAction =================  =======
D/mali_winsys(  452): EGLint new_window_surface(egl_winsys_display*, void*, EGLSurface, EGLConfig, egl_winsys_surface**, egl_color_buffer_format*, EGLBoolean) returns 0x3000
D/DisplayPowerController(  452): screen off, so turn off btn && keyboard lights
I/DisplayManagerService(  452): Display device changed: DisplayDeviceInfo{"ÂÜÖÁΩÆÂ±èÂπï": uniqueId="local:0", 2560 x 1440, 67.527 fps, supportedRefreshRates [67.527], density 480, 401.0 x 401.0 dpi, appVsyncOff 0, presDeadline 15808891, touch INTERNAL, rotation 0, type BUILT_IN, state OFF, FLAG_DEFAULT_DISPLAY, FLAG_ROTATES_WITH_CONTENT, FLAG_SECURE, FLAG_SUPPORTS_PROTECTED_BUFFERS}
D/SurfaceFlinger(  155): Set power mode=0, type=0 flinger=0xb8407550
I/hwcomposer(  155): hwc_blank dpy[0],blank[1]
V/ActivityStackSupervisor(  452): Display changed displayId=0
D/SurfaceControl(  452): Excessive delay in setPowerMode(): 467ms
E/RKPowerHAL(  452): Error opening /sys/devices/system/cpu/cpufreq/interactive/input_boost: No such file or directory
E/RKPowerHAL(  452): Error opening /sys/devices/system/cpu/cpu7/online: No such file or directory
E/RKPowerHAL(  452): Error opening /sys/devices/system/cpu/cpu6/online: No such file or directory
E/RKPowerHAL(  452): Error opening /sys/devices/system/cpu/cpu5/online: No such file or directory
E/RKPowerHAL(  452): Error opening /sys/devices/system/cpu/cpu4/online: No such file or directory
E/RKPowerHAL(  452): Error opening /sys/devices/system/cpu/cpu3/online: Permission denied
E/RKPowerHAL(  452): Error opening /sys/devices/system/cpu/cpu2/online: Permission denied
D/PowerManagerService-JNI(  452): Excessive delay in setInteractive(false) while turning screen off: 25ms
W/art     (  841): Native thread exiting without having called DetachCurrentThread (maybe it's going to use a pthread_key_create destructor?): Thread[31,tid=2783,Native,Thread*=0xb87cd618,peer=0x32f20160,"Thread-145"]
D/ccc     (  841): trackerNative onPause
D/ViewRootImpl(  841): 2560<<<<<< BACK FROM relayoutWM.LayoutParams{(0,0)(fillxfill)mPosX=0mPosY=0mHScale=1.0mVScale=1.0 align=UNDEFINE taskId=22 sim=#120 ty=1 fl=#1810500 fmt=-3 wanim=0x1030001 vsysui=0x1700 surfaceInsets=Rect(0, 0 - 0, 0) needsMenuKey=2packageName=com.nibiru.launcher3dtoken=android.os.BinderProxy@282c619e}
I/DisplayPowerController(  452): Blocking screen on until initial contents have been drawn.
D/DisplayPowerController(  452): button lights toggle
E/Lights  (  452): write_int failed to open sys/class/leds/rk29_key_led/brightness
I/Lights  (  452): >>> Enter set_keyboard_light
D/DisplayPowerController(  452): send timeout msg after 1500
E/RKPowerHAL(  452): Error opening /sys/devices/system/cpu/cpufreq/interactive/input_boost: No such file or directory
E/RKPowerHAL(  452): Error opening /sys/devices/system/cpu/cpu7/online: No such file or directory
E/RKPowerHAL(  452): Error opening /sys/devices/system/cpu/cpu6/online: No such file or directory
E/RKPowerHAL(  452): Error opening /sys/devices/system/cpu/cpu5/online: No such file or directory
E/RKPowerHAL(  452): Error opening /sys/devices/system/cpu/cpu4/online: No such file or directory
E/RKPowerHAL(  452): Error opening /sys/devices/system/cpu/cpu3/online: Permission denied
E/RKPowerHAL(  452): Error opening /sys/devices/system/cpu/cpu2/online: Permission denied
D/SurfaceFlinger(  155): Set power mode=2, type=0 flinger=0xb8407550
I/hwcomposer(  155): hwc_blank dpy[0],blank[0]
I/DisplayManagerService(  452): Display device changed: DisplayDeviceInfo{"ÂÜÖÁΩÆÂ±èÂπï": uniqueId="local:0", 2560 x 1440, 67.527 fps, supportedRefreshRates [67.527], density 480, 401.0 x 401.0 dpi, appVsyncOff 0, presDeadline 15808891, touch INTERNAL, rotation 0, type BUILT_IN, state ON, FLAG_DEFAULT_DISPLAY, FLAG_ROTATES_WITH_CONTENT, FLAG_SECURE, FLAG_SUPPORTS_PROTECTED_BUFFERS}
V/KeyguardServiceDelegate(  452): onScreenTurnedOn(showListener = com.android.internal.policy.impl.PhoneWindowManager$2@3ff6fa4a)
V/ActivityStackSupervisor(  452): Display changed displayId=0
E/WifiStateMachine(  452): ACTION_SCREEN_ON...
E/WifiStateMachine(  452): cancelDelayedScan -> 133
E/WifiStateMachine(  452): wifi network checker is off.
D/WifiStateMachine(  452): backgroundScan enabled=false startBackgroundScanIfNeeded:false
E/WifiStateMachine(  452): handleScreenStateChanged Exit: true
E/WifiStateMachine(  452): setSuspendOptimizations: 4 false
E/WifiStateMachine(  452): mSuspendOptNeedsDisabled 4
V/NibiruVR-SDK(  841): bind service res: true
D/DisplayPowerController(  452): send timeout msg after 1500
D/nibiru  ( 1024): onReceive->android.intent.action.USER_PRESENT
W/ContextImpl( 1024): Calling a method in the system process without a qualified user: android.app.ContextImpl.startService:1709 android.content.ContextWrapper.startService:516 android.content.ContextWrapper.startService:516 com.nibiru.vrconfig.VRReceiver.onReceive:33 android.app.ActivityThread.handleReceiver:2629
V/KeyguardServiceDelegate(  452): **** SHOWN CALLED ****
V/nibiru-device(  841): device count: 0:0:true
V/nibiru-device(  841): device count: 0:0:true
D/mali_winsys(  841): EGLint new_window_surface(egl_winsys_display*, void*, EGLSurface, EGLConfig, egl_winsys_surface**, egl_color_buffer_format*, EGLBoolean) returns 0x3000
D/HeadMountedDisplayManager(  841): Cardboard screen parameters file not found: java.io.FileNotFoundException: /storage/emulated/0/Cardboard/phone_params: open failed: ENOENT (No such file or directory)
D/ccc     (  841): trackerNative onResume
V/VR-SUPPORT( 1042): check config now
V/distort ( 1042): dx: 0.04694
V/distort ( 1042): distort y: 0.02609
V/VR-SUPPORT( 1042): config cardboard write res: true
V/NibiruVR-SDK(  841): LOAD VR CONFIG: NVRConfig [vertical_distance_to_lens_center=0.03725, screen_to_lens_distance=0.06, screen_to_lens_distance_v2=0.0315, left_eye_fov_left=45.0, left_eye_fov_right=45.0, left_eye_fov_bottom=48.3, left_eye_fov_top=48.3, distortion_coef_x=0.04694, distortion_coef_y=0.02609, distortion_coef_v2_k1=0.04694, distortion_coef_v2_k2=0.02609, screen_width=2560.0, screen_height=1440.0, border_size_meters=0.006, screen_size_x=0.12096, screen_size_y=0.06804, view_res_x=1280.0, view_res_y=1440.0, eye_fb_res_x=1280.0, eye_fb_res_y=1440.0, multi_samples=4, eye_ipd=0.06, eye_ipd_v2=0.06, lens_ipd=0.062, default_point_ratio=0.488, view_aspect_ratio=0.8888889, eye_fb_aspect_ratio=0.8888889, wrap_mesh_res_x=16, wrap_mesh_res_y=16, xMetersPerPixel=0.0, yMetersPerPixel=0.0, channel=VR0091, timestamp=0, version=1, point_z=1.5]
V/VR-SUPPORT( 1042): DEBUG: false
V/NibiruVR-SDK(  841): REV SET FPS: false
E/NibiruVRManager(  841): ================== VR CONN
V/NibiruVR-SDK(  841): service is connected
I/DisplayPowerController(  452): Unblocked screen on after 138 ms
D/ViewRootImpl(  841): 2560<<<<<< BACK FROM relayoutWM.LayoutParams{(0,0)(fillxfill)mPosX=0mPosY=0mHScale=1.0mVScale=1.0 align=UNDEFINE taskId=22 sim=#120 ty=1 fl=#1810580 fmt=-3 wanim=0x1030001 vsysui=0x1700 surfaceInsets=Rect(0, 0 - 0, 0) needsMenuKey=2packageName=com.nibiru.launcher3dtoken=android.os.BinderProxy@282c619e}
D/DisplayPowerController(  452): send timeout msg after 1500
D/DisplayPowerController(  452): send timeout msg after 1500
D/SurfaceControl(  452): Excessive delay in setPowerMode(): 1546ms
D/DisplayPowerController(  452): send timeout msg after 1500
D/DisplayPowerController(  452): MSG_BUTTON_LIGHTS_TIME_OUT
E/Lights  (  452): write_int failed to open sys/class/leds/rk29_key_led/brightness
I/Lights  (  452): >>> Enter set_keyboard_light
V/NibiruControllerService( 1804): retry check controller info[com.nibiru.tcl.vrgallery]
V/NibiruControllerService( 1804): check controller information2[C]: AUK0BO0MUP|true|com.nibiru.tcl.vrgallery|1|N0000|22|true|0
V/MsgStatisic( 1804): GET GID FAILED
V/NibiruControllerService( 1804): check controller info[checkmsg:1com.nibiru.tcl.vrgallery]: failed
V/NibiruControllerService(  934): retry check controller info[com.nibiru.launcher3d]
V/NibiruControllerService(  934): check controller information2[C]: AUK0BO0MUP|true|com.nibiru.launcher3d|1|N0000|5|true|0
V/MsgStatisic(  934): GET GID FAILED
V/NibiruControllerService(  934): check controller info[checkmsg:1com.nibiru.launcher3d]: failed
E/wayne   (  452): keyCode:66 event:KeyEvent { action=ACTION_DOWN, keyCode=KEYCODE_ENTER, scanCode=28, metaState=0, flags=0x8, repeatCount=0, eventTime=930539, downTime=930539, deviceId=4, source=0x101 }
E/wayne   (  452): keyCode:66 event:KeyEvent { action=ACTION_UP, keyCode=KEYCODE_ENTER, scanCode=28, metaState=0, flags=0x8, repeatCount=0, eventTime=930539, downTime=930539, deviceId=4, source=0x101 }
W/ContextImpl(  452): Calling a method in the system process without a qualified user: android.app.ContextImpl.sendBroadcast:1344 com.android.server.policy.nibiru.NibiruKeyManager.sendNibiruBroadcast:94 com.android.server.policy.nibiru.NibiruKeyManager.handleKeyEvent:83 com.android.internal.policy.impl.PhoneWindowManager.interceptKeyBeforeDispatching:2657 com.android.server.wm.InputMonitor.interceptKeyBeforeDispatching:476
E/wayne   (  452): keyCode:66 event:KeyEvent { action=ACTION_DOWN, keyCode=KEYCODE_ENTER, scanCode=28, metaState=0, flags=0x8, repeatCount=0, eventTime=930735, downTime=930735, deviceId=4, source=0x101 }
E/wayne   (  452): keyCode:66 event:KeyEvent { action=ACTION_UP, keyCode=KEYCODE_ENTER, scanCode=28, metaState=0, flags=0x8, repeatCount=0, eventTime=930735, downTime=930735, deviceId=4, source=0x101 }
W/ContextImpl(  452): Calling a method in the system process without a qualified user: android.app.ContextImpl.sendBroadcast:1344 com.android.server.policy.nibiru.NibiruKeyManager.sendNibiruBroadcast:94 com.android.server.policy.nibiru.NibiruKeyManager.handleKeyEvent:83 com.android.internal.policy.impl.PhoneWindowManager.interceptKeyBeforeDispatching:2657 com.android.server.wm.InputMonitor.interceptKeyBeforeDispatching:476
V/NibiruControllerService( 1485): retry check controller info[com.nibiru.tcl.vrphotogallery]
V/NibiruControllerService( 1485): check controller information2[C]: AUK0BO0MUP|true|com.nibiru.tcl.vrphotogallery|1|N0000|22|true|0
V/MsgStatisic( 1485): GET GID FAILED
V/NibiruControllerService( 1485): check controller info[checkmsg:1com.nibiru.tcl.vrphotogallery]: failed

C:\Users\Administrator>adb logcat
--------- beginning of system
D/UsbDeviceManager(  452): Usb state is false false false
--------- beginning of main
D/Tethering(  452): UsbManager.ACTION_USB_STATE: false, false, false
D/xzj     (  555): false---------------------------ooooooooooo,stop mtp service---------------true
I/InputReader(  452): Detected input event buffer overrun for device rk29-keypad.
I/InputReader(  452): Dropping key up from device rk29-keypad because the key was not down.  keyCode=224, scanCode=143
I/InputReader(  452): Detected input event buffer overrun for device rk29-keypad.
I/InputReader(  452): Dropping key up from device rk29-keypad because the key was not down.  keyCode=224, scanCode=143
I/BatteryStatsImpl(  452): Resetting battery stats: level=92 status=2 dischargeLevel=92 lowAmount=2 highAmount=3
E/Lights  (  452): write_int failed to open sys/class/leds/battery_led/brightness
E/Lights  (  452): write_int failed to open sys/class/leds/battery_led/brightness
I/EntropyMixer(  452): Writing entropy...
I/ValidateNoPeople(  452): skipping global notification
D/UsbDeviceManager(  452): Usb state is true false false
I/ValidateNoPeople(  452): skipping global notification
D/Tethering(  452): UsbManager.ACTION_USB_STATE: true, false, false
D/xzj     (  555): false---------------------------ooooooooooo,stop mtp service---------------true
D/UsbDeviceManager(  452): Usb state is true true false
D/Tethering(  452): UsbManager.ACTION_USB_STATE: true, false, false
D/xzj     (  555): true---------------------------ooooooooooo,stop mtp service---------------true
D/MtpService(  555): updating state; isCurrentUser=true, mMtpLocked=false
D/MtpService(  555): addStorageLocked 65537 /storage/emulated/0
D/MtpService(  555): updating state; isCurrentUser=true, mMtpLocked=false
D/MtpService(  555): starting MTP server in MTP mode
D/MtpService(  555): addStorageLocked 65537 /storage/emulated/0
D/UsbDeviceManager(  452): Usb state is false false false
D/Tethering(  452): UsbManager.ACTION_USB_STATE: false, false, false
D/xzj     (  555): false---------------------------ooooooooooo,stop mtp service---------------true
I/InputReader(  452): Detected input event buffer overrun for device rk29-keypad.
I/InputReader(  452): Detected input event buffer overrun for device rk29-keypad.
I/InputReader(  452): Dropping key up from device rk29-keypad because the key was not down.  keyCode=224, scanCode=143
I/BatteryStatsImpl(  452): Resetting battery stats: level=92 status=2 dischargeLevel=92 lowAmount=0 highAmount=0
E/Lights  (  452): write_int failed to open sys/class/leds/battery_led/brightness
V/NibiruControllerService( 1485): retry check controller info[com.nibiru.tcl.vrphotogallery]
V/NibiruControllerService( 1485): check controller information2[C]: AUK0BO0MUP|true|com.nibiru.tcl.vrphotogallery|1|N0000|22|true|0
V/MsgStatisic( 1485): GET GID FAILED
V/NibiruControllerService( 1485): check controller info[checkmsg:1com.nibiru.tcl.vrphotogallery]: failed
E/Lights  (  452): write_int failed to open sys/class/leds/battery_led/brightness
I/EntropyMixer(  452): Writing entropy...
I/ValidateNoPeople(  452): skipping global notification
D/UsbDeviceManager(  452): Usb state is true false false
I/ValidateNoPeople(  452): skipping global notification
D/Tethering(  452): UsbManager.ACTION_USB_STATE: true, false, false
D/xzj     (  555): false---------------------------ooooooooooo,stop mtp service---------------true
D/UsbDeviceManager(  452): Usb state is true true false
D/Tethering(  452): UsbManager.ACTION_USB_STATE: true, false, false
D/xzj     (  555): true---------------------------ooooooooooo,stop mtp service---------------true
D/MtpService(  555): updating state; isCurrentUser=true, mMtpLocked=false
D/MtpService(  555): addStorageLocked 65537 /storage/emulated/0
D/MtpService(  555): updating state; isCurrentUser=true, mMtpLocked=false
D/MtpService(  555): starting MTP server in MTP mode
D/MtpService(  555): addStorageLocked 65537 /storage/emulated/0
E/wayne   (  452): keyCode:20 event:KeyEvent { action=ACTION_DOWN, keyCode=KEYCODE_DPAD_DOWN, scanCode=108, metaState=0, flags=0x8, repeatCount=0, eventTime=740218, downTime=740218, deviceId=4, source=0x101 }
E/wayne   (  452): keyCode:20 event:KeyEvent { action=ACTION_UP, keyCode=KEYCODE_DPAD_DOWN, scanCode=108, metaState=0, flags=0x8, repeatCount=0, eventTime=740218, downTime=740218, deviceId=4, source=0x101 }
I/PhoneWindow(  841): 20Key down: repeat=0 flags=0x8
I/PhoneWindow(  841): 20Key up: repeat=0 flags=0x8
V/NibiruControllerService( 2477): retry check controller info[com.nibiru.vr.media.pptv]
V/NibiruControllerService( 2477): check controller information2[C]: AUK0BO0MUP|true|com.nibiru.vr.media.pptv|1|N0000|8|true|0
V/MsgStatisic( 2477): GET GID FAILED
V/NibiruControllerService( 2477): check controller info[checkmsg:1com.nibiru.vr.media.pptv]: failed
V/NibiruControllerService( 2477): retry check controller info[com.nibiru.vr.media.pptv]
E/wayne   (  452): keyCode:19 event:KeyEvent { action=ACTION_DOWN, keyCode=KEYCODE_DPAD_UP, scanCode=103, metaState=0, flags=0x8, repeatCount=0, eventTime=819946, downTime=819946, deviceId=4, source=0x101 }
E/wayne   (  452): keyCode:19 event:KeyEvent { action=ACTION_UP, keyCode=KEYCODE_DPAD_UP, scanCode=103, metaState=0, flags=0x8, repeatCount=0, eventTime=819946, downTime=819946, deviceId=4, source=0x101 }
I/PhoneWindow(  841): 19Key down: repeat=0 flags=0x8
I/PhoneWindow(  841): 19Key up: repeat=0 flags=0x8
V/NibiruControllerService( 2596): retry check controller info[com.nibiru.vrfilemanager]
V/NibiruControllerService( 2596): check controller information2[C]: AUK0BO0MUP|true|com.nibiru.vrfilemanager|1|N0000|30|true|0
V/MsgStatisic( 2596): GET GID FAILED
V/NibiruControllerService( 2596): check controller info[checkmsg:1com.nibiru.vrfilemanager]: failed
V/NibiruControllerService( 2596): retry check controller info[com.nibiru.vrfilemanager]
V/PhoneWindowManager(  452): truehungUp=false, mScreenshotChordVolumeDownKeyTriggered=false, mScreenshotChordVolumeDownKeyTriggered=false
D/PhoneWindowManager(  452): interceptPowerKeyDown =================  =======
E/WifiStateMachine(  452): ACTION_SCREEN_OFF...
E/WifiStateMachine(  452): cancelDelayedScan -> 130
D/WifiStateMachine(  452): backgroundScan enabled=false startBackgroundScanIfNeeded:false
E/WifiStateMachine(  452): handleScreenStateChanged Exit: false
D/PhoneWindowManager(  452): cancelPendingPowerKeyAction =================  =======
E/WifiStateMachine(  452): setSuspendOptimizations: 4 true
E/WifiStateMachine(  452): mSuspendOptNeedsDisabled 0
D/mali_winsys(  452): EGLint new_window_surface(egl_winsys_display*, void*, EGLSurface, EGLConfig, egl_winsys_surface**, egl_color_buffer_format*, EGLBoolean) returns 0x3000
D/DisplayPowerController(  452): screen off, so turn off btn && keyboard lights
I/DisplayManagerService(  452): Display device changed: DisplayDeviceInfo{"ÂÜÖÁΩÆÂ±èÂπï": uniqueId="local:0", 2560 x 1440, 67.527 fps, supportedRefreshRates [67.527], density 480, 401.0 x 401.0 dpi, appVsyncOff 0, presDeadline 15808891, touch INTERNAL, rotation 0, type BUILT_IN, state OFF, FLAG_DEFAULT_DISPLAY, FLAG_ROTATES_WITH_CONTENT, FLAG_SECURE, FLAG_SUPPORTS_PROTECTED_BUFFERS}
D/SurfaceFlinger(  155): Set power mode=0, type=0 flinger=0xb8407550
I/hwcomposer(  155): hwc_blank dpy[0],blank[1]
V/ActivityStackSupervisor(  452): Display changed displayId=0
D/SurfaceControl(  452): Excessive delay in setPowerMode(): 462ms
E/RKPowerHAL(  452): Error opening /sys/devices/system/cpu/cpufreq/interactive/input_boost: No such file or directory
E/RKPowerHAL(  452): Error opening /sys/devices/system/cpu/cpu7/online: No such file or directory
E/RKPowerHAL(  452): Error opening /sys/devices/system/cpu/cpu6/online: No such file or directory
E/RKPowerHAL(  452): Error opening /sys/devices/system/cpu/cpu5/online: No such file or directory
E/RKPowerHAL(  452): Error opening /sys/devices/system/cpu/cpu4/online: No such file or directory
E/RKPowerHAL(  452): Error opening /sys/devices/system/cpu/cpu3/online: Permission denied
E/RKPowerHAL(  452): Error opening /sys/devices/system/cpu/cpu2/online: Permission denied
W/art     (  841): Native thread exiting without having called DetachCurrentThread (maybe it's going to use a pthread_key_create destructor?): Thread[31,tid=2721,Native,Thread*=0xb87cd618,peer=0x32f20100,"Thread-144"]
D/ccc     (  841): trackerNative onPause
D/ViewRootImpl(  841): 2560<<<<<< BACK FROM relayoutWM.LayoutParams{(0,0)(fillxfill)mPosX=0mPosY=0mHScale=1.0mVScale=1.0 align=UNDEFINE taskId=22 sim=#120 ty=1 fl=#1810500 fmt=-3 wanim=0x1030001 vsysui=0x1700 surfaceInsets=Rect(0, 0 - 0, 0) needsMenuKey=2packageName=com.nibiru.launcher3dtoken=android.os.BinderProxy@282c619e}
I/DisplayPowerController(  452): Blocking screen on until initial contents have been drawn.
D/DisplayPowerController(  452): button lights toggle
E/Lights  (  452): write_int failed to open sys/class/leds/rk29_key_led/brightness
I/Lights  (  452): >>> Enter set_keyboard_light
D/DisplayPowerController(  452): send timeout msg after 1500
E/RKPowerHAL(  452): Error opening /sys/devices/system/cpu/cpufreq/interactive/input_boost: No such file or directory
E/RKPowerHAL(  452): Error opening /sys/devices/system/cpu/cpu7/online: No such file or directory
E/RKPowerHAL(  452): Error opening /sys/devices/system/cpu/cpu6/online: No such file or directory
E/RKPowerHAL(  452): Error opening /sys/devices/system/cpu/cpu5/online: No such file or directory
E/RKPowerHAL(  452): Error opening /sys/devices/system/cpu/cpu4/online: No such file or directory
E/RKPowerHAL(  452): Error opening /sys/devices/system/cpu/cpu3/online: Permission denied
E/RKPowerHAL(  452): Error opening /sys/devices/system/cpu/cpu2/online: Permission denied
I/DisplayManagerService(  452): Display device changed: DisplayDeviceInfo{"ÂÜÖÁΩÆÂ±èÂπï": uniqueId="local:0", 2560 x 1440, 67.527 fps, supportedRefreshRates [67.527], density 480, 401.0 x 401.0 dpi, appVsyncOff 0, presDeadline 15808891, touch INTERNAL, rotation 0, type BUILT_IN, state ON, FLAG_DEFAULT_DISPLAY, FLAG_ROTATES_WITH_CONTENT, FLAG_SECURE, FLAG_SUPPORTS_PROTECTED_BUFFERS}
D/SurfaceFlinger(  155): Set power mode=2, type=0 flinger=0xb8407550
I/hwcomposer(  155): hwc_blank dpy[0],blank[0]
V/KeyguardServiceDelegate(  452): onScreenTurnedOn(showListener = com.android.internal.policy.impl.PhoneWindowManager$2@3ff6fa4a)
V/ActivityStackSupervisor(  452): Display changed displayId=0
V/NibiruVR-SDK(  841): bind service res: true
D/DisplayPowerController(  452): send timeout msg after 1500
D/nibiru  ( 1024): onReceive->android.intent.action.USER_PRESENT
W/ContextImpl( 1024): Calling a method in the system process without a qualified user: android.app.ContextImpl.startService:1709 android.content.ContextWrapper.startService:516 android.content.ContextWrapper.startService:516 com.nibiru.vrconfig.VRReceiver.onReceive:33 android.app.ActivityThread.handleReceiver:2629
E/WifiStateMachine(  452): ACTION_SCREEN_ON...
E/WifiStateMachine(  452): cancelDelayedScan -> 131
E/WifiStateMachine(  452): wifi network checker is off.
D/WifiStateMachine(  452): backgroundScan enabled=false startBackgroundScanIfNeeded:false
E/WifiStateMachine(  452): handleScreenStateChanged Exit: true
E/WifiStateMachine(  452): setSuspendOptimizations: 4 false
E/WifiStateMachine(  452): mSuspendOptNeedsDisabled 4
D/HeadMountedDisplayManager(  841): Cardboard screen parameters file not found: java.io.FileNotFoundException: /storage/emulated/0/Cardboard/phone_params: open failed: ENOENT (No such file or directory)
D/ccc     (  841): trackerNative onResume
V/nibiru-device(  841): device count: 0:0:true
V/nibiru-device(  841): device count: 0:0:true
V/KeyguardServiceDelegate(  452): **** SHOWN CALLED ****
D/mali_winsys(  841): EGLint new_window_surface(egl_winsys_display*, void*, EGLSurface, EGLConfig, egl_winsys_surface**, egl_color_buffer_format*, EGLBoolean) returns 0x3000
V/VR-SUPPORT( 1042): check config now
V/distort ( 1042): dx: 0.04694
V/distort ( 1042): distort y: 0.02609
V/VR-SUPPORT( 1042): config cardboard write res: true
V/NibiruVR-SDK(  841): LOAD VR CONFIG: NVRConfig [vertical_distance_to_lens_center=0.03725, screen_to_lens_distance=0.06, screen_to_lens_distance_v2=0.0315, left_eye_fov_left=45.0, left_eye_fov_right=45.0, left_eye_fov_bottom=48.3, left_eye_fov_top=48.3, distortion_coef_x=0.04694, distortion_coef_y=0.02609, distortion_coef_v2_k1=0.04694, distortion_coef_v2_k2=0.02609, screen_width=2560.0, screen_height=1440.0, border_size_meters=0.006, screen_size_x=0.12096, screen_size_y=0.06804, view_res_x=1280.0, view_res_y=1440.0, eye_fb_res_x=1280.0, eye_fb_res_y=1440.0, multi_samples=4, eye_ipd=0.06, eye_ipd_v2=0.06, lens_ipd=0.062, default_point_ratio=0.488, view_aspect_ratio=0.8888889, eye_fb_aspect_ratio=0.8888889, wrap_mesh_res_x=16, wrap_mesh_res_y=16, xMetersPerPixel=0.0, yMetersPerPixel=0.0, channel=VR0091, timestamp=0, version=1, point_z=1.5]
V/VR-SUPPORT( 1042): DEBUG: false
V/NibiruVR-SDK(  841): REV SET FPS: false
E/NibiruVRManager(  841): ================== VR CONN
V/NibiruVR-SDK(  841): service is connected
I/DisplayPowerController(  452): Unblocked screen on after 128 ms
D/DisplayPowerController(  452): send timeout msg after 1500
D/ViewRootImpl(  841): 2560<<<<<< BACK FROM relayoutWM.LayoutParams{(0,0)(fillxfill)mPosX=0mPosY=0mHScale=1.0mVScale=1.0 align=UNDEFINE taskId=22 sim=#120 ty=1 fl=#1810580 fmt=-3 wanim=0x1030001 vsysui=0x1700 surfaceInsets=Rect(0, 0 - 0, 0) needsMenuKey=2packageName=com.nibiru.launcher3dtoken=android.os.BinderProxy@282c619e}
D/DisplayPowerController(  452): send timeout msg after 1500
D/SurfaceControl(  452): Excessive delay in setPowerMode(): 1549ms
D/DisplayPowerController(  452): send timeout msg after 1500
D/DisplayPowerController(  452): MSG_BUTTON_LIGHTS_TIME_OUT
E/Lights  (  452): write_int failed to open sys/class/leds/rk29_key_led/brightness
I/Lights  (  452): >>> Enter set_keyboard_light
E/WifiStateMachine(  452): ACTION_SCREEN_OFF...
E/WifiStateMachine(  452): cancelDelayedScan -> 132
D/WifiStateMachine(  452): backgroundScan enabled=false startBackgroundScanIfNeeded:false
E/WifiStateMachine(  452): handleScreenStateChanged Exit: false
E/WifiStateMachine(  452): setSuspendOptimizations: 4 true
E/WifiStateMachine(  452): mSuspendOptNeedsDisabled 0
V/PhoneWindowManager(  452): truehungUp=false, mScreenshotChordVolumeDownKeyTriggered=false, mScreenshotChordVolumeDownKeyTriggered=false
D/PhoneWindowManager(  452): interceptPowerKeyDown =================  =======
D/PhoneWindowManager(  452): cancelPendingPowerKeyAction =================  =======
D/mali_winsys(  452): EGLint new_window_surface(egl_winsys_display*, void*, EGLSurface, EGLConfig, egl_winsys_surface**, egl_color_buffer_format*, EGLBoolean) returns 0x3000
D/DisplayPowerController(  452): screen off, so turn off btn && keyboard lights
I/DisplayManagerService(  452): Display device changed: DisplayDeviceInfo{"ÂÜÖÁΩÆÂ±èÂπï": uniqueId="local:0", 2560 x 1440, 67.527 fps, supportedRefreshRates [67.527], density 480, 401.0 x 401.0 dpi, appVsyncOff 0, presDeadline 15808891, touch INTERNAL, rotation 0, type BUILT_IN, state OFF, FLAG_DEFAULT_DISPLAY, FLAG_ROTATES_WITH_CONTENT, FLAG_SECURE, FLAG_SUPPORTS_PROTECTED_BUFFERS}
D/SurfaceFlinger(  155): Set power mode=0, type=0 flinger=0xb8407550
I/hwcomposer(  155): hwc_blank dpy[0],blank[1]
V/ActivityStackSupervisor(  452): Display changed displayId=0
D/SurfaceControl(  452): Excessive delay in setPowerMode(): 467ms
E/RKPowerHAL(  452): Error opening /sys/devices/system/cpu/cpufreq/interactive/input_boost: No such file or directory
E/RKPowerHAL(  452): Error opening /sys/devices/system/cpu/cpu7/online: No such file or directory
E/RKPowerHAL(  452): Error opening /sys/devices/system/cpu/cpu6/online: No such file or directory
E/RKPowerHAL(  452): Error opening /sys/devices/system/cpu/cpu5/online: No such file or directory
E/RKPowerHAL(  452): Error opening /sys/devices/system/cpu/cpu4/online: No such file or directory
E/RKPowerHAL(  452): Error opening /sys/devices/system/cpu/cpu3/online: Permission denied
E/RKPowerHAL(  452): Error opening /sys/devices/system/cpu/cpu2/online: Permission denied
D/PowerManagerService-JNI(  452): Excessive delay in setInteractive(false) while turning screen off: 25ms
W/art     (  841): Native thread exiting without having called DetachCurrentThread (maybe it's going to use a pthread_key_create destructor?): Thread[31,tid=2783,Native,Thread*=0xb87cd618,peer=0x32f20160,"Thread-145"]
D/ccc     (  841): trackerNative onPause
D/ViewRootImpl(  841): 2560<<<<<< BACK FROM relayoutWM.LayoutParams{(0,0)(fillxfill)mPosX=0mPosY=0mHScale=1.0mVScale=1.0 align=UNDEFINE taskId=22 sim=#120 ty=1 fl=#1810500 fmt=-3 wanim=0x1030001 vsysui=0x1700 surfaceInsets=Rect(0, 0 - 0, 0) needsMenuKey=2packageName=com.nibiru.launcher3dtoken=android.os.BinderProxy@282c619e}
I/DisplayPowerController(  452): Blocking screen on until initial contents have been drawn.
D/DisplayPowerController(  452): button lights toggle
E/Lights  (  452): write_int failed to open sys/class/leds/rk29_key_led/brightness
I/Lights  (  452): >>> Enter set_keyboard_light
D/DisplayPowerController(  452): send timeout msg after 1500
E/RKPowerHAL(  452): Error opening /sys/devices/system/cpu/cpufreq/interactive/input_boost: No such file or directory
E/RKPowerHAL(  452): Error opening /sys/devices/system/cpu/cpu7/online: No such file or directory
E/RKPowerHAL(  452): Error opening /sys/devices/system/cpu/cpu6/online: No such file or directory
E/RKPowerHAL(  452): Error opening /sys/devices/system/cpu/cpu5/online: No such file or directory
E/RKPowerHAL(  452): Error opening /sys/devices/system/cpu/cpu4/online: No such file or directory
E/RKPowerHAL(  452): Error opening /sys/devices/system/cpu/cpu3/online: Permission denied
E/RKPowerHAL(  452): Error opening /sys/devices/system/cpu/cpu2/online: Permission denied
D/SurfaceFlinger(  155): Set power mode=2, type=0 flinger=0xb8407550
I/hwcomposer(  155): hwc_blank dpy[0],blank[0]
I/DisplayManagerService(  452): Display device changed: DisplayDeviceInfo{"ÂÜÖÁΩÆÂ±èÂπï": uniqueId="local:0", 2560 x 1440, 67.527 fps, supportedRefreshRates [67.527], density 480, 401.0 x 401.0 dpi, appVsyncOff 0, presDeadline 15808891, touch INTERNAL, rotation 0, type BUILT_IN, state ON, FLAG_DEFAULT_DISPLAY, FLAG_ROTATES_WITH_CONTENT, FLAG_SECURE, FLAG_SUPPORTS_PROTECTED_BUFFERS}
V/KeyguardServiceDelegate(  452): onScreenTurnedOn(showListener = com.android.internal.policy.impl.PhoneWindowManager$2@3ff6fa4a)
V/ActivityStackSupervisor(  452): Display changed displayId=0
E/WifiStateMachine(  452): ACTION_SCREEN_ON...
E/WifiStateMachine(  452): cancelDelayedScan -> 133
E/WifiStateMachine(  452): wifi network checker is off.
D/WifiStateMachine(  452): backgroundScan enabled=false startBackgroundScanIfNeeded:false
E/WifiStateMachine(  452): handleScreenStateChanged Exit: true
E/WifiStateMachine(  452): setSuspendOptimizations: 4 false
E/WifiStateMachine(  452): mSuspendOptNeedsDisabled 4
V/NibiruVR-SDK(  841): bind service res: true
D/DisplayPowerController(  452): send timeout msg after 1500
D/nibiru  ( 1024): onReceive->android.intent.action.USER_PRESENT
W/ContextImpl( 1024): Calling a method in the system process without a qualified user: android.app.ContextImpl.startService:1709 android.content.ContextWrapper.startService:516 android.content.ContextWrapper.startService:516 com.nibiru.vrconfig.VRReceiver.onReceive:33 android.app.ActivityThread.handleReceiver:2629
V/KeyguardServiceDelegate(  452): **** SHOWN CALLED ****
V/nibiru-device(  841): device count: 0:0:true
V/nibiru-device(  841): device count: 0:0:true
D/mali_winsys(  841): EGLint new_window_surface(egl_winsys_display*, void*, EGLSurface, EGLConfig, egl_winsys_surface**, egl_color_buffer_format*, EGLBoolean) returns 0x3000
D/HeadMountedDisplayManager(  841): Cardboard screen parameters file not found: java.io.FileNotFoundException: /storage/emulated/0/Cardboard/phone_params: open failed: ENOENT (No such file or directory)
D/ccc     (  841): trackerNative onResume
V/VR-SUPPORT( 1042): check config now
V/distort ( 1042): dx: 0.04694
V/distort ( 1042): distort y: 0.02609
V/VR-SUPPORT( 1042): config cardboard write res: true
V/NibiruVR-SDK(  841): LOAD VR CONFIG: NVRConfig [vertical_distance_to_lens_center=0.03725, screen_to_lens_distance=0.06, screen_to_lens_distance_v2=0.0315, left_eye_fov_left=45.0, left_eye_fov_right=45.0, left_eye_fov_bottom=48.3, left_eye_fov_top=48.3, distortion_coef_x=0.04694, distortion_coef_y=0.02609, distortion_coef_v2_k1=0.04694, distortion_coef_v2_k2=0.02609, screen_width=2560.0, screen_height=1440.0, border_size_meters=0.006, screen_size_x=0.12096, screen_size_y=0.06804, view_res_x=1280.0, view_res_y=1440.0, eye_fb_res_x=1280.0, eye_fb_res_y=1440.0, multi_samples=4, eye_ipd=0.06, eye_ipd_v2=0.06, lens_ipd=0.062, default_point_ratio=0.488, view_aspect_ratio=0.8888889, eye_fb_aspect_ratio=0.8888889, wrap_mesh_res_x=16, wrap_mesh_res_y=16, xMetersPerPixel=0.0, yMetersPerPixel=0.0, channel=VR0091, timestamp=0, version=1, point_z=1.5]
V/VR-SUPPORT( 1042): DEBUG: false
V/NibiruVR-SDK(  841): REV SET FPS: false
E/NibiruVRManager(  841): ================== VR CONN
V/NibiruVR-SDK(  841): service is connected
I/DisplayPowerController(  452): Unblocked screen on after 138 ms
D/ViewRootImpl(  841): 2560<<<<<< BACK FROM relayoutWM.LayoutParams{(0,0)(fillxfill)mPosX=0mPosY=0mHScale=1.0mVScale=1.0 align=UNDEFINE taskId=22 sim=#120 ty=1 fl=#1810580 fmt=-3 wanim=0x1030001 vsysui=0x1700 surfaceInsets=Rect(0, 0 - 0, 0) needsMenuKey=2packageName=com.nibiru.launcher3dtoken=android.os.BinderProxy@282c619e}
D/DisplayPowerController(  452): send timeout msg after 1500
D/DisplayPowerController(  452): send timeout msg after 1500
D/SurfaceControl(  452): Excessive delay in setPowerMode(): 1546ms
D/DisplayPowerController(  452): send timeout msg after 1500
D/DisplayPowerController(  452): MSG_BUTTON_LIGHTS_TIME_OUT
E/Lights  (  452): write_int failed to open sys/class/leds/rk29_key_led/brightness
I/Lights  (  452): >>> Enter set_keyboard_light
V/NibiruControllerService( 1804): retry check controller info[com.nibiru.tcl.vrgallery]
V/NibiruControllerService( 1804): check controller information2[C]: AUK0BO0MUP|true|com.nibiru.tcl.vrgallery|1|N0000|22|true|0
V/MsgStatisic( 1804): GET GID FAILED
V/NibiruControllerService( 1804): check controller info[checkmsg:1com.nibiru.tcl.vrgallery]: failed
V/NibiruControllerService(  934): retry check controller info[com.nibiru.launcher3d]
V/NibiruControllerService(  934): check controller information2[C]: AUK0BO0MUP|true|com.nibiru.launcher3d|1|N0000|5|true|0
V/MsgStatisic(  934): GET GID FAILED
V/NibiruControllerService(  934): check controller info[checkmsg:1com.nibiru.launcher3d]: failed
