W/BatteryStatsImpl(  466):      at com.android.server.am.BatteryStatsService.noteUserActivity(BatteryStatsService.java:358)
W/BatteryStatsImpl(  466):      at com.android.server.power.Notifier.onUserActivity(Notifier.java:360)
W/BatteryStatsImpl(  466):      at com.android.server.power.PowerManagerService.userActivityNoUpdateLocked(PowerManagerService.java:1180)
W/BatteryStatsImpl(  466):      at com.android.server.power.PowerManagerService.userActivityInternal(PowerManagerService.java:1155)
W/BatteryStatsImpl(  466):      at com.android.server.power.PowerManagerService.userActivityFromNative(PowerManagerService.java:1150)
D/DisplayPowerController(  466): button lights toggle
D/DisplayPowerController(  466): send timeout msg after 1500
D/DisplayPowerController(  466): send timeout msg after 1500
W/ContextImpl( 1353): Calling a method in the system process without a qualified user: android.app.ContextImpl.sendBroadcast:1344 android.content.ContextWrapper.sendBroadcast:377 com.nibiru.vrconfig.VRControlService.sendVRBroadcast:519 com.nibiru.vrconfig.VRControlService.access$600:68 com.nibiru.vrconfig.VRControlService$PackageChangeReceiver.onReceive:468
W/ViewRootImpl( 1715): Cancelling event due to no window focus: KeyEvent { action=ACTION_UP, keyCode=KEYCODE_BACK, scanCode=158, metaState=0, flags=0x28, repeatCount=0, eventTime=169170, downTime=168970, deviceId=0, source=0x101 }
W/ViewRootImpl( 1715): Cancelling event due to no window focus: KeyEvent { action=ACTION_UP, keyCode=KEYCODE_BACK, scanCode=158, metaState=0, flags=0x28, repeatCount=0, eventTime=169170, downTime=168970, deviceId=0, source=0x101 }
W/ViewRootImpl( 1715): Cancelling event due to no window focus: KeyEvent { action=ACTION_UP, keyCode=KEYCODE_BACK, scanCode=158, metaState=0, flags=0x28, repeatCount=0, eventTime=169170, downTime=168970, deviceId=0, source=0x101 }
W/ViewRootImpl( 1715): Cancelling event due to no window focus: KeyEvent { action=ACTION_UP, keyCode=KEYCODE_BACK, scanCode=158, metaState=0, flags=0x28, repeatCount=0, eventTime=169170, downTime=168970, deviceId=0, source=0x101 }
W/ViewRootImpl( 1715): Cancelling event due to no window focus: KeyEvent { action=ACTION_UP, keyCode=KEYCODE_BACK, scanCode=158, metaState=0, flags=0x28, repeatCount=0, eventTime=169170, downTime=168970, deviceId=0, source=0x101 }
W/ViewRootImpl( 1715): Cancelling event due to no window focus: KeyEvent { action=ACTION_UP, keyCode=KEYCODE_BACK, scanCode=158, metaState=0, flags=0x28, repeatCount=0, eventTime=169170, downTime=168970, deviceId=0, source=0x101 }
W/ViewRootImpl( 1715): Cancelling event due to no window focus: KeyEvent { action=ACTION_UP, keyCode=KEYCODE_BACK, scanCode=158, metaState=0, flags=0x28, repeatCount=0, eventTime=169170, downTime=168970, deviceId=0, source=0x101 }
W/ViewRootImpl( 1715): Cancelling event due to no window focus: KeyEvent { action=ACTION_UP, keyCode=KEYCODE_BACK, scanCode=158, metaState=0, flags=0x28, repeatCount=0, eventTime=169170, downTime=168970, deviceId=0, source=0x101 }
W/ViewRootImpl( 1715): Cancelling event due to no window focus: KeyEvent { action=ACTION_UP, keyCode=KEYCODE_BACK, scanCode=158, metaState=0, flags=0x28, repeatCount=0, eventTime=169170, downTime=168970, deviceId=0, source=0x101 }
D/DisplayPowerController(  466): MSG_BUTTON_LIGHTS_TIME_OUT
V/PhoneWindowManager(  466): truehungUp=false, mScreenshotChordVolumeDownKeyTriggered=false, mScreenshotChordVolumeDownKeyTriggered=false
D/DisplayPowerController(  466): screen off, so turn off btn && keyboard lights
I/DisplayManagerService(  466): Display device changed: DisplayDeviceInfo{"ÂÜÖÁΩÆÂ±èÂπï": uniqueId="local:0", 2560 x 1440, 60.387 fps, supportedRefreshRates [60.387], density 480, 401.0 x 401.0 dpi, appVsyncOff 0, presDeadline 17559855, touch INTERNAL, rotation 0, type BUILT_IN, state OFF, FLAG_DEFAULT_DISPLAY, FLAG_ROTATES_WITH_CONTENT, FLAG_SECURE, FLAG_SUPPORTS_PROTECTED_BUFFERS}
V/ActivityStackSupervisor(  466): Display changed displayId=0
I/DisplayPowerController(  466): Blocking screen on until initial contents have been drawn.
D/DisplayPowerController(  466): button lights toggle
D/DisplayPowerController(  466): send timeout msg after 1500
I/DisplayManagerService(  466): Display device changed: DisplayDeviceInfo{"ÂÜÖÁΩÆÂ±èÂπï": uniqueId="local:0", 2560 x 1440, 60.387 fps, supportedRefreshRates [60.387], density 480, 401.0 x 401.0 dpi, appVsyncOff 0, presDeadline 17559855, touch INTERNAL, rotation 0, type BUILT_IN, state ON, FLAG_DEFAULT_DISPLAY, FLAG_ROTATES_WITH_CONTENT, FLAG_SECURE, FLAG_SUPPORTS_PROTECTED_BUFFERS}
V/ActivityStackSupervisor(  466): Display changed displayId=0
V/ActivityStackSupervisor(  466): Display changed displayId=0
D/DisplayPowerController(  466): send timeout msg after 1500
W/ContextImpl( 1353): Calling a method in the system process without a qualified user: android.app.ContextImpl.startService:1709 android.content.ContextWrapper.startService:516 android.content.ContextWrapper.startService:516 com.nibiru.vrconfig.VRReceiver.onReceive:33 android.app.ActivityThread.handleReceiver:2629
I/DisplayPowerController(  466): Unblocked screen on after 371 ms
D/DisplayPowerController(  466): send timeout msg after 1500
D/DisplayPowerController(  466): send timeout msg after 1500
D/DisplayPowerController(  466): send timeout msg after 1500
D/DisplayPowerController(  466): MSG_BUTTON_LIGHTS_TIME_OUT
V/PhoneWindowManager(  466): truehungUp=false, mScreenshotChordVolumeDownKeyTriggered=false, mScreenshotChordVolumeDownKeyTriggered=false
D/DisplayPowerController(  466): screen off, so turn off btn && keyboard lights
I/DisplayManagerService(  466): Display device changed: DisplayDeviceInfo{"ÂÜÖÁΩÆÂ±èÂπï": uniqueId="local:0", 2560 x 1440, 60.387 fps, supportedRefreshRates [60.387], density 480, 401.0 x 401.0 dpi, appVsyncOff 0, presDeadline 17559855, touch INTERNAL, rotation 0, type BUILT_IN, state OFF, FLAG_DEFAULT_DISPLAY, FLAG_ROTATES_WITH_CONTENT, FLAG_SECURE, FLAG_SUPPORTS_PROTECTED_BUFFERS}
V/ActivityStackSupervisor(  466): Display changed displayId=0
I/DisplayPowerController(  466): Blocking screen on until initial contents have been drawn.
D/DisplayPowerController(  466): button lights toggle
D/DisplayPowerController(  466): send timeout msg after 1500
D/DisplayPowerController(  466): send timeout msg after 1500
I/DisplayPowerController(  466): Unblocked screen on after 261 ms
I/DisplayManagerService(  466): Display device changed: DisplayDeviceInfo{"ÂÜÖÁΩÆÂ±èÂπï": uniqueId="local:0", 2560 x 1440, 60.387 fps, supportedRefreshRates [60.387], density 480, 401.0 x 401.0 dpi, appVsyncOff 0, presDeadline 17559855, touch INTERNAL, rotation 0, type BUILT_IN, state ON, FLAG_DEFAULT_DISPLAY, FLAG_ROTATES_WITH_CONTENT, FLAG_SECURE, FLAG_SUPPORTS_PROTECTED_BUFFERS}
D/ActivityManagerService(  466): awakeFromSleepingLocked: previously pausing activity didn't pause
D/DisplayPowerController(  466): send timeout msg after 1500
D/DisplayPowerController(  466): send timeout msg after 1500
D/DisplayPowerController(  466): send timeout msg after 1500
V/ActivityStackSupervisor(  466): Display changed displayId=0
W/ContextImpl( 1353): Calling a method in the system process without a qualified user: android.app.ContextImpl.startService:1709 android.content.ContextWrapper.startService:516 android.content.ContextWrapper.startService:516 com.nibiru.vrconfig.VRReceiver.onReceive:33 android.app.ActivityThread.handleReceiver:2629
V/PhoneWindowManager(  466): truehungUp=false, mScreenshotChordVolumeDownKeyTriggered=false, mScreenshotChordVolumeDownKeyTriggered=false
D/DisplayPowerController(  466): screen off, so turn off btn && keyboard lights
I/DisplayManagerService(  466): Display device changed: DisplayDeviceInfo{"ÂÜÖÁΩÆÂ±èÂπï": uniqueId="local:0", 2560 x 1440, 60.387 fps, supportedRefreshRates [60.387], density 480, 401.0 x 401.0 dpi, appVsyncOff 0, presDeadline 17559855, touch INTERNAL, rotation 0, type BUILT_IN, state OFF, FLAG_DEFAULT_DISPLAY, FLAG_ROTATES_WITH_CONTENT, FLAG_SECURE, FLAG_SUPPORTS_PROTECTED_BUFFERS}
V/ActivityStackSupervisor(  466): Display changed displayId=0
I/DisplayPowerController(  466): Blocking screen on until initial contents have been drawn.
D/DisplayPowerController(  466): button lights toggle
D/DisplayPowerController(  466): send timeout msg after 1500
I/DisplayManagerService(  466): Display device changed: DisplayDeviceInfo{"ÂÜÖÁΩÆÂ±èÂπï": uniqueId="local:0", 2560 x 1440, 60.387 fps, supportedRefreshRates [60.387], density 480, 401.0 x 401.0 dpi, appVsyncOff 0, presDeadline 17559855, touch INTERNAL, rotation 0, type BUILT_IN, state ON, FLAG_DEFAULT_DISPLAY, FLAG_ROTATES_WITH_CONTENT, FLAG_SECURE, FLAG_SUPPORTS_PROTECTED_BUFFERS}
V/ActivityStackSupervisor(  466): Display changed displayId=0
D/DisplayPowerController(  466): send timeout msg after 1500
W/ContextImpl( 1353): Calling a method in the system process without a qualified user: android.app.ContextImpl.startService:1709 android.content.ContextWrapper.startService:516 android.content.ContextWrapper.startService:516 com.nibiru.vrconfig.VRReceiver.onReceive:33 android.app.ActivityThread.handleReceiver:2629
I/DisplayPowerController(  466): Unblocked screen on after 120 ms
D/DisplayPowerController(  466): send timeout msg after 1500
D/DisplayPowerController(  466): send timeout msg after 1500
D/DisplayPowerController(  466): send timeout msg after 1500
V/PhoneWindowManager(  466): truehungUp=false, mScreenshotChordVolumeDownKeyTriggered=false, mScreenshotChordVolumeDownKeyTriggered=false
V/PhoneWindowManager(  466): falsehungUp=false, mScreenshotChordVolumeDownKeyTriggered=false, mScreenshotChordVolumeDownKeyTriggered=false
D/ActivityManagerService(  466): awakeFromSleepingLocked: previously pausing activity didn't pause
V/ActivityStackSupervisor(  466): Display changed displayId=0
W/ContextImpl( 1353): Calling a method in the system process without a qualified user: android.app.ContextImpl.startService:1709 android.content.ContextWrapper.startService:516 android.content.ContextWrapper.startService:516 com.nibiru.vrconfig.VRReceiver.onReceive:33 android.app.ActivityThread.handleReceiver:2629
D/DisplayPowerController(  466): screen off, so turn off btn && keyboard lights
I/DisplayPowerController(  466): Blocking screen on until initial contents have been drawn.
I/DisplayPowerController(  466): Unblocked screen on after 21 ms
W/ContextImpl(  466): Calling a method in the system process without a qualified user: android.app.ContextImpl.sendBroadcast:1344 com.android.server.policy.nibiru.NibiruKeyManager.sendNibiruBroadcast:94 com.android.server.policy.nibiru.NibiruKeyManager.handleKeyEvent:83 com.android.internal.policy.impl.PhoneWindowManager.interceptKeyBeforeDispatching:2657 com.android.server.wm.InputMonitor.interceptKeyBeforeDispatching:476
I/ActivityStackSupervisor(  466): START u0 {act=android.intent.action.MAIN cat=[android.intent.category.LAUNCHER] flg=0x10000000 pkg=com.nibiru.vr.media.pptv cmp=com.nibiru.vr.media.pptv/com.nibiru.vr.media.ui.VideolistGalleryActivity} from uid 10028 on display 0
V/WindowManagerService(  466): Adding window Window{1f393d58 u0 Starting com.nibiru.vr.media.pptv} at 3 of 9 (after Window{29bbb9a9 u0 com.nibiru.launcher3d/com.nibiru.lanchuer.Lanchuer2DActivity})
V/WindowManagerService(  466): Adding window Window{1a051621 u0 com.nibiru.vr.media.pptv/com.nibiru.vr.media.ui.VideolistGalleryActivity} at 3 of 10 (before Window{1f393d58 u0 Starting com.nibiru.vr.media.pptv})
V/WindowManagerService(  466): Adding window Window{12240407 u0 SurfaceView} at 3 of 11 (before Window{1a051621 u0 com.nibiru.vr.media.pptv/com.nibiru.vr.media.ui.VideolistGalleryActivity})
W/BatteryStatsImpl(  466): Unknown user activity type 3 was specified.
W/BatteryStatsImpl(  466): java.lang.Throwable
W/BatteryStatsImpl(  466):      at com.android.internal.os.BatteryStatsImpl$Uid.noteUserActivityLocked(BatteryStatsImpl.java:4617)
W/BatteryStatsImpl(  466):      at com.android.internal.os.BatteryStatsImpl.noteUserActivityLocked(BatteryStatsImpl.java:3115)
W/BatteryStatsImpl(  466):      at com.android.server.am.BatteryStatsService.noteUserActivity(BatteryStatsService.java:358)
W/BatteryStatsImpl(  466):      at com.android.server.power.Notifier.onUserActivity(Notifier.java:360)
W/BatteryStatsImpl(  466):      at com.android.server.power.PowerManagerService.userActivityNoUpdateLocked(PowerManagerService.java:1180)
W/BatteryStatsImpl(  466):      at com.android.server.power.PowerManagerService.userActivityInternal(PowerManagerService.java:1155)
W/BatteryStatsImpl(  466):      at com.android.server.power.PowerManagerService.userActivityFromNative(PowerManagerService.java:1150)
D/DisplayPowerController(  466): button lights toggle
D/DisplayPowerController(  466): send timeout msg after 1500
D/DisplayPowerController(  466): send timeout msg after 1500
W/ViewRootImpl( 1948): Cancelling event due to no window focus: KeyEvent { action=ACTION_UP, keyCode=KEYCODE_BACK, scanCode=158, metaState=0, flags=0x28, repeatCount=0, eventTime=185547, downTime=185470, deviceId=0, source=0x101 }
W/ViewRootImpl( 1948): Cancelling event due to no window focus: KeyEvent { action=ACTION_UP, keyCode=KEYCODE_BACK, scanCode=158, metaState=0, flags=0x28, repeatCount=0, eventTime=185547, downTime=185470, deviceId=0, source=0x101 }
W/ViewRootImpl( 1948): Cancelling event due to no window focus: KeyEvent { action=ACTION_UP, keyCode=KEYCODE_BACK, scanCode=158, metaState=0, flags=0x28, repeatCount=0, eventTime=185547, downTime=185470, deviceId=0, source=0x101 }
W/ViewRootImpl( 1948): Cancelling event due to no window focus: KeyEvent { action=ACTION_UP, keyCode=KEYCODE_BACK, scanCode=158, metaState=0, flags=0x28, repeatCount=0, eventTime=185547, downTime=185470, deviceId=0, source=0x101 }
W/ViewRootImpl( 1948): Cancelling event due to no window focus: KeyEvent { action=ACTION_UP, keyCode=KEYCODE_BACK, scanCode=158, metaState=0, flags=0x28, repeatCount=0, eventTime=185547, downTime=185470, deviceId=0, source=0x101 }
W/ViewRootImpl( 1948): Cancelling event due to no window focus: KeyEvent { action=ACTION_UP, keyCode=KEYCODE_BACK, scanCode=158, metaState=0, flags=0x28, repeatCount=0, eventTime=185547, downTime=185470, deviceId=0, source=0x101 }
W/ContextImpl( 1353): Calling a method in the system process without a qualified user: android.app.ContextImpl.sendBroadcast:1344 android.content.ContextWrapper.sendBroadcast:377 com.nibiru.vrconfig.VRControlService.sendVRBroadcast:519 com.nibiru.vrconfig.VRControlService.access$600:68 com.nibiru.vrconfig.VRControlService$PackageChangeReceiver.onReceive:468
W/ViewRootImpl( 1715): Cancelling event due to no window focus: KeyEvent { action=ACTION_UP, keyCode=KEYCODE_BACK, scanCode=158, metaState=0, flags=0x28, repeatCount=0, eventTime=185670, downTime=185470, deviceId=0, source=0x101 }
W/ViewRootImpl( 1715): Cancelling event due to no window focus: KeyEvent { action=ACTION_UP, keyCode=KEYCODE_BACK, scanCode=158, metaState=0, flags=0x28, repeatCount=0, eventTime=185670, downTime=185470, deviceId=0, source=0x101 }
W/ViewRootImpl( 1715): Cancelling event due to no window focus: KeyEvent { action=ACTION_UP, keyCode=KEYCODE_BACK, scanCode=158, metaState=0, flags=0x28, repeatCount=0, eventTime=185670, downTime=185470, deviceId=0, source=0x101 }
W/ViewRootImpl( 1715): Cancelling event due to no window focus: KeyEvent { action=ACTION_UP, keyCode=KEYCODE_BACK, scanCode=158, metaState=0, flags=0x28, repeatCount=0, eventTime=185670, downTime=185470, deviceId=0, source=0x101 }
W/ViewRootImpl( 1715): Cancelling event due to no window focus: KeyEvent { action=ACTION_UP, keyCode=KEYCODE_BACK, scanCode=158, metaState=0, flags=0x28, repeatCount=0, eventTime=185670, downTime=185470, deviceId=0, source=0x101 }
W/ViewRootImpl( 1715): Cancelling event due to no window focus: KeyEvent { action=ACTION_UP, keyCode=KEYCODE_BACK, scanCode=158, metaState=0, flags=0x28, repeatCount=0, eventTime=185670, downTime=185470, deviceId=0, source=0x101 }
W/ViewRootImpl( 1715): Cancelling event due to no window focus: KeyEvent { action=ACTION_UP, keyCode=KEYCODE_BACK, scanCode=158, metaState=0, flags=0x28, repeatCount=0, eventTime=185670, downTime=185470, deviceId=0, source=0x101 }
W/ViewRootImpl( 1715): Cancelling event due to no window focus: KeyEvent { action=ACTION_UP, keyCode=KEYCODE_BACK, scanCode=158, metaState=0, flags=0x28, repeatCount=0, eventTime=185670, downTime=185470, deviceId=0, source=0x101 }
W/ViewRootImpl( 1715): Cancelling event due to no window focus: KeyEvent { action=ACTION_UP, keyCode=KEYCODE_BACK, scanCode=158, metaState=0, flags=0x28, repeatCount=0, eventTime=185670, downTime=185470, deviceId=0, source=0x101 }
D/DisplayPowerController(  466): MSG_BUTTON_LIGHTS_TIME_OUT
W/ContextImpl(  466): Calling a method in the system process without a qualified user: android.app.ContextImpl.sendBroadcast:1344 com.android.server.policy.nibiru.NibiruKeyManager.sendNibiruBroadcast:94 com.android.server.policy.nibiru.NibiruKeyManager.handleKeyEvent:83 com.android.internal.policy.impl.PhoneWindowManager.interceptKeyBeforeDispatching:2657 com.android.server.wm.InputMonitor.interceptKeyBeforeDispatching:476
W/ContextImpl(  466): Calling a method in the system process without a qualified user: android.app.ContextImpl.sendBroadcast:1344 com.android.server.policy.nibiru.NibiruKeyManager.sendNibiruBroadcast:94 com.android.server.policy.nibiru.NibiruKeyManager.handleKeyEvent:83 com.android.internal.policy.impl.PhoneWindowManager.interceptKeyBeforeDispatching:2657 com.android.server.wm.InputMonitor.interceptKeyBeforeDispatching:476
W/ContextImpl(  466): Calling a method in the system process without a qualified user: android.app.ContextImpl.sendBroadcast:1344 com.android.server.policy.nibiru.NibiruKeyManager.sendNibiruBroadcast:94 com.android.server.policy.nibiru.NibiruKeyManager.handleKeyEvent:83 com.android.internal.policy.impl.PhoneWindowManager.interceptKeyBeforeDispatching:2657 com.android.server.wm.InputMonitor.interceptKeyBeforeDispatching:476
I/ActivityStackSupervisor(  466): START u0 {act=android.intent.action.MAIN cat=[android.intent.category.LAUNCHER] flg=0x10000000 pkg=com.nibiru.nibiruvrmedia360 cmp=com.nibiru.nibiruvrmedia360/.view.MainActivity} from uid 10028 on display 0
V/WindowManagerService(  466): Adding window Window{1b8ec991 u0 Starting com.nibiru.nibiruvrmedia360} at 3 of 9 (after Window{29bbb9a9 u0 com.nibiru.launcher3d/com.nibiru.lanchuer.Lanchuer2DActivity})
I/ActivityManagerService(  466): Start proc 2119:com.nibiru.nibiruvrmedia360/u0a35 for activity com.nibiru.nibiruvrmedia360/.view.MainActivity
V/PhoneWindowManager(  466): truehungUp=false, mScreenshotChordVolumeDownKeyTriggered=false, mScreenshotChordVolumeDownKeyTriggered=false
I/ActivityManagerService(  466): Start proc 2146:com.nibiru.nibiruvrmedia360:controller/u0a35 for service com.nibiru.nibiruvrmedia360/com.nibiru.lib.utils.NibiruControllerService
V/WindowManagerService(  466): Adding window Window{54f4de2 u0 com.nibiru.nibiruvrmedia360/com.nibiru.nibiruvrmedia360.view.MainActivity} at 3 of 10 (before Window{1b8ec991 u0 Starting com.nibiru.nibiruvrmedia360})
D/DisplayPowerController(  466): screen off, so turn off btn && keyboard lights
I/DisplayManagerService(  466): Display device changed: DisplayDeviceInfo{"ÂÜÖÁΩÆÂ±èÂπï": uniqueId="local:0", 2560 x 1440, 60.387 fps, supportedRefreshRates [60.387], density 480, 401.0 x 401.0 dpi, appVsyncOff 0, presDeadline 17559855, touch INTERNAL, rotation 0, type BUILT_IN, state OFF, FLAG_DEFAULT_DISPLAY, FLAG_ROTATES_WITH_CONTENT, FLAG_SECURE, FLAG_SUPPORTS_PROTECTED_BUFFERS}
V/ActivityStackSupervisor(  466): Display changed displayId=0
I/DisplayPowerController(  466): Blocking screen on until initial contents have been drawn.
D/DisplayPowerController(  466): button lights toggle
D/DisplayPowerController(  466): send timeout msg after 1500
D/ActivityManagerService(  466): awakeFromSleepingLocked: previously pausing activity didn't pause
D/DisplayPowerController(  466): send timeout msg after 1500
I/DisplayManagerService(  466): Display device changed: DisplayDeviceInfo{"ÂÜÖÁΩÆÂ±èÂπï": uniqueId="local:0", 2560 x 1440, 60.387 fps, supportedRefreshRates [60.387], density 480, 401.0 x 401.0 dpi, appVsyncOff 0, presDeadline 17559855, touch INTERNAL, rotation 0, type BUILT_IN, state ON, FLAG_DEFAULT_DISPLAY, FLAG_ROTATES_WITH_CONTENT, FLAG_SECURE, FLAG_SUPPORTS_PROTECTED_BUFFERS}
V/ActivityStackSupervisor(  466): Display changed displayId=0
V/ActivityStackSupervisor(  466): Display changed displayId=0
V/WindowManagerService(  466): Adding window Window{340fc30 u0 SurfaceView} at 3 of 11 (before Window{54f4de2 u0 com.nibiru.nibiruvrmedia360/com.nibiru.nibiruvrmedia360.view.MainActivity})
W/ContextImpl( 1353): Calling a method in the system process without a qualified user: android.app.ContextImpl.startService:1709 android.content.ContextWrapper.startService:516 android.content.ContextWrapper.startService:516 com.nibiru.vrconfig.VRReceiver.onReceive:33 android.app.ActivityThread.handleReceiver:2629
D/DisplayPowerController(  466): send timeout msg after 1500
W/WindowManagerService(  466): Timeout waiting for drawn: undrawn=[Window{1b8ec991 u0 Starting com.nibiru.nibiruvrmedia360}, Window{54f4de2 u0 com.nibiru.nibiruvrmedia360/com.nibiru.nibiruvrmedia360.view.MainActivity}]
W/WindowManagerService(  466): Window freeze timeout expired.
W/WindowManagerService(  466): Force clearing orientation change: Window{1b8ec991 u0 Starting com.nibiru.nibiruvrmedia360}
W/WindowManagerService(  466): Force clearing orientation change: Window{54f4de2 u0 com.nibiru.nibiruvrmedia360/com.nibiru.nibiruvrmedia360.view.MainActivity}
W/WindowManagerService(  466): Force clearing orientation change: Window{340fc30 u0 SurfaceView}
W/WindowManagerService(  466): Force clearing orientation change: Window{366aef05 u0 com.android.systemui.ImageWallpaper}
I/DisplayPowerController(  466): Unblocked screen on after 1637 ms
D/DisplayPowerController(  466): send timeout msg after 1500
D/DisplayPowerController(  466): send timeout msg after 1500
D/DisplayPowerController(  466): MSG_BUTTON_LIGHTS_TIME_OUT
D/TaskPersister(  466): removeObsoleteFile: deleting file=6_task.xml
D/TaskPersister(  466): removeObsoleteFile: deleting file=6_task_thumbnail.png
W/BatteryStatsImpl(  466): Unknown user activity type 3 was specified.
W/BatteryStatsImpl(  466): java.lang.Throwable
W/BatteryStatsImpl(  466):      at com.android.internal.os.BatteryStatsImpl$Uid.noteUserActivityLocked(BatteryStatsImpl.java:4617)
W/BatteryStatsImpl(  466):      at com.android.internal.os.BatteryStatsImpl.noteUserActivityLocked(BatteryStatsImpl.java:3115)
W/BatteryStatsImpl(  466):      at com.android.server.am.BatteryStatsService.noteUserActivity(BatteryStatsService.java:358)
W/BatteryStatsImpl(  466):      at com.android.server.power.Notifier.onUserActivity(Notifier.java:360)
W/BatteryStatsImpl(  466):      at com.android.server.power.PowerManagerService.userActivityNoUpdateLocked(PowerManagerService.java:1180)
W/BatteryStatsImpl(  466):      at com.android.server.power.PowerManagerService.userActivityInternal(PowerManagerService.java:1155)
W/BatteryStatsImpl(  466):      at com.android.server.power.PowerManagerService.userActivityFromNative(PowerManagerService.java:1150)
D/DisplayPowerController(  466): button lights toggle
D/DisplayPowerController(  466): send timeout msg after 1500
D/DisplayPowerController(  466): send timeout msg after 1500
V/ActivityStackSupervisor(  466): Display changed displayId=0
W/ContextImpl( 1353): Calling a method in the system process without a qualified user: android.app.ContextImpl.sendBroadcast:1344 android.content.ContextWrapper.sendBroadcast:377 com.nibiru.vrconfig.VRControlService.sendVRBroadcast:519 com.nibiru.vrconfig.VRControlService.access$600:68 com.nibiru.vrconfig.VRControlService$PackageChangeReceiver.onReceive:468
W/ViewRootImpl( 1715): Cancelling event due to no window focus: KeyEvent { action=ACTION_UP, keyCode=KEYCODE_BACK, scanCode=158, metaState=0, flags=0x28, repeatCount=0, eventTime=196970, downTime=196770, deviceId=0, source=0x101 }
W/ViewRootImpl( 1715): Cancelling event due to no window focus: KeyEvent { action=ACTION_UP, keyCode=KEYCODE_BACK, scanCode=158, metaState=0, flags=0x28, repeatCount=0, eventTime=196970, downTime=196770, deviceId=0, source=0x101 }
W/ViewRootImpl( 1715): Cancelling event due to no window focus: KeyEvent { action=ACTION_UP, keyCode=KEYCODE_BACK, scanCode=158, metaState=0, flags=0x28, repeatCount=0, eventTime=196970, downTime=196770, deviceId=0, source=0x101 }
W/ViewRootImpl( 1715): Cancelling event due to no window focus: KeyEvent { action=ACTION_UP, keyCode=KEYCODE_BACK, scanCode=158, metaState=0, flags=0x28, repeatCount=0, eventTime=196970, downTime=196770, deviceId=0, source=0x101 }
W/ViewRootImpl( 1715): Cancelling event due to no window focus: KeyEvent { action=ACTION_UP, keyCode=KEYCODE_BACK, scanCode=158, metaState=0, flags=0x28, repeatCount=0, eventTime=196970, downTime=196770, deviceId=0, source=0x101 }
W/ViewRootImpl( 1715): Cancelling event due to no window focus: KeyEvent { action=ACTION_UP, keyCode=KEYCODE_BACK, scanCode=158, metaState=0, flags=0x28, repeatCount=0, eventTime=196970, downTime=196770, deviceId=0, source=0x101 }
W/ViewRootImpl( 1715): Cancelling event due to no window focus: KeyEvent { action=ACTION_UP, keyCode=KEYCODE_BACK, scanCode=158, metaState=0, flags=0x28, repeatCount=0, eventTime=196970, downTime=196770, deviceId=0, source=0x101 }
W/ViewRootImpl( 1715): Cancelling event due to no window focus: KeyEvent { action=ACTION_UP, keyCode=KEYCODE_BACK, scanCode=158, metaState=0, flags=0x28, repeatCount=0, eventTime=196970, downTime=196770, deviceId=0, source=0x101 }
W/ViewRootImpl( 1715): Cancelling event due to no window focus: KeyEvent { action=ACTION_UP, keyCode=KEYCODE_BACK, scanCode=158, metaState=0, flags=0x28, repeatCount=0, eventTime=196970, downTime=196770, deviceId=0, source=0x101 }
D/DisplayPowerController(  466): MSG_BUTTON_LIGHTS_TIME_OUT
W/ContextImpl(  466): Calling a method in the system process without a qualified user: android.app.ContextImpl.sendBroadcast:1344 com.android.server.policy.nibiru.NibiruKeyManager.sendNibiruBroadcast:94 com.android.server.policy.nibiru.NibiruKeyManager.handleKeyEvent:83 com.android.internal.policy.impl.PhoneWindowManager.interceptKeyBeforeDispatching:2657 com.android.server.wm.InputMonitor.interceptKeyBeforeDispatching:476
W/ContextImpl(  466): Calling a method in the system process without a qualified user: android.app.ContextImpl.sendBroadcast:1344 com.android.server.policy.nibiru.NibiruKeyManager.sendNibiruBroadcast:94 com.android.server.policy.nibiru.NibiruKeyManager.handleKeyEvent:83 com.android.internal.policy.impl.PhoneWindowManager.interceptKeyBeforeDispatching:2657 com.android.server.wm.InputMonitor.interceptKeyBeforeDispatching:476
I/ActivityStackSupervisor(  466): START u0 {act=com.nibiru.tcl.360vrgallery.MAIN flg=0x10000000 cmp=com.nibiru.tcl.vrphotogallery/com.vrphotogallery.view.MainActivity} from uid 10028 on display 0
V/WindowManagerService(  466): Adding window Window{1d39b0bf u0 Starting com.nibiru.tcl.vrphotogallery} at 3 of 9 (after Window{29bbb9a9 u0 com.nibiru.launcher3d/com.nibiru.lanchuer.Lanchuer2DActivity})
I/ActivityManagerService(  466): Start proc 2244:com.nibiru.tcl.vrphotogallery/u0a33 for activity com.nibiru.tcl.vrphotogallery/com.vrphotogallery.view.MainActivity
I/ActivityManagerService(  466): Start proc 2271:com.nibiru.tcl.vrphotogallery:controller/u0a33 for service com.nibiru.tcl.vrphotogallery/com.nibiru.lib.utils.NibiruControllerService
V/WindowManagerService(  466): Adding window Window{175e7a9f u0 com.nibiru.tcl.vrphotogallery/com.vrphotogallery.view.MainActivity} at 3 of 10 (before Window{1d39b0bf u0 Starting com.nibiru.tcl.vrphotogallery})
V/WindowManagerService(  466): Adding window Window{343a21bb u0 SurfaceView} at 3 of 11 (before Window{175e7a9f u0 com.nibiru.tcl.vrphotogallery/com.vrphotogallery.view.MainActivity})
V/PhoneWindowManager(  466): truehungUp=false, mScreenshotChordVolumeDownKeyTriggered=false, mScreenshotChordVolumeDownKeyTriggered=false
D/DisplayPowerController(  466): screen off, so turn off btn && keyboard lights
I/DisplayManagerService(  466): Display device changed: DisplayDeviceInfo{"ÂÜÖÁΩÆÂ±èÂπï": uniqueId="local:0", 2560 x 1440, 60.387 fps, supportedRefreshRates [60.387], density 480, 401.0 x 401.0 dpi, appVsyncOff 0, presDeadline 17559855, touch INTERNAL, rotation 0, type BUILT_IN, state OFF, FLAG_DEFAULT_DISPLAY, FLAG_ROTATES_WITH_CONTENT, FLAG_SECURE, FLAG_SUPPORTS_PROTECTED_BUFFERS}
V/ActivityStackSupervisor(  466): Display changed displayId=0
I/DisplayPowerController(  466): Blocking screen on until initial contents have been drawn.
D/DisplayPowerController(  466): button lights toggle
D/DisplayPowerController(  466): send timeout msg after 1500
V/ActivityStackSupervisor(  466): Display changed displayId=0
D/DisplayPowerController(  466): send timeout msg after 1500
I/DisplayManagerService(  466): Display device changed: DisplayDeviceInfo{"ÂÜÖÁΩÆÂ±èÂπï": uniqueId="local:0", 2560 x 1440, 60.387 fps, supportedRefreshRates [60.387], density 480, 401.0 x 401.0 dpi, appVsyncOff 0, presDeadline 17559855, touch INTERNAL, rotation 0, type BUILT_IN, state ON, FLAG_DEFAULT_DISPLAY, FLAG_ROTATES_WITH_CONTENT, FLAG_SECURE, FLAG_SUPPORTS_PROTECTED_BUFFERS}
V/ActivityStackSupervisor(  466): Display changed displayId=0
W/ContextImpl( 1353): Calling a method in the system process without a qualified user: android.app.ContextImpl.startService:1709 android.content.ContextWrapper.startService:516 android.content.ContextWrapper.startService:516 com.nibiru.vrconfig.VRReceiver.onReceive:33 android.app.ActivityThread.handleReceiver:2629
I/DisplayPowerController(  466): Unblocked screen on after 255 ms
D/DisplayPowerController(  466): send timeout msg after 1500
D/DisplayPowerController(  466): send timeout msg after 1500
D/DisplayPowerController(  466): send timeout msg after 1500
D/DisplayPowerController(  466): MSG_BUTTON_LIGHTS_TIME_OUT
V/PhoneWindowManager(  466): truehungUp=false, mScreenshotChordVolumeDownKeyTriggered=false, mScreenshotChordVolumeDownKeyTriggered=false
D/DisplayPowerController(  466): screen off, so turn off btn && keyboard lights
I/DisplayManagerService(  466): Display device changed: DisplayDeviceInfo{"ÂÜÖÁΩÆÂ±èÂπï": uniqueId="local:0", 2560 x 1440, 60.387 fps, supportedRefreshRates [60.387], density 480, 401.0 x 401.0 dpi, appVsyncOff 0, presDeadline 17559855, touch INTERNAL, rotation 0, type BUILT_IN, state OFF, FLAG_DEFAULT_DISPLAY, FLAG_ROTATES_WITH_CONTENT, FLAG_SECURE, FLAG_SUPPORTS_PROTECTED_BUFFERS}
V/ActivityStackSupervisor(  466): Display changed displayId=0
I/DisplayPowerController(  466): Blocking screen on until initial contents have been drawn.
D/DisplayPowerController(  466): button lights toggle
D/DisplayPowerController(  466): send timeout msg after 1500
I/DisplayManagerService(  466): Display device changed: DisplayDeviceInfo{"ÂÜÖÁΩÆÂ±èÂπï": uniqueId="local:0", 2560 x 1440, 60.387 fps, supportedRefreshRates [60.387], density 480, 401.0 x 401.0 dpi, appVsyncOff 0, presDeadline 17559855, touch INTERNAL, rotation 0, type BUILT_IN, state ON, FLAG_DEFAULT_DISPLAY, FLAG_ROTATES_WITH_CONTENT, FLAG_SECURE, FLAG_SUPPORTS_PROTECTED_BUFFERS}
V/ActivityStackSupervisor(  466): Display changed displayId=0
D/DisplayPowerController(  466): send timeout msg after 1500
W/ContextImpl( 1353): Calling a method in the system process without a qualified user: android.app.ContextImpl.startService:1709 android.content.ContextWrapper.startService:516 android.content.ContextWrapper.startService:516 com.nibiru.vrconfig.VRReceiver.onReceive:33 android.app.ActivityThread.handleReceiver:2629
I/DisplayPowerController(  466): Unblocked screen on after 237 ms
D/DisplayPowerController(  466): send timeout msg after 1500
D/DisplayPowerController(  466): send timeout msg after 1500
D/DisplayPowerController(  466): send timeout msg after 1500
D/DisplayPowerController(  466): MSG_BUTTON_LIGHTS_TIME_OUT
V/PhoneWindowManager(  466): truehungUp=false, mScreenshotChordVolumeDownKeyTriggered=false, mScreenshotChordVolumeDownKeyTriggered=false
V/PhoneWindowManager(  466): falsehungUp=false, mScreenshotChordVolumeDownKeyTriggered=false, mScreenshotChordVolumeDownKeyTriggered=false
D/ActivityManagerService(  466): awakeFromSleepingLocked: previously pausing activity didn't pause
V/ActivityStackSupervisor(  466): Display changed displayId=0
W/ContextImpl( 1353): Calling a method in the system process without a qualified user: android.app.ContextImpl.startService:1709 android.content.ContextWrapper.startService:516 android.content.ContextWrapper.startService:516 com.nibiru.vrconfig.VRReceiver.onReceive:33 android.app.ActivityThread.handleReceiver:2629
D/DisplayPowerController(  466): screen off, so turn off btn && keyboard lights
I/DisplayPowerController(  466): Blocking screen on until initial contents have been drawn.
I/DisplayPowerController(  466): Unblocked screen on after 22 ms
V/PhoneWindowManager(  466): truehungUp=false, mScreenshotChordVolumeDownKeyTriggered=false, mScreenshotChordVolumeDownKeyTriggered=false
D/DisplayPowerController(  466): screen off, so turn off btn && keyboard lights
I/DisplayManagerService(  466): Display device changed: DisplayDeviceInfo{"ÂÜÖÁΩÆÂ±èÂπï": uniqueId="local:0", 2560 x 1440, 60.387 fps, supportedRefreshRates [60.387], density 480, 401.0 x 401.0 dpi, appVsyncOff 0, presDeadline 17559855, touch INTERNAL, rotation 0, type BUILT_IN, state OFF, FLAG_DEFAULT_DISPLAY, FLAG_ROTATES_WITH_CONTENT, FLAG_SECURE, FLAG_SUPPORTS_PROTECTED_BUFFERS}
V/ActivityStackSupervisor(  466): Display changed displayId=0
I/DisplayPowerController(  466): Blocking screen on until initial contents have been drawn.
D/ActivityManagerService(  466): awakeFromSleepingLocked: previously pausing activity didn't pause
D/DisplayPowerController(  466): button lights toggle
D/DisplayPowerController(  466): send timeout msg after 1500
D/DisplayPowerController(  466): send timeout msg after 1500
I/DisplayManagerService(  466): Display device changed: DisplayDeviceInfo{"ÂÜÖÁΩÆÂ±èÂπï": uniqueId="local:0", 2560 x 1440, 60.387 fps, supportedRefreshRates [60.387], density 480, 401.0 x 401.0 dpi, appVsyncOff 0, presDeadline 17559855, touch INTERNAL, rotation 0, type BUILT_IN, state ON, FLAG_DEFAULT_DISPLAY, FLAG_ROTATES_WITH_CONTENT, FLAG_SECURE, FLAG_SUPPORTS_PROTECTED_BUFFERS}
V/ActivityStackSupervisor(  466): Display changed displayId=0
V/ActivityStackSupervisor(  466): Display changed displayId=0
W/ContextImpl( 1353): Calling a method in the system process without a qualified user: android.app.ContextImpl.startService:1709 android.content.ContextWrapper.startService:516 android.content.ContextWrapper.startService:516 com.nibiru.vrconfig.VRReceiver.onReceive:33 android.app.ActivityThread.handleReceiver:2629
I/DisplayPowerController(  466): Unblocked screen on after 293 ms
D/DisplayPowerController(  466): send timeout msg after 1500
D/DisplayPowerController(  466): send timeout msg after 1500
D/DisplayPowerController(  466): send timeout msg after 1500
D/DisplayPowerController(  466): MSG_BUTTON_LIGHTS_TIME_OUT
V/PhoneWindowManager(  466): truehungUp=false, mScreenshotChordVolumeDownKeyTriggered=false, mScreenshotChordVolumeDownKeyTriggered=false
D/DisplayPowerController(  466): screen off, so turn off btn && keyboard lights
I/DisplayManagerService(  466): Display device changed: DisplayDeviceInfo{"ÂÜÖÁΩÆÂ±èÂπï": uniqueId="local:0", 2560 x 1440, 60.387 fps, supportedRefreshRates [60.387], density 480, 401.0 x 401.0 dpi, appVsyncOff 0, presDeadline 17559855, touch INTERNAL, rotation 0, type BUILT_IN, state OFF, FLAG_DEFAULT_DISPLAY, FLAG_ROTATES_WITH_CONTENT, FLAG_SECURE, FLAG_SUPPORTS_PROTECTED_BUFFERS}
V/ActivityStackSupervisor(  466): Display changed displayId=0
I/DisplayPowerController(  466): Blocking screen on until initial contents have been drawn.
D/DisplayPowerController(  466): button lights toggle
D/DisplayPowerController(  466): send timeout msg after 1500
D/DisplayPowerController(  466): send timeout msg after 1500
D/DisplayPowerController(  466): send timeout msg after 1500
D/DisplayPowerController(  466): send timeout msg after 1500
D/ActivityManagerService(  466): awakeFromSleepingLocked: previously pausing activity didn't pause
I/DisplayPowerController(  466): Unblocked screen on after 1761 ms
I/DisplayManagerService(  466): Display device changed: DisplayDeviceInfo{"ÂÜÖÁΩÆÂ±èÂπï": uniqueId="local:0", 2560 x 1440, 60.387 fps, supportedRefreshRates [60.387], density 480, 401.0 x 401.0 dpi, appVsyncOff 0, presDeadline 17559855, touch INTERNAL, rotation 0, type BUILT_IN, state ON, FLAG_DEFAULT_DISPLAY, FLAG_ROTATES_WITH_CONTENT, FLAG_SECURE, FLAG_SUPPORTS_PROTECTED_BUFFERS}
V/ActivityStackSupervisor(  466): Display changed displayId=0
D/DisplayPowerController(  466): send timeout msg after 1500
D/DisplayPowerController(  466): send timeout msg after 1500
W/ContextImpl( 1353): Calling a method in the system process without a qualified user: android.app.ContextImpl.startService:1709 android.content.ContextWrapper.startService:516 android.content.ContextWrapper.startService:516 com.nibiru.vrconfig.VRReceiver.onReceive:33 android.app.ActivityThread.handleReceiver:2629
V/PhoneWindowManager(  466): truehungUp=false, mScreenshotChordVolumeDownKeyTriggered=false, mScreenshotChordVolumeDownKeyTriggered=false
D/DisplayPowerController(  466): screen off, so turn off btn && keyboard lights
I/DisplayManagerService(  466): Display device changed: DisplayDeviceInfo{"ÂÜÖÁΩÆÂ±èÂπï": uniqueId="local:0", 2560 x 1440, 60.387 fps, supportedRefreshRates [60.387], density 480, 401.0 x 401.0 dpi, appVsyncOff 0, presDeadline 17559855, touch INTERNAL, rotation 0, type BUILT_IN, state OFF, FLAG_DEFAULT_DISPLAY, FLAG_ROTATES_WITH_CONTENT, FLAG_SECURE, FLAG_SUPPORTS_PROTECTED_BUFFERS}
V/ActivityStackSupervisor(  466): Display changed displayId=0
I/DisplayPowerController(  466): Blocking screen on until initial contents have been drawn.
D/DisplayPowerController(  466): button lights toggle
D/DisplayPowerController(  466): send timeout msg after 1500
I/DisplayManagerService(  466): Display device changed: DisplayDeviceInfo{"ÂÜÖÁΩÆÂ±èÂπï": uniqueId="local:0", 2560 x 1440, 60.387 fps, supportedRefreshRates [60.387], density 480, 401.0 x 401.0 dpi, appVsyncOff 0, presDeadline 17559855, touch INTERNAL, rotation 0, type BUILT_IN, state ON, FLAG_DEFAULT_DISPLAY, FLAG_ROTATES_WITH_CONTENT, FLAG_SECURE, FLAG_SUPPORTS_PROTECTED_BUFFERS}
V/ActivityStackSupervisor(  466): Display changed displayId=0
D/DisplayPowerController(  466): send timeout msg after 1500
W/ContextImpl( 1353): Calling a method in the system process without a qualified user: android.app.ContextImpl.startService:1709 android.content.ContextWrapper.startService:516 android.content.ContextWrapper.startService:516 com.nibiru.vrconfig.VRReceiver.onReceive:33 android.app.ActivityThread.handleReceiver:2629
I/DisplayPowerController(  466): Unblocked screen on after 242 ms
D/DisplayPowerController(  466): send timeout msg after 1500
D/DisplayPowerController(  466): send timeout msg after 1500
D/DisplayPowerController(  466): send timeout msg after 1500
D/DisplayPowerController(  466): MSG_BUTTON_LIGHTS_TIME_OUT
V/PhoneWindowManager(  466): truehungUp=false, mScreenshotChordVolumeDownKeyTriggered=false, mScreenshotChordVolumeDownKeyTriggered=false
D/DisplayPowerController(  466): screen off, so turn off btn && keyboard lights
I/DisplayManagerService(  466): Display device changed: DisplayDeviceInfo{"ÂÜÖÁΩÆÂ±èÂπï": uniqueId="local:0", 2560 x 1440, 60.387 fps, supportedRefreshRates [60.387], density 480, 401.0 x 401.0 dpi, appVsyncOff 0, presDeadline 17559855, touch INTERNAL, rotation 0, type BUILT_IN, state OFF, FLAG_DEFAULT_DISPLAY, FLAG_ROTATES_WITH_CONTENT, FLAG_SECURE, FLAG_SUPPORTS_PROTECTED_BUFFERS}
V/ActivityStackSupervisor(  466): Display changed displayId=0
I/DisplayPowerController(  466): Blocking screen on until initial contents have been drawn.
D/DisplayPowerController(  466): button lights toggle
D/DisplayPowerController(  466): send timeout msg after 1500
I/DisplayManagerService(  466): Display device changed: DisplayDeviceInfo{"ÂÜÖÁΩÆÂ±èÂπï": uniqueId="local:0", 2560 x 1440, 60.387 fps, supportedRefreshRates [60.387], density 480, 401.0 x 401.0 dpi, appVsyncOff 0, presDeadline 17559855, touch INTERNAL, rotation 0, type BUILT_IN, state ON, FLAG_DEFAULT_DISPLAY, FLAG_ROTATES_WITH_CONTENT, FLAG_SECURE, FLAG_SUPPORTS_PROTECTED_BUFFERS}
V/ActivityStackSupervisor(  466): Display changed displayId=0
D/DisplayPowerController(  466): send timeout msg after 1500
W/ContextImpl( 1353): Calling a method in the system process without a qualified user: android.app.ContextImpl.startService:1709 android.content.ContextWrapper.startService:516 android.content.ContextWrapper.startService:516 com.nibiru.vrconfig.VRReceiver.onReceive:33 android.app.ActivityThread.handleReceiver:2629
I/DisplayPowerController(  466): Unblocked screen on after 190 ms
D/DisplayPowerController(  466): send timeout msg after 1500
D/DisplayPowerController(  466): send timeout msg after 1500
D/DisplayPowerController(  466): send timeout msg after 1500
V/PhoneWindowManager(  466): truehungUp=false, mScreenshotChordVolumeDownKeyTriggered=false, mScreenshotChordVolumeDownKeyTriggered=false
D/DisplayPowerController(  466): MSG_BUTTON_LIGHTS_TIME_OUT
D/DisplayPowerController(  466): screen off, so turn off btn && keyboard lights
I/DisplayManagerService(  466): Display device changed: DisplayDeviceInfo{"ÂÜÖÁΩÆÂ±èÂπï": uniqueId="local:0", 2560 x 1440, 60.387 fps, supportedRefreshRates [60.387], density 480, 401.0 x 401.0 dpi, appVsyncOff 0, presDeadline 17559855, touch INTERNAL, rotation 0, type BUILT_IN, state OFF, FLAG_DEFAULT_DISPLAY, FLAG_ROTATES_WITH_CONTENT, FLAG_SECURE, FLAG_SUPPORTS_PROTECTED_BUFFERS}
V/ActivityStackSupervisor(  466): Display changed displayId=0
I/DisplayPowerController(  466): Blocking screen on until initial contents have been drawn.
D/DisplayPowerController(  466): button lights toggle
D/DisplayPowerController(  466): send timeout msg after 1500
I/DisplayManagerService(  466): Display device changed: DisplayDeviceInfo{"ÂÜÖÁΩÆÂ±èÂπï": uniqueId="local:0", 2560 x 1440, 60.387 fps, supportedRefreshRates [60.387], density 480, 401.0 x 401.0 dpi, appVsyncOff 0, presDeadline 17559855, touch INTERNAL, rotation 0, type BUILT_IN, state ON, FLAG_DEFAULT_DISPLAY, FLAG_ROTATES_WITH_CONTENT, FLAG_SECURE, FLAG_SUPPORTS_PROTECTED_BUFFERS}
V/ActivityStackSupervisor(  466): Display changed displayId=0
D/DisplayPowerController(  466): send timeout msg after 1500
W/ContextImpl( 1353): Calling a method in the system process without a qualified user: android.app.ContextImpl.startService:1709 android.content.ContextWrapper.startService:516 android.content.ContextWrapper.startService:516 com.nibiru.vrconfig.VRReceiver.onReceive:33 android.app.ActivityThread.handleReceiver:2629
I/DisplayPowerController(  466): Unblocked screen on after 233 ms
D/DisplayPowerController(  466): send timeout msg after 1500
D/DisplayPowerController(  466): send timeout msg after 1500
D/DisplayPowerController(  466): send timeout msg after 1500
D/DisplayPowerController(  466): MSG_BUTTON_LIGHTS_TIME_OUT
V/PhoneWindowManager(  466): truehungUp=false, mScreenshotChordVolumeDownKeyTriggered=false, mScreenshotChordVolumeDownKeyTriggered=false
D/DisplayPowerController(  466): screen off, so turn off btn && keyboard lights
I/DisplayManagerService(  466): Display device changed: DisplayDeviceInfo{"ÂÜÖÁΩÆÂ±èÂπï": uniqueId="local:0", 2560 x 1440, 60.387 fps, supportedRefreshRates [60.387], density 480, 401.0 x 401.0 dpi, appVsyncOff 0, presDeadline 17559855, touch INTERNAL, rotation 0, type BUILT_IN, state OFF, FLAG_DEFAULT_DISPLAY, FLAG_ROTATES_WITH_CONTENT, FLAG_SECURE, FLAG_SUPPORTS_PROTECTED_BUFFERS}
V/ActivityStackSupervisor(  466): Display changed displayId=0
I/DisplayPowerController(  466): Blocking screen on until initial contents have been drawn.
D/DisplayPowerController(  466): button lights toggle
D/DisplayPowerController(  466): send timeout msg after 1500
I/DisplayManagerService(  466): Display device changed: DisplayDeviceInfo{"ÂÜÖÁΩÆÂ±èÂπï": uniqueId="local:0", 2560 x 1440, 60.387 fps, supportedRefreshRates [60.387], density 480, 401.0 x 401.0 dpi, appVsyncOff 0, presDeadline 17559855, touch INTERNAL, rotation 0, type BUILT_IN, state ON, FLAG_DEFAULT_DISPLAY, FLAG_ROTATES_WITH_CONTENT, FLAG_SECURE, FLAG_SUPPORTS_PROTECTED_BUFFERS}
V/ActivityStackSupervisor(  466): Display changed displayId=0
W/ContextImpl( 1353): Calling a method in the system process without a qualified user: android.app.ContextImpl.startService:1709 android.content.ContextWrapper.startService:516 android.content.ContextWrapper.startService:516 com.nibiru.vrconfig.VRReceiver.onReceive:33 android.app.ActivityThread.handleReceiver:2629
D/DisplayPowerController(  466): send timeout msg after 1500
I/DisplayPowerController(  466): Unblocked screen on after 242 ms
D/DisplayPowerController(  466): send timeout msg after 1500
D/DisplayPowerController(  466): send timeout msg after 1500
D/DisplayPowerController(  466): send timeout msg after 1500
D/DisplayPowerController(  466): MSG_BUTTON_LIGHTS_TIME_OUT
V/PhoneWindowManager(  466): truehungUp=false, mScreenshotChordVolumeDownKeyTriggered=false, mScreenshotChordVolumeDownKeyTriggered=false
V/PhoneWindowManager(  466): falsehungUp=false, mScreenshotChordVolumeDownKeyTriggered=false, mScreenshotChordVolumeDownKeyTriggered=false
D/ActivityManagerService(  466): awakeFromSleepingLocked: previously pausing activity didn't pause
V/ActivityStackSupervisor(  466): Display changed displayId=0
W/ContextImpl( 1353): Calling a method in the system process without a qualified user: android.app.ContextImpl.startService:1709 android.content.ContextWrapper.startService:516 android.content.ContextWrapper.startService:516 com.nibiru.vrconfig.VRReceiver.onReceive:33 android.app.ActivityThread.handleReceiver:2629
D/DisplayPowerController(  466): screen off, so turn off btn && keyboard lights
I/DisplayPowerController(  466): Blocking screen on until initial contents have been drawn.
I/DisplayPowerController(  466): Unblocked screen on after 249 ms
W/BatteryStatsImpl(  466): Unknown user activity type 3 was specified.
W/BatteryStatsImpl(  466): java.lang.Throwable
W/BatteryStatsImpl(  466):      at com.android.internal.os.BatteryStatsImpl$Uid.noteUserActivityLocked(BatteryStatsImpl.java:4617)
W/BatteryStatsImpl(  466):      at com.android.internal.os.BatteryStatsImpl.noteUserActivityLocked(BatteryStatsImpl.java:3115)
W/BatteryStatsImpl(  466):      at com.android.server.am.BatteryStatsService.noteUserActivity(BatteryStatsService.java:358)
W/BatteryStatsImpl(  466):      at com.android.server.power.Notifier.onUserActivity(Notifier.java:360)
W/BatteryStatsImpl(  466):      at com.android.server.power.PowerManagerService.userActivityNoUpdateLocked(PowerManagerService.java:1180)
W/BatteryStatsImpl(  466):      at com.android.server.power.PowerManagerService.userActivityInternal(PowerManagerService.java:1155)
W/BatteryStatsImpl(  466):      at com.android.server.power.PowerManagerService.userActivityFromNative(PowerManagerService.java:1150)
D/DisplayPowerController(  466): button lights toggle
D/DisplayPowerController(  466): send timeout msg after 1500
D/DisplayPowerController(  466): send timeout msg after 1500
W/BatteryStatsImpl(  466): Unknown user activity type 3 was specified.
W/BatteryStatsImpl(  466): java.lang.Throwable
W/BatteryStatsImpl(  466):      at com.android.internal.os.BatteryStatsImpl$Uid.noteUserActivityLocked(BatteryStatsImpl.java:4617)
W/BatteryStatsImpl(  466):      at com.android.internal.os.BatteryStatsImpl.noteUserActivityLocked(BatteryStatsImpl.java:3115)
W/BatteryStatsImpl(  466):      at com.android.server.am.BatteryStatsService.noteUserActivity(BatteryStatsService.java:358)
W/BatteryStatsImpl(  466):      at com.android.server.power.Notifier.onUserActivity(Notifier.java:360)
W/BatteryStatsImpl(  466):      at com.android.server.power.PowerManagerService.userActivityNoUpdateLocked(PowerManagerService.java:1180)
W/BatteryStatsImpl(  466):      at com.android.server.power.PowerManagerService.userActivityInternal(PowerManagerService.java:1155)
W/BatteryStatsImpl(  466):      at com.android.server.power.PowerManagerService.userActivityFromNative(PowerManagerService.java:1150)
D/DisplayPowerController(  466): button lights toggle
D/DisplayPowerController(  466): send timeout msg after 1500
D/DisplayPowerController(  466): send timeout msg after 1500
W/ContextImpl( 1353): Calling a method in the system process without a qualified user: android.app.ContextImpl.sendBroadcast:1344 android.content.ContextWrapper.sendBroadcast:377 com.nibiru.vrconfig.VRControlService.sendVRBroadcast:519 com.nibiru.vrconfig.VRControlService.access$600:68 com.nibiru.vrconfig.VRControlService$PackageChangeReceiver.onReceive:468
D/DisplayPowerController(  466): MSG_BUTTON_LIGHTS_TIME_OUT
W/BatteryStatsImpl(  466): Unknown user activity type 3 was specified.
W/BatteryStatsImpl(  466): java.lang.Throwable
W/BatteryStatsImpl(  466):      at com.android.internal.os.BatteryStatsImpl$Uid.noteUserActivityLocked(BatteryStatsImpl.java:4617)
W/BatteryStatsImpl(  466):      at com.android.internal.os.BatteryStatsImpl.noteUserActivityLocked(BatteryStatsImpl.java:3115)
W/BatteryStatsImpl(  466):      at com.android.server.am.BatteryStatsService.noteUserActivity(BatteryStatsService.java:358)
W/BatteryStatsImpl(  466):      at com.android.server.power.Notifier.onUserActivity(Notifier.java:360)
W/BatteryStatsImpl(  466):      at com.android.server.power.PowerManagerService.userActivityNoUpdateLocked(PowerManagerService.java:1180)
