W/BatteryStatsImpl(  466):      at com.android.server.power.PowerManagerService.userActivityInternal(PowerManagerService.java:1155)
W/BatteryStatsImpl(  466):      at com.android.server.power.PowerManagerService.userActivityFromNative(PowerManagerService.java:1150)
D/DisplayPowerController(  466): button lights toggle
D/DisplayPowerController(  466): send timeout msg after 1500
D/DisplayPowerController(  466): send timeout msg after 1500
D/DisplayPowerController(  466): MSG_BUTTON_LIGHTS_TIME_OUT
W/ContextImpl(  466): Calling a method in the system process without a qualified user: android.app.ContextImpl.sendBroadcast:1344 com.android.server.policy.nibiru.NibiruKeyManager.sendNibiruBroadcast:94 com.android.server.policy.nibiru.NibiruKeyManager.handleKeyEvent:83 com.android.internal.policy.impl.PhoneWindowManager.interceptKeyBeforeDispatching:2657 com.android.server.wm.InputMonitor.interceptKeyBeforeDispatching:476
W/ContextImpl(  466): Calling a method in the system process without a qualified user: android.app.ContextImpl.sendBroadcast:1344 com.android.server.policy.nibiru.NibiruKeyManager.sendNibiruBroadcast:94 com.android.server.policy.nibiru.NibiruKeyManager.handleKeyEvent:83 com.android.internal.policy.impl.PhoneWindowManager.interceptKeyBeforeDispatching:2657 com.android.server.wm.InputMonitor.interceptKeyBeforeDispatching:476
I/ActivityStackSupervisor(  466): START u0 {act=android.intent.action.MAIN cat=[android.intent.category.LAUNCHER] flg=0x10000000 pkg=com.nibiru.vr.player cmp=com.nibiru.vr.player/.MainActivity} from uid 10028 on display 0
V/WindowManagerService(  466): Adding window Window{c2b783f u0 Starting com.nibiru.vr.player} at 3 of 9 (after Window{29bbb9a9 u0 com.nibiru.launcher3d/com.nibiru.lanchuer.Lanchuer2DActivity})
I/ActivityManagerService(  466): Start proc 2451:com.nibiru.vr.player/u0a31 for activity com.nibiru.vr.player/.MainActivity
I/ActivityManagerService(  466): Start proc 2478:com.nibiru.vr.player:controller/u0a31 for service com.nibiru.vr.player/com.nibiru.lib.utils.NibiruControllerService
V/WindowManagerService(  466): Adding window Window{27e4d058 u0 com.nibiru.vr.player/com.nibiru.vr.player.MainActivity} at 3 of 10 (before Window{c2b783f u0 Starting com.nibiru.vr.player})
V/WindowManagerService(  466): Adding window Window{32029a04 u0 SurfaceView} at 3 of 11 (before Window{27e4d058 u0 com.nibiru.vr.player/com.nibiru.vr.player.MainActivity})
W/BatteryStatsImpl(  466): Unknown user activity type 3 was specified.
W/BatteryStatsImpl(  466): java.lang.Throwable
W/BatteryStatsImpl(  466):      at com.android.internal.os.BatteryStatsImpl$Uid.noteUserActivityLocked(BatteryStatsImpl.java:4617)
W/BatteryStatsImpl(  466):      at com.android.internal.os.BatteryStatsImpl.noteUserActivityLocked(BatteryStatsImpl.java:3115)
W/BatteryStatsImpl(  466):      at com.android.server.am.BatteryStatsService.noteUserActivity(BatteryStatsService.java:358)
W/BatteryStatsImpl(  466):      at com.android.server.power.Notifier.onUserActivity(Notifier.java:360)
W/BatteryStatsImpl(  466):      at com.android.server.power.PowerManagerService.userActivityNoUpdateLocked(PowerManagerService.java:1180)
W/BatteryStatsImpl(  466):      at com.android.server.power.PowerManagerService.userActivityInternal(PowerManagerService.java:1155)
W/BatteryStatsImpl(  466):      at com.android.server.power.PowerManagerService.userActivityFromNative(PowerManagerService.java:1150)
D/DisplayPowerController(  466): button lights toggle
D/DisplayPowerController(  466): send timeout msg after 1500
D/DisplayPowerController(  466): send timeout msg after 1500
W/ContextImpl( 1353): Calling a method in the system process without a qualified user: android.app.ContextImpl.sendBroadcast:1344 android.content.ContextWrapper.sendBroadcast:377 com.nibiru.vrconfig.VRControlService.sendVRBroadcast:519 com.nibiru.vrconfig.VRControlService.access$600:68 com.nibiru.vrconfig.VRControlService$PackageChangeReceiver.onReceive:468
W/ViewRootImpl( 1715): Cancelling event due to no window focus: KeyEvent { action=ACTION_UP, keyCode=KEYCODE_BACK, scanCode=158, metaState=0, flags=0x28, repeatCount=0, eventTime=290080, downTime=289880, deviceId=0, source=0x101 }
W/ViewRootImpl( 1715): Cancelling event due to no window focus: KeyEvent { action=ACTION_UP, keyCode=KEYCODE_BACK, scanCode=158, metaState=0, flags=0x28, repeatCount=0, eventTime=290080, downTime=289880, deviceId=0, source=0x101 }
W/ViewRootImpl( 1715): Cancelling event due to no window focus: KeyEvent { action=ACTION_UP, keyCode=KEYCODE_BACK, scanCode=158, metaState=0, flags=0x28, repeatCount=0, eventTime=290080, downTime=289880, deviceId=0, source=0x101 }
W/ViewRootImpl( 1715): Cancelling event due to no window focus: KeyEvent { action=ACTION_UP, keyCode=KEYCODE_BACK, scanCode=158, metaState=0, flags=0x28, repeatCount=0, eventTime=290080, downTime=289880, deviceId=0, source=0x101 }
W/ViewRootImpl( 1715): Cancelling event due to no window focus: KeyEvent { action=ACTION_UP, keyCode=KEYCODE_BACK, scanCode=158, metaState=0, flags=0x28, repeatCount=0, eventTime=290080, downTime=289880, deviceId=0, source=0x101 }
W/ViewRootImpl( 1715): Cancelling event due to no window focus: KeyEvent { action=ACTION_UP, keyCode=KEYCODE_BACK, scanCode=158, metaState=0, flags=0x28, repeatCount=0, eventTime=290080, downTime=289880, deviceId=0, source=0x101 }
W/ViewRootImpl( 1715): Cancelling event due to no window focus: KeyEvent { action=ACTION_UP, keyCode=KEYCODE_BACK, scanCode=158, metaState=0, flags=0x28, repeatCount=0, eventTime=290080, downTime=289880, deviceId=0, source=0x101 }
W/ViewRootImpl( 1715): Cancelling event due to no window focus: KeyEvent { action=ACTION_UP, keyCode=KEYCODE_BACK, scanCode=158, metaState=0, flags=0x28, repeatCount=0, eventTime=290080, downTime=289880, deviceId=0, source=0x101 }
W/ViewRootImpl( 1715): Cancelling event due to no window focus: KeyEvent { action=ACTION_UP, keyCode=KEYCODE_BACK, scanCode=158, metaState=0, flags=0x28, repeatCount=0, eventTime=290080, downTime=289880, deviceId=0, source=0x101 }
D/DisplayPowerController(  466): MSG_BUTTON_LIGHTS_TIME_OUT
V/PhoneWindowManager(  466): truehungUp=false, mScreenshotChordVolumeDownKeyTriggered=false, mScreenshotChordVolumeDownKeyTriggered=false
D/DisplayPowerController(  466): screen off, so turn off btn && keyboard lights
I/DisplayManagerService(  466): Display device changed: DisplayDeviceInfo{"ÂÜÖÁΩÆÂ±èÂπï": uniqueId="local:0", 2560 x 1440, 60.387 fps, supportedRefreshRates [60.387], density 480, 401.0 x 401.0 dpi, appVsyncOff 0, presDeadline 17559855, touch INTERNAL, rotation 0, type BUILT_IN, state OFF, FLAG_DEFAULT_DISPLAY, FLAG_ROTATES_WITH_CONTENT, FLAG_SECURE, FLAG_SUPPORTS_PROTECTED_BUFFERS}
V/ActivityStackSupervisor(  466): Display changed displayId=0
I/DisplayPowerController(  466): Blocking screen on until initial contents have been drawn.
D/DisplayPowerController(  466): button lights toggle
D/DisplayPowerController(  466): send timeout msg after 1500
I/DisplayManagerService(  466): Display device changed: DisplayDeviceInfo{"ÂÜÖÁΩÆÂ±èÂπï": uniqueId="local:0", 2560 x 1440, 60.387 fps, supportedRefreshRates [60.387], density 480, 401.0 x 401.0 dpi, appVsyncOff 0, presDeadline 17559855, touch INTERNAL, rotation 0, type BUILT_IN, state ON, FLAG_DEFAULT_DISPLAY, FLAG_ROTATES_WITH_CONTENT, FLAG_SECURE, FLAG_SUPPORTS_PROTECTED_BUFFERS}
V/ActivityStackSupervisor(  466): Display changed displayId=0
V/ActivityStackSupervisor(  466): Display changed displayId=0
D/DisplayPowerController(  466): send timeout msg after 1500
I/EntropyMixer(  466): Writing entropy...
W/ContextImpl( 1353): Calling a method in the system process without a qualified user: android.app.ContextImpl.startService:1709 android.content.ContextWrapper.startService:516 android.content.ContextWrapper.startService:516 com.nibiru.vrconfig.VRReceiver.onReceive:33 android.app.ActivityThread.handleReceiver:2629
I/DisplayPowerController(  466): Unblocked screen on after 161 ms
D/DisplayPowerController(  466): send timeout msg after 1500
I/ValidateNoPeople(  466): skipping global notification
D/UsbDeviceManager(  466): Usb state is true false false
I/ValidateNoPeople(  466): skipping global notification
D/UsbDeviceManager(  466): Usb state is true true false
D/DisplayPowerController(  466): send timeout msg after 1500
D/DisplayPowerController(  466): send timeout msg after 1500
D/DisplayPowerController(  466): send timeout msg after 1500
D/DisplayPowerController(  466): send timeout msg after 1500
D/DisplayPowerController(  466): send timeout msg after 1500
D/DisplayPowerController(  466): MSG_BUTTON_LIGHTS_TIME_OUT
D/DisplayPowerController(  466): screen off, so turn off btn && keyboard lights
I/DisplayManagerService(  466): Display device changed: DisplayDeviceInfo{"ÂÜÖÁΩÆÂ±èÂπï": uniqueId="local:0", 2560 x 1440, 60.387 fps, supportedRefreshRates [60.387], density 480, 401.0 x 401.0 dpi, appVsyncOff 0, presDeadline 17559855, touch INTERNAL, rotation 0, type BUILT_IN, state OFF, FLAG_DEFAULT_DISPLAY, FLAG_ROTATES_WITH_CONTENT, FLAG_SECURE, FLAG_SUPPORTS_PROTECTED_BUFFERS}
V/ActivityStackSupervisor(  466): Display changed displayId=0
I/DisplayPowerController(  466): Blocking screen on until initial contents have been drawn.
D/DisplayPowerController(  466): button lights toggle
D/DisplayPowerController(  466): send timeout msg after 1500
I/DisplayManagerService(  466): Display device changed: DisplayDeviceInfo{"ÂÜÖÁΩÆÂ±èÂπï": uniqueId="local:0", 2560 x 1440, 60.387 fps, supportedRefreshRates [60.387], density 480, 401.0 x 401.0 dpi, appVsyncOff 0, presDeadline 17559855, touch INTERNAL, rotation 0, type BUILT_IN, state ON, FLAG_DEFAULT_DISPLAY, FLAG_ROTATES_WITH_CONTENT, FLAG_SECURE, FLAG_SUPPORTS_PROTECTED_BUFFERS}
V/ActivityStackSupervisor(  466): Display changed displayId=0
D/DisplayPowerController(  466): send timeout msg after 1500
W/ContextImpl( 1353): Calling a method in the system process without a qualified user: android.app.ContextImpl.startService:1709 android.content.ContextWrapper.startService:516 android.content.ContextWrapper.startService:516 com.nibiru.vrconfig.VRReceiver.onReceive:33 android.app.ActivityThread.handleReceiver:2629
I/DisplayPowerController(  466): Unblocked screen on after 126 ms
D/DisplayPowerController(  466): send timeout msg after 1500
D/DisplayPowerController(  466): send timeout msg after 1500
D/DisplayPowerController(  466): send timeout msg after 1500
D/DisplayPowerController(  466): MSG_BUTTON_LIGHTS_TIME_OUT
W/ContextImpl(  466): Calling a method in the system process without a qualified user: android.app.ContextImpl.sendBroadcast:1344 com.android.server.policy.nibiru.NibiruKeyManager.sendNibiruBroadcast:94 com.android.server.policy.nibiru.NibiruKeyManager.handleKeyEvent:83 com.android.internal.policy.impl.PhoneWindowManager.interceptKeyBeforeDispatching:2657 com.android.server.wm.InputMonitor.interceptKeyBeforeDispatching:476
I/ActivityStackSupervisor(  466): START u0 {act=android.intent.action.MAIN cat=[android.intent.category.LAUNCHER] flg=0x10000000 pkg=com.nibiru.vr.player cmp=com.nibiru.vr.player/.MainActivity} from uid 10028 on display 0
V/WindowManagerService(  466): Adding window Window{31760600 u0 Starting com.nibiru.vr.player} at 3 of 9 (after Window{29bbb9a9 u0 com.nibiru.launcher3d/com.nibiru.lanchuer.Lanchuer2DActivity})
V/ActivityStackSupervisor(  466): Display changed displayId=0
V/WindowManagerService(  466): Adding window Window{5341806 u0 com.nibiru.vr.player/com.nibiru.vr.player.MainActivity} at 3 of 10 (before Window{31760600 u0 Starting com.nibiru.vr.player})
V/WindowManagerService(  466): Adding window Window{2ae9ae92 u0 SurfaceView} at 3 of 11 (before Window{5341806 u0 com.nibiru.vr.player/com.nibiru.vr.player.MainActivity})
D/DisplayPowerController(  466): button lights toggle
--------- beginning of main
I/Lights  (  466): >>> Enter set_keyboard_light
D/DisplayPowerController(  466): send timeout msg after 1500
D/DisplayPowerController(  466): send timeout msg after 1500
E/wayne   (  466): keyCode:82 event:KeyEvent { action=ACTION_UP, keyCode=KEYCODE_MENU, scanCode=59, metaState=0, flags=0x8, repeatCount=0, eventTime=549420, downTime=549220, deviceId=0, source=0x101 }
D/wayne   (  466): menu has down,send nibiru menu show broadcast!
D/wayne   (  466): vr:false cursor:false
W/ContextImpl(  466): Calling a method in the system process without a qualified user: android.app.ContextImpl.sendBroadcast:1344 com.android.server.policy.nibiru.NibiruKeyManager.sendNibiruBroadcast:94 com.android.server.policy.nibiru.NibiruKeyManager.handleKeyEvent:66 com.android.internal.policy.impl.PhoneWindowManager.interceptKeyBeforeDispatching:2657 com.android.server.wm.InputMonitor.interceptKeyBeforeDispatching:476
V/NibiruVR-SDK( 2451): Avg FPS: 57.618767 FPS: 49.0
D/OpenGLRenderer( 1435): Use EGL_SWAP_BEHAVIOR_PRESERVED: true
D/Atlas   ( 1435): Validating map...
D/WindowManagerService(  466): Window{26587dea u0 com.nibiru.menu}  ==========setInputFocusLw ==========  =======
D/ViewRootImpl( 1435): onAttachToWindow register content observer attrs=WM.LayoutParams{(0,0)(fillxfill)mPosX=0mPosY=0mHScale=1.0mVScale=1.0 align=UNDEFINE taskId=-1 gr=#11 ty=2010 fl=#1021000 fmt=1 surfaceInsets=Rect(0, 0 - 0, 0)packageName=com.nibiru.menutoken=null}
D/ViewRootImpl( 2451): 2560<<<<<< BACK FROM relayoutWM.LayoutParams{(0,0)(fillxfill)mPosX=0mPosY=0mHScale=1.0mVScale=1.0 align=UNDEFINE taskId=11 sim=#20 ty=1 fl=#1810580 fmt=-3 wanim=0x1030001 vsysui=0x1700 surfaceInsets=Rect(0, 0 - 0, 0) needsMenuKey=2packageName=com.nibiru.vr.playertoken=android.os.BinderProxy@665d91c}
D/ViewRootImpl( 1435): 2560<<<<<< BACK FROM relayoutWM.LayoutParams{(0,0)(fillxfill)mPosX=0mPosY=0mHScale=1.0mVScale=1.0 align=UNDEFINE taskId=-1 gr=#11 sim=#20 ty=2010 fl=#1021000 fmt=1 surfaceInsets=Rect(0, 0 - 0, 0)packageName=com.nibiru.menutoken=null}
I/mali_so ( 1435): [File] : hardware/arm/maliT760-r11-bak/driver/product/base/src/mali_base_kbase.c; [Line] : 928; [Func] : base_context_deal_with_version_affairs_rk_ext;
I/mali_so ( 1435): arm_release_ver of this mali_so is 'r11p0-00rel0', rk_so_ver is '11@0', built at '16:25:03', on 'Jun 22 2016'.
I/mali_so ( 1435): [File] : hardware/arm/maliT760-r11-bak/driver/product/base/src/mali_base_kbase.c; [Line] : 955; [Func] : base_context_deal_with_version_affairs_rk_ext;
I/mali_so ( 1435): mali_ver_property has been set to 'r11p0-00rel0-13-11@0', to return.
I/OpenGLRenderer( 1435): Initialized EGL, version 1.4
D/        ( 1435): rtl is ok
D/OpenGLRenderer( 1435): Enabling debug mode 0
D/mali_winsys( 1435): EGLint new_window_surface(egl_winsys_display*, void*, EGLSurface, EGLConfig, egl_winsys_surface**, egl_color_buffer_format*, EGLBoolean) returns 0x3000
V/NibiruVR-SDK( 2451): Avg FPS: 60.914337 FPS: 39.0
D/DisplayPowerController(  466): MSG_BUTTON_LIGHTS_TIME_OUT
E/Lights  (  466): write_int failed to open sys/class/leds/rk29_key_led/brightness
I/Lights  (  466): >>> Enter set_keyboard_light
D/DisplayPowerController(  466): button lights toggle
E/wayne   (  466): keyCode:4 event:KeyEvent { action=ACTION_DOWN, keyCode=KEYCODE_BACK, scanCode=158, metaState=0, flags=0x8, repeatCount=0, eventTime=550920, downTime=550920, deviceId=0, source=0x101 }
E/Lights  (  466): write_int failed to open sys/class/leds/rk29_key_led/brightness
I/Lights  (  466): >>> Enter set_keyboard_light
D/DisplayPowerController(  466): send timeout msg after 1500
D/DisplayPowerController(  466): send timeout msg after 1500
E/InputManager-JNI(  466): An exception was thrown by callback 'dispatchUnhandledKey'.
E/InputManager-JNI(  466): java.lang.NullPointerException: Attempt to invoke interface method 'android.os.IBinder android.view.IApplicationToken.asBinder()' on a null object reference
E/InputManager-JNI(  466):      at com.android.server.wm.WindowManagerService.dispatchUnhandledKey(WindowManagerService.java:4857)
E/InputManager-JNI(  466):      at com.android.internal.policy.impl.PhoneWindowManager.dispatchUnhandledKey(PhoneWindowManager.java:3372)
E/InputManager-JNI(  466):      at com.android.server.wm.InputMonitor.dispatchUnhandledKey(InputMonitor.java:566)
E/InputManager-JNI(  466):      at com.android.server.input.InputManagerService.dispatchUnhandledKey(InputManagerService.java:1543)
E/wayne   (  466): keyCode:4 event:KeyEvent { action=ACTION_UP, keyCode=KEYCODE_BACK, scanCode=158, metaState=0, flags=0x8, repeatCount=0, eventTime=551120, downTime=550920, deviceId=0, source=0x101 }
E/InputManager-JNI(  466): An exception was thrown by callback 'dispatchUnhandledKey'.
E/InputManager-JNI(  466): java.lang.NullPointerException: Attempt to invoke interface method 'android.os.IBinder android.view.IApplicationToken.asBinder()' on a null object reference
E/InputManager-JNI(  466):      at com.android.server.wm.WindowManagerService.dispatchUnhandledKey(WindowManagerService.java:4857)
E/InputManager-JNI(  466):      at com.android.internal.policy.impl.PhoneWindowManager.dispatchUnhandledKey(PhoneWindowManager.java:3372)
E/InputManager-JNI(  466):      at com.android.server.wm.InputMonitor.dispatchUnhandledKey(InputMonitor.java:566)
E/InputManager-JNI(  466):      at com.android.server.input.InputManagerService.dispatchUnhandledKey(InputManagerService.java:1543)
D/ViewRootImpl( 1435): onDetachedFromWindow ungister contentObserver
I/MediaMetadataRetrieverJNI( 2451): release
D/WindowManagerService(  466): Window{5341806 u0 com.nibiru.vr.player/com.nibiru.vr.player.MainActivity}  ==========setInputFocusLw ==========  =======
W/InputMethodManagerService(  466): Window already focused, ignoring focus gain of: com.android.internal.view.IInputMethodClient$Stub$Proxy@3b4f0651 attribute=null, token = android.os.BinderProxy@c68a2e1
V/NibiruVR-SDK( 2451): Avg FPS: 60.049118 FPS: 49.0
D/DisplayPowerController(  466): button lights toggle
E/wayne   (  466): keyCode:4 event:KeyEvent { action=ACTION_DOWN, keyCode=KEYCODE_BACK, scanCode=158, metaState=0, flags=0x8, repeatCount=0, eventTime=552020, downTime=552020, deviceId=0, source=0x101 }
D/DisplayPowerController(  466): send timeout msg after 1500
D/DisplayPowerController(  466): send timeout msg after 1500
D/onkeydown( 2451): dispatch:4
D/ccc     ( 2451): finish
D/WindowManagerService(  466): null  ==========setInputFocusLw ==========  =======
I/PhoneWindow( 2451): 4Key up: repeat=0 flags=0x28
W/art     ( 2451): Native thread exiting without having called DetachCurrentThread (maybe it's going to use a pthread_key_create destructor?): Thread[30,tid=3242,Native,Thread*=0xb7b4d940,peer=0x32d720a0,"Thread-237"]
V/NibiruVR-SDK( 2451): VR SDK stop collection
D/ViewRootImpl( 1715): 2560<<<<<< BACK FROM relayoutnull
D/ViewRootImpl( 2451): 2560<<<<<< BACK FROM relayoutWM.LayoutParams{(0,0)(fillxfill)mPosX=0mPosY=0mHScale=1.0mVScale=1.0 align=UNDEFINE taskId=11 sim=#20 ty=1 fl=#1810500 fmt=-3 wanim=0x1030001 vsysui=0x1700 surfaceInsets=Rect(0, 0 - 0, 0) needsMenuKey=2packageName=com.nibiru.vr.playertoken=android.os.BinderProxy@665d91c}
V/NibiruVR-SDK( 1715): bind service res: true
I/HeadMountedDisplayManager( 1715): Successfully read updated device params from external storage
D/HeadMountedDisplayManager( 1715): Cardboard screen parameters file not found: java.io.FileNotFoundException: /storage/emulated/0/Cardboard/phone_params: open failed: ENOENT (No such file or directory)
V/nibiru-device( 1715): device count: 0:0:true
V/nibiru-device( 1715): device count: 0:0:true
D/ccc     ( 1715): trackerNative onResume
W/ContextImpl( 1353): Calling a method in the system process without a qualified user: android.app.ContextImpl.sendBroadcast:1344 android.content.ContextWrapper.sendBroadcast:377 com.nibiru.vrconfig.VRControlService.sendVRBroadcast:519 com.nibiru.vrconfig.VRControlService.access$600:68 com.nibiru.vrconfig.VRControlService$PackageChangeReceiver.onReceive:468
D/nibiru  ( 1353): --isNibiruSDK->true
V/NibiruVRView( 2451): REV HEAD RESET BROADCAST
V/VR-SUPPORT( 1371): REV HEAD RESET BROADCAST
V/NibiruVR-SDK( 2451): REV RESET TRACKER
D/mali_winsys( 1715): EGLint new_window_surface(egl_winsys_display*, void*, EGLSurface, EGLConfig, egl_winsys_surface**, egl_color_buffer_format*, EGLBoolean) returns 0x3000
E/wayne   (  466): keyCode:4 event:KeyEvent { action=ACTION_UP, keyCode=KEYCODE_BACK, scanCode=158, metaState=0, flags=0x8, repeatCount=0, eventTime=552220, downTime=552020, deviceId=0, source=0x101 }
D/mali_winsys( 1715): EGLint new_window_surface(egl_winsys_display*, void*, EGLSurface, EGLConfig, egl_winsys_surface**, egl_color_buffer_format*, EGLBoolean) returns 0x3000
D/WindowManagerService(  466): Window{29bbb9a9 u0 com.nibiru.launcher3d/com.nibiru.lanchuer.Lanchuer2DActivity}  ==========setInputFocusLw ==========  =======
D/ViewRootImpl( 1715): 2560<<<<<< BACK FROM relayoutWM.LayoutParams{(0,0)(fillxfill)mPosX=0mPosY=0mHScale=1.0mVScale=1.0 align=UNDEFINE taskId=4 sim=#20 ty=1 fl=#1810500 fmt=-3 wanim=0x1030001 vsysui=0x1700 surfaceInsets=Rect(0, 0 - 0, 0) needsMenuKey=2packageName=com.nibiru.launcher3dtoken=android.os.BinderProxy@18401694}
D/mali_winsys( 1715): EGLint new_window_surface(egl_winsys_display*, void*, EGLSurface, EGLConfig, egl_winsys_surface**, egl_color_buffer_format*, EGLBoolean) returns 0x3000
W/ViewRootImpl( 1715): Cancelling event due to no window focus: KeyEvent { action=ACTION_UP, keyCode=KEYCODE_BACK, scanCode=158, metaState=0, flags=0x28, repeatCount=0, eventTime=552220, downTime=552020, deviceId=0, source=0x101 }
W/ViewRootImpl( 1715): Cancelling event due to no window focus: KeyEvent { action=ACTION_UP, keyCode=KEYCODE_BACK, scanCode=158, metaState=0, flags=0x28, repeatCount=0, eventTime=552220, downTime=552020, deviceId=0, source=0x101 }
W/ViewRootImpl( 1715): Cancelling event due to no window focus: KeyEvent { action=ACTION_UP, keyCode=KEYCODE_BACK, scanCode=158, metaState=0, flags=0x28, repeatCount=0, eventTime=552220, downTime=552020, deviceId=0, source=0x101 }
W/ViewRootImpl( 1715): Cancelling event due to no window focus: KeyEvent { action=ACTION_UP, keyCode=KEYCODE_BACK, scanCode=158, metaState=0, flags=0x28, repeatCount=0, eventTime=552220, downTime=552020, deviceId=0, source=0x101 }
W/ViewRootImpl( 1715): Cancelling event due to no window focus: KeyEvent { action=ACTION_UP, keyCode=KEYCODE_BACK, scanCode=158, metaState=0, flags=0x28, repeatCount=0, eventTime=552220, downTime=552020, deviceId=0, source=0x101 }
W/ViewRootImpl( 1715): Cancelling event due to no window focus: KeyEvent { action=ACTION_UP, keyCode=KEYCODE_BACK, scanCode=158, metaState=0, flags=0x28, repeatCount=0, eventTime=552220, downTime=552020, deviceId=0, source=0x101 }
I/PhoneWindow( 1715): 4Key up: repeat=0 flags=0x28
W/ViewRootImpl( 1715): Cancelling event due to no window focus: KeyEvent { action=ACTION_UP, keyCode=KEYCODE_BACK, scanCode=158, metaState=0, flags=0x28, repeatCount=0, eventTime=552220, downTime=552020, deviceId=0, source=0x101 }
W/ViewRootImpl( 1715): Cancelling event due to no window focus: KeyEvent { action=ACTION_UP, keyCode=KEYCODE_BACK, scanCode=158, metaState=0, flags=0x28, repeatCount=0, eventTime=552220, downTime=552020, deviceId=0, source=0x101 }
W/ViewRootImpl( 1715): Cancelling event due to no window focus: KeyEvent { action=ACTION_UP, keyCode=KEYCODE_BACK, scanCode=158, metaState=0, flags=0x28, repeatCount=0, eventTime=552220, downTime=552020, deviceId=0, source=0x101 }
V/VR-SUPPORT( 1371): check config now
V/distort ( 1371): dx: 0.04694
V/distort ( 1371): distort y: 0.02609
V/VR-SUPPORT( 1371): config cardboard write res: true
V/NibiruVR-SDK( 1715): LOAD VR CONFIG: NVRConfig [vertical_distance_to_lens_center=0.03725, screen_to_lens_distance=0.06, screen_to_lens_distance_v2=0.0315, left_eye_fov_left=45.0, left_eye_fov_right=45.0, left_eye_fov_bottom=48.3, left_eye_fov_top=48.3, distortion_coef_x=0.04694, distortion_coef_y=0.02609, distortion_coef_v2_k1=0.04694, distortion_coef_v2_k2=0.02609, screen_width=2560.0, screen_height=1440.0, border_size_meters=0.006, screen_size_x=0.12096, screen_size_y=0.06804, view_res_x=1280.0, view_res_y=1440.0, eye_fb_res_x=1280.0, eye_fb_res_y=1440.0, multi_samples=4, eye_ipd=0.06, eye_ipd_v2=0.06, lens_ipd=0.062, default_point_ratio=0.488, view_aspect_ratio=0.8888889, eye_fb_aspect_ratio=0.8888889, wrap_mesh_res_x=16, wrap_mesh_res_y=16, xMetersPerPixel=0.0, yMetersPerPixel=0.0, channel=VR0091, timestamp=0, version=1, point_z=1.5]
V/VR-SUPPORT( 1371): DEBUG: false
V/NibiruVR-SDK( 1715): REV SET FPS: false
E/NibiruVRManager( 1715): ================== VR CONN
V/NibiruVR-SDK( 1715): service is connected
D/ViewRootImpl( 1715): 2560<<<<<< BACK FROM relayoutWM.LayoutParams{(0,0)(fillxfill)mPosX=0mPosY=0mHScale=1.0mVScale=1.0 align=UNDEFINE taskId=4 sim=#20 ty=1 fl=#1810580 fmt=-3 wanim=0x1030001 vsysui=0x1700 surfaceInsets=Rect(0, 0 - 0, 0) needsMenuKey=2packageName=com.nibiru.launcher3dtoken=android.os.BinderProxy@18401694}
V/NibiruVRView( 1715): REV HEAD RESET BROADCAST
D/ViewRootImpl( 2451): 2560<<<<<< BACK FROM relayoutnull
D/NVR     ( 2451): ÂõæÁâáËµÑÊ∫êÂõûÊî∂Ôº?130837575
D/NVR     ( 2451): ÂõæÁâáËµÑÊ∫êÂõûÊî∂Ôº?130837578
D/NVR     ( 2451): ÂõæÁâáËµÑÊ∫êÂõûÊî∂Ôº?130837576
D/NVR     ( 2451): ÂõæÁâáËµÑÊ∫êÂõûÊî∂Ôº?storage/emulated/0/Movies/„ÄêÂÖ®ÊôØ„Ä?840x1920ÂÖ´ÁêÉ.mp4
I/art     ( 2451): Explicit concurrent mark sweep GC freed 11902(1103KB) AllocSpace objects, 12(12MB) LOS objects, 24% free, 5MB/7MB, paused 492us total 43.030ms
I/MediaMetadataRetrieverJNI( 2451): release
I/art     ( 2451): Explicit concurrent mark sweep GC freed 992(454KB) AllocSpace objects, 15(1760KB) LOS objects, 24% free, 3MB/4MB, paused 1.063ms total 48.906ms
I/art     ( 2451): Explicit concurrent mark sweep GC freed 11(464B) AllocSpace objects, 0(0B) LOS objects, 24% free, 3MB/4MB, paused 859us total 44.612ms
D/ViewRootImpl( 2451): onDetachedFromWindow ungister contentObserver
W/ResourceType(  858): No package identifier when getting value for resource number 0x00000000
W/PackageManager(  858): Failure retrieving resources for com.nibiru.vr.player: Resource ID #0x0
D/DisplayPowerController(  466): MSG_BUTTON_LIGHTS_TIME_OUT
E/Lights  (  466): write_int failed to open sys/class/leds/rk29_key_led/brightness
I/Lights  (  466): >>> Enter set_keyboard_light
E/wayne   (  466): keyCode:66 event:KeyEvent { action=ACTION_DOWN, keyCode=KEYCODE_ENTER, scanCode=28, metaState=0, flags=0x8, repeatCount=0, eventTime=554131, downTime=554131, deviceId=4, source=0x101 }
E/wayne   (  466): keyCode:66 event:KeyEvent { action=ACTION_UP, keyCode=KEYCODE_ENTER, scanCode=28, metaState=0, flags=0x8, repeatCount=0, eventTime=554131, downTime=554131, deviceId=4, source=0x101 }
W/ContextImpl(  466): Calling a method in the system process without a qualified user: android.app.ContextImpl.sendBroadcast:1344 com.android.server.policy.nibiru.NibiruKeyManager.sendNibiruBroadcast:94 com.android.server.policy.nibiru.NibiruKeyManager.handleKeyEvent:83 com.android.internal.policy.impl.PhoneWindowManager.interceptKeyBeforeDispatching:2657 com.android.server.wm.InputMonitor.interceptKeyBeforeDispatching:476
E/wayne   (  466): keyCode:66 event:KeyEvent { action=ACTION_DOWN, keyCode=KEYCODE_ENTER, scanCode=28, metaState=0, flags=0x8, repeatCount=0, eventTime=555001, downTime=555001, deviceId=4, source=0x101 }
E/wayne   (  466): keyCode:66 event:KeyEvent { action=ACTION_UP, keyCode=KEYCODE_ENTER, scanCode=28, metaState=0, flags=0x8, repeatCount=0, eventTime=555001, downTime=555001, deviceId=4, source=0x101 }
W/ContextImpl(  466): Calling a method in the system process without a qualified user: android.app.ContextImpl.sendBroadcast:1344 com.android.server.policy.nibiru.NibiruKeyManager.sendNibiruBroadcast:94 com.android.server.policy.nibiru.NibiruKeyManager.handleKeyEvent:83 com.android.internal.policy.impl.PhoneWindowManager.interceptKeyBeforeDispatching:2657 com.android.server.wm.InputMonitor.interceptKeyBeforeDispatching:476
I/ActivityStackSupervisor(  466): START u0 {act=android.intent.action.MAIN cat=[android.intent.category.LAUNCHER] flg=0x10000000 pkg=com.nibiru.vr.player cmp=com.nibiru.vr.player/.MainActivity} from uid 10028 on display 0
I/System.out(  466): com.nibiru.vr.player.MainActivityaddAppToken taskId:12
D/WindowManagerService(  466): null  ==========setInputFocusLw ==========  =======
D/PhoneWindow(  466): DecorView - SCREEN_WEITH = 2560 - SCREE_HEIGHT = 1440
V/WindowManagerService(  466): Adding window Window{325296af u0 Starting com.nibiru.vr.player} at 3 of 9 (after Window{29bbb9a9 u0 com.nibiru.launcher3d/com.nibiru.lanchuer.Lanchuer2DActivity})
D/ViewRootImpl(  466): onAttachToWindow register content observer attrs=WM.LayoutParams{(0,0)(fillxfill)mPosX=0mPosY=0mHScale=1.0mVScale=1.0 align=UNDEFINE taskId=12 ty=3 fl=#1830518 pfl=0x12 wanim=0x1030001 surfaceInsets=Rect(0, 0 - 0, 0) needsMenuKey=2packageName=com.nibiru.vr.playertoken=Token{2009c590 ActivityRecord{3dbdc853 u0 com.nibiru.vr.player/.MainActivity t12}}}
D/ViewRootImpl(  466): 2560<<<<<< BACK FROM relayoutWM.LayoutParams{(0,0)(fillxfill)mPosX=0mPosY=0mHScale=1.0mVScale=1.0 align=UNDEFINE taskId=12 sim=#20 ty=3 fl=#1830518 pfl=0x12 wanim=0x1030001 surfaceInsets=Rect(0, 0 - 0, 0) needsMenuKey=2packageName=com.nibiru.vr.playertoken=Token{2009c590 ActivityRecord{3dbdc853 u0 com.nibiru.vr.player/.MainActivity t12}}}
I/OpenGLRenderer(  466): Initialized EGL, version 1.4
D/        (  466): rtl is ok
W/art     ( 1715): Native thread exiting without having called DetachCurrentThread (maybe it's going to use a pthread_key_create destructor?): Thread[33,tid=3295,Native,Thread*=0xb7c4eb78,peer=0x12de60a0,"Thread-189"]
D/mali_winsys(  466): EGLint new_window_surface(egl_winsys_display*, void*, EGLSurface, EGLConfig, egl_winsys_surface**, egl_color_buffer_format*, EGLBoolean) returns 0x3000
D/ccc     ( 1715): trackerNative onPause
D/ViewRootImpl( 1715): 2560<<<<<< BACK FROM relayoutWM.LayoutParams{(0,0)(fillxfill)mPosX=0mPosY=0mHScale=1.0mVScale=1.0 align=UNDEFINE taskId=4 sim=#20 ty=1 fl=#1810500 fmt=-3 wanim=0x1030001 vsysui=0x1700 surfaceInsets=Rect(0, 0 - 0, 0) needsMenuKey=2packageName=com.nibiru.launcher3dtoken=android.os.BinderProxy@18401694}
I/NIBIRU-com.nibiru.vr.player( 2451): ========= This App is powered by Nibiru SDK! Ver.270 =========
I/NIBIRU-com.nibiru.vr.player( 2451): Nibiru SDK creates best control experiences!
I/NIBIRU-com.nibiru.vr.player( 2451): Contract: http://www.nibiruplayer.com
V/ControllerService( 2451): show activity: com.nibiru.vr.player.MainActivity@2aa15fc8
V/NibiruConfig( 2451): enable dubug mode: false
V/nibiru-device( 2451): service handler is null
V/ControllerService( 2451): INIT TOUCH SIM: true
V/ServiceManager( 2451): PREPARE TO START SERVICE
W/System.err( 2451): java.io.FileNotFoundException: nibiru_guide_zh.png
W/System.err( 2451):    at android.content.res.AssetManager.openAsset(Native Method)
W/System.err( 2451):    at android.content.res.AssetManager.open(AssetManager.java:313)
W/System.err( 2451):    at android.content.res.AssetManager.open(AssetManager.java:287)
W/System.err( 2451):    at com.nibiru.lib.controller.fb.b(Unknown Source)
W/System.err( 2451):    at com.nibiru.lib.controller.fb.a(Unknown Source)
W/System.err( 2451):    at com.nibiru.lib.controller.ae.a(Unknown Source)
W/System.err( 2451):    at com.nibiru.lib.controller.ae.n(Unknown Source)
W/System.err( 2451):    at com.nibiru.lib.vr.ControllerActivity.onCreate(Unknown Source)
W/System.err( 2451):    at com.nibiru.lib.vr.NibiruVRActivity.onCreate(Unknown Source)
W/System.err( 2451):    at com.nibiru.vr.player.MainActivity.onCreate(Unknown Source)
W/System.err( 2451):    at android.app.Activity.performCreate(Activity.java:6230)
W/System.err( 2451):    at android.app.Instrumentation.callActivityOnCreate(Instrumentation.java:1106)
W/System.err( 2451):    at android.app.ActivityThread.performLaunchActivity(ActivityThread.java:2295)
W/System.err( 2451):    at android.app.ActivityThread.handleLaunchActivity(ActivityThread.java:2407)
W/System.err( 2451):    at android.app.ActivityThread.access$800(ActivityThread.java:151)
W/System.err( 2451):    at android.app.ActivityThread$H.handleMessage(ActivityThread.java:1319)
W/System.err( 2451):    at android.os.Handler.dispatchMessage(Handler.java:102)
W/System.err( 2451):    at android.os.Looper.loop(Looper.java:135)
W/System.err( 2451):    at android.app.ActivityThread.main(ActivityThread.java:5280)
W/System.err( 2451):    at java.lang.reflect.Method.invoke(Native Method)
W/System.err( 2451):    at java.lang.reflect.Method.invoke(Method.java:372)
W/System.err( 2451):    at com.android.internal.os.ZygoteInit$MethodAndArgsCaller.run(ZygoteInit.java:963)
W/System.err( 2451):    at com.android.internal.os.ZygoteInit.main(ZygoteInit.java:758)
I/NibiruControllerSDK( 2451): match intents: 0
E/hehe    ( 2451): 5894
D/PhoneWindow( 2451): DecorView - SCREEN_WEITH = 2560 - SCREE_HEIGHT = 1440
D/HeadMountedDisplayManager( 2451): Cardboard screen parameters file not found: java.io.FileNotFoundException: /storage/emulated/0/Cardboard/phone_params: open failed: ENOENT (No such file or directory)
I/HeadMountedDisplayManager( 2451): Successfully read device params from external storage
D/CardboardViewNativeImpl( 2451): NativeProxy not found
D/CardboardViewNativeImpl( 2451): Loading native library vrtoolkit
D/CardboardViewNativeImpl( 2451): Native library loaded
W/art     ( 2451): Attempt to remove local handle scope entry from IRT, ignoring
W/art     ( 2451): Attempt to remove local handle scope entry from IRT, ignoring
V/NibiruVR-SDK( 2451): bind service res: true
D/HeadMountedDisplayManager( 2451): Cardboard screen parameters file not found: java.io.FileNotFoundException: /storage/emulated/0/Cardboard/phone_params: open failed: ENOENT (No such file or directory)
D/HeadMountedDisplayManager( 2451): Cardboard screen parameters file not found: java.io.FileNotFoundException: /storage/emulated/0/Cardboard/phone_params: open failed: ENOENT (No such file or directory)
D/nibiru  ( 1353): --isNibiruSDK->true
D/ViewRootImpl( 1715): 2560<<<<<< BACK FROM relayoutnull
V/nibiru-device( 2451): device count: 0:0:false
V/nibiru-device( 2451): device count: 0:0:false
V/WindowManagerService(  466): Adding window Window{2a85a016 u0 com.nibiru.vr.player/com.nibiru.vr.player.MainActivity} at 3 of 10 (before Window{325296af u0 Starting com.nibiru.vr.player})
W/System.err( 2451): java.net.UnknownHostException: Unable to resolve host "play.googleapis.com": No address associated with hostname
W/System.err( 2451):    at java.net.InetAddress.lookupHostByName(InetAddress.java:457)
W/System.err( 2451):    at java.net.InetAddress.getAllByNameImpl(InetAddress.java:252)
W/System.err( 2451):    at java.net.InetAddress.getAllByName(InetAddress.java:215)
W/System.err( 2451):    at com.android.okhttp.HostResolver$1.getAllByName(HostResolver.java:29)
W/System.err( 2451):    at com.android.okhttp.internal.http.RouteSelector.resetNextInetSocketAddress(RouteSelector.java:232)
W/System.err( 2451):    at com.android.okhttp.internal.http.RouteSelector.next(RouteSelector.java:124)
W/System.err( 2451):    at com.android.okhttp.internal.http.HttpEngine.connect(HttpEngine.java:272)
W/System.err( 2451):    at com.android.okhttp.internal.http.HttpEngine.sendRequest(HttpEngine.java:211)
W/System.err( 2451):    at com.android.okhttp.internal.http.HttpURLConnectionImpl.execute(HttpURLConnectionImpl.java:382)
W/System.err( 2451):    at com.android.okhttp.internal.http.HttpURLConnectionImpl.connect(HttpURLConnectionImpl.java:106)
W/System.err( 2451):    at com.android.okhttp.internal.http.HttpURLConnectionImpl.getOutputStream(HttpURLConnectionImpl.java:217)
W/System.err( 2451):    at com.android.okhttp.internal.http.DelegatingHttpsURLConnection.getOutputStream(DelegatingHttpsURLConnection.java:218)
W/System.err( 2451):    at com.android.okhttp.internal.http.HttpsURLConnectionImpl.getOutputStream(HttpsURLConnectionImpl.java:25)
W/System.err( 2451): Caused by: android.system.GaiException: android_getaddrinfo failed: EAI_NODATA (No address associated with hostname)
W/System.err( 2451):    at libcore.io.Posix.android_getaddrinfo(Native Method)
W/System.err( 2451):    at libcore.io.ForwardingOs.android_getaddrinfo(ForwardingOs.java:55)
W/System.err( 2451):    at java.net.InetAddress.lookupHostByName(InetAddress.java:438)
W/System.err( 2451):    ... 12 more
W/System.err( 2451): java.net.UnknownHostException: Unable to resolve host "play.googleapis.com": No address associated with hostname
W/System.err( 2451):    at java.net.InetAddress.lookupHostByName(InetAddress.java:457)
W/System.err( 2451):    at java.net.InetAddress.getAllByNameImpl(InetAddress.java:252)
W/System.err( 2451):    at java.net.InetAddress.getAllByName(InetAddress.java:215)
W/System.err( 2451):    at com.android.okhttp.HostResolver$1.getAllByName(HostResolver.java:29)
W/System.err( 2451):    at com.android.okhttp.internal.http.RouteSelector.resetNextInetSocketAddress(RouteSelector.java:232)
W/System.err( 2451):    at com.android.okhttp.internal.http.RouteSelector.next(RouteSelector.java:124)
W/System.err( 2451):    at com.android.okhttp.internal.http.HttpEngine.connect(HttpEngine.java:272)
W/System.err( 2451):    at com.android.okhttp.internal.http.HttpEngine.sendRequest(HttpEngine.java:211)
W/System.err( 2451):    at com.android.okhttp.internal.http.HttpURLConnectionImpl.execute(HttpURLConnectionImpl.java:382)
W/System.err( 2451):    at com.android.okhttp.internal.http.HttpURLConnectionImpl.connect(HttpURLConnectionImpl.java:106)
W/System.err( 2451):    at com.android.okhttp.internal.http.HttpURLConnectionImpl.getOutputStream(HttpURLConnectionImpl.java:217)
W/System.err( 2451):    at com.android.okhttp.internal.http.DelegatingHttpsURLConnection.getOutputStream(DelegatingHttpsURLConnection.java:218)
W/System.err( 2451):    at com.android.okhttp.internal.http.HttpsURLConnectionImpl.getOutputStream(HttpsURLConnectionImpl.java:25)
W/System.err( 2451): Caused by: android.system.GaiException: android_getaddrinfo failed: EAI_NODATA (No address associated with hostname)
W/System.err( 2451):    at libcore.io.Posix.android_getaddrinfo(Native Method)
W/System.err( 2451):    at libcore.io.ForwardingOs.android_getaddrinfo(ForwardingOs.java:55)
W/System.err( 2451):    at java.net.InetAddress.lookupHostByName(InetAddress.java:438)
W/System.err( 2451):    ... 12 more
D/ViewRootImpl( 2451): onAttachToWindow register content observer attrs=WM.LayoutParams{(0,0)(fillxfill)mPosX=0mPosY=0mHScale=1.0mVScale=1.0 align=UNDEFINE taskId=12 sim=#100 ty=1 fl=#1810580 wanim=0x1030001 vsysui=0x1706 surfaceInsets=Rect(0, 0 - 0, 0) needsMenuKey=2packageName=com.nibiru.vr.playertoken=android.os.BinderProxy@2442295e}
D/WindowManagerService(  466): Window{2a85a016 u0 com.nibiru.vr.player/com.nibiru.vr.player.MainActivity}  ==========setInputFocusLw ==========  =======
D/ViewRootImpl( 2451): 2560<<<<<< BACK FROM relayoutWM.LayoutParams{(0,0)(fillxfill)mPosX=0mPosY=0mHScale=1.0mVScale=1.0 align=UNDEFINE taskId=12 sim=#120 ty=1 fl=#1810580 fmt=-3 wanim=0x1030001 vsysui=0x1706 surfaceInsets=Rect(0, 0 - 0, 0) needsMenuKey=2packageName=com.nibiru.vr.playertoken=android.os.BinderProxy@2442295e}
D/mali_winsys( 2451): EGLint new_window_surface(egl_winsys_display*, void*, EGLSurface, EGLConfig, egl_winsys_surface**, egl_color_buffer_format*, EGLBoolean) returns 0x3000
V/WindowManagerService(  466): Adding window Window{2833a7a2 u0 SurfaceView} at 3 of 11 (before Window{2a85a016 u0 com.nibiru.vr.player/com.nibiru.vr.player.MainActivity})
D/        ( 2451): rtl is ok
D/mali_winsys( 2451): EGLint new_window_surface(egl_winsys_display*, void*, EGLSurface, EGLConfig, egl_winsys_surface**, egl_color_buffer_format*, EGLBoolean) returns 0x3000
V/NibiruControllerService( 2478): check controller information2[C]: AUK0BEJGC8|true|com.nibiru.vr.player|1|N0000|24|true|0
V/NibiruCheckUtil( 2451): CHECK NIBIRU STATE
E/mali_so ( 2451): encounter the first gles_error : 0x0001 : failed to allocate CPU memory (gles2_statep_getv at hardware/arm/maliT760-r11-bak/driver/product/gles/src/state/gles2/mali_gles2_state_get.c:970)
E/mali_so ( 2451): to dump the call_stack of the first error :
D/mali_so ( 2451): #00 pc 002518b0  /system/vendor/lib/egl/libGLES_mali.so
D/mali_so ( 2451): #01 pc 002495f4  /system/vendor/lib/egl/libGLES_mali.so
D/mali_so ( 2451): #02 pc 00205cbc  /system/vendor/lib/egl/libGLES_mali.so (glGetIntegerv+104)
D/mali_so ( 2451): #03 pc 0004137f  /system/app/NibiruPlayer/lib/arm/libvrtoolkit.so
D/mali_so ( 2451): #04 pc 00042ad9  /system/app/NibiruPlayer/lib/arm/libvrtoolkit.so
D/mali_so ( 2451): #05 pc 0004389d  /system/app/NibiruPlayer/lib/arm/libvrtoolkit.so
D/mali_so ( 2451): #06 pc 000438f5  /system/app/NibiruPlayer/lib/arm/libvrtoolkit.so
D/mali_so ( 2451): #07 pc 00045319  /system/app/NibiruPlayer/lib/arm/libvrtoolkit.so
D/mali_so ( 2451): #08 pc 000106b1  /system/app/NibiruPlayer/lib/arm/libvrtoolkit.so
D/mali_so ( 2451): #09 pc 0000e35f  /system/app/NibiruPlayer/lib/arm/libvrtoolkit.so
D/mali_so ( 2451): #10 pc 0000eb37  /system/app/NibiruPlayer/lib/arm/libvrtoolkit.so
D/mali_so ( 2451): #11 pc 000a2fa1  /system/lib/libart.so (art_quick_generic_jni_trampoline+32)
D/mali_so ( 2451): #12 pc 001e8cbd  /system/lib/libart.so (art::mirror::ArtMethod::Invoke(art::Thread*, unsigned int*, unsigned int, art::JValue*, char const*)+152)
V/NibiruCheckUtil( 2451): PREPARE RETRIEVE NIBIRU
V/NibiruControllerService( 2478): TV PUSH LIST: 0
V/VR-SUPPORT( 1371): check config now
V/distort ( 1371): dx: 0.04694
V/distort ( 1371): distort y: 0.02609
V/VR-SUPPORT( 1371): config cardboard write res: true
V/NibiruVR-SDK( 2451): LOAD VR CONFIG: NVRConfig [inter_lens_distance=0.06, vertical_distance_to_lens_center=0.03725, screen_to_lens_distance=0.06, left_eye_fov_left=45.0, left_eye_fov_right=45.0, left_eye_fov_bottom=48.3, left_eye_fov_top=48.3, distortion_coef_x=0.04694, distortion_coef_y=0.02609, screen_width=2560.0, screen_height=1440.0, border_size_meters=0.006]
V/NibiruVR-SDK( 2451): left, right, bottom, top: 45.0, 45.0, 48.3, 48.3
V/NibiruVR-SDK( 2451): left, right, bottom, top: 45.0, 45.0, 48.3, 48.3
V/NibiruVR-SDK( 2451): left, right, bottom, top: 45.0, 45.0, 48.3, 48.3
I/HeadMountedDisplayManager( 2451): Successfully wrote Cardboard parameters to external storage.
V/VR-SUPPORT( 1371): DEBUG: false
V/NibiruVR-SDK( 2451): REV SET FPS: false
V/NibiruVR-SDK( 2451): VR SDK start collection
E/wayne   (  466): keyCode:66 event:KeyEvent { action=ACTION_DOWN, keyCode=KEYCODE_ENTER, scanCode=28, metaState=0, flags=0x8, repeatCount=0, eventTime=555479, downTime=555479, deviceId=4, source=0x101 }
E/wayne   (  466): keyCode:66 event:KeyEvent { action=ACTION_UP, keyCode=KEYCODE_ENTER, scanCode=28, metaState=0, flags=0x8, repeatCount=0, eventTime=555479, downTime=555479, deviceId=4, source=0x101 }
E/NibiruVRManager( 2451): ================== VR CONN
V/NibiruVR-SDK( 2451): service is connected
W/ViewRootImpl( 2451): Dropping event due to no window focus: KeyEvent { action=ACTION_DOWN, keyCode=KEYCODE_ENTER, scanCode=28, metaState=0, flags=0x8, repeatCount=0, eventTime=555479, downTime=555479, deviceId=4, source=0x101 }
W/ViewRootImpl( 2451): Cancelling event due to no window focus: KeyEvent { action=ACTION_UP, keyCode=KEYCODE_ENTER, scanCode=28, metaState=0, flags=0x28, repeatCount=0, eventTime=555479, downTime=555479, deviceId=4, source=0x101 }
W/ViewRootImpl( 2451): Cancelling event due to no window focus: KeyEvent { action=ACTION_UP, keyCode=KEYCODE_ENTER, scanCode=28, metaState=0, flags=0x28, repeatCount=0, eventTime=555479, downTime=555479, deviceId=4, source=0x101 }
W/ViewRootImpl( 2451): Cancelling event due to no window focus: KeyEvent { action=ACTION_UP, keyCode=KEYCODE_ENTER, scanCode=28, metaState=0, flags=0x28, repeatCount=0, eventTime=555479, downTime=555479, deviceId=4, source=0x101 }
W/ViewRootImpl( 2451): Cancelling event due to no window focus: KeyEvent { action=ACTION_UP, keyCode=KEYCODE_ENTER, scanCode=28, metaState=0, flags=0x28, repeatCount=0, eventTime=555479, downTime=555479, deviceId=4, source=0x101 }
W/ViewRootImpl( 2451): Cancelling event due to no window focus: KeyEvent { action=ACTION_UP, keyCode=KEYCODE_ENTER, scanCode=28, metaState=0, flags=0x28, repeatCount=0, eventTime=555479, downTime=555479, deviceId=4, source=0x101 }
W/ViewRootImpl( 2451): Cancelling event due to no window focus: KeyEvent { action=ACTION_UP, keyCode=KEYCODE_ENTER, scanCode=28, metaState=0, flags=0x28, repeatCount=0, eventTime=555479, downTime=555479, deviceId=4, source=0x101 }
I/PhoneWindow( 2451): 66Key up: repeat=0 flags=0x28
V/nibiru-device( 2451): device count: 0:0:true
W/ViewRootImpl( 2451): Cancelling event due to no window focus: KeyEvent { action=ACTION_UP, keyCode=KEYCODE_ENTER, scanCode=28, metaState=0, flags=0x28, repeatCount=0, eventTime=555479, downTime=555479, deviceId=4, source=0x101 }
W/ViewRootImpl( 2451): Cancelling event due to no window focus: KeyEvent { action=ACTION_UP, keyCode=KEYCODE_ENTER, scanCode=28, metaState=0, flags=0x28, repeatCount=0, eventTime=555479, downTime=555479, deviceId=4, source=0x101 }
W/ViewRootImpl( 2451): Cancelling event due to no window focus: KeyEvent { action=ACTION_UP, keyCode=KEYCODE_ENTER, scanCode=28, metaState=0, flags=0x28, repeatCount=0, eventTime=555479, downTime=555479, deviceId=4, source=0x101 }
V/nibiru-device( 2451): device count: 0:0:true
D/ViewRootImpl( 2451): 2560<<<<<< BACK FROM relayoutWM.LayoutParams{(0,0)(fillxfill)mPosX=0mPosY=0mHScale=1.0mVScale=1.0 align=UNDEFINE taskId=12 sim=#120 ty=1 fl=#1810580 fmt=-3 wanim=0x1030001 vsysui=0x1706 surfaceInsets=Rect(0, 0 - 0, 0) needsMenuKey=2packageName=com.nibiru.vr.playertoken=android.os.BinderProxy@2442295e}
E/NibiruCheckUtil( 2451): check nibiru failed: -1
D/ViewRootImpl( 2451): 2560<<<<<< BACK FROM relayoutWM.LayoutParams{(0,0)(fillxfill)mPosX=0mPosY=0mHScale=1.0mVScale=1.0 align=UNDEFINE taskId=12 sim=#20 ty=1 fl=#1810580 fmt=-3 wanim=0x1030001 vsysui=0x1706 surfaceInsets=Rect(0, 0 - 0, 0) needsMenuKey=2packageName=com.nibiru.vr.playertoken=android.os.BinderProxy@2442295e}
I/ActivityManagerService(  466): Displayed com.nibiru.vr.player/.MainActivity: +520ms
D/ViewRootImpl(  466): onDetachedFromWindow ungister contentObserver
D/ccc     ( 2451): init world time :250
V/NibiruVR-SDK( 2451): left, right, bottom, top: 45.0, 45.0, 48.3, 48.3
V/NibiruVR-SDK( 2451): left, right, bottom, top: 45.0, 45.0, 48.3, 48.3
E/mali_so ( 2451): encounter the first gles_error : 0x0001 : failed to allocate CPU memory (gles2_state_is_enabled at hardware/arm/maliT760-r11-bak/driver/product/gles/src/state/gles2/mali_gles2_state_enable.c:210)
E/mali_so ( 2451): to dump the call_stack of the first error :
D/ccc     ( 2451): use disk cache!
D/mali_so ( 2451): #00 pc 002518b0  /system/vendor/lib/egl/libGLES_mali.so
D/mali_so ( 2451): #01 pc 002488cc  /system/vendor/lib/egl/libGLES_mali.so
D/mali_so ( 2451): #02 pc 002064e0  /system/vendor/lib/egl/libGLES_mali.so (glIsEnabled+96)
D/mali_so ( 2451): #03 pc 0005d63f  /system/app/NibiruPlayer/lib/arm/libvrtoolkit.so
D/mali_so ( 2451): #04 pc 000505eb  /system/app/NibiruPlayer/lib/arm/libvrtoolkit.so
D/mali_so ( 2451): #05 pc 00052c9b  /system/app/NibiruPlayer/lib/arm/libvrtoolkit.so
D/mali_so ( 2451): #06 pc 00038ce9  /system/app/NibiruPlayer/lib/arm/libvrtoolkit.so
D/mali_so ( 2451): #07 pc 000115f5  /system/app/NibiruPlayer/lib/arm/libvrtoolkit.so
D/mali_so ( 2451): #08 pc 0000f11f  /system/app/NibiruPlayer/lib/arm/libvrtoolkit.so
D/mali_so ( 2451): #09 pc 000a2fa1  /system/lib/libart.so (art_quick_generic_jni_trampoline+32)
D/mali_so ( 2451): #10 pc 001e8cbd  /system/lib/libart.so (art::mirror::ArtMethod::Invoke(art::Thread*, unsigned int*, unsigned int, art::JValue*, char const*)+152)
D/ccc     ( 2451): use disk cache!
W/ResourceType(  858): No package identifier when getting value for resource number 0x00000000
W/PackageManager(  858): Failure retrieving resources for com.nibiru.launcher3d: Resource ID #0x0
I/art     ( 2451): Background partial concurrent mark sweep GC freed 737(88KB) AllocSpace objects, 33(4MB) LOS objects, 39% free, 14MB/24MB, paused 1.262ms total 125.820ms
V/NibiruVR-SDK( 2451): Avg FPS: 62.4249 FPS: 0.0
D/DisplayPowerController(  466): button lights toggle
E/wayne   (  466): keyCode:4 event:KeyEvent { action=ACTION_DOWN, keyCode=KEYCODE_BACK, scanCode=158, metaState=0, flags=0x8, repeatCount=0, eventTime=556720, downTime=556720, deviceId=0, source=0x101 }
E/Lights  (  466): write_int failed to open sys/class/leds/rk29_key_led/brightness
I/Lights  (  466): >>> Enter set_keyboard_light
D/DisplayPowerController(  466): send timeout msg after 1500
D/DisplayPowerController(  466): send timeout msg after 1500
D/onkeydown( 2451): dispatch:4
D/ccc     ( 2451): finish
D/WindowManagerService(  466): null  ==========setInputFocusLw ==========  =======
I/PhoneWindow( 2451): 4Key up: repeat=0 flags=0x28
W/art     ( 2451): Native thread exiting without having called DetachCurrentThread (maybe it's going to use a pthread_key_create destructor?): Thread[31,tid=3327,Native,Thread*=0xb7c51a18,peer=0x32ddc0a0,"Thread-262"]
V/NibiruVR-SDK( 2451): VR SDK stop collection
D/ViewRootImpl( 1715): 2560<<<<<< BACK FROM relayoutnull
V/NibiruVR-SDK( 1715): bind service res: true
D/ViewRootImpl( 2451): 2560<<<<<< BACK FROM relayoutWM.LayoutParams{(0,0)(fillxfill)mPosX=0mPosY=0mHScale=1.0mVScale=1.0 align=UNDEFINE taskId=12 sim=#20 ty=1 fl=#1810500 fmt=-3 wanim=0x1030001 vsysui=0x1706 surfaceInsets=Rect(0, 0 - 0, 0) needsMenuKey=2packageName=com.nibiru.vr.playertoken=android.os.BinderProxy@2442295e}
V/nibiru-device( 1715): device count: 0:0:true
V/nibiru-device( 1715): device count: 0:0:true
D/HeadMountedDisplayManager( 1715): Cardboard screen parameters file not found: java.io.FileNotFoundException: /storage/emulated/0/Cardboard/phone_params: open failed: ENOENT (No such file or directory)
E/wayne   (  466): keyCode:4 event:KeyEvent { action=ACTION_UP, keyCode=KEYCODE_BACK, scanCode=158, metaState=0, flags=0x8, repeatCount=0, eventTime=556920, downTime=556720, deviceId=0, source=0x101 }
