E/wayne   (  452): keyCode:66 event:KeyEvent { action=ACTION_DOWN, keyCode=KEYCODE_ENTER, scanCode=28, metaState=0, flags=0x8, repeatCount=0, eventTime=1185215, downTime=1185215, deviceId=4, source=0x101 }
D/PhoneWindow( 1317): DecorView - SCREEN_WEITH = 2560 - SCREE_HEIGHT = 1440
D/skia    ( 1317): ---- fAsset->read(1024) returned 0
W/ContextImpl( 1317): Calling a method in the system process without a qualified user: android.app.ContextImpl.bindService:1773 android.content.ContextWrapper.bindService:539 com.android.nibiru.settings.vr.MainActivity.onCreate:168 android.app.Activity.performCreate:6230 android.app.Instrumentation.callActivityOnCreate:1106
W/ContextImpl( 1317): Calling a method in the system process without a qualified user: android.app.ContextImpl.sendBroadcast:1344 android.content.ContextWrapper.sendBroadcast:377 android.app.Activity.sendPkgChange:1259 android.app.Activity.onResume:1252 com.nibiru.lib.vr.ControllerActivity.onResume:153
W/nibiru-sdk-thre( 3007): type=1400 audit(0.0:46): avc: granted { setattr } for name="data" dev="mmcblk0p13" ino=603841 scontext=u:r:system_app:s0 tcontext=u:object_r:system_data_file:s0 tclass=dir
W/nibiru-sdk-thre( 3007): type=1400 audit(0.0:47): avc: granted { setattr } for name="data" dev="mmcblk0p13" ino=603841 scontext=u:r:system_app:s0 tcontext=u:object_r:system_data_file:s0 tclass=dir
W/nibiru-sdk-thre( 3007): type=1400 audit(0.0:48): avc: granted { setattr } for name="data" dev="mmcblk0p13" ino=603841 scontext=u:r:system_app:s0 tcontext=u:object_r:system_data_file:s0 tclass=dir
W/nibiru-sdk-thre( 3007): type=1400 audit(0.0:49): avc: granted { setattr } for name="data" dev="mmcblk0p13" ino=603841 scontext=u:r:system_app:s0 tcontext=u:object_r:system_data_file:s0 tclass=dir
W/nibiru-sdk-thre( 3007): type=1400 audit(0.0:50): avc: granted { setattr } for name="data" dev="mmcblk0p13" ino=603841 scontext=u:r:system_app:s0 tcontext=u:object_r:system_data_file:s0 tclass=dir
W/nibiru-sdk-thre( 3007): type=1400 audit(0.0:51): avc: granted { setattr } for name="data" dev="mmcblk0p13" ino=603841 scontext=u:r:system_app:s0 tcontext=u:object_r:system_data_file:s0 tclass=dir
W/nibiru-sdk-thre( 3007): type=1400 audit(0.0:52): avc: granted { setattr } for name="data" dev="mmcblk0p13" ino=603841 scontext=u:r:system_app:s0 tcontext=u:object_r:system_data_file:s0 tclass=dir
W/nibiru-sdk-thre( 3007): type=1400 audit(0.0:53): avc: granted { setattr } for name="data" dev="mmcblk0p13" ino=603841 scontext=u:r:system_app:s0 tcontext=u:object_r:system_data_file:s0 tclass=dir
W/nibiru-sdk-thre( 3007): type=1400 audit(0.0:54): avc: granted { setattr } for name="data" dev="mmcblk0p13" ino=603841 scontext=u:r:system_app:s0 tcontext=u:object_r:system_data_file:s0 tclass=dir
V/nibiru-device( 1317): device count: 0:0:true
V/nibiru-device( 1317): device count: 0:0:true
D/HeadMountedDisplayManager( 1317): Cardboard screen parameters file not found: java.io.FileNotFoundException: /storage/emulated/0/Cardboard/phone_params: open failed: ENOENT (No such file or directory)
E/CardboardDeviceParams( 1317): Error parsing param record: end of stream.
D/HeadMountedDisplayManager( 1317): Cardboard screen parameters file not found: java.io.FileNotFoundException: /storage/emulated/0/Cardboard/phone_params: open failed: ENOENT (No such file or directory)
W/System.err( 1317): java.net.UnknownHostException: Unable to resolve host "play.googleapis.com": No address associated with hostname
W/System.err( 1317):    at java.net.InetAddress.lookupHostByName(InetAddress.java:457)
W/System.err( 1317):    at java.net.InetAddress.getAllByNameImpl(InetAddress.java:252)
W/System.err( 1317):    at java.net.InetAddress.getAllByName(InetAddress.java:215)
W/System.err( 1317):    at com.android.okhttp.HostResolver$1.getAllByName(HostResolver.java:29)
W/System.err( 1317):    at com.android.okhttp.internal.http.RouteSelector.resetNextInetSocketAddress(RouteSelector.java:232)
W/System.err( 1317):    at com.android.okhttp.internal.http.RouteSelector.next(RouteSelector.java:124)
W/System.err( 1317):    at com.android.okhttp.internal.http.HttpEngine.connect(HttpEngine.java:272)
W/System.err( 1317):    at com.android.okhttp.internal.http.HttpEngine.sendRequest(HttpEngine.java:211)
W/System.err( 1317):    at com.android.okhttp.internal.http.HttpURLConnectionImpl.execute(HttpURLConnectionImpl.java:382)
W/System.err( 1317):    at com.android.okhttp.internal.http.HttpURLConnectionImpl.connect(HttpURLConnectionImpl.java:106)
W/System.err( 1317):    at com.android.okhttp.internal.http.HttpURLConnectionImpl.getOutputStream(HttpURLConnectionImpl.java:217)
W/System.err( 1317):    at com.android.okhttp.internal.http.DelegatingHttpsURLConnection.getOutputStream(DelegatingHttpsURLConnection.java:218)
W/System.err( 1317):    at com.android.okhttp.internal.http.HttpsURLConnectionImpl.getOutputStream(HttpsURLConnectionImpl.java:25)
W/System.err( 1317): Caused by: android.system.GaiException: android_getaddrinfo failed: EAI_NODATA (No address associated with hostname)
W/System.err( 1317):    at libcore.io.Posix.android_getaddrinfo(Native Method)
W/System.err( 1317):    at libcore.io.ForwardingOs.android_getaddrinfo(ForwardingOs.java:55)
W/System.err( 1317):    at java.net.InetAddress.lookupHostByName(InetAddress.java:438)
W/System.err( 1317):    ... 12 more
W/System.err( 1317): java.net.UnknownHostException: Unable to resolve host "play.googleapis.com": No address associated with hostname
W/System.err( 1317):    at java.net.InetAddress.lookupHostByName(InetAddress.java:457)
W/System.err( 1317):    at java.net.InetAddress.getAllByNameImpl(InetAddress.java:252)
W/System.err( 1317):    at java.net.InetAddress.getAllByName(InetAddress.java:215)
W/System.err( 1317):    at com.android.okhttp.HostResolver$1.getAllByName(HostResolver.java:29)
W/System.err( 1317):    at com.android.okhttp.internal.http.RouteSelector.resetNextInetSocketAddress(RouteSelector.java:232)
W/System.err( 1317):    at com.android.okhttp.internal.http.RouteSelector.next(RouteSelector.java:124)
W/System.err( 1317):    at com.android.okhttp.internal.http.HttpEngine.connect(HttpEngine.java:272)
W/System.err( 1317):    at com.android.okhttp.internal.http.HttpEngine.sendRequest(HttpEngine.java:211)
W/System.err( 1317):    at com.android.okhttp.internal.http.HttpURLConnectionImpl.execute(HttpURLConnectionImpl.java:382)
W/System.err( 1317):    at com.android.okhttp.internal.http.HttpURLConnectionImpl.connect(HttpURLConnectionImpl.java:106)
W/System.err( 1317):    at com.android.okhttp.internal.http.HttpURLConnectionImpl.getOutputStream(HttpURLConnectionImpl.java:217)
W/System.err( 1317):    at com.android.okhttp.internal.http.DelegatingHttpsURLConnection.getOutputStream(DelegatingHttpsURLConnection.java:218)
W/System.err( 1317):    at com.android.okhttp.internal.http.HttpsURLConnectionImpl.getOutputStream(HttpsURLConnectionImpl.java:25)
W/System.err( 1317): Caused by: android.system.GaiException: android_getaddrinfo failed: EAI_NODATA (No address associated with hostname)
W/System.err( 1317):    at libcore.io.Posix.android_getaddrinfo(Native Method)
W/System.err( 1317):    at libcore.io.ForwardingOs.android_getaddrinfo(ForwardingOs.java:55)
W/System.err( 1317):    at java.net.InetAddress.lookupHostByName(InetAddress.java:438)
W/System.err( 1317):    ... 12 more
D/ViewRootImpl(  841): 2560<<<<<< BACK FROM relayoutnull
V/WindowManagerService(  452): Adding window Window{180db3e1 u0 com.android.nibiru.settings.vr/com.android.nibiru.settings.vr.MainActivity} at 5 of 12 (before Window{39cee97e u0 Starting com.android.nibiru.settings.vr})
D/nibiru  ( 1024): --isNibiruSDK->true
D/ViewRootImpl( 1317): onDetachedFromWindow ungister contentObserver
D/ViewRootImpl( 1317): onAttachToWindow register content observer attrs=WM.LayoutParams{(0,0)(fillxfill)mPosX=0mPosY=0mHScale=1.0mVScale=1.0 align=UNDEFINE taskId=31 sim=#100 ty=1 fl=#1810580 wanim=0x1030001 surfaceInsets=Rect(0, 0 - 0, 0) needsMenuKey=2packageName=com.android.nibiru.settings.vrtoken=android.os.BinderProxy@21f8bac8}
D/WindowManagerService(  452): Window{180db3e1 u0 com.android.nibiru.settings.vr/com.android.nibiru.settings.vr.MainActivity}  ==========setInputFocusLw ==========  =======
E/wayne   (  452): keyCode:66 event:KeyEvent { action=ACTION_UP, keyCode=KEYCODE_ENTER, scanCode=28, metaState=0, flags=0x8, repeatCount=0, eventTime=1185215, downTime=1185215, deviceId=4, source=0x101 }
D/ViewRootImpl( 1317): 2560<<<<<< BACK FROM relayoutWM.LayoutParams{(0,0)(fillxfill)mPosX=0mPosY=0mHScale=1.0mVScale=1.0 align=UNDEFINE taskId=31 sim=#120 ty=1 fl=#1810580 fmt=-3 wanim=0x1030001 surfaceInsets=Rect(0, 0 - 0, 0) needsMenuKey=2packageName=com.android.nibiru.settings.vrtoken=android.os.BinderProxy@21f8bac8}
D/mali_winsys( 1317): EGLint new_window_surface(egl_winsys_display*, void*, EGLSurface, EGLConfig, egl_winsys_surface**, egl_color_buffer_format*, EGLBoolean) returns 0x3000
V/WindowManagerService(  452): Adding window Window{61237c7 u0 SurfaceView} at 3 of 11 (before Window{180db3e1 u0 com.android.nibiru.settings.vr/com.android.nibiru.settings.vr.MainActivity})
D/        ( 1317): rtl is ok
W/ViewRootImpl( 1317): Dropping event due to no window focus: KeyEvent { action=ACTION_DOWN, keyCode=KEYCODE_ENTER, scanCode=28, metaState=0, flags=0x8, repeatCount=0, eventTime=1185215, downTime=1185215, deviceId=4, source=0x101 }
W/ViewRootImpl( 1317): Cancelling event due to no window focus: KeyEvent { action=ACTION_UP, keyCode=KEYCODE_ENTER, scanCode=28, metaState=0, flags=0x28, repeatCount=0, eventTime=1185215, downTime=1185215, deviceId=4, source=0x101 }
W/ViewRootImpl( 1317): Cancelling event due to no window focus: KeyEvent { action=ACTION_UP, keyCode=KEYCODE_ENTER, scanCode=28, metaState=0, flags=0x28, repeatCount=0, eventTime=1185215, downTime=1185215, deviceId=4, source=0x101 }
W/ViewRootImpl( 1317): Cancelling event due to no window focus: KeyEvent { action=ACTION_UP, keyCode=KEYCODE_ENTER, scanCode=28, metaState=0, flags=0x28, repeatCount=0, eventTime=1185215, downTime=1185215, deviceId=4, source=0x101 }
W/ViewRootImpl( 1317): Cancelling event due to no window focus: KeyEvent { action=ACTION_UP, keyCode=KEYCODE_ENTER, scanCode=28, metaState=0, flags=0x28, repeatCount=0, eventTime=1185215, downTime=1185215, deviceId=4, source=0x101 }
W/ViewRootImpl( 1317): Cancelling event due to no window focus: KeyEvent { action=ACTION_UP, keyCode=KEYCODE_ENTER, scanCode=28, metaState=0, flags=0x28, repeatCount=0, eventTime=1185215, downTime=1185215, deviceId=4, source=0x101 }
W/ViewRootImpl( 1317): Cancelling event due to no window focus: KeyEvent { action=ACTION_UP, keyCode=KEYCODE_ENTER, scanCode=28, metaState=0, flags=0x28, repeatCount=0, eventTime=1185215, downTime=1185215, deviceId=4, source=0x101 }
I/PhoneWindow( 1317): 66Key up: repeat=0 flags=0x28
W/ViewRootImpl( 1317): Cancelling event due to no window focus: KeyEvent { action=ACTION_UP, keyCode=KEYCODE_ENTER, scanCode=28, metaState=0, flags=0x28, repeatCount=0, eventTime=1185215, downTime=1185215, deviceId=4, source=0x101 }
W/ViewRootImpl( 1317): Cancelling event due to no window focus: KeyEvent { action=ACTION_UP, keyCode=KEYCODE_ENTER, scanCode=28, metaState=0, flags=0x28, repeatCount=0, eventTime=1185215, downTime=1185215, deviceId=4, source=0x101 }
W/ViewRootImpl( 1317): Cancelling event due to no window focus: KeyEvent { action=ACTION_UP, keyCode=KEYCODE_ENTER, scanCode=28, metaState=0, flags=0x28, repeatCount=0, eventTime=1185215, downTime=1185215, deviceId=4, source=0x101 }
D/mali_winsys( 1317): EGLint new_window_surface(egl_winsys_display*, void*, EGLSurface, EGLConfig, egl_winsys_surface**, egl_color_buffer_format*, EGLBoolean) returns 0x3000
D/ViewRootImpl( 1317): 2560<<<<<< BACK FROM relayoutWM.LayoutParams{(0,0)(fillxfill)mPosX=0mPosY=0mHScale=1.0mVScale=1.0 align=UNDEFINE taskId=31 sim=#120 ty=1 fl=#1810580 fmt=-3 wanim=0x1030001 surfaceInsets=Rect(0, 0 - 0, 0) needsMenuKey=2packageName=com.android.nibiru.settings.vrtoken=android.os.BinderProxy@21f8bac8}
E/mali_so ( 1317): encounter the first gles_error : 0x0001 : failed to allocate CPU memory (gles2_statep_getv at hardware/arm/maliT760-r11-bak/driver/product/gles/src/state/gles2/mali_gles2_state_get.c:970)
E/mali_so ( 1317): to dump the call_stack of the first error :
D/mali_so ( 1317): #00 pc 002518b0  /system/vendor/lib/egl/libGLES_mali.so
D/mali_so ( 1317): #01 pc 002495f4  /system/vendor/lib/egl/libGLES_mali.so
D/mali_so ( 1317): #02 pc 00205cbc  /system/vendor/lib/egl/libGLES_mali.so (glGetIntegerv+104)
D/mali_so ( 1317): #03 pc 0004137f  /system/app/NibiruSettings/lib/arm/libvrtoolkit.so
D/mali_so ( 1317): #04 pc 00042ad9  /system/app/NibiruSettings/lib/arm/libvrtoolkit.so
D/mali_so ( 1317): #05 pc 0004389d  /system/app/NibiruSettings/lib/arm/libvrtoolkit.so
D/mali_so ( 1317): #06 pc 000438f5  /system/app/NibiruSettings/lib/arm/libvrtoolkit.so
D/mali_so ( 1317): #07 pc 00045319  /system/app/NibiruSettings/lib/arm/libvrtoolkit.so
D/mali_so ( 1317): #08 pc 000106b1  /system/app/NibiruSettings/lib/arm/libvrtoolkit.so
D/mali_so ( 1317): #09 pc 0000e35f  /system/app/NibiruSettings/lib/arm/libvrtoolkit.so
D/mali_so ( 1317): #10 pc 0000eb37  /system/app/NibiruSettings/lib/arm/libvrtoolkit.so
D/mali_so ( 1317): #11 pc 0003867f  /data/dalvik-cache/arm/system@app@NibiruSettings@NibiruSettings.apk@classes.dex
I/ActivityManagerService(  452): Displayed com.android.nibiru.settings.vr/.MainActivity: +350ms
D/ViewRootImpl(  452): onDetachedFromWindow ungister contentObserver
D/skia    ( 1317): ---- fAsset->read(4) returned 0
V/NibiruVR-SDK( 1317): left, right, bottom, top: 40.0, 40.0, 40.0, 40.0
V/NibiruVR-SDK( 1317): left, right, bottom, top: 40.0, 40.0, 40.0, 40.0
E/mali_so ( 1317): encounter the first gles_error : 0x0001 : failed to allocate CPU memory (gles2_state_is_enabled at hardware/arm/maliT760-r11-bak/driver/product/gles/src/state/gles2/mali_gles2_state_enable.c:210)
E/mali_so ( 1317): to dump the call_stack of the first error :
D/mali_so ( 1317): #00 pc 002518b0  /system/vendor/lib/egl/libGLES_mali.so
D/mali_so ( 1317): #01 pc 002488cc  /system/vendor/lib/egl/libGLES_mali.so
D/mali_so ( 1317): #02 pc 002064e0  /system/vendor/lib/egl/libGLES_mali.so (glIsEnabled+96)
D/mali_so ( 1317): #03 pc 0005d63f  /system/app/NibiruSettings/lib/arm/libvrtoolkit.so
D/mali_so ( 1317): #04 pc 000505eb  /system/app/NibiruSettings/lib/arm/libvrtoolkit.so
D/mali_so ( 1317): #05 pc 00052c9b  /system/app/NibiruSettings/lib/arm/libvrtoolkit.so
D/mali_so ( 1317): #06 pc 00038ce9  /system/app/NibiruSettings/lib/arm/libvrtoolkit.so
D/mali_so ( 1317): #07 pc 000115f5  /system/app/NibiruSettings/lib/arm/libvrtoolkit.so
D/mali_so ( 1317): #08 pc 0000f11f  /system/app/NibiruSettings/lib/arm/libvrtoolkit.so
D/mali_so ( 1317): #09 pc 0003867f  /data/dalvik-cache/arm/system@app@NibiruSettings@NibiruSettings.apk@classes.dex
D/CurrentFrame( 1317): 6 FPS
D/CurrentFrame( 1317): 71 FPS
E/wayne   (  452): keyCode:4 event:KeyEvent { action=ACTION_DOWN, keyCode=KEYCODE_BACK, scanCode=158, metaState=0, flags=0x8, repeatCount=0, eventTime=1187480, downTime=1187480, deviceId=0, source=0x101 }
D/DisplayPowerController(  452): button lights toggle
E/Lights  (  452): write_int failed to open sys/class/leds/rk29_key_led/brightness
I/Lights  (  452): >>> Enter set_keyboard_light
D/DisplayPowerController(  452): send timeout msg after 1500
D/DisplayPowerController(  452): send timeout msg after 1500
D/ActivityManagerService(  452): moveHomeStackTaskToTop: moving TaskRecord{19329696 #22 A=com.nibiru.launcher3d U=0 sz=1}
D/WindowManagerService(  452): null  ==========setInputFocusLw ==========  =======
W/art     ( 1317): Native thread exiting without having called DetachCurrentThread (maybe it's going to use a pthread_key_create destructor?): Thread[39,tid=3018,Native,Thread*=0xb880e3b8,peer=0x32f300a0,"Thread-171"]
W/ViewRootImpl( 1317): Cancelling event due to no window focus: KeyEvent { action=ACTION_UP, keyCode=KEYCODE_BACK, scanCode=158, metaState=0, flags=0x28, repeatCount=0, eventTime=1187492, downTime=1187480, deviceId=0, source=0x101 }
W/ViewRootImpl( 1317): Cancelling event due to no window focus: KeyEvent { action=ACTION_UP, keyCode=KEYCODE_BACK, scanCode=158, metaState=0, flags=0x28, repeatCount=0, eventTime=1187492, downTime=1187480, deviceId=0, source=0x101 }
W/ViewRootImpl( 1317): Cancelling event due to no window focus: KeyEvent { action=ACTION_UP, keyCode=KEYCODE_BACK, scanCode=158, metaState=0, flags=0x28, repeatCount=0, eventTime=1187492, downTime=1187480, deviceId=0, source=0x101 }
D/ViewRootImpl(  841): 2560<<<<<< BACK FROM relayoutnull
W/iru.settings.vr( 1317): type=1400 audit(0.0:55): avc: granted { setattr } for name="data" dev="mmcblk0p13" ino=603841 scontext=u:r:system_app:s0 tcontext=u:object_r:system_data_file:s0 tclass=dir
W/iru.settings.vr( 1317): type=1400 audit(0.0:56): avc: granted { setattr } for name="data" dev="mmcblk0p13" ino=603841 scontext=u:r:system_app:s0 tcontext=u:object_r:system_data_file:s0 tclass=dir
V/NibiruVR-SDK(  841): bind service res: true
W/iru.settings.vr( 1317): type=1400 audit(0.0:57): avc: granted { setattr } for name="data" dev="mmcblk0p13" ino=603841 scontext=u:r:system_app:s0 tcontext=u:object_r:system_data_file:s0 tclass=dir
I/PhoneWindow( 1317): 4Key up: repeat=0 flags=0x28
W/ViewRootImpl( 1317): Cancelling event due to no window focus: KeyEvent { action=ACTION_UP, keyCode=KEYCODE_BACK, scanCode=158, metaState=0, flags=0x28, repeatCount=0, eventTime=1187492, downTime=1187480, deviceId=0, source=0x101 }
W/ViewRootImpl( 1317): Cancelling event due to no window focus: KeyEvent { action=ACTION_UP, keyCode=KEYCODE_BACK, scanCode=158, metaState=0, flags=0x28, repeatCount=0, eventTime=1187492, downTime=1187480, deviceId=0, source=0x101 }
W/ViewRootImpl( 1317): Cancelling event due to no window focus: KeyEvent { action=ACTION_UP, keyCode=KEYCODE_BACK, scanCode=158, metaState=0, flags=0x28, repeatCount=0, eventTime=1187492, downTime=1187480, deviceId=0, source=0x101 }
V/nibiru-device(  841): device count: 0:0:true
V/nibiru-device(  841): device count: 0:0:true
I/HeadMountedDisplayManager(  841): Successfully read updated device params from external storage
D/HeadMountedDisplayManager(  841): Cardboard screen parameters file not found: java.io.FileNotFoundException: /storage/emulated/0/Cardboard/phone_params: open failed: ENOENT (No such file or directory)
D/ccc     (  841): trackerNative onResume
D/ViewRootImpl( 1317): 2560<<<<<< BACK FROM relayoutWM.LayoutParams{(0,0)(fillxfill)mPosX=0mPosY=0mHScale=1.0mVScale=1.0 align=UNDEFINE taskId=31 sim=#20 ty=1 fl=#1810500 fmt=-3 wanim=0x1030001 surfaceInsets=Rect(0, 0 - 0, 0) needsMenuKey=2packageName=com.android.nibiru.settings.vrtoken=android.os.BinderProxy@21f8bac8}
W/ContextImpl( 1024): Calling a method in the system process without a qualified user: android.app.ContextImpl.sendBroadcast:1344 android.content.ContextWrapper.sendBroadcast:377 com.nibiru.vrconfig.VRControlService.sendVRBroadcast:519 com.nibiru.vrconfig.VRControlService.access$600:68 com.nibiru.vrconfig.VRControlService$PackageChangeReceiver.onReceive:468
V/VR-SUPPORT( 1042): REV HEAD RESET BROADCAST
D/nibiru  ( 1024): --isNibiruSDK->true
V/NibiruVRView( 1317): REV HEAD RESET BROADCAST
D/mali_winsys(  841): EGLint new_window_surface(egl_winsys_display*, void*, EGLSurface, EGLConfig, egl_winsys_surface**, egl_color_buffer_format*, EGLBoolean) returns 0x3000
E/wayne   (  452): keyCode:4 event:KeyEvent { action=ACTION_UP, keyCode=KEYCODE_BACK, scanCode=158, metaState=0, flags=0x8, repeatCount=0, eventTime=1187680, downTime=1187480, deviceId=0, source=0x101 }
D/mali_winsys(  841): EGLint new_window_surface(egl_winsys_display*, void*, EGLSurface, EGLConfig, egl_winsys_surface**, egl_color_buffer_format*, EGLBoolean) returns 0x3000
D/WindowManagerService(  452): Window{35b62cb5 u0 com.nibiru.launcher3d/com.nibiru.lanchuer.Lanchuer2DActivity}  ==========setInputFocusLw ==========  =======
D/ViewRootImpl(  841): 2560<<<<<< BACK FROM relayoutnull
D/mali_winsys(  841): EGLint new_window_surface(egl_winsys_display*, void*, EGLSurface, EGLConfig, egl_winsys_surface**, egl_color_buffer_format*, EGLBoolean) returns 0x3000
W/ViewRootImpl(  841): Cancelling event due to no window focus: KeyEvent { action=ACTION_UP, keyCode=KEYCODE_BACK, scanCode=158, metaState=0, flags=0x28, repeatCount=0, eventTime=1187680, downTime=1187480, deviceId=0, source=0x101 }
W/ViewRootImpl(  841): Cancelling event due to no window focus: KeyEvent { action=ACTION_UP, keyCode=KEYCODE_BACK, scanCode=158, metaState=0, flags=0x28, repeatCount=0, eventTime=1187680, downTime=1187480, deviceId=0, source=0x101 }
W/ViewRootImpl(  841): Cancelling event due to no window focus: KeyEvent { action=ACTION_UP, keyCode=KEYCODE_BACK, scanCode=158, metaState=0, flags=0x28, repeatCount=0, eventTime=1187680, downTime=1187480, deviceId=0, source=0x101 }
W/ViewRootImpl(  841): Cancelling event due to no window focus: KeyEvent { action=ACTION_UP, keyCode=KEYCODE_BACK, scanCode=158, metaState=0, flags=0x28, repeatCount=0, eventTime=1187680, downTime=1187480, deviceId=0, source=0x101 }
W/ViewRootImpl(  841): Cancelling event due to no window focus: KeyEvent { action=ACTION_UP, keyCode=KEYCODE_BACK, scanCode=158, metaState=0, flags=0x28, repeatCount=0, eventTime=1187680, downTime=1187480, deviceId=0, source=0x101 }
W/ViewRootImpl(  841): Cancelling event due to no window focus: KeyEvent { action=ACTION_UP, keyCode=KEYCODE_BACK, scanCode=158, metaState=0, flags=0x28, repeatCount=0, eventTime=1187680, downTime=1187480, deviceId=0, source=0x101 }
I/PhoneWindow(  841): 4Key up: repeat=0 flags=0x28
W/ViewRootImpl(  841): Cancelling event due to no window focus: KeyEvent { action=ACTION_UP, keyCode=KEYCODE_BACK, scanCode=158, metaState=0, flags=0x28, repeatCount=0, eventTime=1187680, downTime=1187480, deviceId=0, source=0x101 }
W/ViewRootImpl(  841): Cancelling event due to no window focus: KeyEvent { action=ACTION_UP, keyCode=KEYCODE_BACK, scanCode=158, metaState=0, flags=0x28, repeatCount=0, eventTime=1187680, downTime=1187480, deviceId=0, source=0x101 }
W/ViewRootImpl(  841): Cancelling event due to no window focus: KeyEvent { action=ACTION_UP, keyCode=KEYCODE_BACK, scanCode=158, metaState=0, flags=0x28, repeatCount=0, eventTime=1187680, downTime=1187480, deviceId=0, source=0x101 }
V/VR-SUPPORT( 1042): check config now
V/distort ( 1042): dx: 0.04694
V/distort ( 1042): distort y: 0.02609
V/VR-SUPPORT( 1042): config cardboard write res: true
V/NibiruVR-SDK(  841): LOAD VR CONFIG: NVRConfig [vertical_distance_to_lens_center=0.03725, screen_to_lens_distance=0.06, screen_to_lens_distance_v2=0.0315, left_eye_fov_left=45.0, left_eye_fov_right=45.0, left_eye_fov_bottom=48.3, left_eye_fov_top=48.3, distortion_coef_x=0.04694, distortion_coef_y=0.02609, distortion_coef_v2_k1=0.04694, distortion_coef_v2_k2=0.02609, screen_width=2560.0, screen_height=1440.0, border_size_meters=0.006, screen_size_x=0.12096, screen_size_y=0.06804, view_res_x=1280.0, view_res_y=1440.0, eye_fb_res_x=1280.0, eye_fb_res_y=1440.0, multi_samples=4, eye_ipd=0.06, eye_ipd_v2=0.06, lens_ipd=0.062, default_point_ratio=0.488, view_aspect_ratio=0.8888889, eye_fb_aspect_ratio=0.8888889, wrap_mesh_res_x=16, wrap_mesh_res_y=16, xMetersPerPixel=0.0, yMetersPerPixel=0.0, channel=VR0091, timestamp=0, version=1, point_z=1.5]
V/VR-SUPPORT( 1042): DEBUG: false
V/NibiruVR-SDK(  841): REV SET FPS: false
E/NibiruVRManager(  841): ================== VR CONN
V/NibiruVR-SDK(  841): service is connected
V/NibiruVRView(  841): REV HEAD RESET BROADCAST
D/ViewRootImpl(  841): 2560<<<<<< BACK FROM relayoutWM.LayoutParams{(0,0)(fillxfill)mPosX=0mPosY=0mHScale=1.0mVScale=1.0 align=UNDEFINE taskId=22 sim=#20 ty=1 fl=#1810580 fmt=-3 wanim=0x1030001 vsysui=0x1700 surfaceInsets=Rect(0, 0 - 0, 0) needsMenuKey=2packageName=com.nibiru.launcher3dtoken=android.os.BinderProxy@282c619e}
D/ViewRootImpl( 1317): 2560<<<<<< BACK FROM relayoutnull
I/art     ( 1317): Explicit concurrent mark sweep GC freed 14704(1456KB) AllocSpace objects, 28(15MB) LOS objects, 25% free, 8MB/11MB, paused 229us total 27.324ms
I/art     ( 1317): Explicit concurrent mark sweep GC freed 237(9KB) AllocSpace objects, 6(5MB) LOS objects, 24% free, 3MB/4MB, paused 189us total 13.798ms
I/art     ( 1317): Explicit concurrent mark sweep GC freed 3(96B) AllocSpace objects, 0(0B) LOS objects, 24% free, 3MB/4MB, paused 198us total 11.971ms
D/ViewRootImpl( 1317): onDetachedFromWindow ungister contentObserver
W/ResourceType(  591): No package identifier when getting value for resource number 0x00000000
W/PackageManager(  591): Failure retrieving resources for com.android.nibiru.settings.vr: Resource ID #0x0
D/DisplayPowerController(  452): MSG_BUTTON_LIGHTS_TIME_OUT
E/Lights  (  452): write_int failed to open sys/class/leds/rk29_key_led/brightness
I/Lights  (  452): >>> Enter set_keyboard_light
D/TaskPersister(  452): removeObsoleteFile: deleting file=30_task.xml
D/TaskPersister(  452): removeObsoleteFile: deleting file=30_task_thumbnail.png
E/wayne   (  452): keyCode:66 event:KeyEvent { action=ACTION_DOWN, keyCode=KEYCODE_ENTER, scanCode=28, metaState=0, flags=0x8, repeatCount=0, eventTime=1192537, downTime=1192537, deviceId=4, source=0x101 }
E/wayne   (  452): keyCode:66 event:KeyEvent { action=ACTION_UP, keyCode=KEYCODE_ENTER, scanCode=28, metaState=0, flags=0x8, repeatCount=0, eventTime=1192537, downTime=1192537, deviceId=4, source=0x101 }
W/ContextImpl(  452): Calling a method in the system process without a qualified user: android.app.ContextImpl.sendBroadcast:1344 com.android.server.policy.nibiru.NibiruKeyManager.sendNibiruBroadcast:94 com.android.server.policy.nibiru.NibiruKeyManager.handleKeyEvent:83 com.android.internal.policy.impl.PhoneWindowManager.interceptKeyBeforeDispatching:2657 com.android.server.wm.InputMonitor.interceptKeyBeforeDispatching:476
V/VRShowManager( 1317): show network exit
W/iru.settings.vr( 1317): type=1400 audit(0.0:58): avc: granted { setattr } for name="data" dev="mmcblk0p13" ino=603841 scontext=u:r:system_app:s0 tcontext=u:object_r:system_data_file:s0 tclass=dir
W/iru.settings.vr( 1317): type=1400 audit(0.0:59): avc: granted { setattr } for name="data" dev="mmcblk0p13" ino=603841 scontext=u:r:system_app:s0 tcontext=u:object_r:system_data_file:s0 tclass=dir
W/iru.settings.vr( 1317): type=1400 audit(0.0:60): avc: granted { setattr } for name="data" dev="mmcblk0p13" ino=603841 scontext=u:r:system_app:s0 tcontext=u:object_r:system_data_file:s0 tclass=dir
W/iru.settings.vr( 1317): type=1400 audit(0.0:61): avc: granted { setattr } for name="data" dev="mmcblk0p13" ino=603841 scontext=u:r:system_app:s0 tcontext=u:object_r:system_data_file:s0 tclass=dir
W/iru.settings.vr( 1317): type=1400 audit(0.0:62): avc: granted { setattr } for name="data" dev="mmcblk0p13" ino=603841 scontext=u:r:system_app:s0 tcontext=u:object_r:system_data_file:s0 tclass=dir
W/iru.settings.vr( 1317): type=1400 audit(0.0:63): avc: granted { setattr } for name="data" dev="mmcblk0p13" ino=603841 scontext=u:r:system_app:s0 tcontext=u:object_r:system_data_file:s0 tclass=dir
W/iru.settings.vr( 1317): type=1400 audit(0.0:64): avc: granted { setattr } for name="data" dev="mmcblk0p13" ino=603841 scontext=u:r:system_app:s0 tcontext=u:object_r:system_data_file:s0 tclass=dir
W/iru.settings.vr( 1317): type=1400 audit(0.0:65): avc: granted { setattr } for name="data" dev="mmcblk0p13" ino=603841 scontext=u:r:system_app:s0 tcontext=u:object_r:system_data_file:s0 tclass=dir
W/iru.settings.vr( 1317): type=1400 audit(0.0:66): avc: granted { setattr } for name="data" dev="mmcblk0p13" ino=603841 scontext=u:r:system_app:s0 tcontext=u:object_r:system_data_file:s0 tclass=dir
W/iru.settings.vr( 1317): type=1400 audit(0.0:67): avc: granted { setattr } for name="data" dev="mmcblk0p13" ino=603841 scontext=u:r:system_app:s0 tcontext=u:object_r:system_data_file:s0 tclass=dir
W/iru.settings.vr( 1317): type=1400 audit(0.0:68): avc: granted { setattr } for name="data" dev="mmcblk0p13" ino=603841 scontext=u:r:system_app:s0 tcontext=u:object_r:system_data_file:s0 tclass=dir
W/iru.settings.vr( 1317): type=1400 audit(0.0:69): avc: granted { setattr } for name="data" dev="mmcblk0p13" ino=603841 scontext=u:r:system_app:s0 tcontext=u:object_r:system_data_file:s0 tclass=dir
V/NibiruVR-SDK( 1317): SHOW EXIT
E/wayne   (  452): keyCode:66 event:KeyEvent { action=ACTION_DOWN, keyCode=KEYCODE_ENTER, scanCode=28, metaState=0, flags=0x8, repeatCount=0, eventTime=1192768, downTime=1192768, deviceId=4, source=0x101 }
E/wayne   (  452): keyCode:66 event:KeyEvent { action=ACTION_UP, keyCode=KEYCODE_ENTER, scanCode=28, metaState=0, flags=0x8, repeatCount=0, eventTime=1192768, downTime=1192768, deviceId=4, source=0x101 }
W/ContextImpl(  452): Calling a method in the system process without a qualified user: android.app.ContextImpl.sendBroadcast:1344 com.android.server.policy.nibiru.NibiruKeyManager.sendNibiruBroadcast:94 com.android.server.policy.nibiru.NibiruKeyManager.handleKeyEvent:83 com.android.internal.policy.impl.PhoneWindowManager.interceptKeyBeforeDispatching:2657 com.android.server.wm.InputMonitor.interceptKeyBeforeDispatching:476
V/PhoneWindowManager(  452): truehungUp=false, mScreenshotChordVolumeDownKeyTriggered=false, mScreenshotChordVolumeDownKeyTriggered=false
D/PhoneWindowManager(  452): interceptPowerKeyDown =================  =======
D/PhoneWindowManager(  452): cancelPendingPowerKeyAction =================  =======
E/WifiStateMachine(  452): ACTION_SCREEN_OFF...
E/WifiStateMachine(  452): cancelDelayedScan -> 134
D/mali_winsys(  452): EGLint new_window_surface(egl_winsys_display*, void*, EGLSurface, EGLConfig, egl_winsys_surface**, egl_color_buffer_format*, EGLBoolean) returns 0x3000
D/WifiStateMachine(  452): backgroundScan enabled=false startBackgroundScanIfNeeded:false
E/WifiStateMachine(  452): handleScreenStateChanged Exit: false
E/WifiStateMachine(  452): setSuspendOptimizations: 4 true
E/WifiStateMachine(  452): mSuspendOptNeedsDisabled 0
D/DisplayPowerController(  452): screen off, so turn off btn && keyboard lights
I/DisplayManagerService(  452): Display device changed: DisplayDeviceInfo{"ÂÜÖÁΩÆÂ±èÂπï": uniqueId="local:0", 2560 x 1440, 67.527 fps, supportedRefreshRates [67.527], density 480, 401.0 x 401.0 dpi, appVsyncOff 0, presDeadline 15808891, touch INTERNAL, rotation 0, type BUILT_IN, state OFF, FLAG_DEFAULT_DISPLAY, FLAG_ROTATES_WITH_CONTENT, FLAG_SECURE, FLAG_SUPPORTS_PROTECTED_BUFFERS}
V/ActivityStackSupervisor(  452): Display changed displayId=0
D/SurfaceFlinger(  155): Set power mode=0, type=0 flinger=0xb8407550
I/hwcomposer(  155): hwc_blank dpy[0],blank[1]
D/SurfaceControl(  452): Excessive delay in setPowerMode(): 496ms
E/RKPowerHAL(  452): Error opening /sys/devices/system/cpu/cpufreq/interactive/input_boost: No such file or directory
E/RKPowerHAL(  452): Error opening /sys/devices/system/cpu/cpu7/online: No such file or directory
E/RKPowerHAL(  452): Error opening /sys/devices/system/cpu/cpu6/online: No such file or directory
E/RKPowerHAL(  452): Error opening /sys/devices/system/cpu/cpu5/online: No such file or directory
E/RKPowerHAL(  452): Error opening /sys/devices/system/cpu/cpu4/online: No such file or directory
E/RKPowerHAL(  452): Error opening /sys/devices/system/cpu/cpu3/online: Permission denied
E/RKPowerHAL(  452): Error opening /sys/devices/system/cpu/cpu2/online: Permission denied
D/PowerManagerService-JNI(  452): Excessive delay in setInteractive(false) while turning screen off: 32ms
W/art     (  841): Native thread exiting without having called DetachCurrentThread (maybe it's going to use a pthread_key_create destructor?): Thread[31,tid=3026,Native,Thread*=0xb87cd618,peer=0x12f6d0a0,"Thread-149"]
D/ccc     (  841): trackerNative onPause
D/ViewRootImpl(  841): 2560<<<<<< BACK FROM relayoutWM.LayoutParams{(0,0)(fillxfill)mPosX=0mPosY=0mHScale=1.0mVScale=1.0 align=UNDEFINE taskId=22 sim=#20 ty=1 fl=#1810500 fmt=-3 wanim=0x1030001 vsysui=0x1700 surfaceInsets=Rect(0, 0 - 0, 0) needsMenuKey=2packageName=com.nibiru.launcher3dtoken=android.os.BinderProxy@282c619e}
I/DisplayPowerController(  452): Blocking screen on until initial contents have been drawn.
D/DisplayPowerController(  452): button lights toggle
E/Lights  (  452): write_int failed to open sys/class/leds/rk29_key_led/brightness
I/Lights  (  452): >>> Enter set_keyboard_light
D/DisplayPowerController(  452): send timeout msg after 1500
E/RKPowerHAL(  452): Error opening /sys/devices/system/cpu/cpufreq/interactive/input_boost: No such file or directory
E/RKPowerHAL(  452): Error opening /sys/devices/system/cpu/cpu7/online: No such file or directory
E/RKPowerHAL(  452): Error opening /sys/devices/system/cpu/cpu6/online: No such file or directory
E/RKPowerHAL(  452): Error opening /sys/devices/system/cpu/cpu5/online: No such file or directory
E/RKPowerHAL(  452): Error opening /sys/devices/system/cpu/cpu4/online: No such file or directory
E/RKPowerHAL(  452): Error opening /sys/devices/system/cpu/cpu3/online: Permission denied
E/RKPowerHAL(  452): Error opening /sys/devices/system/cpu/cpu2/online: Permission denied
D/SurfaceFlinger(  155): Set power mode=2, type=0 flinger=0xb8407550
I/hwcomposer(  155): hwc_blank dpy[0],blank[0]
I/DisplayManagerService(  452): Display device changed: DisplayDeviceInfo{"ÂÜÖÁΩÆÂ±èÂπï": uniqueId="local:0", 2560 x 1440, 67.527 fps, supportedRefreshRates [67.527], density 480, 401.0 x 401.0 dpi, appVsyncOff 0, presDeadline 15808891, touch INTERNAL, rotation 0, type BUILT_IN, state ON, FLAG_DEFAULT_DISPLAY, FLAG_ROTATES_WITH_CONTENT, FLAG_SECURE, FLAG_SUPPORTS_PROTECTED_BUFFERS}
V/KeyguardServiceDelegate(  452): onScreenTurnedOn(showListener = com.android.internal.policy.impl.PhoneWindowManager$2@3ff6fa4a)
V/ActivityStackSupervisor(  452): Display changed displayId=0
V/ActivityStackSupervisor(  452): Display changed displayId=0
E/WifiStateMachine(  452): ACTION_SCREEN_ON...
E/WifiStateMachine(  452): cancelDelayedScan -> 135
E/WifiStateMachine(  452): wifi network checker is off.
D/WifiStateMachine(  452): backgroundScan enabled=false startBackgroundScanIfNeeded:false
E/WifiStateMachine(  452): handleScreenStateChanged Exit: true
V/NibiruVR-SDK(  841): bind service res: true
D/DisplayPowerController(  452): send timeout msg after 1500
E/WifiStateMachine(  452): setSuspendOptimizations: 4 false
E/WifiStateMachine(  452): mSuspendOptNeedsDisabled 4
D/nibiru  ( 1024): onReceive->android.intent.action.USER_PRESENT
W/ContextImpl( 1024): Calling a method in the system process without a qualified user: android.app.ContextImpl.startService:1709 android.content.ContextWrapper.startService:516 android.content.ContextWrapper.startService:516 com.nibiru.vrconfig.VRReceiver.onReceive:33 android.app.ActivityThread.handleReceiver:2629
V/nibiru-device(  841): device count: 0:0:true
V/nibiru-device(  841): device count: 0:0:true
D/mali_winsys(  841): EGLint new_window_surface(egl_winsys_display*, void*, EGLSurface, EGLConfig, egl_winsys_surface**, egl_color_buffer_format*, EGLBoolean) returns 0x3000
V/KeyguardServiceDelegate(  452): **** SHOWN CALLED ****
D/HeadMountedDisplayManager(  841): Cardboard screen parameters file not found: java.io.FileNotFoundException: /storage/emulated/0/Cardboard/phone_params: open failed: ENOENT (No such file or directory)
D/ccc     (  841): trackerNative onResume
V/VR-SUPPORT( 1042): check config now
V/distort ( 1042): dx: 0.04694
V/distort ( 1042): distort y: 0.02609
V/VR-SUPPORT( 1042): config cardboard write res: true
V/NibiruVR-SDK(  841): LOAD VR CONFIG: NVRConfig [vertical_distance_to_lens_center=0.03725, screen_to_lens_distance=0.06, screen_to_lens_distance_v2=0.0315, left_eye_fov_left=45.0, left_eye_fov_right=45.0, left_eye_fov_bottom=48.3, left_eye_fov_top=48.3, distortion_coef_x=0.04694, distortion_coef_y=0.02609, distortion_coef_v2_k1=0.04694, distortion_coef_v2_k2=0.02609, screen_width=2560.0, screen_height=1440.0, border_size_meters=0.006, screen_size_x=0.12096, screen_size_y=0.06804, view_res_x=1280.0, view_res_y=1440.0, eye_fb_res_x=1280.0, eye_fb_res_y=1440.0, multi_samples=4, eye_ipd=0.06, eye_ipd_v2=0.06, lens_ipd=0.062, default_point_ratio=0.488, view_aspect_ratio=0.8888889, eye_fb_aspect_ratio=0.8888889, wrap_mesh_res_x=16, wrap_mesh_res_y=16, xMetersPerPixel=0.0, yMetersPerPixel=0.0, channel=VR0091, timestamp=0, version=1, point_z=1.5]
V/VR-SUPPORT( 1042): DEBUG: false
V/NibiruVR-SDK(  841): REV SET FPS: false
E/NibiruVRManager(  841): ================== VR CONN
V/NibiruVR-SDK(  841): service is connected
D/ViewRootImpl(  841): 2560<<<<<< BACK FROM relayoutWM.LayoutParams{(0,0)(fillxfill)mPosX=0mPosY=0mHScale=1.0mVScale=1.0 align=UNDEFINE taskId=22 sim=#120 ty=1 fl=#1810500 fmt=-3 wanim=0x1030001 vsysui=0x1700 surfaceInsets=Rect(0, 0 - 0, 0) needsMenuKey=2packageName=com.nibiru.launcher3dtoken=android.os.BinderProxy@282c619e}
I/DisplayPowerController(  452): Unblocked screen on after 168 ms
D/ViewRootImpl(  841): 2560<<<<<< BACK FROM relayoutWM.LayoutParams{(0,0)(fillxfill)mPosX=0mPosY=0mHScale=1.0mVScale=1.0 align=UNDEFINE taskId=22 sim=#120 ty=1 fl=#1810580 fmt=-3 wanim=0x1030001 vsysui=0x1700 surfaceInsets=Rect(0, 0 - 0, 0) needsMenuKey=2packageName=com.nibiru.launcher3dtoken=android.os.BinderProxy@282c619e}
D/DisplayPowerController(  452): send timeout msg after 1500
D/DisplayPowerController(  452): send timeout msg after 1500
D/SurfaceControl(  452): Excessive delay in setPowerMode(): 1571ms
D/DisplayPowerController(  452): send timeout msg after 1500
E/Lights  (  452): write_int failed to open sys/class/leds/rk29_key_led/brightness
I/Lights  (  452): >>> Enter set_keyboard_light
D/DisplayPowerController(  452): send timeout msg after 1500
D/DisplayPowerController(  452): send timeout msg after 1500
D/DisplayPowerController(  452): send timeout msg after 1500
E/Lights  (  452): write_int failed to open sys/class/leds/rk29_key_led/brightness
I/Lights  (  452): >>> Enter set_keyboard_light
D/DisplayPowerController(  452): send timeout msg after 1500
V/PhoneWindowManager(  452): truehungUp=false, mScreenshotChordVolumeDownKeyTriggered=false, mScreenshotChordVolumeDownKeyTriggered=false
D/PhoneWindowManager(  452): interceptPowerKeyDown =================  =======
D/PhoneWindowManager(  452): cancelPendingPowerKeyAction =================  =======
D/DisplayPowerController(  452): send timeout msg after 1500
D/DisplayPowerController(  452): send timeout msg after 1500
E/Lights  (  452): write_int failed to open sys/class/leds/rk29_key_led/brightness
I/Lights  (  452): >>> Enter set_keyboard_light
D/DisplayPowerController(  452): send timeout msg after 1500
V/PhoneWindowManager(  452): truehungUp=false, mScreenshotChordVolumeDownKeyTriggered=false, mScreenshotChordVolumeDownKeyTriggered=false
D/PhoneWindowManager(  452): interceptPowerKeyDown =================  =======
D/PhoneWindowManager(  452): cancelPendingPowerKeyAction =================  =======
E/WifiStateMachine(  452): ACTION_SCREEN_OFF...
E/WifiStateMachine(  452): cancelDelayedScan -> 136
D/WifiStateMachine(  452): backgroundScan enabled=false startBackgroundScanIfNeeded:false
E/WifiStateMachine(  452): handleScreenStateChanged Exit: false
E/WifiStateMachine(  452): setSuspendOptimizations: 4 true
E/WifiStateMachine(  452): mSuspendOptNeedsDisabled 0
D/mali_winsys(  452): EGLint new_window_surface(egl_winsys_display*, void*, EGLSurface, EGLConfig, egl_winsys_surface**, egl_color_buffer_format*, EGLBoolean) returns 0x3000
D/DisplayPowerController(  452): screen off, so turn off btn && keyboard lights
E/Lights  (  452): write_int failed to open sys/class/leds/rk29_key_led/brightness
I/Lights  (  452): >>> Enter set_keyboard_light
I/DisplayManagerService(  452): Display device changed: DisplayDeviceInfo{"ÂÜÖÁΩÆÂ±èÂπï": uniqueId="local:0", 2560 x 1440, 67.527 fps, supportedRefreshRates [67.527], density 480, 401.0 x 401.0 dpi, appVsyncOff 0, presDeadline 15808891, touch INTERNAL, rotation 0, type BUILT_IN, state OFF, FLAG_DEFAULT_DISPLAY, FLAG_ROTATES_WITH_CONTENT, FLAG_SECURE, FLAG_SUPPORTS_PROTECTED_BUFFERS}
V/ActivityStackSupervisor(  452): Display changed displayId=0
D/SurfaceFlinger(  155): Set power mode=0, type=0 flinger=0xb8407550
I/hwcomposer(  155): hwc_blank dpy[0],blank[1]
D/SurfaceControl(  452): Excessive delay in setPowerMode(): 459ms
E/RKPowerHAL(  452): Error opening /sys/devices/system/cpu/cpufreq/interactive/input_boost: No such file or directory
E/RKPowerHAL(  452): Error opening /sys/devices/system/cpu/cpu7/online: No such file or directory
E/RKPowerHAL(  452): Error opening /sys/devices/system/cpu/cpu6/online: No such file or directory
E/RKPowerHAL(  452): Error opening /sys/devices/system/cpu/cpu5/online: No such file or directory
E/RKPowerHAL(  452): Error opening /sys/devices/system/cpu/cpu4/online: No such file or directory
E/RKPowerHAL(  452): Error opening /sys/devices/system/cpu/cpu3/online: Permission denied
E/RKPowerHAL(  452): Error opening /sys/devices/system/cpu/cpu2/online: Permission denied
W/art     (  841): Native thread exiting without having called DetachCurrentThread (maybe it's going to use a pthread_key_create destructor?): Thread[31,tid=3033,Native,Thread*=0xb87cd618,peer=0x12f490a0,"Thread-150"]
D/ccc     (  841): trackerNative onPause
D/ViewRootImpl(  841): 2560<<<<<< BACK FROM relayoutWM.LayoutParams{(0,0)(fillxfill)mPosX=0mPosY=0mHScale=1.0mVScale=1.0 align=UNDEFINE taskId=22 sim=#120 ty=1 fl=#1810500 fmt=-3 wanim=0x1030001 vsysui=0x1700 surfaceInsets=Rect(0, 0 - 0, 0) needsMenuKey=2packageName=com.nibiru.launcher3dtoken=android.os.BinderProxy@282c619e}
I/DisplayPowerController(  452): Blocking screen on until initial contents have been drawn.
D/DisplayPowerController(  452): button lights toggle
E/Lights  (  452): write_int failed to open sys/class/leds/rk29_key_led/brightness
I/Lights  (  452): >>> Enter set_keyboard_light
D/DisplayPowerController(  452): send timeout msg after 1500
E/RKPowerHAL(  452): Error opening /sys/devices/system/cpu/cpufreq/interactive/input_boost: No such file or directory
E/RKPowerHAL(  452): Error opening /sys/devices/system/cpu/cpu7/online: No such file or directory
E/RKPowerHAL(  452): Error opening /sys/devices/system/cpu/cpu6/online: No such file or directory
E/RKPowerHAL(  452): Error opening /sys/devices/system/cpu/cpu5/online: No such file or directory
E/RKPowerHAL(  452): Error opening /sys/devices/system/cpu/cpu4/online: No such file or directory
E/RKPowerHAL(  452): Error opening /sys/devices/system/cpu/cpu3/online: Permission denied
E/RKPowerHAL(  452): Error opening /sys/devices/system/cpu/cpu2/online: Permission denied
D/SurfaceFlinger(  155): Set power mode=2, type=0 flinger=0xb8407550
I/hwcomposer(  155): hwc_blank dpy[0],blank[0]
I/DisplayManagerService(  452): Display device changed: DisplayDeviceInfo{"ÂÜÖÁΩÆÂ±èÂπï": uniqueId="local:0", 2560 x 1440, 67.527 fps, supportedRefreshRates [67.527], density 480, 401.0 x 401.0 dpi, appVsyncOff 0, presDeadline 15808891, touch INTERNAL, rotation 0, type BUILT_IN, state ON, FLAG_DEFAULT_DISPLAY, FLAG_ROTATES_WITH_CONTENT, FLAG_SECURE, FLAG_SUPPORTS_PROTECTED_BUFFERS}
V/KeyguardServiceDelegate(  452): onScreenTurnedOn(showListener = com.android.internal.policy.impl.PhoneWindowManager$2@3ff6fa4a)
V/ActivityStackSupervisor(  452): Display changed displayId=0
D/DisplayPowerController(  452): send timeout msg after 1500
V/NibiruVR-SDK(  841): bind service res: true
D/mali_winsys(  841): EGLint new_window_surface(egl_winsys_display*, void*, EGLSurface, EGLConfig, egl_winsys_surface**, egl_color_buffer_format*, EGLBoolean) returns 0x3000
V/nibiru-device(  841): device count: 0:0:true
V/nibiru-device(  841): device count: 0:0:true
D/nibiru  ( 1024): onReceive->android.intent.action.USER_PRESENT
V/KeyguardServiceDelegate(  452): **** SHOWN CALLED ****
E/WifiStateMachine(  452): ACTION_SCREEN_ON...
W/ContextImpl( 1024): Calling a method in the system process without a qualified user: android.app.ContextImpl.startService:1709 android.content.ContextWrapper.startService:516 android.content.ContextWrapper.startService:516 com.nibiru.vrconfig.VRReceiver.onReceive:33 android.app.ActivityThread.handleReceiver:2629
E/WifiStateMachine(  452): cancelDelayedScan -> 137
E/WifiStateMachine(  452): wifi network checker is off.
D/WifiStateMachine(  452): backgroundScan enabled=false startBackgroundScanIfNeeded:false
E/WifiStateMachine(  452): handleScreenStateChanged Exit: true
E/WifiStateMachine(  452): setSuspendOptimizations: 4 false
E/WifiStateMachine(  452): mSuspendOptNeedsDisabled 4
D/HeadMountedDisplayManager(  841): Cardboard screen parameters file not found: java.io.FileNotFoundException: /storage/emulated/0/Cardboard/phone_params: open failed: ENOENT (No such file or directory)
D/ccc     (  841): trackerNative onResume
V/VR-SUPPORT( 1042): check config now
V/distort ( 1042): dx: 0.04694
V/distort ( 1042): distort y: 0.02609
V/VR-SUPPORT( 1042): config cardboard write res: true
V/NibiruVR-SDK(  841): LOAD VR CONFIG: NVRConfig [vertical_distance_to_lens_center=0.03725, screen_to_lens_distance=0.06, screen_to_lens_distance_v2=0.0315, left_eye_fov_left=45.0, left_eye_fov_right=45.0, left_eye_fov_bottom=48.3, left_eye_fov_top=48.3, distortion_coef_x=0.04694, distortion_coef_y=0.02609, distortion_coef_v2_k1=0.04694, distortion_coef_v2_k2=0.02609, screen_width=2560.0, screen_height=1440.0, border_size_meters=0.006, screen_size_x=0.12096, screen_size_y=0.06804, view_res_x=1280.0, view_res_y=1440.0, eye_fb_res_x=1280.0, eye_fb_res_y=1440.0, multi_samples=4, eye_ipd=0.06, eye_ipd_v2=0.06, lens_ipd=0.062, default_point_ratio=0.488, view_aspect_ratio=0.8888889, eye_fb_aspect_ratio=0.8888889, wrap_mesh_res_x=16, wrap_mesh_res_y=16, xMetersPerPixel=0.0, yMetersPerPixel=0.0, channel=VR0091, timestamp=0, version=1, point_z=1.5]
V/VR-SUPPORT( 1042): DEBUG: false
V/NibiruVR-SDK(  841): REV SET FPS: false
E/NibiruVRManager(  841): ================== VR CONN
V/NibiruVR-SDK(  841): service is connected
I/DisplayPowerController(  452): Unblocked screen on after 135 ms
D/DisplayPowerController(  452): send timeout msg after 1500
D/ViewRootImpl(  841): 2560<<<<<< BACK FROM relayoutWM.LayoutParams{(0,0)(fillxfill)mPosX=0mPosY=0mHScale=1.0mVScale=1.0 align=UNDEFINE taskId=22 sim=#120 ty=1 fl=#1810580 fmt=-3 wanim=0x1030001 vsysui=0x1700 surfaceInsets=Rect(0, 0 - 0, 0) needsMenuKey=2packageName=com.nibiru.launcher3dtoken=android.os.BinderProxy@282c619e}
D/DisplayPowerController(  452): send timeout msg after 1500
D/SurfaceControl(  452): Excessive delay in setPowerMode(): 1551ms
D/DisplayPowerController(  452): send timeout msg after 1500
I/UsageStatsService(  452): User[0] Flushing usage stats to disk
D/DisplayPowerController(  452): MSG_BUTTON_LIGHTS_TIME_OUT
E/Lights  (  452): write_int failed to open sys/class/leds/rk29_key_led/brightness
I/Lights  (  452): >>> Enter set_keyboard_light
V/NibiruControllerService(  934): retry check controller info[com.nibiru.launcher3d]
V/NibiruControllerService(  934): check controller information2[C]: AUK0BO0MUP|true|com.nibiru.launcher3d|1|N0000|5|true|0
V/MsgStatisic(  934): GET GID FAILED
V/NibiruControllerService(  934): check controller info[checkmsg:1com.nibiru.launcher3d]: failed
V/NibiruControllerService( 1485): retry check controller info[com.nibiru.tcl.vrphotogallery]
V/NibiruControllerService( 1485): check controller information2[C]: AUK0BO0MUP|true|com.nibiru.tcl.vrphotogallery|1|N0000|22|true|0
V/MsgStatisic( 1485): GET GID FAILED
V/NibiruControllerService( 1485): check controller info[checkmsg:1com.nibiru.tcl.vrphotogallery]: failed
V/NibiruControllerService( 2477): retry check controller info[com.nibiru.vr.media.pptv]
V/NibiruControllerService( 2477): check controller information2[C]: AUK0BO0MUP|true|com.nibiru.vr.media.pptv|1|N0000|8|true|0
V/MsgStatisic( 2477): GET GID FAILED
V/NibiruControllerService( 2477): check controller info[checkmsg:1com.nibiru.vr.media.pptv]: failed
E/wayne   (  452): keyCode:66 event:KeyEvent { action=ACTION_DOWN, keyCode=KEYCODE_ENTER, scanCode=28, metaState=0, flags=0x8, repeatCount=0, eventTime=1415245, downTime=1415245, deviceId=4, source=0x101 }
E/wayne   (  452): keyCode:66 event:KeyEvent { action=ACTION_UP, keyCode=KEYCODE_ENTER, scanCode=28, metaState=0, flags=0x8, repeatCount=0, eventTime=1415245, downTime=1415245, deviceId=4, source=0x101 }
W/ContextImpl(  452): Calling a method in the system process without a qualified user: android.app.ContextImpl.sendBroadcast:1344 com.android.server.policy.nibiru.NibiruKeyManager.sendNibiruBroadcast:94 com.android.server.policy.nibiru.NibiruKeyManager.handleKeyEvent:83 com.android.internal.policy.impl.PhoneWindowManager.interceptKeyBeforeDispatching:2657 com.android.server.wm.InputMonitor.interceptKeyBeforeDispatching:476
V/NibiruControllerService( 2596): retry check controller info[com.nibiru.vrfilemanager]
V/NibiruControllerService( 2596): check controller information2[C]: AUK0BO0MUP|true|com.nibiru.vrfilemanager|1|N0000|30|true|0
V/MsgStatisic( 2596): GET GID FAILED
V/NibiruControllerService( 2596): check controller info[checkmsg:1com.nibiru.vrfilemanager]: failed
V/NibiruControllerService( 2843): retry check controller info[com.nibiru.vr.player]
V/NibiruControllerService( 2843): check controller information2[C]: AUK0BO0MUP|true|com.nibiru.vr.player|1|N0000|24|true|0
V/MsgStatisic( 2843): GET GID FAILED
V/NibiruControllerService( 2843): check controller info[checkmsg:1com.nibiru.vr.player]: failed
V/NibiruControllerService( 2843): retry check controller info[com.nibiru.vr.player]
