D/RockFFPlayer(  163): run : dequeueMessage Message 5 OK
D/RockFFPlayer(  163): Messagecomplete type [5]
D/RockFFPlayer(  163): run : Message 5 complete
D/RockFFPlayer(  163): enqueueMessage:sync wait ok
D/ViewRootImpl( 2451): 2560<<<<<< BACK FROM relayoutWM.LayoutParams{(0,0)(fillxfill)mPosX=0mPosY=0mHScale=1.0mVScale=1.0 align=UNDEFINE taskId=15 sim=#20 ty=1 fl=#1810500 fmt=-3 wanim=0x1030001 vsysui=0x1706 surfaceInsets=Rect(0, 0 - 0, 0) needsMenuKey=2packageName=com.nibiru.vr.playertoken=android.os.BinderProxy@1926a22d}
I/DisplayPowerController(  466): Blocking screen on until initial contents have been drawn.
D/DisplayPowerController(  466): button lights toggle
E/Lights  (  466): write_int failed to open sys/class/leds/rk29_key_led/brightness
I/Lights  (  466): >>> Enter set_keyboard_light
D/DisplayPowerController(  466): send timeout msg after 1500
E/RKPowerHAL(  466): Error opening /sys/devices/system/cpu/cpufreq/interactive/input_boost: No such file or directory
E/RKPowerHAL(  466): Error opening /sys/devices/system/cpu/cpu7/online: No such file or directory
E/RKPowerHAL(  466): Error opening /sys/devices/system/cpu/cpu6/online: No such file or directory
E/RKPowerHAL(  466): Error opening /sys/devices/system/cpu/cpu5/online: No such file or directory
E/RKPowerHAL(  466): Error opening /sys/devices/system/cpu/cpu4/online: No such file or directory
E/RKPowerHAL(  466): Error opening /sys/devices/system/cpu/cpu3/online: Permission denied
E/RKPowerHAL(  466): Error opening /sys/devices/system/cpu/cpu2/online: Permission denied
D/SurfaceFlinger(  157): Set power mode=2, type=0 flinger=0xb7114550
I/hwcomposer(  157): hwc_blank dpy[0],blank[0]
I/DisplayManagerService(  466): Display device changed: DisplayDeviceInfo{"ÂÜÖÁΩÆÂ±èÂπï": uniqueId="local:0", 2560 x 1440, 60.387 fps, supportedRefreshRates [60.387], density 480, 401.0 x 401.0 dpi, appVsyncOff 0, presDeadline 17559855, touch INTERNAL, rotation 0, type BUILT_IN, state ON, FLAG_DEFAULT_DISPLAY, FLAG_ROTATES_WITH_CONTENT, FLAG_SECURE, FLAG_SUPPORTS_PROTECTED_BUFFERS}
V/KeyguardServiceDelegate(  466): onScreenTurnedOn(showListener = com.android.internal.policy.impl.PhoneWindowManager$2@28e35507)
V/ActivityStackSupervisor(  466): Display changed displayId=0
V/ActivityStackSupervisor(  466): Display changed displayId=0
E/WifiStateMachine(  466): ACTION_SCREEN_ON...
E/WifiStateMachine(  466): cancelDelayedScan -> 49
E/WifiStateMachine(  466): wifi network checker is off.
D/WifiStateMachine(  466): backgroundScan enabled=false startBackgroundScanIfNeeded:false
E/WifiStateMachine(  466): handleScreenStateChanged Exit: true
E/WifiStateMachine(  466): setSuspendOptimizations: 4 false
E/WifiStateMachine(  466): mSuspendOptNeedsDisabled 4
V/NibiruVR-SDK( 2451): bind service res: true
D/DisplayPowerController(  466): send timeout msg after 1500
D/nibiru  ( 1353): onReceive->android.intent.action.USER_PRESENT
W/ContextImpl( 1353): Calling a method in the system process without a qualified user: android.app.ContextImpl.startService:1709 android.content.ContextWrapper.startService:516 android.content.ContextWrapper.startService:516 com.nibiru.vrconfig.VRReceiver.onReceive:33 android.app.ActivityThread.handleReceiver:2629
V/nibiru-device( 2451): device count: 0:0:true
V/nibiru-device( 2451): device count: 0:0:true
D/mali_winsys( 2451): EGLint new_window_surface(egl_winsys_display*, void*, EGLSurface, EGLConfig, egl_winsys_surface**, egl_color_buffer_format*, EGLBoolean) returns 0x3000
D/HeadMountedDisplayManager( 2451): Cardboard screen parameters file not found: java.io.FileNotFoundException: /storage/emulated/0/Cardboard/phone_params: open failed: ENOENT (No such file or directory)
V/NibiruVR-SDK( 2451): VR SDK start collection
D/HeadMountedDisplayManager( 2451): Cardboard screen parameters file not found: java.io.FileNotFoundException: /storage/emulated/0/Cardboard/phone_params: open failed: ENOENT (No such file or directory)
V/KeyguardServiceDelegate(  466): **** SHOWN CALLED ****
V/VR-SUPPORT( 1371): check config now
V/distort ( 1371): dx: 0.04694
V/distort ( 1371): distort y: 0.02609
V/VR-SUPPORT( 1371): config cardboard write res: true
V/NibiruVR-SDK( 2451): LOAD VR CONFIG: NVRConfig [inter_lens_distance=0.06, vertical_distance_to_lens_center=0.03725, screen_to_lens_distance=0.06, left_eye_fov_left=45.0, left_eye_fov_right=45.0, left_eye_fov_bottom=48.3, left_eye_fov_top=48.3, distortion_coef_x=0.04694, distortion_coef_y=0.02609, screen_width=2560.0, screen_height=1440.0, border_size_meters=0.006]
V/NibiruVR-SDK( 2451): left, right, bottom, top: 45.0, 45.0, 48.3, 48.3
V/NibiruVR-SDK( 2451): left, right, bottom, top: 45.0, 45.0, 48.3, 48.3
V/NibiruVR-SDK( 2451): left, right, bottom, top: 45.0, 45.0, 48.3, 48.3
V/VR-SUPPORT( 1371): DEBUG: false
V/NibiruVR-SDK( 2451): REV SET FPS: false
E/NibiruVRManager( 2451): ================== VR CONN
V/NibiruVR-SDK( 2451): service is connected
D/ViewRootImpl( 2451): 2560<<<<<< BACK FROM relayoutWM.LayoutParams{(0,0)(fillxfill)mPosX=0mPosY=0mHScale=1.0mVScale=1.0 align=UNDEFINE taskId=15 sim=#120 ty=1 fl=#1810500 fmt=-3 wanim=0x1030001 vsysui=0x1706 surfaceInsets=Rect(0, 0 - 0, 0) needsMenuKey=2packageName=com.nibiru.vr.playertoken=android.os.BinderProxy@1926a22d}
D/ViewRootImpl( 2451): 2560<<<<<< BACK FROM relayoutWM.LayoutParams{(0,0)(fillxfill)mPosX=0mPosY=0mHScale=1.0mVScale=1.0 align=UNDEFINE taskId=15 sim=#120 ty=1 fl=#1810580 fmt=-3 wanim=0x1030001 vsysui=0x1706 surfaceInsets=Rect(0, 0 - 0, 0) needsMenuKey=2packageName=com.nibiru.vr.playertoken=android.os.BinderProxy@1926a22d}
I/DisplayPowerController(  466): Unblocked screen on after 184 ms
D/DisplayPowerController(  466): send timeout msg after 1500
D/DisplayPowerController(  466): send timeout msg after 1500
V/NibiruVR-SDK( 2451): Avg FPS: 21.13216 FPS: 3.0
D/SurfaceControl(  466): Excessive delay in setPowerMode(): 1623ms
D/DisplayPowerController(  466): send timeout msg after 1500
V/NibiruVR-SDK( 2451): Avg FPS: 62.25811 FPS: 27.0
D/alsa_route(  163): route_set_controls() set route 24
D/AudioHardwareTiny(  163): close device
V/NibiruVR-SDK( 2451): Avg FPS: 62.547062 FPS: 60.0
D/DisplayPowerController(  466): MSG_BUTTON_LIGHTS_TIME_OUT
E/Lights  (  466): write_int failed to open sys/class/leds/rk29_key_led/brightness
I/Lights  (  466): >>> Enter set_keyboard_light
V/NibiruVR-SDK( 2451): Avg FPS: 59.44024 FPS: 60.0
V/NibiruVR-SDK( 2451): Avg FPS: 61.16584 FPS: 60.0
V/PhoneWindowManager(  466): truehungUp=false, mScreenshotChordVolumeDownKeyTriggered=false, mScreenshotChordVolumeDownKeyTriggered=false
D/PhoneWindowManager(  466): interceptPowerKeyDown =================  =======
D/PhoneWindowManager(  466): cancelPendingPowerKeyAction =================  =======
E/WifiStateMachine(  466): ACTION_SCREEN_OFF...
E/WifiStateMachine(  466): cancelDelayedScan -> 50
D/WifiStateMachine(  466): backgroundScan enabled=false startBackgroundScanIfNeeded:false
E/WifiStateMachine(  466): handleScreenStateChanged Exit: false
E/WifiStateMachine(  466): setSuspendOptimizations: 4 true
E/WifiStateMachine(  466): mSuspendOptNeedsDisabled 0
D/mali_winsys(  466): EGLint new_window_surface(egl_winsys_display*, void*, EGLSurface, EGLConfig, egl_winsys_surface**, egl_color_buffer_format*, EGLBoolean) returns 0x3000
D/DisplayPowerController(  466): screen off, so turn off btn && keyboard lights
I/DisplayManagerService(  466): Display device changed: DisplayDeviceInfo{"ÂÜÖÁΩÆÂ±èÂπï": uniqueId="local:0", 2560 x 1440, 60.387 fps, supportedRefreshRates [60.387], density 480, 401.0 x 401.0 dpi, appVsyncOff 0, presDeadline 17559855, touch INTERNAL, rotation 0, type BUILT_IN, state OFF, FLAG_DEFAULT_DISPLAY, FLAG_ROTATES_WITH_CONTENT, FLAG_SECURE, FLAG_SUPPORTS_PROTECTED_BUFFERS}
D/SurfaceFlinger(  157): Set power mode=0, type=0 flinger=0xb7114550
I/hwcomposer(  157): hwc_blank dpy[0],blank[1]
V/ActivityStackSupervisor(  466): Display changed displayId=0
V/NibiruVR-SDK( 2451): Avg FPS: 32.097557 FPS: 29.0
D/SurfaceControl(  466): Excessive delay in setPowerMode(): 406ms
E/RKPowerHAL(  466): Error opening /sys/devices/system/cpu/cpufreq/interactive/input_boost: No such file or directory
E/RKPowerHAL(  466): Error opening /sys/devices/system/cpu/cpu7/online: No such file or directory
E/RKPowerHAL(  466): Error opening /sys/devices/system/cpu/cpu6/online: No such file or directory
E/RKPowerHAL(  466): Error opening /sys/devices/system/cpu/cpu5/online: No such file or directory
E/RKPowerHAL(  466): Error opening /sys/devices/system/cpu/cpu4/online: No such file or directory
E/RKPowerHAL(  466): Error opening /sys/devices/system/cpu/cpu3/online: Permission denied
E/RKPowerHAL(  466): Error opening /sys/devices/system/cpu/cpu2/online: Permission denied
W/art     ( 2451): Native thread exiting without having called DetachCurrentThread (maybe it's going to use a pthread_key_create destructor?): Thread[31,tid=3861,Native,Thread*=0xb7d6d3b0,peer=0x12eaa0a0,"Thread-358"]
V/NibiruVR-SDK( 2451): VR SDK stop collection
D/ViewRootImpl( 2451): 2560<<<<<< BACK FROM relayoutWM.LayoutParams{(0,0)(fillxfill)mPosX=0mPosY=0mHScale=1.0mVScale=1.0 align=UNDEFINE taskId=15 sim=#120 ty=1 fl=#1810500 fmt=-3 wanim=0x1030001 vsysui=0x1706 surfaceInsets=Rect(0, 0 - 0, 0) needsMenuKey=2packageName=com.nibiru.vr.playertoken=android.os.BinderProxy@1926a22d}
I/DisplayPowerController(  466): Blocking screen on until initial contents have been drawn.
D/DisplayPowerController(  466): button lights toggle
E/Lights  (  466): write_int failed to open sys/class/leds/rk29_key_led/brightness
I/Lights  (  466): >>> Enter set_keyboard_light
D/DisplayPowerController(  466): send timeout msg after 1500
E/RKPowerHAL(  466): Error opening /sys/devices/system/cpu/cpufreq/interactive/input_boost: No such file or directory
E/RKPowerHAL(  466): Error opening /sys/devices/system/cpu/cpu7/online: No such file or directory
E/RKPowerHAL(  466): Error opening /sys/devices/system/cpu/cpu6/online: No such file or directory
E/RKPowerHAL(  466): Error opening /sys/devices/system/cpu/cpu5/online: No such file or directory
E/RKPowerHAL(  466): Error opening /sys/devices/system/cpu/cpu4/online: No such file or directory
E/RKPowerHAL(  466): Error opening /sys/devices/system/cpu/cpu3/online: Permission denied
E/RKPowerHAL(  466): Error opening /sys/devices/system/cpu/cpu2/online: Permission denied
D/SurfaceFlinger(  157): Set power mode=2, type=0 flinger=0xb7114550
I/hwcomposer(  157): hwc_blank dpy[0],blank[0]
I/DisplayManagerService(  466): Display device changed: DisplayDeviceInfo{"ÂÜÖÁΩÆÂ±èÂπï": uniqueId="local:0", 2560 x 1440, 60.387 fps, supportedRefreshRates [60.387], density 480, 401.0 x 401.0 dpi, appVsyncOff 0, presDeadline 17559855, touch INTERNAL, rotation 0, type BUILT_IN, state ON, FLAG_DEFAULT_DISPLAY, FLAG_ROTATES_WITH_CONTENT, FLAG_SECURE, FLAG_SUPPORTS_PROTECTED_BUFFERS}
V/KeyguardServiceDelegate(  466): onScreenTurnedOn(showListener = com.android.internal.policy.impl.PhoneWindowManager$2@28e35507)
V/ActivityStackSupervisor(  466): Display changed displayId=0
E/WifiStateMachine(  466): ACTION_SCREEN_ON...
E/WifiStateMachine(  466): cancelDelayedScan -> 51
E/WifiStateMachine(  466): wifi network checker is off.
D/WifiStateMachine(  466): backgroundScan enabled=false startBackgroundScanIfNeeded:false
E/WifiStateMachine(  466): handleScreenStateChanged Exit: true
D/DisplayPowerController(  466): send timeout msg after 1500
E/WifiStateMachine(  466): setSuspendOptimizations: 4 false
E/WifiStateMachine(  466): mSuspendOptNeedsDisabled 4
V/NibiruVR-SDK( 2451): bind service res: true
D/nibiru  ( 1353): onReceive->android.intent.action.USER_PRESENT
W/ContextImpl( 1353): Calling a method in the system process without a qualified user: android.app.ContextImpl.startService:1709 android.content.ContextWrapper.startService:516 android.content.ContextWrapper.startService:516 com.nibiru.vrconfig.VRReceiver.onReceive:33 android.app.ActivityThread.handleReceiver:2629
V/KeyguardServiceDelegate(  466): **** SHOWN CALLED ****
V/nibiru-device( 2451): device count: 0:0:true
V/nibiru-device( 2451): device count: 0:0:true
D/mali_winsys( 2451): EGLint new_window_surface(egl_winsys_display*, void*, EGLSurface, EGLConfig, egl_winsys_surface**, egl_color_buffer_format*, EGLBoolean) returns 0x3000
D/HeadMountedDisplayManager( 2451): Cardboard screen parameters file not found: java.io.FileNotFoundException: /storage/emulated/0/Cardboard/phone_params: open failed: ENOENT (No such file or directory)
V/NibiruVR-SDK( 2451): VR SDK start collection
D/HeadMountedDisplayManager( 2451): Cardboard screen parameters file not found: java.io.FileNotFoundException: /storage/emulated/0/Cardboard/phone_params: open failed: ENOENT (No such file or directory)
V/VR-SUPPORT( 1371): check config now
V/distort ( 1371): dx: 0.04694
V/distort ( 1371): distort y: 0.02609
V/VR-SUPPORT( 1371): config cardboard write res: true
V/NibiruVR-SDK( 2451): LOAD VR CONFIG: NVRConfig [inter_lens_distance=0.06, vertical_distance_to_lens_center=0.03725, screen_to_lens_distance=0.06, left_eye_fov_left=45.0, left_eye_fov_right=45.0, left_eye_fov_bottom=48.3, left_eye_fov_top=48.3, distortion_coef_x=0.04694, distortion_coef_y=0.02609, screen_width=2560.0, screen_height=1440.0, border_size_meters=0.006]
V/NibiruVR-SDK( 2451): left, right, bottom, top: 45.0, 45.0, 48.3, 48.3
V/NibiruVR-SDK( 2451): left, right, bottom, top: 45.0, 45.0, 48.3, 48.3
V/NibiruVR-SDK( 2451): left, right, bottom, top: 45.0, 45.0, 48.3, 48.3
V/VR-SUPPORT( 1371): DEBUG: false
V/NibiruVR-SDK( 2451): REV SET FPS: false
E/NibiruVRManager( 2451): ================== VR CONN
V/NibiruVR-SDK( 2451): service is connected
I/DisplayPowerController(  466): Unblocked screen on after 141 ms
D/DisplayPowerController(  466): send timeout msg after 1500
D/ViewRootImpl( 2451): 2560<<<<<< BACK FROM relayoutWM.LayoutParams{(0,0)(fillxfill)mPosX=0mPosY=0mHScale=1.0mVScale=1.0 align=UNDEFINE taskId=15 sim=#120 ty=1 fl=#1810580 fmt=-3 wanim=0x1030001 vsysui=0x1706 surfaceInsets=Rect(0, 0 - 0, 0) needsMenuKey=2packageName=com.nibiru.vr.playertoken=android.os.BinderProxy@1926a22d}
D/DisplayPowerController(  466): send timeout msg after 1500
V/NibiruVR-SDK( 2451): Avg FPS: 31.0877 FPS: 1.0
D/SurfaceControl(  466): Excessive delay in setPowerMode(): 1634ms
D/DisplayPowerController(  466): send timeout msg after 1500
V/NibiruVR-SDK( 2451): Avg FPS: 61.436165 FPS: 27.0
E/wayne   (  466): keyCode:20 event:KeyEvent { action=ACTION_DOWN, keyCode=KEYCODE_DPAD_DOWN, scanCode=108, metaState=0, flags=0x8, repeatCount=0, eventTime=724272, downTime=724272, deviceId=4, source=0x101 }
E/wayne   (  466): keyCode:20 event:KeyEvent { action=ACTION_UP, keyCode=KEYCODE_DPAD_DOWN, scanCode=108, metaState=0, flags=0x8, repeatCount=0, eventTime=724272, downTime=724272, deviceId=4, source=0x101 }
D/onkeydown( 2451): dispatch:20
I/PhoneWindow( 2451): 20Key down: repeat=0 flags=0x8
I/PhoneWindow( 2451): 20Key up: repeat=0 flags=0x8
V/NibiruVR-SDK( 2451): Avg FPS: 60.933987 FPS: 61.0
E/wayne   (  466): keyCode:66 event:KeyEvent { action=ACTION_DOWN, keyCode=KEYCODE_ENTER, scanCode=28, metaState=0, flags=0x8, repeatCount=0, eventTime=724408, downTime=724408, deviceId=4, source=0x101 }
E/wayne   (  466): keyCode:66 event:KeyEvent { action=ACTION_UP, keyCode=KEYCODE_ENTER, scanCode=28, metaState=0, flags=0x8, repeatCount=0, eventTime=724408, downTime=724408, deviceId=4, source=0x101 }
D/onkeydown( 2451): dispatch:66
D/confirm ( 2451): :down
I/PhoneWindow( 2451): 66Key up: repeat=0 flags=0x8
D/DisplayPowerController(  466): MSG_BUTTON_LIGHTS_TIME_OUT
E/Lights  (  466): write_int failed to open sys/class/leds/rk29_key_led/brightness
I/Lights  (  466): >>> Enter set_keyboard_light
E/wayne   (  466): keyCode:66 event:KeyEvent { action=ACTION_DOWN, keyCode=KEYCODE_ENTER, scanCode=28, metaState=0, flags=0x8, repeatCount=0, eventTime=724630, downTime=724630, deviceId=4, source=0x101 }
E/wayne   (  466): keyCode:66 event:KeyEvent { action=ACTION_UP, keyCode=KEYCODE_ENTER, scanCode=28, metaState=0, flags=0x8, repeatCount=0, eventTime=724630, downTime=724630, deviceId=4, source=0x101 }
D/onkeydown( 2451): dispatch:66
D/confirm ( 2451): :down
I/PhoneWindow( 2451): 66Key up: repeat=0 flags=0x8
V/NibiruVR-SDK( 2451): Avg FPS: 60.985603 FPS: 59.0
E/wayne   (  466): keyCode:66 event:KeyEvent { action=ACTION_DOWN, keyCode=KEYCODE_ENTER, scanCode=28, metaState=0, flags=0x8, repeatCount=0, eventTime=725399, downTime=725399, deviceId=4, source=0x101 }
E/wayne   (  466): keyCode:66 event:KeyEvent { action=ACTION_UP, keyCode=KEYCODE_ENTER, scanCode=28, metaState=0, flags=0x8, repeatCount=0, eventTime=725399, downTime=725399, deviceId=4, source=0x101 }
D/onkeydown( 2451): dispatch:66
D/confirm ( 2451): :down
I/PhoneWindow( 2451): 66Key up: repeat=0 flags=0x8
V/NibiruVR-SDK( 2451): Avg FPS: 57.530003 FPS: 60.0
E/wayne   (  466): keyCode:66 event:KeyEvent { action=ACTION_DOWN, keyCode=KEYCODE_ENTER, scanCode=28, metaState=0, flags=0x8, repeatCount=0, eventTime=726782, downTime=726782, deviceId=4, source=0x101 }
E/wayne   (  466): keyCode:66 event:KeyEvent { action=ACTION_UP, keyCode=KEYCODE_ENTER, scanCode=28, metaState=0, flags=0x8, repeatCount=0, eventTime=726782, downTime=726782, deviceId=4, source=0x101 }
D/onkeydown( 2451): dispatch:66
D/confirm ( 2451): :down
D/RockFFPlayer(  163): setLooping(): loop = 0
D/RockFFPlayer(  163): setLooping(): loop = 0
D/RockFFPlayer(  163): start()**************
D/RockFFPlayerBase(  163): dumpStatus(): Pause
E/RockFFPlayer(  163): resume*****
D/RockFFPlayer(  163): enter enqueueMessage
D/RockFFPlayer(  163): enqueueMessage:****1
D/RockFFPlayer(  163): enqueueMessage:****2
D/RockFFPlayer(  163): enqueueMessage:****3
D/RockFFPlayer(  163): enqueueMessage:Message 1,set signal
D/RockFFPlayer(  163): enqueueMessage:sync wait
D/RockFFPlayer(  163): deliverMessage
D/RockFFPlayer(  163): run : dequeueMessage Message 6
D/RockFFPlayer(  163): CMD_RESUME
D/RockFFPlayer(  163): doResume
D/RockFFPlayerBase(  163): dumpStatus(): Pause
D/RockFFPlayerBase(  163): dumpStatus(): Started
D/RockFFPlayer(  163): doResume:resume audio decode
D/RockFFPlayer(  163): doResume:resume audio decode
D/DecodeAudio(  163): resume:mState=4,already play
E/RkAudioPlayer(  163): RkAudioPlayer::resume one
D/RockFFPlayer(  163): resume ok
D/RockFFPlayer(  163): run : dequeueMessage Message 6 OK
D/RockFFPlayer(  163): Messagecomplete type [6]
D/RockFFPlayer(  163): run : Message 6 complete
D/RockFFPlayer(  163): enqueueMessage:sync wait ok
I/PhoneWindow( 2451): 66Key up: repeat=0 flags=0x8
D/RockFFPlayer(  163): onDisplayEvent(): FIRST_FRAME
D/RockFFPlayer(  163): *****************onDisplayEvent:audio flush set timeus=11633333
D/RockFFPlayer(  163): onDisplayEvent:resume audio decode
D/DecodeAudio(  163): resume:mState=4,already play
D/RockFFPlayer(  163): onDisplayEvent video delay time: 66666
D/AudioHardwareTiny(  163): start_output_stream
D/alsa_route(  163): route_info->sound_card 0, route_info->devices 0
D/alsa_route(  163): route_set_controls() set route 0
W/AudioFlinger(  163): write blocked for 349 msecs, 2 delayed writes, thread 0xb4c8b008
D/RockFFPlayer(  163): onDisplayEvent sync audio nowUs: 12064791, mediaTimeUs: 11700905
D/RockFFPlayer(  163): [onDisplayEvent]audiotime = 11700905;videotime=12066666;latenessUs=-365761;rawpts=12066666
D/RockFFPlayer(  163): [onDisplayEvent] reset mIsSlowSyncPlay to true.  latenessUs:-365761
D/RockFFPlayer(  163): [onDisplayEvent]audiotime = 11767927;videotime=12100000;latenessUs=-332073;rawpts=12100000
D/RockFFPlayer(  163): [onDisplayEvent]audiotime = 11835029;videotime=12133333;latenessUs=-298304;rawpts=12133333
V/NibiruVR-SDK( 2451): Avg FPS: 66.25528 FPS: 60.0
D/RockFFPlayer(  163): [onDisplayEvent]audiotime = 11901961;videotime=12166666;latenessUs=-264705;rawpts=12166666
D/RockFFPlayer(  163): [onDisplayEvent]audiotime = 11968906;videotime=12200000;latenessUs=-231094;rawpts=12200000
D/RockFFPlayer(  163): [onDisplayEvent]audiotime = 12035838;videotime=12233333;latenessUs=-197495;rawpts=12233333
D/RockFFPlayer(  163): [onDisplayEvent]audiotime = 12102787;videotime=12266666;latenessUs=-163879;rawpts=12266666
D/RockFFPlayer(  163): [onDisplayEvent]audiotime = 12437241;videotime=12433333;latenessUs=3908;rawpts=12433333
V/NibiruVR-SDK( 2451): Avg FPS: 59.689915 FPS: 59.0
E/wayne   (  466): keyCode:66 event:KeyEvent { action=ACTION_DOWN, keyCode=KEYCODE_ENTER, scanCode=28, metaState=0, flags=0x8, repeatCount=0, eventTime=729294, downTime=729294, deviceId=4, source=0x101 }
E/wayne   (  466): keyCode:66 event:KeyEvent { action=ACTION_UP, keyCode=KEYCODE_ENTER, scanCode=28, metaState=0, flags=0x8, repeatCount=0, eventTime=729294, downTime=729294, deviceId=4, source=0x101 }
D/onkeydown( 2451): dispatch:66
D/confirm ( 2451): :down
I/PhoneWindow( 2451): 66Key up: repeat=0 flags=0x8
V/NibiruVR-SDK( 2451): Avg FPS: 65.68356 FPS: 60.0
D/NativeWindowBuffer(  163): debug_time dequeueBufferFromNativeWindow=157
V/NibiruVR-SDK( 2451): Avg FPS: 67.52468 FPS: 59.0
V/NibiruVR-SDK( 2451): Avg FPS: 66.2373 FPS: 61.0
V/NibiruVR-SDK( 2451): Avg FPS: 63.371502 FPS: 59.0
V/NibiruVR-SDK( 2451): Avg FPS: 60.291534 FPS: 60.0
V/NibiruVR-SDK( 2451): Avg FPS: 62.33217 FPS: 61.0
V/NibiruVR-SDK( 2451): Avg FPS: 67.20125 FPS: 59.0
V/NibiruVR-SDK( 2451): Avg FPS: 67.50575 FPS: 61.0
V/NibiruVR-SDK( 2451): Avg FPS: 65.05148 FPS: 59.0
V/NibiruVR-SDK( 2451): Avg FPS: 65.729805 FPS: 60.0
V/NibiruControllerService( 1742): retry check controller info[com.nibiru.launcher3d]
V/NibiruControllerService( 1742): check controller information2[C]: AUK0BEJGC8|true|com.nibiru.launcher3d|1|N0000|5|true|0
V/MsgStatisic( 1742): GET GID FAILED
V/NibiruControllerService( 1742): check controller info[checkmsg:1com.nibiru.launcher3d]: failed
V/NibiruVR-SDK( 2451): Avg FPS: 65.48306 FPS: 61.0
E/WifiStateMachine(  466): ACTION_SCREEN_OFF...
E/WifiStateMachine(  466): cancelDelayedScan -> 52
D/WifiStateMachine(  466): backgroundScan enabled=false startBackgroundScanIfNeeded:false
E/WifiStateMachine(  466): handleScreenStateChanged Exit: false
V/PhoneWindowManager(  466): truehungUp=false, mScreenshotChordVolumeDownKeyTriggered=false, mScreenshotChordVolumeDownKeyTriggered=false
D/PhoneWindowManager(  466): interceptPowerKeyDown =================  =======
E/WifiStateMachine(  466): setSuspendOptimizations: 4 true
E/WifiStateMachine(  466): mSuspendOptNeedsDisabled 0
D/PhoneWindowManager(  466): cancelPendingPowerKeyAction =================  =======
D/mali_winsys(  466): EGLint new_window_surface(egl_winsys_display*, void*, EGLSurface, EGLConfig, egl_winsys_surface**, egl_color_buffer_format*, EGLBoolean) returns 0x3000
D/DisplayPowerController(  466): screen off, so turn off btn && keyboard lights
I/DisplayManagerService(  466): Display device changed: DisplayDeviceInfo{"ÂÜÖÁΩÆÂ±èÂπï": uniqueId="local:0", 2560 x 1440, 60.387 fps, supportedRefreshRates [60.387], density 480, 401.0 x 401.0 dpi, appVsyncOff 0, presDeadline 17559855, touch INTERNAL, rotation 0, type BUILT_IN, state OFF, FLAG_DEFAULT_DISPLAY, FLAG_ROTATES_WITH_CONTENT, FLAG_SECURE, FLAG_SUPPORTS_PROTECTED_BUFFERS}
V/ActivityStackSupervisor(  466): Display changed displayId=0
D/SurfaceFlinger(  157): Set power mode=0, type=0 flinger=0xb7114550
I/hwcomposer(  157): hwc_blank dpy[0],blank[1]
V/NibiruVR-SDK( 2451): Avg FPS: 18.110758 FPS: 27.0
D/SurfaceControl(  466): Excessive delay in setPowerMode(): 432ms
E/RKPowerHAL(  466): Error opening /sys/devices/system/cpu/cpufreq/interactive/input_boost: No such file or directory
E/RKPowerHAL(  466): Error opening /sys/devices/system/cpu/cpu7/online: No such file or directory
E/RKPowerHAL(  466): Error opening /sys/devices/system/cpu/cpu6/online: No such file or directory
E/RKPowerHAL(  466): Error opening /sys/devices/system/cpu/cpu5/online: No such file or directory
E/RKPowerHAL(  466): Error opening /sys/devices/system/cpu/cpu4/online: No such file or directory
E/RKPowerHAL(  466): Error opening /sys/devices/system/cpu/cpu3/online: Permission denied
E/RKPowerHAL(  466): Error opening /sys/devices/system/cpu/cpu2/online: Permission denied
W/art     ( 2451): Native thread exiting without having called DetachCurrentThread (maybe it's going to use a pthread_key_create destructor?): Thread[31,tid=3890,Native,Thread*=0xb7d6d3b0,peer=0x12eaa520,"Thread-360"]
V/NibiruVR-SDK( 2451): VR SDK stop collection
D/RockFFPlayer(  163): pause()**************
D/RockFFPlayerBase(  163): dumpStatus(): Started
D/RockFFPlayer(  163): enter enqueueMessage
D/RockFFPlayer(  163): enqueueMessage:****1
D/RockFFPlayer(  163): enqueueMessage:****2
D/RockFFPlayer(  163): enqueueMessage:****3
D/RockFFPlayer(  163): enqueueMessage:Message 1,set signal
D/RockFFPlayer(  163): enqueueMessage:sync wait
D/RockFFPlayer(  163): deliverMessage
D/RockFFPlayer(  163): run : dequeueMessage Message 5
D/RockFFPlayer(  163): CMD_PAUSE
D/RockFFPlayer(  163): doPause
D/RockFFPlayerBase(  163): dumpStatus(): Pause
D/RockFFPlayer(  163): doPause**1
D/RockFFPlayer(  163): doPause**2
D/RockFFPlayer(  163): doPause**3
D/RockFFPlayer(  163): doPause**4
D/RockFFPlayer(  163): doPause**5
D/RockFFPlayer(  163): run : dequeueMessage Message 5 OK
D/RockFFPlayer(  163): Messagecomplete type [5]
D/RockFFPlayer(  163): run : Message 5 complete
D/RockFFPlayer(  163): enqueueMessage:sync wait ok
D/ViewRootImpl( 2451): 2560<<<<<< BACK FROM relayoutWM.LayoutParams{(0,0)(fillxfill)mPosX=0mPosY=0mHScale=1.0mVScale=1.0 align=UNDEFINE taskId=15 sim=#120 ty=1 fl=#1810500 fmt=-3 wanim=0x1030001 vsysui=0x1706 surfaceInsets=Rect(0, 0 - 0, 0) needsMenuKey=2packageName=com.nibiru.vr.playertoken=android.os.BinderProxy@1926a22d}
I/DisplayPowerController(  466): Blocking screen on until initial contents have been drawn.
D/DisplayPowerController(  466): button lights toggle
E/Lights  (  466): write_int failed to open sys/class/leds/rk29_key_led/brightness
I/Lights  (  466): >>> Enter set_keyboard_light
D/DisplayPowerController(  466): send timeout msg after 1500
E/RKPowerHAL(  466): Error opening /sys/devices/system/cpu/cpufreq/interactive/input_boost: No such file or directory
E/RKPowerHAL(  466): Error opening /sys/devices/system/cpu/cpu7/online: No such file or directory
E/RKPowerHAL(  466): Error opening /sys/devices/system/cpu/cpu6/online: No such file or directory
E/RKPowerHAL(  466): Error opening /sys/devices/system/cpu/cpu5/online: No such file or directory
E/RKPowerHAL(  466): Error opening /sys/devices/system/cpu/cpu4/online: No such file or directory
E/RKPowerHAL(  466): Error opening /sys/devices/system/cpu/cpu3/online: Permission denied
E/RKPowerHAL(  466): Error opening /sys/devices/system/cpu/cpu2/online: Permission denied
D/SurfaceFlinger(  157): Set power mode=2, type=0 flinger=0xb7114550
I/hwcomposer(  157): hwc_blank dpy[0],blank[0]
I/DisplayManagerService(  466): Display device changed: DisplayDeviceInfo{"ÂÜÖÁΩÆÂ±èÂπï": uniqueId="local:0", 2560 x 1440, 60.387 fps, supportedRefreshRates [60.387], density 480, 401.0 x 401.0 dpi, appVsyncOff 0, presDeadline 17559855, touch INTERNAL, rotation 0, type BUILT_IN, state ON, FLAG_DEFAULT_DISPLAY, FLAG_ROTATES_WITH_CONTENT, FLAG_SECURE, FLAG_SUPPORTS_PROTECTED_BUFFERS}
V/KeyguardServiceDelegate(  466): onScreenTurnedOn(showListener = com.android.internal.policy.impl.PhoneWindowManager$2@28e35507)
V/ActivityStackSupervisor(  466): Display changed displayId=0
D/DisplayPowerController(  466): send timeout msg after 1500
E/WifiStateMachine(  466): ACTION_SCREEN_ON...
E/WifiStateMachine(  466): cancelDelayedScan -> 53
E/WifiStateMachine(  466): wifi network checker is off.
D/WifiStateMachine(  466): backgroundScan enabled=false startBackgroundScanIfNeeded:false
E/WifiStateMachine(  466): handleScreenStateChanged Exit: true
D/nibiru  ( 1353): onReceive->android.intent.action.USER_PRESENT
W/ContextImpl( 1353): Calling a method in the system process without a qualified user: android.app.ContextImpl.startService:1709 android.content.ContextWrapper.startService:516 android.content.ContextWrapper.startService:516 com.nibiru.vrconfig.VRReceiver.onReceive:33 android.app.ActivityThread.handleReceiver:2629
E/WifiStateMachine(  466): setSuspendOptimizations: 4 false
E/WifiStateMachine(  466): mSuspendOptNeedsDisabled 4
V/NibiruVR-SDK( 2451): bind service res: true
V/KeyguardServiceDelegate(  466): **** SHOWN CALLED ****
V/nibiru-device( 2451): device count: 0:0:true
V/nibiru-device( 2451): device count: 0:0:true
D/mali_winsys( 2451): EGLint new_window_surface(egl_winsys_display*, void*, EGLSurface, EGLConfig, egl_winsys_surface**, egl_color_buffer_format*, EGLBoolean) returns 0x3000
D/HeadMountedDisplayManager( 2451): Cardboard screen parameters file not found: java.io.FileNotFoundException: /storage/emulated/0/Cardboard/phone_params: open failed: ENOENT (No such file or directory)
V/NibiruVR-SDK( 2451): VR SDK start collection
D/HeadMountedDisplayManager( 2451): Cardboard screen parameters file not found: java.io.FileNotFoundException: /storage/emulated/0/Cardboard/phone_params: open failed: ENOENT (No such file or directory)
V/VR-SUPPORT( 1371): check config now
V/distort ( 1371): dx: 0.04694
V/distort ( 1371): distort y: 0.02609
V/VR-SUPPORT( 1371): config cardboard write res: true
V/NibiruVR-SDK( 2451): LOAD VR CONFIG: NVRConfig [inter_lens_distance=0.06, vertical_distance_to_lens_center=0.03725, screen_to_lens_distance=0.06, left_eye_fov_left=45.0, left_eye_fov_right=45.0, left_eye_fov_bottom=48.3, left_eye_fov_top=48.3, distortion_coef_x=0.04694, distortion_coef_y=0.02609, screen_width=2560.0, screen_height=1440.0, border_size_meters=0.006]
V/NibiruVR-SDK( 2451): left, right, bottom, top: 45.0, 45.0, 48.3, 48.3
V/NibiruVR-SDK( 2451): left, right, bottom, top: 45.0, 45.0, 48.3, 48.3
V/NibiruVR-SDK( 2451): left, right, bottom, top: 45.0, 45.0, 48.3, 48.3
V/VR-SUPPORT( 1371): DEBUG: false
V/NibiruVR-SDK( 2451): REV SET FPS: false
E/NibiruVRManager( 2451): ================== VR CONN
V/NibiruVR-SDK( 2451): service is connected
I/DisplayPowerController(  466): Unblocked screen on after 138 ms
D/ViewRootImpl( 2451): 2560<<<<<< BACK FROM relayoutWM.LayoutParams{(0,0)(fillxfill)mPosX=0mPosY=0mHScale=1.0mVScale=1.0 align=UNDEFINE taskId=15 sim=#120 ty=1 fl=#1810580 fmt=-3 wanim=0x1030001 vsysui=0x1706 surfaceInsets=Rect(0, 0 - 0, 0) needsMenuKey=2packageName=com.nibiru.vr.playertoken=android.os.BinderProxy@1926a22d}
D/DisplayPowerController(  466): send timeout msg after 1500
D/alsa_route(  163): route_set_controls() set route 24
D/AudioHardwareTiny(  163): close device
D/DisplayPowerController(  466): send timeout msg after 1500
V/NibiruVR-SDK( 2451): Avg FPS: 23.986866 FPS: 1.0
D/SurfaceControl(  466): Excessive delay in setPowerMode(): 1623ms
D/DisplayPowerController(  466): send timeout msg after 1500
V/NibiruVR-SDK( 2451): Avg FPS: 60.81471 FPS: 27.0
E/wayne   (  466): keyCode:4 event:KeyEvent { action=ACTION_DOWN, keyCode=KEYCODE_BACK, scanCode=158, metaState=0, flags=0x8, repeatCount=0, eventTime=745620, downTime=745620, deviceId=0, source=0x101 }
D/DisplayPowerController(  466): button lights toggle
D/DisplayPowerController(  466): send timeout msg after 1500
D/DisplayPowerController(  466): send timeout msg after 1500
D/onkeydown( 2451): dispatch:4
E/wayne   (  466): keyCode:4 event:KeyEvent { action=ACTION_UP, keyCode=KEYCODE_BACK, scanCode=158, metaState=0, flags=0x8, repeatCount=0, eventTime=745820, downTime=745620, deviceId=0, source=0x101 }
I/PhoneWindow( 2451): 4Key up: repeat=0 flags=0x8
D/DisplayPowerController(  466): button lights toggle
D/DisplayPowerController(  466): send timeout msg after 1500
E/wayne   (  466): keyCode:4 event:KeyEvent { action=ACTION_DOWN, keyCode=KEYCODE_BACK, scanCode=158, metaState=0, flags=0x8, repeatCount=0, eventTime=746220, downTime=746220, deviceId=0, source=0x101 }
D/DisplayPowerController(  466): send timeout msg after 1500
D/onkeydown( 2451): dispatch:4
D/ccc     ( 2451): finish
D/WindowManagerService(  466): null  ==========setInputFocusLw ==========  =======
I/PhoneWindow( 2451): 4Key up: repeat=0 flags=0x28
W/art     ( 2451): Native thread exiting without having called DetachCurrentThread (maybe it's going to use a pthread_key_create destructor?): Thread[40,tid=3955,Native,Thread*=0xb7d6d3b0,peer=0x130390a0,"Thread-362"]
V/NibiruVR-SDK( 2451): VR SDK stop collection
V/ActivityStackSupervisor(  466): Display changed displayId=0
D/ViewRootImpl( 1715): 2560<<<<<< BACK FROM relayoutnull
V/NibiruVR-SDK( 1715): bind service res: true
D/ViewRootImpl( 2451): 2560<<<<<< BACK FROM relayoutWM.LayoutParams{(0,0)(fillxfill)mPosX=0mPosY=0mHScale=1.0mVScale=1.0 align=UNDEFINE taskId=15 sim=#120 ty=1 fl=#1810500 fmt=-3 wanim=0x1030001 vsysui=0x1706 surfaceInsets=Rect(0, 0 - 0, 0) needsMenuKey=2packageName=com.nibiru.vr.playertoken=android.os.BinderProxy@1926a22d}
D/HeadMountedDisplayManager( 1715): Cardboard screen parameters file not found: java.io.FileNotFoundException: /storage/emulated/0/Cardboard/phone_params: open failed: ENOENT (No such file or directory)
V/nibiru-device( 1715): device count: 0:0:true
V/nibiru-device( 1715): device count: 0:0:true
W/ContextImpl( 1353): Calling a method in the system process without a qualified user: android.app.ContextImpl.sendBroadcast:1344 android.content.ContextWrapper.sendBroadcast:377 com.nibiru.vrconfig.VRControlService.sendVRBroadcast:519 com.nibiru.vrconfig.VRControlService.access$600:68 com.nibiru.vrconfig.VRControlService$PackageChangeReceiver.onReceive:468
D/nibiru  ( 1353): --isNibiruSDK->true
V/VR-SUPPORT( 1371): REV HEAD RESET BROADCAST
V/NibiruVR-SDK( 2451): REV RESET TRACKER
V/NibiruVRView( 2451): REV HEAD RESET BROADCAST
D/ccc     ( 1715): trackerNative onResume
D/mali_winsys( 1715): EGLint new_window_surface(egl_winsys_display*, void*, EGLSurface, EGLConfig, egl_winsys_surface**, egl_color_buffer_format*, EGLBoolean) returns 0x3000
E/wayne   (  466): keyCode:4 event:KeyEvent { action=ACTION_UP, keyCode=KEYCODE_BACK, scanCode=158, metaState=0, flags=0x8, repeatCount=0, eventTime=746420, downTime=746220, deviceId=0, source=0x101 }
D/mali_winsys( 1715): EGLint new_window_surface(egl_winsys_display*, void*, EGLSurface, EGLConfig, egl_winsys_surface**, egl_color_buffer_format*, EGLBoolean) returns 0x3000
D/WindowManagerService(  466): Window{29bbb9a9 u0 com.nibiru.launcher3d/com.nibiru.lanchuer.Lanchuer2DActivity}  ==========setInputFocusLw ==========  =======
D/ViewRootImpl( 1715): 2560<<<<<< BACK FROM relayoutnull
D/mali_winsys( 1715): EGLint new_window_surface(egl_winsys_display*, void*, EGLSurface, EGLConfig, egl_winsys_surface**, egl_color_buffer_format*, EGLBoolean) returns 0x3000
D/ViewRootImpl( 2451): 2560<<<<<< BACK FROM relayoutWM.LayoutParams{(0,0)(fillxfill)mPosX=0mPosY=0mHScale=1.0mVScale=1.0 align=UNDEFINE taskId=15 sim=#120 ty=1 fl=#1810500 fmt=-3 wanim=0x1030001 vsysui=0x1700 surfaceInsets=Rect(0, 0 - 0, 0) needsMenuKey=2packageName=com.nibiru.vr.playertoken=android.os.BinderProxy@1926a22d}
W/ViewRootImpl( 1715): Cancelling event due to no window focus: KeyEvent { action=ACTION_UP, keyCode=KEYCODE_BACK, scanCode=158, metaState=0, flags=0x28, repeatCount=0, eventTime=746420, downTime=746220, deviceId=0, source=0x101 }
W/ViewRootImpl( 1715): Cancelling event due to no window focus: KeyEvent { action=ACTION_UP, keyCode=KEYCODE_BACK, scanCode=158, metaState=0, flags=0x28, repeatCount=0, eventTime=746420, downTime=746220, deviceId=0, source=0x101 }
W/ViewRootImpl( 1715): Cancelling event due to no window focus: KeyEvent { action=ACTION_UP, keyCode=KEYCODE_BACK, scanCode=158, metaState=0, flags=0x28, repeatCount=0, eventTime=746420, downTime=746220, deviceId=0, source=0x101 }
W/ViewRootImpl( 1715): Cancelling event due to no window focus: KeyEvent { action=ACTION_UP, keyCode=KEYCODE_BACK, scanCode=158, metaState=0, flags=0x28, repeatCount=0, eventTime=746420, downTime=746220, deviceId=0, source=0x101 }
W/ViewRootImpl( 1715): Cancelling event due to no window focus: KeyEvent { action=ACTION_UP, keyCode=KEYCODE_BACK, scanCode=158, metaState=0, flags=0x28, repeatCount=0, eventTime=746420, downTime=746220, deviceId=0, source=0x101 }
W/ViewRootImpl( 1715): Cancelling event due to no window focus: KeyEvent { action=ACTION_UP, keyCode=KEYCODE_BACK, scanCode=158, metaState=0, flags=0x28, repeatCount=0, eventTime=746420, downTime=746220, deviceId=0, source=0x101 }
I/PhoneWindow( 1715): 4Key up: repeat=0 flags=0x28
W/ViewRootImpl( 1715): Cancelling event due to no window focus: KeyEvent { action=ACTION_UP, keyCode=KEYCODE_BACK, scanCode=158, metaState=0, flags=0x28, repeatCount=0, eventTime=746420, downTime=746220, deviceId=0, source=0x101 }
W/ViewRootImpl( 1715): Cancelling event due to no window focus: KeyEvent { action=ACTION_UP, keyCode=KEYCODE_BACK, scanCode=158, metaState=0, flags=0x28, repeatCount=0, eventTime=746420, downTime=746220, deviceId=0, source=0x101 }
W/ViewRootImpl( 1715): Cancelling event due to no window focus: KeyEvent { action=ACTION_UP, keyCode=KEYCODE_BACK, scanCode=158, metaState=0, flags=0x28, repeatCount=0, eventTime=746420, downTime=746220, deviceId=0, source=0x101 }
V/VR-SUPPORT( 1371): check config now
V/distort ( 1371): dx: 0.04694
V/distort ( 1371): distort y: 0.02609
V/VR-SUPPORT( 1371): config cardboard write res: true
V/NibiruVR-SDK( 1715): LOAD VR CONFIG: NVRConfig [vertical_distance_to_lens_center=0.03725, screen_to_lens_distance=0.06, screen_to_lens_distance_v2=0.0315, left_eye_fov_left=45.0, left_eye_fov_right=45.0, left_eye_fov_bottom=48.3, left_eye_fov_top=48.3, distortion_coef_x=0.04694, distortion_coef_y=0.02609, distortion_coef_v2_k1=0.04694, distortion_coef_v2_k2=0.02609, screen_width=2560.0, screen_height=1440.0, border_size_meters=0.006, screen_size_x=0.12096, screen_size_y=0.06804, view_res_x=1280.0, view_res_y=1440.0, eye_fb_res_x=1280.0, eye_fb_res_y=1440.0, multi_samples=4, eye_ipd=0.06, eye_ipd_v2=0.06, lens_ipd=0.062, default_point_ratio=0.488, view_aspect_ratio=0.8888889, eye_fb_aspect_ratio=0.8888889, wrap_mesh_res_x=16, wrap_mesh_res_y=16, xMetersPerPixel=0.0, yMetersPerPixel=0.0, channel=VR0091, timestamp=0, version=1, point_z=1.5]
V/VR-SUPPORT( 1371): DEBUG: false
V/NibiruVR-SDK( 1715): REV SET FPS: false
E/NibiruVRManager( 1715): ================== VR CONN
V/NibiruVR-SDK( 1715): service is connected
V/NibiruVRView( 1715): REV HEAD RESET BROADCAST
D/ViewRootImpl( 1715): 2560<<<<<< BACK FROM relayoutWM.LayoutParams{(0,0)(fillxfill)mPosX=0mPosY=0mHScale=1.0mVScale=1.0 align=UNDEFINE taskId=4 sim=#20 ty=1 fl=#1810580 fmt=-3 wanim=0x1030001 vsysui=0x1700 surfaceInsets=Rect(0, 0 - 0, 0) needsMenuKey=2packageName=com.nibiru.launcher3dtoken=android.os.BinderProxy@18401694}
D/ViewRootImpl( 2451): 2560<<<<<< BACK FROM relayoutnull
D/RockFFPlayer(  163): stop
D/RockFFPlayerBase(  163): dumpStatus(): Pause
D/RockFFPlayer(  163): stop_l
D/RockFFPlayer(  163): enter enqueueMessage
D/RockFFPlayer(  163): enqueueMessage:****1
D/RockFFPlayer(  163): enqueueMessage:****2
D/RockFFPlayer(  163): enqueueMessage:****3
D/RockFFPlayer(  163): enqueueMessage:Message 1,set signal
D/RockFFPlayer(  163): enqueueMessage:sync wait
D/RockFFPlayer(  163): deliverMessage
D/RockFFPlayer(  163): run : dequeueMessage Message 4
D/RockFFPlayer(  163): CMD_STOP
D/RockFFPlayer(  163): doStop()*****
D/RockFFPlayerBase(  163): dumpStatus(): Pause
D/RockFFPlayerBase(  163): dumpStatus(): Stop
D/RockFFPlayer(  163): doRelease()************
I/FFIDecoder(  163): waiting on end of decoder thread
E/FFMpegThread(  163): DecoderAudio,wait
D/FFMpegThread(  163): DecoderAudio:wait at pthread_join
I/DecodeAudio(  163): decoding audio ended
D/FFMpegThread(  163): DecoderAudio:thread ended
E/TraceThread(  163):     DecoderAudio(tid = 3085834320)--> [UID=fd4b3fee] pthread_join begin
E/TraceThread(  163):     DecoderAudio(tid = 3085834320)--> [UID=fd4b3fee] pthread_join end
E/FFMpegThread(  163): DecoderAudio:wait ok mThreadStatus=-1
I/RockFFPlayer(  163): readthread end of playing
I/FFIDecoder(  163): waiting on end of decoder thread
E/FFMpegThread(  163): DecoderVideo,wait
D/FFMpegThread(  163): DecoderVideo:wait at pthread_join
D/FFMpegThread(  163): DecoderVideo:thread ended
E/TraceThread(  163):     DecoderVideo(tid = 3085834904)--> [UID=fd4b3fee] pthread_join begin
E/TraceThread(  163):     DecoderVideo(tid = 3085834904)--> [UID=fd4b3fee] pthread_join end
E/FFMpegThread(  163): DecoderVideo:wait ok mThreadStatus=-1
E/RockFFPlayerBase(  163): FFMPlayerBase::flushRenderQueue in
E/RockFFPlayerBase(  163): FFMPlayerBase::flushRenderQueue out
E/TraceThread(  163):    RkFrameManage(tid = 3086294264)--> [UID=fd4b3fee] pthread_join begin
D/FrameManage(  163): FrameQueueManage::Displayframe stoped
E/TraceThread(  163):    RkFrameManage(tid = 3086294264)--> [UID=fd4b3fee] pthread_join end
I/FrameManage(  163): RkFrameManage::~RkFrameManage end!
D/RenderBase(  163): powerControl write: 0,width=3840,height=2160,ishevc=2,videoFramerate=0,streamBitrate=0
E/RenderShared(  163): ~RkRenderer in
E/RenderShared(  163): ~RkRenderer out
D/NativeWindowBuffer(  163): Calling cancelBuffer on buffer 0x14 hanlde( 0xb7ec9c38 )
D/NativeWindowBuffer(  163): Calling cancelBuffer on buffer 0x18 hanlde( 0xb7f12398 )
D/NativeWindowBuffer(  163): Calling cancelBuffer on buffer 0x1a hanlde( 0xb7ec0768 )
D/NativeWindowBuffer(  163): Calling cancelBuffer on buffer 0x1c hanlde( 0xb7f5ce18 )
D/NativeWindowBuffer(  163): Calling cancelBuffer on buffer 0x1e hanlde( 0xb8001b68 )
D/NativeWindowBuffer(  163): Calling cancelBuffer on buffer 0x22 hanlde( 0xb8001e58 )
D/NativeWindowBuffer(  163): buffer already Cancled 0x24 handle( 0xb7ebbe40 )
D/NativeWindowBuffer(  163): Calling cancelBuffer on buffer 0x26 hanlde( 0xb7eee3d8 )
D/NativeWindowBuffer(  163): buffer already Cancled 0x28 handle( 0xb7eee590 )
D/NativeWindowBuffer(  163): buffer already Cancled 0x2a handle( 0xb7eee958 )
D/NativeWindowBuffer(  163): Calling cancelBuffer on buffer 0x2c hanlde( 0xb7eeeb10 )
D/NativeWindowBuffer(  163): Calling cancelBuffer on buffer 0x2e hanlde( 0xb7eeecc8 )
D/NativeWindowBuffer(  163): buffer already Cancled 0x30 handle( 0xb7f514b8 )
D/NativeWindowBuffer(  163): buffer already Cancled 0x32 handle( 0xb7f51670 )
D/HDMIManager(  163): HdmiManager disconstructor***************
I/pv_hevcdec_api(  163): pv_rkhevcdecoder_flush out
D/vpu_api (  163): codec thread thread_stop in
D/vpu_api (  163): codec 0xb7ea3b70 work thread end
D/vpu_api (  163): codec thread thread_stop ok
I/vpu_mem_pool(  163): pid 163, close_vpu_memory_pool:552:
D/FFMpegThread(  163): DecoderVideo:~PlayerThread enter mThreadStatus=-1
D/FFMpegThread(  163): DecoderAudio:~PlayerThread enter mThreadStatus=-1
D/RkAudioPlayer(  163): setAudioSlice 0
D/RockFFPlayer(  163): doRelease ok
D/RockFFPlayer(  163): doStop()*****OK
D/RockFFPlayer(  163): run : dequeueMessage Message 4 OK
D/RockFFPlayer(  163): Messagecomplete type [4]
D/RockFFPlayer(  163): run : Message 4 complete
D/RockFFPlayer(  163): enqueueMessage:sync wait ok
D/RockFFPlayer(  163): doRelease() clearQueue************
D/RockFFPlayer(  163): stop_l:MessageStop down
D/RockFFPlayerBase(  163): dumpStatus(): Stop
D/RockFFPlayer(  163): stop_l : create CancelThread
D/RockFFPlayer(  163): CancelThread start
D/RockFFPlayer(  163): stop_l :CancelThread create ok
D/RockFFPlayer(  163): stop_l buffer thread quit
E/RockFFPlayerBase(  163): closeContext : in
D/RockFFPlayer(  163): reset()***********
D/RockFFPlayerBase(  163): dumpStatus(): Stop
D/RockFFPlayer(  163): enter enqueueMessage
D/RockFFPlayer(  163): enqueueMessage:****1
D/RockFFPlayer(  163): enqueueMessage:****2
D/RockFFPlayer(  163): enqueueMessage:****3
D/RockFFPlayer(  163): enqueueMessage:Message 1,set signal
D/RockFFPlayer(  163): enqueueMessage:sync wait
D/RockFFPlayer(  163): deliverMessage
D/RockFFPlayer(  163): run : dequeueMessage Message 11
D/RockFFPlayer(  163): CMD_RESET
D/RockFFPlayerBase(  163): dumpStatus(): Idle
D/RockFFPlayer(  163): doReset ok
D/RockFFPlayer(  163): run : dequeueMessage Message 11 OK
D/RockFFPlayer(  163): Messagecomplete type [11]
D/RockFFPlayer(  163): run : Message 11 complete
D/RockFFPlayer(  163): enqueueMessage:sync wait ok
D/RockFFPlayer(  163): reset(),MessageReset down
D/RockFFPlayer(  163): signal thread out
D/RockFFPlayer(  163): sched_thread out
D/RockFFPlayer(  163): stop:wait is ok
E/RockFFPlayerBase(  163): closeContext : out
D/RockFFPlayer(  163): CancelThread end
D/RockFFPlayer(  163): CancelThread return
D/RockFFPlayer(  163): stop:ok
D/RockFFPlayer(  163): ~RkMessageQueue
E/FFPlayer(  163): ~FFPlayer
D/RockFFPlayer(  163): reset()***********
D/RockFFPlayerBase(  163): dumpStatus(): Idle
D/RockFFPlayer(  163): CurrentStatus is IDLE,already reset
D/RockFFPlayer(  163): ~FFMPlayer*******
D/RockFFPlayer(  163): reset()***********
D/RockFFPlayerBase(  163): dumpStatus(): Idle
D/RockFFPlayer(  163): CurrentStatus is IDLE,already reset
D/RockFFPlayer(  163): ~FFMPlayer:CancelThread
D/RockFFPlayer(  163): ~FFMediaSource
D/RockFFPlayer(  163): FFMediaSource context null.
E/TraceThread(  163):     VsyncReciver(tid = 3085837584)--> [UID=fd4b3fee] pthread_join begin-->player = 0xb7eb3098
E/TraceThread(  163):     VsyncReciver(tid = 3085837584)--> [UID=fd4b3fee] pthread_join   end-->player = 0xb7eb3098
D/VsyncReciver(  163): stop_l:vsyncThread down
D/RockFFPlayer(  163): ~FFMPlayer***mNativeWindow
E/TraceThread(  163):     RockFFPlayer(tid = 3085655944)--> [UID=fd4b3fee] ~FFMPlayer Destruction; object=0xb7eb3098
D/RockFFPlayer(  163): ~FFMPlayer***end
D/RockFFPlayerBase(  163): ~FFMPlayerBase(():mDequeueThread down
D/RockFFPlayerBase(  163): ~RkMessageHandler
D/NVR     ( 2451): ÂõæÁâáËµÑÊ∫êÂõûÊî∂Ôº?130837575
D/NVR     ( 2451): ÂõæÁâáËµÑÊ∫êÂõûÊî∂Ôº?130837578
D/NVR     ( 2451): ÂõæÁâáËµÑÊ∫êÂõûÊî∂Ôº?130837576
I/art     ( 2451): Explicit concurrent mark sweep GC freed 41008(4MB) AllocSpace objects, 6(11MB) LOS objects, 24% free, 7MB/10MB, paused 810us total 42.570ms
I/art     ( 2451): Explicit concurrent mark sweep GC freed 777(319KB) AllocSpace objects, 5(640KB) LOS objects, 25% free, 6MB/9MB, paused 740us total 25.527ms
I/art     ( 2451): Explicit concurrent mark sweep GC freed 3(96B) AllocSpace objects, 0(0B) LOS objects, 25% free, 6MB/9MB, paused 561us total 23.245ms
D/ViewRootImpl( 2451): onDetachedFromWindow ungister contentObserver
W/ResourceType(  858): No package identifier when getting value for resource number 0x00000000
W/PackageManager(  858): Failure retrieving resources for com.nibiru.vr.player: Resource ID #0x0
D/DisplayPowerController(  466): MSG_BUTTON_LIGHTS_TIME_OUT
E/Lights  (  466): write_int failed to open sys/class/leds/rk29_key_led/brightness
I/Lights  (  466): >>> Enter set_keyboard_light
V/PhoneWindowManager(  466): truehungUp=false, mScreenshotChordVolumeDownKeyTriggered=false, mScreenshotChordVolumeDownKeyTriggered=false
D/PhoneWindowManager(  466): interceptPowerKeyDown =================  =======
D/PhoneWindowManager(  466): cancelPendingPowerKeyAction =================  =======
E/WifiStateMachine(  466): ACTION_SCREEN_OFF...
E/WifiStateMachine(  466): cancelDelayedScan -> 54
D/WifiStateMachine(  466): backgroundScan enabled=false startBackgroundScanIfNeeded:false
E/WifiStateMachine(  466): handleScreenStateChanged Exit: false
E/WifiStateMachine(  466): setSuspendOptimizations: 4 true
E/WifiStateMachine(  466): mSuspendOptNeedsDisabled 0
D/mali_winsys(  466): EGLint new_window_surface(egl_winsys_display*, void*, EGLSurface, EGLConfig, egl_winsys_surface**, egl_color_buffer_format*, EGLBoolean) returns 0x3000
D/DisplayPowerController(  466): screen off, so turn off btn && keyboard lights
I/DisplayManagerService(  466): Display device changed: DisplayDeviceInfo{"ÂÜÖÁΩÆÂ±èÂπï": uniqueId="local:0", 2560 x 1440, 60.387 fps, supportedRefreshRates [60.387], density 480, 401.0 x 401.0 dpi, appVsyncOff 0, presDeadline 17559855, touch INTERNAL, rotation 0, type BUILT_IN, state OFF, FLAG_DEFAULT_DISPLAY, FLAG_ROTATES_WITH_CONTENT, FLAG_SECURE, FLAG_SUPPORTS_PROTECTED_BUFFERS}
V/ActivityStackSupervisor(  466): Display changed displayId=0
D/SurfaceFlinger(  157): Set power mode=0, type=0 flinger=0xb7114550
I/hwcomposer(  157): hwc_blank dpy[0],blank[1]
D/SurfaceControl(  466): Excessive delay in setPowerMode(): 421ms
E/RKPowerHAL(  466): Error opening /sys/devices/system/cpu/cpufreq/interactive/input_boost: No such file or directory
E/RKPowerHAL(  466): Error opening /sys/devices/system/cpu/cpu7/online: No such file or directory
E/RKPowerHAL(  466): Error opening /sys/devices/system/cpu/cpu6/online: No such file or directory
E/RKPowerHAL(  466): Error opening /sys/devices/system/cpu/cpu5/online: No such file or directory
E/RKPowerHAL(  466): Error opening /sys/devices/system/cpu/cpu4/online: No such file or directory
E/RKPowerHAL(  466): Error opening /sys/devices/system/cpu/cpu3/online: Permission denied
E/RKPowerHAL(  466): Error opening /sys/devices/system/cpu/cpu2/online: Permission denied
W/art     ( 1715): Native thread exiting without having called DetachCurrentThread (maybe it's going to use a pthread_key_create destructor?): Thread[33,tid=3965,Native,Thread*=0xb7c4eb78,peer=0x12de70a0,"Thread-193"]
D/ccc     ( 1715): trackerNative onPause
D/ViewRootImpl( 1715): 2560<<<<<< BACK FROM relayoutWM.LayoutParams{(0,0)(fillxfill)mPosX=0mPosY=0mHScale=1.0mVScale=1.0 align=UNDEFINE taskId=4 sim=#20 ty=1 fl=#1810500 fmt=-3 wanim=0x1030001 vsysui=0x1700 surfaceInsets=Rect(0, 0 - 0, 0) needsMenuKey=2packageName=com.nibiru.launcher3dtoken=android.os.BinderProxy@18401694}
V/VRShowManager( 2451): show network exit
V/NibiruVR-SDK( 2451): SHOW EXIT
D/UsbDeviceManager(  466): Usb state is true true false
D/Tethering(  466): UsbManager.ACTION_USB_STATE: true, false, false
D/xzj     (  791): true---------------------------ooooooooooo,stop mtp service---------------true
D/MtpService(  791): updating state; isCurrentUser=true, mMtpLocked=false
I/DisplayPowerController(  466): Blocking screen on until initial contents have been drawn.
D/DisplayPowerController(  466): button lights toggle
