E/wayne   (  452): keyCode:66 event:KeyEvent { action=ACTION_UP, keyCode=KEYCODE_ENTER, scanCode=28, metaState=0, flags=0x8, repeatCount=0, eventTime=1176113, downTime=1176113, deviceId=4, source=0x101 }
W/ContextImpl(  452): Calling a method in the system process without a qualified user: android.app.ContextImpl.sendBroadcast:1344 com.android.server.policy.nibiru.NibiruKeyManager.sendNibiruBroadcast:94 com.android.server.policy.nibiru.NibiruKeyManager.handleKeyEvent:83 com.android.internal.policy.impl.PhoneWindowManager.interceptKeyBeforeDispatching:2657 com.android.server.wm.InputMonitor.interceptKeyBeforeDispatching:476
E/wayne   (  452): keyCode:66 event:KeyEvent { action=ACTION_DOWN, keyCode=KEYCODE_ENTER, scanCode=28, metaState=0, flags=0x8, repeatCount=0, eventTime=1176238, downTime=1176238, deviceId=4, source=0x101 }
E/wayne   (  452): keyCode:66 event:KeyEvent { action=ACTION_UP, keyCode=KEYCODE_ENTER, scanCode=28, metaState=0, flags=0x8, repeatCount=0, eventTime=1176238, downTime=1176238, deviceId=4, source=0x101 }
W/ContextImpl(  452): Calling a method in the system process without a qualified user: android.app.ContextImpl.sendBroadcast:1344 com.android.server.policy.nibiru.NibiruKeyManager.sendNibiruBroadcast:94 com.android.server.policy.nibiru.NibiruKeyManager.handleKeyEvent:83 com.android.internal.policy.impl.PhoneWindowManager.interceptKeyBeforeDispatching:2657 com.android.server.wm.InputMonitor.interceptKeyBeforeDispatching:476
E/wayne   (  452): keyCode:66 event:KeyEvent { action=ACTION_DOWN, keyCode=KEYCODE_ENTER, scanCode=28, metaState=0, flags=0x8, repeatCount=0, eventTime=1176842, downTime=1176842, deviceId=4, source=0x101 }
E/wayne   (  452): keyCode:66 event:KeyEvent { action=ACTION_UP, keyCode=KEYCODE_ENTER, scanCode=28, metaState=0, flags=0x8, repeatCount=0, eventTime=1176842, downTime=1176842, deviceId=4, source=0x101 }
W/ContextImpl(  452): Calling a method in the system process without a qualified user: android.app.ContextImpl.sendBroadcast:1344 com.android.server.policy.nibiru.NibiruKeyManager.sendNibiruBroadcast:94 com.android.server.policy.nibiru.NibiruKeyManager.handleKeyEvent:83 com.android.internal.policy.impl.PhoneWindowManager.interceptKeyBeforeDispatching:2657 com.android.server.wm.InputMonitor.interceptKeyBeforeDispatching:476
I/ActivityStackSupervisor(  452): START u0 {act=android.intent.action.MAIN cat=[android.intent.category.LAUNCHER] flg=0x10000000 pkg=com.android.nibiru.settings.vr cmp=com.android.nibiru.settings.vr/.MainActivity} from uid 10028 on display 0
I/System.out(  452): com.android.nibiru.settings.vr.MainActivityaddAppToken taskId:30
D/WindowManagerService(  452): null  ==========setInputFocusLw ==========  =======
D/PhoneWindow(  452): DecorView - SCREEN_WEITH = 2560 - SCREE_HEIGHT = 1440
V/WindowManagerService(  452): Adding window Window{bb5ee40 u0 Starting com.android.nibiru.settings.vr} at 3 of 9 (after Window{35b62cb5 u0 com.nibiru.launcher3d/com.nibiru.lanchuer.Lanchuer2DActivity})
D/ViewRootImpl(  452): onAttachToWindow register content observer attrs=WM.LayoutParams{(0,0)(fillxfill)mPosX=0mPosY=0mHScale=1.0mVScale=1.0 align=UNDEFINE taskId=30 ty=3 fl=#1830518 pfl=0x12 fmt=-3 wanim=0x1030001 surfaceInsets=Rect(0, 0 - 0, 0) needsMenuKey=2packageName=com.android.nibiru.settings.vrtoken=Token{d4f0228 ActivityRecord{286384b u0 com.android.nibiru.settings.vr/.MainActivity t30}}}
D/ViewRootImpl(  452): 2560<<<<<< BACK FROM relayoutWM.LayoutParams{(0,0)(fillxfill)mPosX=0mPosY=0mHScale=1.0mVScale=1.0 align=UNDEFINE taskId=30 sim=#20 ty=3 fl=#1830518 pfl=0x12 fmt=-3 wanim=0x1030001 surfaceInsets=Rect(0, 0 - 0, 0) needsMenuKey=2packageName=com.android.nibiru.settings.vrtoken=Token{d4f0228 ActivityRecord{286384b u0 com.android.nibiru.settings.vr/.MainActivity t30}}}
I/OpenGLRenderer(  452): Initialized EGL, version 1.4
D/        (  452): rtl is ok
D/mali_winsys(  452): EGLint new_window_surface(egl_winsys_display*, void*, EGLSurface, EGLConfig, egl_winsys_surface**, egl_color_buffer_format*, EGLBoolean) returns 0x3000
W/art     (  841): Native thread exiting without having called DetachCurrentThread (maybe it's going to use a pthread_key_create destructor?): Thread[31,tid=2923,Native,Thread*=0xb87cd618,peer=0x32f20220,"Thread-147"]
D/ccc     (  841): trackerNative onPause
D/ViewRootImpl(  841): 2560<<<<<< BACK FROM relayoutWM.LayoutParams{(0,0)(fillxfill)mPosX=0mPosY=0mHScale=1.0mVScale=1.0 align=UNDEFINE taskId=22 sim=#20 ty=1 fl=#1810500 fmt=-3 wanim=0x1030001 vsysui=0x1700 surfaceInsets=Rect(0, 0 - 0, 0) needsMenuKey=2packageName=com.nibiru.launcher3dtoken=android.os.BinderProxy@282c619e}
I/NIBIRU-com.android.nibiru.settings.vr( 1317): ========= This App is powered by Nibiru SDK! Ver.270 =========
I/NIBIRU-com.android.nibiru.settings.vr( 1317): Nibiru SDK creates best control experiences!
I/NIBIRU-com.android.nibiru.settings.vr( 1317): Contract: http://www.nibiruplayer.com
V/ControllerService( 1317): show activity: com.android.nibiru.settings.vr.MainActivity@310fe0ee
V/NibiruConfig( 1317): enable dubug mode: false
V/nibiru-device( 1317): service handler is null
D/WifiService(  452): New client listening to asynchronous messages
V/ControllerService( 1317): INIT TOUCH SIM: true
V/ServiceManager( 1317): PREPARE TO START SERVICE
W/System.err( 1317): java.io.FileNotFoundException: nibiru_guide_zh.png
W/System.err( 1317):    at android.content.res.AssetManager.openAsset(Native Method)
W/System.err( 1317):    at android.content.res.AssetManager.open(AssetManager.java:313)
W/System.err( 1317):    at android.content.res.AssetManager.open(AssetManager.java:287)
W/System.err( 1317):    at com.nibiru.lib.controller.GameGuideView.isBitmapExist(GameGuideView.java:203)
W/System.err( 1317):    at com.nibiru.lib.controller.GameGuideView.isGameGuideReady(GameGuideView.java:269)
W/System.err( 1317):    at com.nibiru.lib.controller.ControllerServiceImpl.buildServiceState(ControllerServiceImpl.java:4961)
W/System.err( 1317):    at com.nibiru.lib.controller.ControllerServiceImpl.registerService(ControllerServiceImpl.java:814)
W/System.err( 1317):    at com.nibiru.lib.controller.ControllerServiceImpl.register(ControllerServiceImpl.java:928)
W/System.err( 1317):    at com.nibiru.lib.controller.ControllerServiceImpl.register(ControllerServiceImpl.java:863)
W/System.err( 1317):    at com.nibiru.lib.vr.ControllerActivity.buildNibiruService(ControllerActivity.java:109)
W/System.err( 1317):    at com.nibiru.lib.vr.ControllerActivity.onCreate(ControllerActivity.java:53)
W/System.err( 1317):    at com.nibiru.lib.vr.NibiruVRActivity.onCreate(NibiruVRActivity.java:27)
W/System.err( 1317):    at com.android.nibiru.settings.vr.MainActivity.onCreate(MainActivity.java:128)
W/System.err( 1317):    at android.app.Activity.performCreate(Activity.java:6230)
W/System.err( 1317):    at android.app.Instrumentation.callActivityOnCreate(Instrumentation.java:1106)
W/System.err( 1317):    at android.app.ActivityThread.performLaunchActivity(ActivityThread.java:2295)
W/System.err( 1317):    at android.app.ActivityThread.handleLaunchActivity(ActivityThread.java:2407)
W/System.err( 1317):    at android.app.ActivityThread.access$800(ActivityThread.java:151)
W/System.err( 1317):    at android.app.ActivityThread$H.handleMessage(ActivityThread.java:1319)
W/System.err( 1317):    at android.os.Handler.dispatchMessage(Handler.java:102)
W/System.err( 1317):    at android.os.Looper.loop(Looper.java:135)
W/System.err( 1317):    at android.app.ActivityThread.main(ActivityThread.java:5280)
W/System.err( 1317):    at java.lang.reflect.Method.invoke(Native Method)
W/System.err( 1317):    at java.lang.reflect.Method.invoke(Method.java:372)
W/System.err( 1317):    at com.android.internal.os.ZygoteInit$MethodAndArgsCaller.run(ZygoteInit.java:963)
W/System.err( 1317):    at com.android.internal.os.ZygoteInit.main(ZygoteInit.java:758)
I/NibiruControllerSDK( 1317): match intents: 0
D/BluetoothManagerService(  452): Message: 20
D/BluetoothManagerService(  452): Added callback: android.bluetooth.IBluetoothManagerCallback$Stub$Proxy@174d4ebe:true
D/BluetoothAdapter( 1317): 860521500: getState() :  mService = null. Returning STATE_OFF
D/HeadMountedDisplayManager( 1317): Cardboard screen parameters file not found: java.io.FileNotFoundException: /storage/emulated/0/Cardboard/phone_params: open failed: ENOENT (No such file or directory)
I/HeadMountedDisplayManager( 1317): Successfully read device params from external storage
D/CardboardViewNativeImpl( 1317): NativeProxy not found
D/CardboardViewNativeImpl( 1317): Loading native library vrtoolkit
D/ViewRootImpl(  841): 2560<<<<<< BACK FROM relayoutnull
D/CardboardViewNativeImpl( 1317): Native library loaded
W/art     ( 1317): Attempt to remove local handle scope entry from IRT, ignoring
W/art     ( 1317): Attempt to remove local handle scope entry from IRT, ignoring
W/art     ( 1317): Attempt to remove local handle scope entry from IRT, ignoring
W/art     ( 1317): Attempt to remove local handle scope entry from IRT, ignoring
D/BluetoothAdapter( 1317): 860521500: getState() :  mService = null. Returning STATE_OFF
D/BluetoothManagerService(  452): Message: 30
D/BluetoothManagerService(  452): Message: 30
D/LocalBluetoothProfileManager( 1317): Adding local MAP profile
D/BluetoothMap( 1317): Create BluetoothMap proxy object
D/BluetoothManagerService(  452): Message: 30
E/BluetoothMap( 1317): Could not bind to Bluetooth MAP Service with Intent { act=android.bluetooth.IBluetoothMap }
D/BluetoothManagerService(  452): Message: 30
D/LocalBluetoothProfileManager( 1317): LocalBluetoothProfileManager construction complete
D/PhoneWindow( 1317): DecorView - SCREEN_WEITH = 2560 - SCREE_HEIGHT = 1440
I/Thread-153( 2961): type=1400 audit(0.0:17): avc: denied { read write } for name="vpu_service" dev="tmpfs" ino=2269 scontext=u:r:system_app:s0 tcontext=u:object_r:video_device:s0 tclass=chr_file permissive=1
E/ion     ( 1317): ioctl c0144900 failed with code -1: No such device
I/Thread-153( 2961): type=1400 audit(0.0:18): avc: denied { open } for path="/dev/vpu_service" dev="tmpfs" ino=2269 scontext=u:r:system_app:s0 tcontext=u:object_r:video_device:s0 tclass=chr_file permissive=1
I/Thread-153( 2961): type=1400 audit(0.0:19): avc: denied { ioctl } for path="/dev/vpu_service" dev="tmpfs" ino=2269 ioctlcmd=6c01 scontext=u:r:system_app:s0 tcontext=u:object_r:video_device:s0 tclass=chr_file permissive=1
D/skia    ( 1317): ---- fAsset->read(1024) returned 0
W/ContextImpl( 1317): Calling a method in the system process without a qualified user: android.app.ContextImpl.bindService:1773 android.content.ContextWrapper.bindService:539 com.android.nibiru.settings.vr.MainActivity.onCreate:168 android.app.Activity.performCreate:6230 android.app.Instrumentation.callActivityOnCreate:1106
W/ContextImpl( 1317): Calling a method in the system process without a qualified user: android.app.ContextImpl.bindService:1773 android.content.ContextWrapper.bindService:539 com.nibiru.lib.vr.NibiruVRManager.onStart:52 com.nibiru.lib.vr.NibiruVRActivity.onStart:65 android.app.Instrumentation.callActivityOnStart:1236
V/NibiruVR-SDK( 1317): bind service res: true
W/ContextImpl( 1317): Calling a method in the system process without a qualified user: android.app.ContextImpl.sendBroadcast:1344 android.content.ContextWrapper.sendBroadcast:377 android.app.Activity.sendPkgChange:1259 android.app.Activity.onResume:1252 com.nibiru.lib.vr.ControllerActivity.onResume:153
W/nibiru-sdk-thre( 2933): type=1400 audit(0.0:20): avc: granted { setattr } for name="data" dev="mmcblk0p13" ino=603841 scontext=u:r:system_app:s0 tcontext=u:object_r:system_data_file:s0 tclass=dir
W/nibiru-sdk-thre( 2933): type=1400 audit(0.0:21): avc: granted { setattr } for name="data" dev="mmcblk0p13" ino=603841 scontext=u:r:system_app:s0 tcontext=u:object_r:system_data_file:s0 tclass=dir
W/nibiru-sdk-thre( 2933): type=1400 audit(0.0:22): avc: granted { setattr } for name="data" dev="mmcblk0p13" ino=603841 scontext=u:r:system_app:s0 tcontext=u:object_r:system_data_file:s0 tclass=dir
D/HeadMountedDisplayManager( 1317): Cardboard screen parameters file not found: java.io.FileNotFoundException: /storage/emulated/0/Cardboard/phone_params: open failed: ENOENT (No such file or directory)
W/nibiru-sdk-thre( 2933): type=1400 audit(0.0:23): avc: granted { setattr } for name="data" dev="mmcblk0p13" ino=603841 scontext=u:r:system_app:s0 tcontext=u:object_r:system_data_file:s0 tclass=dir
W/nibiru-sdk-thre( 2933): type=1400 audit(0.0:24): avc: granted { setattr } for name="data" dev="mmcblk0p13" ino=603841 scontext=u:r:system_app:s0 tcontext=u:object_r:system_data_file:s0 tclass=dir
V/nibiru-device( 1317): device count: 0:0:false
V/nibiru-device( 1317): device count: 0:0:false
W/nibiru-sdk-thre( 2933): type=1400 audit(0.0:25): avc: granted { setattr } for name="data" dev="mmcblk0p13" ino=603841 scontext=u:r:system_app:s0 tcontext=u:object_r:system_data_file:s0 tclass=dir
W/nibiru-sdk-thre( 2933): type=1400 audit(0.0:26): avc: granted { setattr } for name="data" dev="mmcblk0p13" ino=603841 scontext=u:r:system_app:s0 tcontext=u:object_r:system_data_file:s0 tclass=dir
W/nibiru-sdk-thre( 2933): type=1400 audit(0.0:27): avc: granted { setattr } for name="data" dev="mmcblk0p13" ino=603841 scontext=u:r:system_app:s0 tcontext=u:object_r:system_data_file:s0 tclass=dir
W/nibiru-sdk-thre( 2933): type=1400 audit(0.0:28): avc: granted { setattr } for name="data" dev="mmcblk0p13" ino=603841 scontext=u:r:system_app:s0 tcontext=u:object_r:system_data_file:s0 tclass=dir
W/System.err( 1317): java.io.FileNotFoundException: adshow.config
W/System.err( 1317):    at android.content.res.AssetManager.openAsset(Native Method)
W/System.err( 1317):    at android.content.res.AssetManager.open(AssetManager.java:313)
W/System.err( 1317):    at android.content.res.AssetManager.open(AssetManager.java:287)
W/System.err( 1317):    at com.nibiru.vr.utils.ShowConfig.loadingConfiguration(ShowConfig.java:57)
W/System.err( 1317):    at com.nibiru.vr.utils.ShowConfig.loadConfiguration(ShowConfig.java:34)
W/System.err( 1317):    at com.nibiru.vr.utils.VRShowManager$1.run(VRShowManager.java:102)
W/System.err( 1317):    at android.os.Handler.handleCallback(Handler.java:739)
W/System.err( 1317):    at android.os.Handler.dispatchMessage(Handler.java:95)
W/System.err( 1317):    at android.os.Looper.loop(Looper.java:135)
W/System.err( 1317):    at android.os.HandlerThread.run(HandlerThread.java:61)
W/iru.settings.vr( 1317): type=1400 audit(0.0:29): avc: granted { setattr } for name="data" dev="mmcblk0p13" ino=603841 scontext=u:r:system_app:s0 tcontext=u:object_r:system_data_file:s0 tclass=dir
W/iru.settings.vr( 1317): type=1400 audit(0.0:30): avc: granted { setattr } for name="data" dev="mmcblk0p13" ino=603841 scontext=u:r:system_app:s0 tcontext=u:object_r:system_data_file:s0 tclass=dir
W/iru.settings.vr( 1317): type=1400 audit(0.0:31): avc: granted { setattr } for name="data" dev="mmcblk0p13" ino=603841 scontext=u:r:system_app:s0 tcontext=u:object_r:system_data_file:s0 tclass=dir
W/iru.settings.vr( 1317): type=1400 audit(0.0:32): avc: granted { setattr } for name="data" dev="mmcblk0p13" ino=603841 scontext=u:r:system_app:s0 tcontext=u:object_r:system_data_file:s0 tclass=dir
D/HeadMountedDisplayManager( 1317): Cardboard screen parameters file not found: java.io.FileNotFoundException: /storage/emulated/0/Cardboard/phone_params: open failed: ENOENT (No such file or directory)
W/iru.settings.vr( 1317): type=1400 audit(0.0:33): avc: granted { setattr } for name="data" dev="mmcblk0p13" ino=603841 scontext=u:r:system_app:s0 tcontext=u:object_r:system_data_file:s0 tclass=dir
W/iru.settings.vr( 1317): type=1400 audit(0.0:34): avc: granted { setattr } for name="data" dev="mmcblk0p13" ino=603841 scontext=u:r:system_app:s0 tcontext=u:object_r:system_data_file:s0 tclass=dir
W/iru.settings.vr( 1317): type=1400 audit(0.0:35): avc: granted { setattr } for name="data" dev="mmcblk0p13" ino=603841 scontext=u:r:system_app:s0 tcontext=u:object_r:system_data_file:s0 tclass=dir
W/iru.settings.vr( 1317): type=1400 audit(0.0:36): avc: granted { setattr } for name="data" dev="mmcblk0p13" ino=603841 scontext=u:r:system_app:s0 tcontext=u:object_r:system_data_file:s0 tclass=dir
W/iru.settings.vr( 1317): type=1400 audit(0.0:37): avc: granted { setattr } for name="data" dev="mmcblk0p13" ino=603841 scontext=u:r:system_app:s0 tcontext=u:object_r:system_data_file:s0 tclass=dir
W/iru.settings.vr( 1317): type=1400 audit(0.0:38): avc: granted { setattr } for name="data" dev="mmcblk0p13" ino=603841 scontext=u:r:system_app:s0 tcontext=u:object_r:system_data_file:s0 tclass=dir
W/iru.settings.vr( 1317): type=1400 audit(0.0:39): avc: granted { setattr } for name="data" dev="mmcblk0p13" ino=603841 scontext=u:r:system_app:s0 tcontext=u:object_r:system_data_file:s0 tclass=dir
W/iru.settings.vr( 1317): type=1400 audit(0.0:40): avc: granted { setattr } for name="data" dev="mmcblk0p13" ino=603841 scontext=u:r:system_app:s0 tcontext=u:object_r:system_data_file:s0 tclass=dir
D/nibiru  ( 1024): --isNibiruSDK->true
W/System.err( 1317): java.net.UnknownHostException: Unable to resolve host "play.googleapis.com": No address associated with hostname
W/System.err( 1317):    at java.net.InetAddress.lookupHostByName(InetAddress.java:457)
W/System.err( 1317):    at java.net.InetAddress.getAllByNameImpl(InetAddress.java:252)
W/System.err( 1317):    at java.net.InetAddress.getAllByName(InetAddress.java:215)
W/System.err( 1317):    at com.android.okhttp.HostResolver$1.getAllByName(HostResolver.java:29)
W/System.err( 1317):    at com.android.okhttp.internal.http.RouteSelector.resetNextInetSocketAddress(RouteSelector.java:232)
W/System.err( 1317):    at com.android.okhttp.internal.http.RouteSelector.next(RouteSelector.java:124)
W/System.err( 1317):    at com.android.okhttp.internal.http.HttpEngine.connect(HttpEngine.java:272)
W/System.err( 1317):    at com.android.okhttp.internal.http.HttpEngine.sendRequest(HttpEngine.java:211)
W/System.err( 1317):    at com.android.okhttp.internal.http.HttpURLConnectionImpl.execute(HttpURLConnectionImpl.java:382)
W/System.err( 1317):    at com.android.okhttp.internal.http.HttpURLConnectionImpl.connect(HttpURLConnectionImpl.java:106)
W/System.err( 1317):    at com.android.okhttp.internal.http.HttpURLConnectionImpl.getOutputStream(HttpURLConnectionImpl.java:217)
W/System.err( 1317):    at com.android.okhttp.internal.http.DelegatingHttpsURLConnection.getOutputStream(DelegatingHttpsURLConnection.java:218)
W/System.err( 1317):    at com.android.okhttp.internal.http.HttpsURLConnectionImpl.getOutputStream(HttpsURLConnectionImpl.java:25)
W/System.err( 1317): Caused by: android.system.GaiException: android_getaddrinfo failed: EAI_NODATA (No address associated with hostname)
W/System.err( 1317):    at libcore.io.Posix.android_getaddrinfo(Native Method)
W/System.err( 1317):    at libcore.io.ForwardingOs.android_getaddrinfo(ForwardingOs.java:55)
W/System.err( 1317):    at java.net.InetAddress.lookupHostByName(InetAddress.java:438)
W/System.err( 1317):    ... 12 more
W/System.err( 1317): java.net.UnknownHostException: Unable to resolve host "play.googleapis.com": No address associated with hostname
W/System.err( 1317):    at java.net.InetAddress.lookupHostByName(InetAddress.java:457)
W/System.err( 1317):    at java.net.InetAddress.getAllByNameImpl(InetAddress.java:252)
W/System.err( 1317):    at java.net.InetAddress.getAllByName(InetAddress.java:215)
W/System.err( 1317):    at com.android.okhttp.HostResolver$1.getAllByName(HostResolver.java:29)
W/System.err( 1317):    at com.android.okhttp.internal.http.RouteSelector.resetNextInetSocketAddress(RouteSelector.java:232)
W/System.err( 1317):    at com.android.okhttp.internal.http.RouteSelector.next(RouteSelector.java:124)
W/System.err( 1317):    at com.android.okhttp.internal.http.HttpEngine.connect(HttpEngine.java:272)
W/System.err( 1317):    at com.android.okhttp.internal.http.HttpEngine.sendRequest(HttpEngine.java:211)
W/System.err( 1317):    at com.android.okhttp.internal.http.HttpURLConnectionImpl.execute(HttpURLConnectionImpl.java:382)
W/System.err( 1317):    at com.android.okhttp.internal.http.HttpURLConnectionImpl.connect(HttpURLConnectionImpl.java:106)
W/System.err( 1317):    at com.android.okhttp.internal.http.HttpURLConnectionImpl.getOutputStream(HttpURLConnectionImpl.java:217)
W/System.err( 1317):    at com.android.okhttp.internal.http.DelegatingHttpsURLConnection.getOutputStream(DelegatingHttpsURLConnection.java:218)
W/System.err( 1317):    at com.android.okhttp.internal.http.HttpsURLConnectionImpl.getOutputStream(HttpsURLConnectionImpl.java:25)
W/System.err( 1317): Caused by: android.system.GaiException: android_getaddrinfo failed: EAI_NODATA (No address associated with hostname)
W/System.err( 1317):    at libcore.io.Posix.android_getaddrinfo(Native Method)
W/System.err( 1317):    at libcore.io.ForwardingOs.android_getaddrinfo(ForwardingOs.java:55)
W/System.err( 1317):    at java.net.InetAddress.lookupHostByName(InetAddress.java:438)
W/System.err( 1317):    ... 12 more
D/OpenGLRenderer( 1317): Use EGL_SWAP_BEHAVIOR_PRESERVED: true
D/Atlas   ( 1317): Validating map...
W/Atlas   ( 1317): Pointer 0x0, not in getPreloadedDrawables?
W/Atlas   ( 1317): Pointer 0x0, not in getPreloadedDrawables?
W/Atlas   ( 1317): Pointer 0x0, not in getPreloadedDrawables?
W/Atlas   ( 1317): Pointer 0x0, not in getPreloadedDrawables?
W/Atlas   ( 1317): Pointer 0x0, not in getPreloadedDrawables?
W/Atlas   ( 1317): Pointer 0x0, not in getPreloadedDrawables?
W/Atlas   ( 1317): Pointer 0x0, not in getPreloadedDrawables?
W/Atlas   ( 1317): Pointer 0x0, not in getPreloadedDrawables?
W/Atlas   ( 1317): Pointer 0x0, not in getPreloadedDrawables?
V/WindowManagerService(  452): Adding window Window{37939993 u0 com.android.nibiru.settings.vr/com.android.nibiru.settings.vr.MainActivity} at 3 of 10 (before Window{bb5ee40 u0 Starting com.android.nibiru.settings.vr})
D/ViewRootImpl( 1317): onAttachToWindow register content observer attrs=WM.LayoutParams{(0,0)(fillxfill)mPosX=0mPosY=0mHScale=1.0mVScale=1.0 align=UNDEFINE taskId=30 sim=#100 ty=1 fl=#1810580 wanim=0x1030001 surfaceInsets=Rect(0, 0 - 0, 0) needsMenuKey=2packageName=com.android.nibiru.settings.vrtoken=android.os.BinderProxy@3378f9aa}
D/WindowManagerService(  452): Window{37939993 u0 com.android.nibiru.settings.vr/com.android.nibiru.settings.vr.MainActivity}  ==========setInputFocusLw ==========  =======
D/ViewRootImpl( 1317): 2560<<<<<< BACK FROM relayoutWM.LayoutParams{(0,0)(fillxfill)mPosX=0mPosY=0mHScale=1.0mVScale=1.0 align=UNDEFINE taskId=30 sim=#120 ty=1 fl=#1810580 fmt=-3 wanim=0x1030001 surfaceInsets=Rect(0, 0 - 0, 0) needsMenuKey=2packageName=com.android.nibiru.settings.vrtoken=android.os.BinderProxy@3378f9aa}
I/mali_so ( 1317): [File] : hardware/arm/maliT760-r11-bak/driver/product/base/src/mali_base_kbase.c; [Line] : 928; [Func] : base_context_deal_with_version_affairs_rk_ext;
I/mali_so ( 1317): arm_release_ver of this mali_so is 'r11p0-00rel0', rk_so_ver is '11@0', built at '16:25:03', on 'Jun 22 2016'.
I/mali_so ( 1317): [File] : hardware/arm/maliT760-r11-bak/driver/product/base/src/mali_base_kbase.c; [Line] : 955; [Func] : base_context_deal_with_version_affairs_rk_ext;
I/mali_so ( 1317): mali_ver_property has been set to 'r11p0-00rel0-13-11@0', to return.
I/OpenGLRenderer( 1317): Initialized EGL, version 1.4
D/        ( 1317): rtl is ok
I/RenderThread( 2967): type=1400 audit(0.0:41): avc: denied { read } for name="buf" dev="debugfs" ino=8447 scontext=u:r:system_app:s0 tcontext=u:object_r:debugfs:s0 tclass=file permissive=1
D/OpenGLRenderer( 1317): Enabling debug mode 0
D/mali_winsys( 1317): EGLint new_window_surface(egl_winsys_display*, void*, EGLSurface, EGLConfig, egl_winsys_surface**, egl_color_buffer_format*, EGLBoolean) returns 0x3000
V/WindowManagerService(  452): Adding window Window{3ece81c9 u0 SurfaceView} at 3 of 11 (before Window{37939993 u0 com.android.nibiru.settings.vr/com.android.nibiru.settings.vr.MainActivity})
D/        ( 1317): rtl is ok
D/mali_winsys( 1317): EGLint new_window_surface(egl_winsys_display*, void*, EGLSurface, EGLConfig, egl_winsys_surface**, egl_color_buffer_format*, EGLBoolean) returns 0x3000
V/VR-SUPPORT( 1042): check config now
E/mali_so ( 1317): encounter the first gles_error : 0x0001 : failed to allocate CPU memory (gles2_statep_getv at hardware/arm/maliT760-r11-bak/driver/product/gles/src/state/gles2/mali_gles2_state_get.c:970)
E/mali_so ( 1317): to dump the call_stack of the first error :
V/distort ( 1042): dx: 0.04694
V/distort ( 1042): distort y: 0.02609
V/VR-SUPPORT( 1042): config cardboard write res: true
D/mali_so ( 1317): #00 pc 002518b0  /system/vendor/lib/egl/libGLES_mali.so
D/mali_so ( 1317): #01 pc 002495f4  /system/vendor/lib/egl/libGLES_mali.so
D/mali_so ( 1317): #02 pc 00205cbc  /system/vendor/lib/egl/libGLES_mali.so (glGetIntegerv+104)
D/mali_so ( 1317): #03 pc 0004137f  /system/app/NibiruSettings/lib/arm/libvrtoolkit.so
D/mali_so ( 1317): #04 pc 00042ad9  /system/app/NibiruSettings/lib/arm/libvrtoolkit.so
D/mali_so ( 1317): #05 pc 0004389d  /system/app/NibiruSettings/lib/arm/libvrtoolkit.so
D/mali_so ( 1317): #06 pc 000438f5  /system/app/NibiruSettings/lib/arm/libvrtoolkit.so
D/mali_so ( 1317): #07 pc 00045319  /system/app/NibiruSettings/lib/arm/libvrtoolkit.so
D/mali_so ( 1317): #08 pc 000106b1  /system/app/NibiruSettings/lib/arm/libvrtoolkit.so
D/mali_so ( 1317): #09 pc 0000e35f  /system/app/NibiruSettings/lib/arm/libvrtoolkit.so
D/mali_so ( 1317): #10 pc 0000eb37  /system/app/NibiruSettings/lib/arm/libvrtoolkit.so
D/mali_so ( 1317): #11 pc 0003867f  /data/dalvik-cache/arm/system@app@NibiruSettings@NibiruSettings.apk@classes.dex
V/NibiruVR-SDK( 1317): LOAD VR CONFIG: NVRConfig [inter_lens_distance=0.06, vertical_distance_to_lens_center=0.03725, screen_to_lens_distance=0.06, left_eye_fov_left=45.0, left_eye_fov_right=45.0, left_eye_fov_bottom=48.3, left_eye_fov_top=48.3, distortion_coef_x=0.04694, distortion_coef_y=0.02609, screen_width=2560.0, screen_height=1440.0, border_size_meters=0.006]
V/NibiruVR-SDK( 1317): left, right, bottom, top: 45.0, 45.0, 48.3, 48.3
V/NibiruVR-SDK( 1317): left, right, bottom, top: 45.0, 45.0, 48.3, 48.3
V/NibiruVR-SDK( 1317): left, right, bottom, top: 45.0, 45.0, 48.3, 48.3
I/HeadMountedDisplayManager( 1317): Successfully wrote Cardboard parameters to external storage.
V/VR-SUPPORT( 1042): DEBUG: false
V/NibiruVR-SDK( 1317): REV SET FPS: false
V/NibiruVR-SDK( 1317): VR SDK start collection
E/NibiruVRManager( 1317): ================== VR CONN
V/NibiruVR-SDK( 1317): service is connected
D/ViewRootImpl( 1317): 2560<<<<<< BACK FROM relayoutWM.LayoutParams{(0,0)(fillxfill)mPosX=0mPosY=0mHScale=1.0mVScale=1.0 align=UNDEFINE taskId=30 sim=#120 ty=1 fl=#1810580 fmt=-3 wanim=0x1030001 surfaceInsets=Rect(0, 0 - 0, 0) needsMenuKey=2packageName=com.android.nibiru.settings.vrtoken=android.os.BinderProxy@3378f9aa}
D/skia    ( 1317): ---- fAsset->read(4) returned 0
V/NibiruVR-SDK( 1317): left, right, bottom, top: 45.0, 45.0, 48.3, 48.3
I/ActivityManagerService(  452): Displayed com.android.nibiru.settings.vr/.MainActivity: +593ms
D/ViewRootImpl(  452): onDetachedFromWindow ungister contentObserver
V/NibiruVR-SDK( 1317): left, right, bottom, top: 45.0, 45.0, 48.3, 48.3
E/mali_so ( 1317): encounter the first gles_error : 0x0001 : failed to allocate CPU memory (gles2_state_is_enabled at hardware/arm/maliT760-r11-bak/driver/product/gles/src/state/gles2/mali_gles2_state_enable.c:210)
E/mali_so ( 1317): to dump the call_stack of the first error :
D/mali_so ( 1317): #00 pc 002518b0  /system/vendor/lib/egl/libGLES_mali.so
D/mali_so ( 1317): #01 pc 002488cc  /system/vendor/lib/egl/libGLES_mali.so
D/mali_so ( 1317): #02 pc 002064e0  /system/vendor/lib/egl/libGLES_mali.so (glIsEnabled+96)
D/mali_so ( 1317): #03 pc 0005d63f  /system/app/NibiruSettings/lib/arm/libvrtoolkit.so
D/mali_so ( 1317): #04 pc 000505eb  /system/app/NibiruSettings/lib/arm/libvrtoolkit.so
D/mali_so ( 1317): #05 pc 00052c9b  /system/app/NibiruSettings/lib/arm/libvrtoolkit.so
D/mali_so ( 1317): #06 pc 00038ce9  /system/app/NibiruSettings/lib/arm/libvrtoolkit.so
D/mali_so ( 1317): #07 pc 000115f5  /system/app/NibiruSettings/lib/arm/libvrtoolkit.so
D/mali_so ( 1317): #08 pc 0000f11f  /system/app/NibiruSettings/lib/arm/libvrtoolkit.so
D/mali_so ( 1317): #09 pc 0003867f  /data/dalvik-cache/arm/system@app@NibiruSettings@NibiruSettings.apk@classes.dex
D/CurrentFrame( 1317): 3 FPS
V/NibiruVR-SDK( 1317): Avg FPS: 59.605667 FPS: 0.0
D/CurrentFrame( 1317): 58 FPS
V/NibiruVR-SDK( 1317): Avg FPS: 66.91541 FPS: 68.0
D/CurrentFrame( 1317): 66 FPS
V/NibiruVR-SDK( 1317): Avg FPS: 68.51204 FPS: 66.0
D/TaskPersister(  452): removeObsoleteFile: deleting file=19_task.xml
D/TaskPersister(  452): removeObsoleteFile: deleting file=19_task_thumbnail.png
D/CurrentFrame( 1317): 66 FPS
V/NibiruVR-SDK( 1317): Avg FPS: 72.14379 FPS: 68.0
E/wayne   (  452): keyCode:66 event:KeyEvent { action=ACTION_DOWN, keyCode=KEYCODE_ENTER, scanCode=28, metaState=0, flags=0x8, repeatCount=0, eventTime=1181819, downTime=1181819, deviceId=4, source=0x101 }
E/wayne   (  452): keyCode:66 event:KeyEvent { action=ACTION_UP, keyCode=KEYCODE_ENTER, scanCode=28, metaState=0, flags=0x8, repeatCount=0, eventTime=1181819, downTime=1181819, deviceId=4, source=0x101 }
W/iru.settings.vr( 1317): type=1400 audit(0.0:43): avc: granted { setattr } for name="data" dev="mmcblk0p13" ino=603841 scontext=u:r:system_app:s0 tcontext=u:object_r:system_data_file:s0 tclass=dir
W/iru.settings.vr( 1317): type=1400 audit(0.0:44): avc: granted { setattr } for name="data" dev="mmcblk0p13" ino=603841 scontext=u:r:system_app:s0 tcontext=u:object_r:system_data_file:s0 tclass=dir
D/CurrentFrame( 1317): 71 FPS
W/iru.settings.vr( 1317): type=1400 audit(0.0:45): avc: granted { setattr } for name="data" dev="mmcblk0p13" ino=603841 scontext=u:r:system_app:s0 tcontext=u:object_r:system_data_file:s0 tclass=dir
V/nibiru-device( 1317): device count: 0:0:true
I/PhoneWindow( 1317): 66Key up: repeat=0 flags=0x8
V/nibiru-device( 1317): device count: 0:0:true
D/ViewRootImpl( 1317): 2560<<<<<< BACK FROM relayoutWM.LayoutParams{(0,0)(fillxfill)mPosX=0mPosY=0mHScale=1.0mVScale=1.0 align=UNDEFINE taskId=30 sim=#20 ty=1 fl=#1810580 fmt=-3 wanim=0x1030001 surfaceInsets=Rect(0, 0 - 0, 0) needsMenuKey=2packageName=com.android.nibiru.settings.vrtoken=android.os.BinderProxy@3378f9aa}
E/wayne   (  452): keyCode:66 event:KeyEvent { action=ACTION_DOWN, keyCode=KEYCODE_ENTER, scanCode=28, metaState=0, flags=0x8, repeatCount=0, eventTime=1182050, downTime=1182050, deviceId=4, source=0x101 }
E/wayne   (  452): keyCode:66 event:KeyEvent { action=ACTION_UP, keyCode=KEYCODE_ENTER, scanCode=28, metaState=0, flags=0x8, repeatCount=0, eventTime=1182050, downTime=1182050, deviceId=4, source=0x101 }
I/PhoneWindow( 1317): 66Key up: repeat=0 flags=0x8
E/wayne   (  452): keyCode:66 event:KeyEvent { action=ACTION_DOWN, keyCode=KEYCODE_ENTER, scanCode=28, metaState=0, flags=0x8, repeatCount=0, eventTime=1182211, downTime=1182211, deviceId=4, source=0x101 }
E/wayne   (  452): keyCode:66 event:KeyEvent { action=ACTION_UP, keyCode=KEYCODE_ENTER, scanCode=28, metaState=0, flags=0x8, repeatCount=0, eventTime=1182211, downTime=1182211, deviceId=4, source=0x101 }
I/PhoneWindow( 1317): 66Key up: repeat=0 flags=0x8
V/NibiruVR-SDK( 1317): Avg FPS: 68.45739 FPS: 66.0
E/wayne   (  452): keyCode:66 event:KeyEvent { action=ACTION_DOWN, keyCode=KEYCODE_ENTER, scanCode=28, metaState=0, flags=0x8, repeatCount=0, eventTime=1182388, downTime=1182388, deviceId=4, source=0x101 }
E/wayne   (  452): keyCode:66 event:KeyEvent { action=ACTION_UP, keyCode=KEYCODE_ENTER, scanCode=28, metaState=0, flags=0x8, repeatCount=0, eventTime=1182388, downTime=1182388, deviceId=4, source=0x101 }
I/PhoneWindow( 1317): 66Key up: repeat=0 flags=0x8
D/CurrentFrame( 1317): 71 FPS
E/wayne   (  452): keyCode:66 event:KeyEvent { action=ACTION_DOWN, keyCode=KEYCODE_ENTER, scanCode=28, metaState=0, flags=0x8, repeatCount=0, eventTime=1182886, downTime=1182886, deviceId=4, source=0x101 }
E/wayne   (  452): keyCode:66 event:KeyEvent { action=ACTION_UP, keyCode=KEYCODE_ENTER, scanCode=28, metaState=0, flags=0x8, repeatCount=0, eventTime=1182886, downTime=1182886, deviceId=4, source=0x101 }
I/PhoneWindow( 1317): 66Key up: repeat=0 flags=0x8
E/wayne   (  452): keyCode:66 event:KeyEvent { action=ACTION_DOWN, keyCode=KEYCODE_ENTER, scanCode=28, metaState=0, flags=0x8, repeatCount=0, eventTime=1183082, downTime=1183082, deviceId=4, source=0x101 }
E/wayne   (  452): keyCode:66 event:KeyEvent { action=ACTION_UP, keyCode=KEYCODE_ENTER, scanCode=28, metaState=0, flags=0x8, repeatCount=0, eventTime=1183082, downTime=1183082, deviceId=4, source=0x101 }
I/PhoneWindow( 1317): 66Key up: repeat=0 flags=0x8
E/wayne   (  452): keyCode:66 event:KeyEvent { action=ACTION_DOWN, keyCode=KEYCODE_ENTER, scanCode=28, metaState=0, flags=0x8, repeatCount=0, eventTime=1183259, downTime=1183259, deviceId=4, source=0x101 }
E/wayne   (  452): keyCode:66 event:KeyEvent { action=ACTION_UP, keyCode=KEYCODE_ENTER, scanCode=28, metaState=0, flags=0x8, repeatCount=0, eventTime=1183259, downTime=1183259, deviceId=4, source=0x101 }
I/PhoneWindow( 1317): 66Key up: repeat=0 flags=0x8
V/NibiruVR-SDK( 1317): Avg FPS: 62.931747 FPS: 67.0
E/wayne   (  452): keyCode:66 event:KeyEvent { action=ACTION_DOWN, keyCode=KEYCODE_ENTER, scanCode=28, metaState=0, flags=0x8, repeatCount=0, eventTime=1183437, downTime=1183437, deviceId=4, source=0x101 }
E/wayne   (  452): keyCode:66 event:KeyEvent { action=ACTION_UP, keyCode=KEYCODE_ENTER, scanCode=28, metaState=0, flags=0x8, repeatCount=0, eventTime=1183437, downTime=1183437, deviceId=4, source=0x101 }
I/PhoneWindow( 1317): 66Key up: repeat=0 flags=0x8
D/CurrentFrame( 1317): 62 FPS
V/NibiruVR-SDK( 1317): Avg FPS: 67.127075 FPS: 67.0
E/wayne   (  452): keyCode:66 event:KeyEvent { action=ACTION_DOWN, keyCode=KEYCODE_ENTER, scanCode=28, metaState=0, flags=0x8, repeatCount=0, eventTime=1184681, downTime=1184681, deviceId=4, source=0x101 }
E/wayne   (  452): keyCode:66 event:KeyEvent { action=ACTION_UP, keyCode=KEYCODE_ENTER, scanCode=28, metaState=0, flags=0x8, repeatCount=0, eventTime=1184681, downTime=1184681, deviceId=4, source=0x101 }
D/ActivityManagerService(  452): moveHomeStackTaskToTop: moving TaskRecord{19329696 #22 A=com.nibiru.launcher3d U=0 sz=1}
D/WindowManagerService(  452): null  ==========setInputFocusLw ==========  =======
W/art     ( 1317): Native thread exiting without having called DetachCurrentThread (maybe it's going to use a pthread_key_create destructor?): Thread[20,tid=2945,Native,Thread*=0xb87e8eb8,peer=0x32e8e0a0,"Thread-141"]
V/NibiruVR-SDK( 1317): VR SDK stop collection
D/ViewRootImpl(  841): 2560<<<<<< BACK FROM relayoutnull
W/ViewRootImpl( 1317): Cancelling event due to no window focus: KeyEvent { action=ACTION_UP, keyCode=KEYCODE_ENTER, scanCode=28, metaState=0, flags=0x28, repeatCount=0, eventTime=1184699, downTime=1184681, deviceId=4, source=0x101 }
W/ViewRootImpl( 1317): Cancelling event due to no window focus: KeyEvent { action=ACTION_UP, keyCode=KEYCODE_ENTER, scanCode=28, metaState=0, flags=0x28, repeatCount=0, eventTime=1184699, downTime=1184681, deviceId=4, source=0x101 }
W/ViewRootImpl( 1317): Cancelling event due to no window focus: KeyEvent { action=ACTION_UP, keyCode=KEYCODE_ENTER, scanCode=28, metaState=0, flags=0x28, repeatCount=0, eventTime=1184699, downTime=1184681, deviceId=4, source=0x101 }
I/PhoneWindow( 1317): 66Key up: repeat=0 flags=0x28
W/ViewRootImpl( 1317): Cancelling event due to no window focus: KeyEvent { action=ACTION_UP, keyCode=KEYCODE_ENTER, scanCode=28, metaState=0, flags=0x28, repeatCount=0, eventTime=1184699, downTime=1184681, deviceId=4, source=0x101 }
W/ViewRootImpl( 1317): Cancelling event due to no window focus: KeyEvent { action=ACTION_UP, keyCode=KEYCODE_ENTER, scanCode=28, metaState=0, flags=0x28, repeatCount=0, eventTime=1184699, downTime=1184681, deviceId=4, source=0x101 }
W/ViewRootImpl( 1317): Cancelling event due to no window focus: KeyEvent { action=ACTION_UP, keyCode=KEYCODE_ENTER, scanCode=28, metaState=0, flags=0x28, repeatCount=0, eventTime=1184699, downTime=1184681, deviceId=4, source=0x101 }
V/NibiruVR-SDK(  841): bind service res: true
D/ViewRootImpl( 1317): 2560<<<<<< BACK FROM relayoutWM.LayoutParams{(0,0)(fillxfill)mPosX=0mPosY=0mHScale=1.0mVScale=1.0 align=UNDEFINE taskId=30 sim=#20 ty=1 fl=#1810500 fmt=-3 wanim=0x1030001 surfaceInsets=Rect(0, 0 - 0, 0) needsMenuKey=2packageName=com.android.nibiru.settings.vrtoken=android.os.BinderProxy@3378f9aa}
V/nibiru-device(  841): device count: 0:0:true
V/nibiru-device(  841): device count: 0:0:true
W/ContextImpl( 1024): Calling a method in the system process without a qualified user: android.app.ContextImpl.sendBroadcast:1344 android.content.ContextWrapper.sendBroadcast:377 com.nibiru.vrconfig.VRControlService.sendVRBroadcast:519 com.nibiru.vrconfig.VRControlService.access$600:68 com.nibiru.vrconfig.VRControlService$PackageChangeReceiver.onReceive:468
V/NibiruVRView( 1317): REV HEAD RESET BROADCAST
D/nibiru  ( 1024): --isNibiruSDK->true
V/VR-SUPPORT( 1042): REV HEAD RESET BROADCAST
V/NibiruVR-SDK( 1317): REV RESET TRACKER
D/HeadMountedDisplayManager(  841): Cardboard screen parameters file not found: java.io.FileNotFoundException: /storage/emulated/0/Cardboard/phone_params: open failed: ENOENT (No such file or directory)
D/ccc     (  841): trackerNative onResume
D/mali_winsys(  841): EGLint new_window_surface(egl_winsys_display*, void*, EGLSurface, EGLConfig, egl_winsys_surface**, egl_color_buffer_format*, EGLBoolean) returns 0x3000
D/mali_winsys(  841): EGLint new_window_surface(egl_winsys_display*, void*, EGLSurface, EGLConfig, egl_winsys_surface**, egl_color_buffer_format*, EGLBoolean) returns 0x3000
D/WindowManagerService(  452): Window{35b62cb5 u0 com.nibiru.launcher3d/com.nibiru.lanchuer.Lanchuer2DActivity}  ==========setInputFocusLw ==========  =======
E/wayne   (  452): keyCode:66 event:KeyEvent { action=ACTION_DOWN, keyCode=KEYCODE_ENTER, scanCode=28, metaState=0, flags=0x8, repeatCount=0, eventTime=1184877, downTime=1184877, deviceId=4, source=0x101 }
E/wayne   (  452): keyCode:66 event:KeyEvent { action=ACTION_UP, keyCode=KEYCODE_ENTER, scanCode=28, metaState=0, flags=0x8, repeatCount=0, eventTime=1184877, downTime=1184877, deviceId=4, source=0x101 }
W/ContextImpl(  452): Calling a method in the system process without a qualified user: android.app.ContextImpl.sendBroadcast:1344 com.android.server.policy.nibiru.NibiruKeyManager.sendNibiruBroadcast:94 com.android.server.policy.nibiru.NibiruKeyManager.handleKeyEvent:83 com.android.internal.policy.impl.PhoneWindowManager.interceptKeyBeforeDispatching:2657 com.android.server.wm.InputMonitor.interceptKeyBeforeDispatching:476
D/ViewRootImpl(  841): 2560<<<<<< BACK FROM relayoutnull
D/mali_winsys(  841): EGLint new_window_surface(egl_winsys_display*, void*, EGLSurface, EGLConfig, egl_winsys_surface**, egl_color_buffer_format*, EGLBoolean) returns 0x3000
W/ViewRootImpl(  841): Cancelling event due to no window focus: KeyEvent { action=ACTION_UP, keyCode=KEYCODE_ENTER, scanCode=28, metaState=0, flags=0x28, repeatCount=0, eventTime=1184681, downTime=1184681, deviceId=4, source=0x101 }
W/ViewRootImpl(  841): Cancelling event due to no window focus: KeyEvent { action=ACTION_UP, keyCode=KEYCODE_ENTER, scanCode=28, metaState=0, flags=0x28, repeatCount=0, eventTime=1184681, downTime=1184681, deviceId=4, source=0x101 }
W/ViewRootImpl(  841): Cancelling event due to no window focus: KeyEvent { action=ACTION_UP, keyCode=KEYCODE_ENTER, scanCode=28, metaState=0, flags=0x28, repeatCount=0, eventTime=1184681, downTime=1184681, deviceId=4, source=0x101 }
W/ViewRootImpl(  841): Cancelling event due to no window focus: KeyEvent { action=ACTION_UP, keyCode=KEYCODE_ENTER, scanCode=28, metaState=0, flags=0x28, repeatCount=0, eventTime=1184681, downTime=1184681, deviceId=4, source=0x101 }
W/ViewRootImpl(  841): Cancelling event due to no window focus: KeyEvent { action=ACTION_UP, keyCode=KEYCODE_ENTER, scanCode=28, metaState=0, flags=0x28, repeatCount=0, eventTime=1184681, downTime=1184681, deviceId=4, source=0x101 }
W/ViewRootImpl(  841): Cancelling event due to no window focus: KeyEvent { action=ACTION_UP, keyCode=KEYCODE_ENTER, scanCode=28, metaState=0, flags=0x28, repeatCount=0, eventTime=1184681, downTime=1184681, deviceId=4, source=0x101 }
I/PhoneWindow(  841): 66Key up: repeat=0 flags=0x28
W/ViewRootImpl(  841): Cancelling event due to no window focus: KeyEvent { action=ACTION_UP, keyCode=KEYCODE_ENTER, scanCode=28, metaState=0, flags=0x28, repeatCount=0, eventTime=1184681, downTime=1184681, deviceId=4, source=0x101 }
W/ViewRootImpl(  841): Cancelling event due to no window focus: KeyEvent { action=ACTION_UP, keyCode=KEYCODE_ENTER, scanCode=28, metaState=0, flags=0x28, repeatCount=0, eventTime=1184681, downTime=1184681, deviceId=4, source=0x101 }
W/ViewRootImpl(  841): Cancelling event due to no window focus: KeyEvent { action=ACTION_UP, keyCode=KEYCODE_ENTER, scanCode=28, metaState=0, flags=0x28, repeatCount=0, eventTime=1184681, downTime=1184681, deviceId=4, source=0x101 }
V/VR-SUPPORT( 1042): check config now
V/distort ( 1042): dx: 0.04694
V/distort ( 1042): distort y: 0.02609
V/VR-SUPPORT( 1042): config cardboard write res: true
V/NibiruVR-SDK(  841): LOAD VR CONFIG: NVRConfig [vertical_distance_to_lens_center=0.03725, screen_to_lens_distance=0.06, screen_to_lens_distance_v2=0.0315, left_eye_fov_left=45.0, left_eye_fov_right=45.0, left_eye_fov_bottom=48.3, left_eye_fov_top=48.3, distortion_coef_x=0.04694, distortion_coef_y=0.02609, distortion_coef_v2_k1=0.04694, distortion_coef_v2_k2=0.02609, screen_width=2560.0, screen_height=1440.0, border_size_meters=0.006, screen_size_x=0.12096, screen_size_y=0.06804, view_res_x=1280.0, view_res_y=1440.0, eye_fb_res_x=1280.0, eye_fb_res_y=1440.0, multi_samples=4, eye_ipd=0.06, eye_ipd_v2=0.06, lens_ipd=0.062, default_point_ratio=0.488, view_aspect_ratio=0.8888889, eye_fb_aspect_ratio=0.8888889, wrap_mesh_res_x=16, wrap_mesh_res_y=16, xMetersPerPixel=0.0, yMetersPerPixel=0.0, channel=VR0091, timestamp=0, version=1, point_z=1.5]
V/VR-SUPPORT( 1042): DEBUG: false
V/NibiruVR-SDK(  841): REV SET FPS: false
E/NibiruVRManager(  841): ================== VR CONN
V/NibiruVR-SDK(  841): service is connected
V/NibiruVRView(  841): REV HEAD RESET BROADCAST
D/ViewRootImpl(  841): 2560<<<<<< BACK FROM relayoutWM.LayoutParams{(0,0)(fillxfill)mPosX=0mPosY=0mHScale=1.0mVScale=1.0 align=UNDEFINE taskId=22 sim=#20 ty=1 fl=#1810580 fmt=-3 wanim=0x1030001 vsysui=0x1700 surfaceInsets=Rect(0, 0 - 0, 0) needsMenuKey=2packageName=com.nibiru.launcher3dtoken=android.os.BinderProxy@282c619e}
E/wayne   (  452): keyCode:66 event:KeyEvent { action=ACTION_DOWN, keyCode=KEYCODE_ENTER, scanCode=28, metaState=0, flags=0x8, repeatCount=0, eventTime=1185038, downTime=1185038, deviceId=4, source=0x101 }
E/wayne   (  452): keyCode:66 event:KeyEvent { action=ACTION_UP, keyCode=KEYCODE_ENTER, scanCode=28, metaState=0, flags=0x8, repeatCount=0, eventTime=1185038, downTime=1185038, deviceId=4, source=0x101 }
W/ContextImpl(  452): Calling a method in the system process without a qualified user: android.app.ContextImpl.sendBroadcast:1344 com.android.server.policy.nibiru.NibiruKeyManager.sendNibiruBroadcast:94 com.android.server.policy.nibiru.NibiruKeyManager.handleKeyEvent:83 com.android.internal.policy.impl.PhoneWindowManager.interceptKeyBeforeDispatching:2657 com.android.server.wm.InputMonitor.interceptKeyBeforeDispatching:476
I/ActivityStackSupervisor(  452): START u0 {act=android.intent.action.MAIN cat=[android.intent.category.LAUNCHER] flg=0x10000000 pkg=com.android.nibiru.settings.vr cmp=com.android.nibiru.settings.vr/.MainActivity} from uid 10028 on display 0
I/System.out(  452): com.android.nibiru.settings.vr.MainActivityaddAppToken taskId:31
D/WindowManagerService(  452): null  ==========setInputFocusLw ==========  =======
D/PhoneWindow(  452): DecorView - SCREEN_WEITH = 2560 - SCREE_HEIGHT = 1440
V/WindowManagerService(  452): Adding window Window{39cee97e u0 Starting com.android.nibiru.settings.vr} at 5 of 11 (after Window{37939993 u0 com.android.nibiru.settings.vr/com.android.nibiru.settings.vr.MainActivity})
D/ViewRootImpl(  452): onAttachToWindow register content observer attrs=WM.LayoutParams{(0,0)(fillxfill)mPosX=0mPosY=0mHScale=1.0mVScale=1.0 align=UNDEFINE taskId=31 ty=3 fl=#1830518 pfl=0x12 fmt=-3 wanim=0x1030001 surfaceInsets=Rect(0, 0 - 0, 0) needsMenuKey=2packageName=com.android.nibiru.settings.vrtoken=Token{3ebc0ba6 ActivityRecord{1a4fa101 u0 com.android.nibiru.settings.vr/.MainActivity t31}}}
D/ViewRootImpl(  452): 2560<<<<<< BACK FROM relayoutWM.LayoutParams{(0,0)(fillxfill)mPosX=0mPosY=0mHScale=1.0mVScale=1.0 align=UNDEFINE taskId=31 sim=#20 ty=3 fl=#1830518 pfl=0x12 fmt=-3 wanim=0x1030001 surfaceInsets=Rect(0, 0 - 0, 0) needsMenuKey=2packageName=com.android.nibiru.settings.vrtoken=Token{3ebc0ba6 ActivityRecord{1a4fa101 u0 com.android.nibiru.settings.vr/.MainActivity t31}}}
I/OpenGLRenderer(  452): Initialized EGL, version 1.4
D/        (  452): rtl is ok
D/ViewRootImpl( 1317): 2560<<<<<< BACK FROM relayoutnull
D/mali_winsys(  452): EGLint new_window_surface(egl_winsys_display*, void*, EGLSurface, EGLConfig, egl_winsys_surface**, egl_color_buffer_format*, EGLBoolean) returns 0x3000
W/art     (  841): Native thread exiting without having called DetachCurrentThread (maybe it's going to use a pthread_key_create destructor?): Thread[31,tid=3006,Native,Thread*=0xb87cd618,peer=0x12f350a0,"Thread-148"]
D/ccc     (  841): trackerNative onPause
D/ViewRootImpl(  841): 2560<<<<<< BACK FROM relayoutWM.LayoutParams{(0,0)(fillxfill)mPosX=0mPosY=0mHScale=1.0mVScale=1.0 align=UNDEFINE taskId=22 sim=#20 ty=1 fl=#1810500 fmt=-3 wanim=0x1030001 vsysui=0x1700 surfaceInsets=Rect(0, 0 - 0, 0) needsMenuKey=2packageName=com.nibiru.launcher3dtoken=android.os.BinderProxy@282c619e}
I/NIBIRU-com.android.nibiru.settings.vr( 1317): ========= This App is powered by Nibiru SDK! Ver.270 =========
I/NIBIRU-com.android.nibiru.settings.vr( 1317): Nibiru SDK creates best control experiences!
I/NIBIRU-com.android.nibiru.settings.vr( 1317): Contract: http://www.nibiruplayer.com
V/ControllerService( 1317): show activity: com.android.nibiru.settings.vr.MainActivity@1837d4f3
V/NibiruConfig( 1317): enable dubug mode: false
V/nibiru-device( 1317): service handler is null
V/ControllerService( 1317): INIT TOUCH SIM: true
V/ServiceManager( 1317): PREPARE TO START SERVICE
W/System.err( 1317): java.io.FileNotFoundException: nibiru_guide_zh.png
W/System.err( 1317):    at android.content.res.AssetManager.openAsset(Native Method)
W/System.err( 1317):    at android.content.res.AssetManager.open(AssetManager.java:313)
W/System.err( 1317):    at android.content.res.AssetManager.open(AssetManager.java:287)
W/System.err( 1317):    at com.nibiru.lib.controller.GameGuideView.isBitmapExist(GameGuideView.java:203)
W/System.err( 1317):    at com.nibiru.lib.controller.GameGuideView.isGameGuideReady(GameGuideView.java:269)
W/System.err( 1317):    at com.nibiru.lib.controller.ControllerServiceImpl.buildServiceState(ControllerServiceImpl.java:4961)
W/System.err( 1317):    at com.nibiru.lib.controller.ControllerServiceImpl.registerService(ControllerServiceImpl.java:814)
W/System.err( 1317):    at com.nibiru.lib.controller.ControllerServiceImpl.register(ControllerServiceImpl.java:928)
W/System.err( 1317):    at com.nibiru.lib.controller.ControllerServiceImpl.register(ControllerServiceImpl.java:863)
W/System.err( 1317):    at com.nibiru.lib.vr.ControllerActivity.buildNibiruService(ControllerActivity.java:109)
W/System.err( 1317):    at com.nibiru.lib.vr.ControllerActivity.onCreate(ControllerActivity.java:53)
W/System.err( 1317):    at com.nibiru.lib.vr.NibiruVRActivity.onCreate(NibiruVRActivity.java:27)
W/System.err( 1317):    at com.android.nibiru.settings.vr.MainActivity.onCreate(MainActivity.java:128)
W/System.err( 1317):    at android.app.Activity.performCreate(Activity.java:6230)
W/System.err( 1317):    at android.app.Instrumentation.callActivityOnCreate(Instrumentation.java:1106)
W/System.err( 1317):    at android.app.ActivityThread.performLaunchActivity(ActivityThread.java:2295)
W/System.err( 1317):    at android.app.ActivityThread.handleLaunchActivity(ActivityThread.java:2407)
W/System.err( 1317):    at android.app.ActivityThread.access$800(ActivityThread.java:151)
W/System.err( 1317):    at android.app.ActivityThread$H.handleMessage(ActivityThread.java:1319)
W/System.err( 1317):    at android.os.Handler.dispatchMessage(Handler.java:102)
W/System.err( 1317):    at android.os.Looper.loop(Looper.java:135)
W/System.err( 1317):    at android.app.ActivityThread.main(ActivityThread.java:5280)
W/System.err( 1317):    at java.lang.reflect.Method.invoke(Native Method)
W/System.err( 1317):    at java.lang.reflect.Method.invoke(Method.java:372)
W/System.err( 1317):    at com.android.internal.os.ZygoteInit$MethodAndArgsCaller.run(ZygoteInit.java:963)
W/System.err( 1317):    at com.android.internal.os.ZygoteInit.main(ZygoteInit.java:758)
I/NibiruControllerSDK( 1317): match intents: 0
D/BluetoothAdapter( 1317): 860521500: getState() :  mService = null. Returning STATE_OFF
D/HeadMountedDisplayManager( 1317): Cardboard screen parameters file not found: java.io.FileNotFoundException: /storage/emulated/0/Cardboard/phone_params: open failed: ENOENT (No such file or directory)
I/HeadMountedDisplayManager( 1317): Successfully read device params from external storage
D/CardboardViewNativeImpl( 1317): NativeProxy not found
D/CardboardViewNativeImpl( 1317): Loading native library vrtoolkit
D/CardboardViewNativeImpl( 1317): Native library loaded
W/art     ( 1317): Attempt to remove local handle scope entry from IRT, ignoring
W/art     ( 1317): Attempt to remove local handle scope entry from IRT, ignoring
