W/CameraHal_Marvin(  163): CAM_API_CAMENGINE: Request 2592x1944, Fps(>= 10fps) failed, select max_fps_res: 2592x1944@7fps
D/CameraHal(  163): stop(1792): m_camDevice->stopPreview success!
E/CameraHal_Marvin(  163): GS5604: ------GS5604_IsiSensorSetStreamingIss (exit):on:0
E/CameraHal_Marvin(  163): GS5604: ------GS5604_IsiSensorSetStreamingIss (exit):on:1
E/CameraHal_Marvin(  163): GS5604: ------GS5604_IsiSensorSetStreamingIss (exit):on:0
E/CameraHal_Marvin(  163): GS5604: GS5604_IsiChangeSensorResolutionIss (enter)
E/CameraHal_Marvin(  163): GS5604: GS5604_IsiChangeSensorResolutionIss (enter11----)
E/CameraHal_Marvin(  163): GS5604: GS5604_IsiGetCapsIss (enter)
E/CameraHal_Marvin(  163): GS5604: GS5604_IsiGetCapsIss (exit)
E/CameraHal_Marvin(  163): GS5604: GS5604_IsiChangeSensorResolutionIss (enter22----)
E/CameraHal_Marvin(  163): GS5604: GS5604_SetupOutputWindow (enter...pConfig->Resolution:0xea20798..)
E/CameraHal_Marvin(  163): GS5604: IsiRegDefaultsApply_W (enter)
E/CameraHal_Marvin(  163): GS5604: GS5604_SetupOutputWindow: success tto set  ISI_RES_2592_1944P7
E/CameraHal_Marvin(  163): GS5604: GS5604MIPI_WAIT_STATUS1 ( GS5604MIPI_WAIT_STATUS1 enter,p_value:0x22)
E/CameraHal_Marvin(  163): GS5604: GS5604MIPI_WAIT_STATUS1 ( GS5604MIPI_WAIT_STATUS1-- enter,p_value:0x20))
D/DisplayManager( 1710): getDisplayInfo: displayId=0, info=DisplayInfo{"Built-in Screen", uniqueId "local:0", app 2560 x 1344, real 2560 x 1440, largest app 2560 x 2414, smallest app 1440 x 1294, 49.408005 fps, supportedRefreshRates [49.408005], rotation 1, density 320 (537.8823 x 537.3884) dpi, layerStack 0, appVsyncOff 0, presDeadline 21239636, type BUILT_IN, state ON, FLAG_SECURE, FLAG_SUPPORTS_PROTECTED_BUFFERS}
D/PhoneWindow( 1710): DecorView - SCREEN_WEITH = 2560 - SCREE_HEIGHT = 1344
D/DisplayManager( 1710): getDisplayInfo: displayId=0, info=DisplayInfo{"Built-in Screen", uniqueId "local:0", app 2560 x 1344, real 2560 x 1440, largest app 2560 x 2414, smallest app 1440 x 1294, 49.408005 fps, supportedRefreshRates [49.408005], rotation 1, density 320 (537.8823 x 537.3884) dpi, layerStack 0, appVsyncOff 0, presDeadline 21239636, type BUILT_IN, state ON, FLAG_SECURE, FLAG_SUPPORTS_PROTECTED_BUFFERS}
V/WindowManagerService(  453): not Base app: Adding window Window{1fba942c u0 com.android.camera2/com.android.camera.CameraLauncher} at 3 of 8
D/WindowManagerService(  453): Window{1fba942c u0 com.android.camera2/com.android.camera.CameraLauncher}  ==========setInputFocusLw ==========  =======
E/CameraHal_Marvin(  163): GS5604: ------GS5604_IsiSensorSetStreamingIss (exit):on:1
E/CameraHal_Marvin(  163): GS5604: GS5604_IsiGetCapsIss (enter)
E/CameraHal_Marvin(  163): GS5604: GS5604_IsiGetCapsIss (exit)
E/CameraHal_Marvin(  163): GS5604: GS5604_IsiGetCapsIss (enter)
E/CameraHal_Marvin(  163): GS5604: GS5604_IsiGetCapsIss (exit)
E/CameraHal_Marvin(  163): GS5604: GS5604_IsiGetCapsIss (enter)
E/CameraHal_Marvin(  163): GS5604: GS5604_IsiGetCapsIss (exit)
D/CameraHal(  163): setupPreview(248): isp out put format is YUV420SP.
D/CameraHal(  163): start(1747): m_camDevice->startPreview success
D/CameraHal(  163): displayThread(596): displayThread(596): receive CMD_DISPLAY_START
D/CameraHal(  163): cameraDisplayBufferDestory(399): cameraDisplayBufferDestory(399): mANativeWindow is NULL, destory is ignore
V/CAM_CameraActivity( 1710): invoking onChangeCamera
W/CAM_IndicatorIconCtrlr( 1710): Trying to sync a pano indicator that is not initialized.
D/DisplayManager( 1710): getDisplayInfo: displayId=0, info=DisplayInfo{"Built-in Screen", uniqueId "local:0", app 2560 x 1344, real 2560 x 1440, largest app 2560 x 2414, smallest app 1440 x 1294, 49.408005 fps, supportedRefreshRates [49.408005], rotation 1, density 320 (537.8823 x 537.3884) dpi, layerStack 0, appVsyncOff 0, presDeadline 21239636, type BUILT_IN, state ON, FLAG_SECURE, FLAG_SUPPORTS_PROTECTED_BUFFERS}
D/DisplayManager( 1710): getDisplayInfo: displayId=0, info=DisplayInfo{"Built-in Screen", uniqueId "local:0", app 2560 x 1344, real 2560 x 1440, largest app 2560 x 2414, smallest app 1440 x 1294, 49.408005 fps, supportedRefreshRates [49.408005], rotation 1, density 320 (537.8823 x 537.3884) dpi, layerStack 0, appVsyncOff 0, presDeadline 21239636, type BUILT_IN, state ON, FLAG_SECURE, FLAG_SUPPORTS_PROTECTED_BUFFERS}
D/CameraHal(  163): commandThread(905): commandThread(905): CMD_PREVIEW_START out
D/ViewRootImpl( 1710): onAttachToWindow register content observer attrs=WM.LayoutParams{(0,0)(fillxfill)mPosX=0mPosY=0mHScale=1.0mVScale=1.0 align=UNDEFINE taskId=-1 gr=#ffffffff sim=#100 ty=2 fl=#1850500 wanim=0x1030001 surfaceInsets=Rect(0, 0 - 0, 0) needsMenuKey=2packageName=com.android.camera2token=android.os.BinderProxy@234f1df1}
D/ViewRootImpl( 1710): 2560<<<<<< BACK FROM relayoutWM.LayoutParams{(0,0)(fillxfill)mPosX=0mPosY=0mHScale=1.0mVScale=1.0 align=UNDEFINE taskId=-1 gr=#ffffffff sim=#120 ty=2 fl=#1850500 wanim=0x1030001 surfaceInsets=Rect(0, 0 - 0, 0) needsMenuKey=2packageName=com.android.camera2token=android.os.BinderProxy@234f1df1}
D/mali_winsys( 1710): EGLint new_window_surface(egl_winsys_display*, void*, EGLSurface, EGLConfig, egl_winsys_surface**, egl_color_buffer_format*, EGLBoolean) returns 0x3000
D/ViewRootImpl( 1710): 2560<<<<<< BACK FROM relayoutWM.LayoutParams{(0,0)(fillxfill)mPosX=0mPosY=0mHScale=1.0mVScale=1.0 align=UNDEFINE taskId=8 sim=#23 ty=1 fl=#81810580 wanim=0x1030469 rotAnim=1 vsysui=0x500 sysuil=true surfaceInsets=Rect(0, 0 - 0, 0) needsMenuKey=2packageName=com.android.camera2token=android.os.BinderProxy@234f1df1}
D/DisplayManager( 1710): getDisplayInfo: displayId=0, info=DisplayInfo{"Built-in Screen", uniqueId "local:0", app 2560 x 1344, real 2560 x 1440, largest app 2560 x 2414, smallest app 1440 x 1294, 49.408005 fps, supportedRefreshRates [49.408005], rotation 1, density 320 (537.8823 x 537.3884) dpi, layerStack 0, appVsyncOff 0, presDeadline 21239636, type BUILT_IN, state ON, FLAG_SECURE, FLAG_SUPPORTS_PROTECTED_BUFFERS}
D/DisplayManager( 1710): getDisplayInfo: displayId=0, info=DisplayInfo{"Built-in Screen", uniqueId "local:0", app 2560 x 1344, real 2560 x 1440, largest app 2560 x 2414, smallest app 1440 x 1294, 49.408005 fps, supportedRefreshRates [49.408005], rotation 1, density 320 (537.8823 x 537.3884) dpi, layerStack 0, appVsyncOff 0, presDeadline 21239636, type BUILT_IN, state ON, FLAG_SECURE, FLAG_SUPPORTS_PROTECTED_BUFFERS}
D/DisplayManager( 1710): getDisplayInfo: displayId=0, info=DisplayInfo{"Built-in Screen", uniqueId "local:0", app 2560 x 1344, real 2560 x 1440, largest app 2560 x 2414, smallest app 1440 x 1294, 49.408005 fps, supportedRefreshRates [49.408005], rotation 1, density 320 (537.8823 x 537.3884) dpi, layerStack 0, appVsyncOff 0, presDeadline 21239636, type BUILT_IN, state ON, FLAG_SECURE, FLAG_SUPPORTS_PROTECTED_BUFFERS}
D/DisplayManager( 1710): getDisplayInfo: displayId=0, info=DisplayInfo{"Built-in Screen", uniqueId "local:0", app 2560 x 1344, real 2560 x 1440, largest app 2560 x 2414, smallest app 1440 x 1294, 49.408005 fps, supportedRefreshRates [49.408005], rotation 1, density 320 (537.8823 x 537.3884) dpi, layerStack 0, appVsyncOff 0, presDeadline 21239636, type BUILT_IN, state ON, FLAG_SECURE, FLAG_SUPPORTS_PROTECTED_BUFFERS}
D/DisplayManager( 1710): getDisplayInfo: displayId=0, info=DisplayInfo{"Built-in Screen", uniqueId "local:0", app 2560 x 1344, real 2560 x 1440, largest app 2560 x 2414, smallest app 1440 x 1294, 49.408005 fps, supportedRefreshRates [49.408005], rotation 1, density 320 (537.8823 x 537.3884) dpi, layerStack 0, appVsyncOff 0, presDeadline 21239636, type BUILT_IN, state ON, FLAG_SECURE, FLAG_SUPPORTS_PROTECTED_BUFFERS}
D/DisplayManager( 1710): getDisplayInfo: displayId=0, info=DisplayInfo{"Built-in Screen", uniqueId "local:0", app 2560 x 1344, real 2560 x 1440, largest app 2560 x 2414, smallest app 1440 x 1294, 49.408005 fps, supportedRefreshRates [49.408005], rotation 1, density 320 (537.8823 x 537.3884) dpi, layerStack 0, appVsyncOff 0, presDeadline 21239636, type BUILT_IN, state ON, FLAG_SECURE, FLAG_SUPPORTS_PROTECTED_BUFFERS}
E/CameraHal_Marvin(  163): CAMERIC-MI-IRQ: CamerIcMiIrq: MP buffer skipped (reused),pDrvCtx->invalFrame === 0,g_miFrameNum == 1;numFramesToSkip == 3
D/DisplayManager( 1710): getDisplayInfo: displayId=0, info=DisplayInfo{"Built-in Screen", uniqueId "local:0", app 2560 x 1344, real 2560 x 1440, largest app 2560 x 2414, smallest app 1440 x 1294, 49.408005 fps, supportedRefreshRates [49.408005], rotation 1, density 320 (537.8823 x 537.3884) dpi, layerStack 0, appVsyncOff 0, presDeadline 21239636, type BUILT_IN, state ON, FLAG_SECURE, FLAG_SUPPORTS_PROTECTED_BUFFERS}
D/DisplayManager( 1710): getDisplayInfo: displayId=0, info=DisplayInfo{"Built-in Screen", uniqueId "local:0", app 2560 x 1344, real 2560 x 1440, largest app 2560 x 2414, smallest app 1440 x 1294, 49.408005 fps, supportedRefreshRates [49.408005], rotation 1, density 320 (537.8823 x 537.3884) dpi, layerStack 0, appVsyncOff 0, presDeadline 21239636, type BUILT_IN, state ON, FLAG_SECURE, FLAG_SUPPORTS_PROTECTED_BUFFERS}
E/CameraHal_Marvin(  163): CAMERIC-MI-IRQ: CamerIcMiIrq: MP buffer skipped (reused),pDrvCtx->invalFrame === 0,g_miFrameNum == 2;numFramesToSkip == 2
D/DisplayManager( 1710): getDisplayInfo: displayId=0, info=DisplayInfo{"Built-in Screen", uniqueId "local:0", app 2560 x 1344, real 2560 x 1440, largest app 2560 x 2414, smallest app 1440 x 1294, 49.408005 fps, supportedRefreshRates [49.408005], rotation 1, density 320 (537.8823 x 537.3884) dpi, layerStack 0, appVsyncOff 0, presDeadline 21239636, type BUILT_IN, state ON, FLAG_SECURE, FLAG_SUPPORTS_PROTECTED_BUFFERS}
D/DisplayManager( 1710): getDisplayInfo: displayId=0, info=DisplayInfo{"Built-in Screen", uniqueId "local:0", app 2560 x 1344, real 2560 x 1440, largest app 2560 x 2414, smallest app 1440 x 1294, 49.408005 fps, supportedRefreshRates [49.408005], rotation 1, density 320 (537.8823 x 537.3884) dpi, layerStack 0, appVsyncOff 0, presDeadline 21239636, type BUILT_IN, state ON, FLAG_SECURE, FLAG_SUPPORTS_PROTECTED_BUFFERS}
E/CameraHal_Marvin(  163): CAMERIC-MI-IRQ: CamerIcMiIrq: MP buffer skipped (reused),pDrvCtx->invalFrame === 0,g_miFrameNum == 3;numFramesToSkip == 1
D/DisplayManager( 1710): getDisplayInfo: displayId=0, info=DisplayInfo{"Built-in Screen", uniqueId "local:0", app 2560 x 1344, real 2560 x 1440, largest app 2560 x 2414, smallest app 1440 x 1294, 49.408005 fps, supportedRefreshRates [49.408005], rotation 1, density 320 (537.8823 x 537.3884) dpi, layerStack 0, appVsyncOff 0, presDeadline 21239636, type BUILT_IN, state ON, FLAG_SECURE, FLAG_SUPPORTS_PROTECTED_BUFFERS}
D/DisplayManager( 1710): getDisplayInfo: displayId=0, info=DisplayInfo{"Built-in Screen", uniqueId "local:0", app 2560 x 1344, real 2560 x 1440, largest app 2560 x 2414, smallest app 1440 x 1294, 49.408005 fps, supportedRefreshRates [49.408005], rotation 1, density 320 (537.8823 x 537.3884) dpi, layerStack 0, appVsyncOff 0, presDeadline 21239636, type BUILT_IN, state ON, FLAG_SECURE, FLAG_SUPPORTS_PROTECTED_BUFFERS}
D/DisplayManager( 1710): getDisplayInfo: displayId=0, info=DisplayInfo{"Built-in Screen", uniqueId "local:0", app 2560 x 1344, real 2560 x 1440, largest app 2560 x 2414, smallest app 1440 x 1294, 49.408005 fps, supportedRefreshRates [49.408005], rotation 1, density 320 (537.8823 x 537.3884) dpi, layerStack 0, appVsyncOff 0, presDeadline 21239636, type BUILT_IN, state ON, FLAG_SECURE, FLAG_SUPPORTS_PROTECTED_BUFFERS}
D/DisplayManager( 1710): getDisplayInfo: displayId=0, info=DisplayInfo{"Built-in Screen", uniqueId "local:0", app 2560 x 1344, real 2560 x 1440, largest app 2560 x 2414, smallest app 1440 x 1294, 49.408005 fps, supportedRefreshRates [49.408005], rotation 1, density 320 (537.8823 x 537.3884) dpi, layerStack 0, appVsyncOff 0, presDeadline 21239636, type BUILT_IN, state ON, FLAG_SECURE, FLAG_SUPPORTS_PROTECTED_BUFFERS}
D/DisplayManager( 1710): getDisplayInfo: displayId=0, info=DisplayInfo{"Built-in Screen", uniqueId "local:0", app 2560 x 1344, real 2560 x 1440, largest app 2560 x 2414, smallest app 1440 x 1294, 49.408005 fps, supportedRefreshRates [49.408005], rotation 1, density 320 (537.8823 x 537.3884) dpi, layerStack 0, appVsyncOff 0, presDeadline 21239636, type BUILT_IN, state ON, FLAG_SECURE, FLAG_SUPPORTS_PROTECTED_BUFFERS}
D/DisplayManager( 1710): getDisplayInfo: displayId=0, info=DisplayInfo{"Built-in Screen", uniqueId "local:0", app 2560 x 1344, real 2560 x 1440, largest app 2560 x 2414, smallest app 1440 x 1294, 49.408005 fps, supportedRefreshRates [49.408005], rotation 1, density 320 (537.8823 x 537.3884) dpi, layerStack 0, appVsyncOff 0, presDeadline 21239636, type BUILT_IN, state ON, FLAG_SECURE, FLAG_SUPPORTS_PROTECTED_BUFFERS}
D/DisplayManager( 1710): getDisplayInfo: displayId=0, info=DisplayInfo{"Built-in Screen", uniqueId "local:0", app 2560 x 1344, real 2560 x 1440, largest app 2560 x 2414, smallest app 1440 x 1294, 49.408005 fps, supportedRefreshRates [49.408005], rotation 1, density 320 (537.8823 x 537.3884) dpi, layerStack 0, appVsyncOff 0, presDeadline 21239636, type BUILT_IN, state ON, FLAG_SECURE, FLAG_SUPPORTS_PROTECTED_BUFFERS}
D/DisplayManager( 1710): getDisplayInfo: displayId=0, info=DisplayInfo{"Built-in Screen", uniqueId "local:0", app 2560 x 1344, real 2560 x 1440, largest app 2560 x 2414, smallest app 1440 x 1294, 49.408005 fps, supportedRefreshRates [49.408005], rotation 1, density 320 (537.8823 x 537.3884) dpi, layerStack 0, appVsyncOff 0, presDeadline 21239636, type BUILT_IN, state ON, FLAG_SECURE, FLAG_SUPPORTS_PROTECTED_BUFFERS}
D/DisplayManager( 1710): getDisplayInfo: displayId=0, info=DisplayInfo{"Built-in Screen", uniqueId "local:0", app 2560 x 1344, real 2560 x 1440, largest app 2560 x 2414, smallest app 1440 x 1294, 49.408005 fps, supportedRefreshRates [49.408005], rotation 1, density 320 (537.8823 x 537.3884) dpi, layerStack 0, appVsyncOff 0, presDeadline 21239636, type BUILT_IN, state ON, FLAG_SECURE, FLAG_SUPPORTS_PROTECTED_BUFFERS}
D/DisplayManager( 1710): getDisplayInfo: displayId=0, info=DisplayInfo{"Built-in Screen", uniqueId "local:0", app 2560 x 1344, real 2560 x 1440, largest app 2560 x 2414, smallest app 1440 x 1294, 49.408005 fps, supportedRefreshRates [49.408005], rotation 1, density 320 (537.8823 x 537.3884) dpi, layerStack 0, appVsyncOff 0, presDeadline 21239636, type BUILT_IN, state ON, FLAG_SECURE, FLAG_SUPPORTS_PROTECTED_BUFFERS}
D/DisplayManager( 1710): getDisplayInfo: displayId=0, info=DisplayInfo{"Built-in Screen", uniqueId "local:0", app 2560 x 1344, real 2560 x 1440, largest app 2560 x 2414, smallest app 1440 x 1294, 49.408005 fps, supportedRefreshRates [49.408005], rotation 1, density 320 (537.8823 x 537.3884) dpi, layerStack 0, appVsyncOff 0, presDeadline 21239636, type BUILT_IN, state ON, FLAG_SECURE, FLAG_SUPPORTS_PROTECTED_BUFFERS}
D/DisplayManager( 1710): getDisplayInfo: displayId=0, info=DisplayInfo{"Built-in Screen", uniqueId "local:0", app 2560 x 1344, real 2560 x 1440, largest app 2560 x 2414, smallest app 1440 x 1294, 49.408005 fps, supportedRefreshRates [49.408005], rotation 1, density 320 (537.8823 x 537.3884) dpi, layerStack 0, appVsyncOff 0, presDeadline 21239636, type BUILT_IN, state ON, FLAG_SECURE, FLAG_SUPPORTS_PROTECTED_BUFFERS}
D/DisplayManager( 1710): getDisplayInfo: displayId=0, info=DisplayInfo{"Built-in Screen", uniqueId "local:0", app 2560 x 1344, real 2560 x 1440, largest app 2560 x 2414, smallest app 1440 x 1294, 49.408005 fps, supportedRefreshRates [49.408005], rotation 1, density 320 (537.8823 x 537.3884) dpi, layerStack 0, appVsyncOff 0, presDeadline 21239636, type BUILT_IN, state ON, FLAG_SECURE, FLAG_SUPPORTS_PROTECTED_BUFFERS}
D/DisplayManager( 1710): getDisplayInfo: displayId=0, info=DisplayInfo{"Built-in Screen", uniqueId "local:0", app 2560 x 1344, real 2560 x 1440, largest app 2560 x 2414, smallest app 1440 x 1294, 49.408005 fps, supportedRefreshRates [49.408005], rotation 1, density 320 (537.8823 x 537.3884) dpi, layerStack 0, appVsyncOff 0, presDeadline 21239636, type BUILT_IN, state ON, FLAG_SECURE, FLAG_SUPPORTS_PROTECTED_BUFFERS}
W/AudioTrack(  453): AUDIO_OUTPUT_FLAG_FAST denied by client
D/CAM_LcyLocProvider( 1710): provider does not exist provider doesn't exist: network
D/CAM_LcyLocProvider( 1710): provider does not exist provider doesn't exist: gps
D/CAM_LcyLocProvider( 1710): startReceivingLocationUpdates
D/AudioHardwareTiny(  163): start_output_stream
D/alsa_route(  163): route_info->sound_card 0, route_info->devices 0
D/alsa_route(  163): route_set_controls() set route 0
D/ViewRootImpl( 1710): onDetachedFromWindow ungister contentObserver
D/WindowManagerService(  453): Window{ec0d132 u0 com.android.camera2/com.android.camera.CameraLauncher}  ==========setInputFocusLw ==========  =======
D/ViewRootImpl( 1710): 2560<<<<<< BACK FROM relayoutWM.LayoutParams{(0,0)(fillxfill)mPosX=0mPosY=0mHScale=1.0mVScale=1.0 align=UNDEFINE taskId=8 sim=#23 ty=1 fl=#81810580 wanim=0x1030469 rotAnim=1 vsysui=0x500 surfaceInsets=Rect(0, 0 - 0, 0) needsMenuKey=2packageName=com.android.camera2token=android.os.BinderProxy@234f1df1}
D/DisplayManager( 1710): getDisplayInfo: displayId=0, info=DisplayInfo{"Built-in Screen", uniqueId "local:0", app 2560 x 1344, real 2560 x 1440, largest app 2560 x 2414, smallest app 1440 x 1294, 49.408005 fps, supportedRefreshRates [49.408005], rotation 1, density 320 (537.8823 x 537.3884) dpi, layerStack 0, appVsyncOff 0, presDeadline 21239636, type BUILT_IN, state ON, FLAG_SECURE, FLAG_SUPPORTS_PROTECTED_BUFFERS}
D/ViewRootImpl( 1710): 2560<<<<<< BACK FROM relayoutWM.LayoutParams{(0,0)(fillxfill)mPosX=0mPosY=0mHScale=1.0mVScale=1.0 align=UNDEFINE taskId=8 sim=#23 ty=1 fl=#81810580 wanim=0x1030469 rotAnim=1 vsysui=0x500 surfaceInsets=Rect(0, 0 - 0, 0) needsMenuKey=2packageName=com.android.camera2token=android.os.BinderProxy@234f1df1}
D/ViewRootImpl( 1710): 2560<<<<<< BACK FROM relayoutWM.LayoutParams{(0,0)(fillxfill)mPosX=0mPosY=0mHScale=1.0mVScale=1.0 align=UNDEFINE taskId=8 sim=#23 ty=1 fl=#81810580 wanim=0x1030469 rotAnim=1 vsysui=0x500 surfaceInsets=Rect(0, 0 - 0, 0) needsMenuKey=2packageName=com.android.camera2token=android.os.BinderProxy@234f1df1}
D/ViewRootImpl( 1710): 2560<<<<<< BACK FROM relayoutWM.LayoutParams{(0,0)(fillxfill)mPosX=0mPosY=0mHScale=1.0mVScale=1.0 align=UNDEFINE taskId=8 sim=#23 ty=1 fl=#81810580 wanim=0x1030469 rotAnim=1 vsysui=0x500 surfaceInsets=Rect(0, 0 - 0, 0) needsMenuKey=2packageName=com.android.camera2token=android.os.BinderProxy@234f1df1}
D/DisplayManager( 1710): getDisplayInfo: displayId=0, info=DisplayInfo{"Built-in Screen", uniqueId "local:0", app 2560 x 1344, real 2560 x 1440, largest app 2560 x 2414, smallest app 1440 x 1294, 49.408005 fps, supportedRefreshRates [49.408005], rotation 1, density 320 (537.8823 x 537.3884) dpi, layerStack 0, appVsyncOff 0, presDeadline 21239636, type BUILT_IN, state ON, FLAG_SECURE, FLAG_SUPPORTS_PROTECTED_BUFFERS}
W/AudioFlinger(  163): write blocked for 354 msecs, 1 delayed writes, thread 0xb4d3f008
D/ViewRootImpl( 1710): 2560<<<<<< BACK FROM relayoutWM.LayoutParams{(0,0)(fillxfill)mPosX=0mPosY=0mHScale=1.0mVScale=1.0 align=UNDEFINE taskId=8 sim=#23 ty=1 fl=#81810580 wanim=0x1030469 rotAnim=1 vsysui=0x501 sysuil=true surfaceInsets=Rect(0, 0 - 0, 0) needsMenuKey=2packageName=com.android.camera2token=android.os.BinderProxy@234f1df1}
V/CAM_CameraAppUI( 1710): hiding cover via onSurfaceTextureUpdated
D/CameraPerformanceTracker( 1710): First preview frame received
D/DisplayManager( 1710): getDisplayInfo: displayId=0, info=DisplayInfo{"Built-in Screen", uniqueId "local:0", app 2560 x 1344, real 2560 x 1440, largest app 2560 x 2414, smallest app 1440 x 1294, 49.408005 fps, supportedRefreshRates [49.408005], rotation 1, density 320 (537.8823 x 537.3884) dpi, layerStack 0, appVsyncOff 0, presDeadline 21239636, type BUILT_IN, state ON, FLAG_SECURE, FLAG_SUPPORTS_PROTECTED_BUFFERS}
D/alsa_route(  163): route_set_controls() set route 24
D/AudioHardwareTiny(  163): close device
^C
C:\Users\Administrator>