



D/PowerManagerService(  454): acquireWakeLockInternal: lock=745536297, flags=0x1, tag="PhoneWindowManager.mPowerKeyWakeLock", ws=null, uid=1000, pid=454
D/PowerManagerService(  454): updateWakeLockSummaryLocked: mWakefulness=Awake, mWakeLockSummary=0x1
D/PowerManagerService(  454): updateUserActivitySummaryLocked: mWakefulness=Awake, mUserActivitySummary=0x1, nextTimeout=2148099730 (in 2147463138 ms)
D/PowerManagerService(  454): updateDisplayPowerStateLocked: mDisplayReady=true, policy=3, mWakefulness=1, mWakeLockSummary=0x1, mUserActivitySummary=0x1, mBootCompleted=true, mScreenBrightnessBoostInProgress=false
D/PowerManagerService(  454): Acquiring suspend blocker "PowerManagerService.WakeLocks".
V/PhoneWindowManager(  454): truehungUp=false, mScreenshotChordVolumeDownKeyTriggered=false, mScreenshotChordVolumeDownKeyTriggered=false
D/PhoneWindowManager(  454): interceptPowerKeyDown =================  =======
D/PhoneWindowManager(  454): cancelPendingPowerKeyAction =================  =======
I/PowerManagerService(  454): ----prop -------=1----
D/PowerManagerService(  454): goToSleepNoUpdateLocked: eventTime=636590, reason=4, flags=0, uid=1000
I/PowerManagerService(  454): Going to sleep due to power button (uid 1000)...
I/PowerManagerService(  454):  jdm wakeLock.mFlags= 1
D/PowerManagerService(  454): updateWakeLockSummaryLocked: mWakefulness=Dozing, mWakeLockSummary=0x1
D/PowerManagerService(  454): updateUserActivitySummaryLocked: mWakefulness=Dozing, mUserActivitySummary=0x1, nextTimeout=2148099730 (in 2147462935 ms)
D/PowerManagerService(  454): updateDisplayPowerStateLocked: mDisplayReady=true, policy=3, mWakefulness=3, mWakeLockSummary=0x1, mUserActivitySummary=0x1, mBootCompleted=true, mScreenBrightnessBoostInProgress=false
D/PowerManagerService(  454): Acquiring suspend blocker "PowerManagerService.Broadcasts".
D/Sensors (  454): int sensors_poll_context_t::activate(int, int)
D/PowerManagerService(  454): releaseWakeLockInternal: lock=745536297 [PhoneWindowManager.mPowerKeyWakeLock], flags=0x0
D/PowerManagerService(  454): updateWakeLockSummaryLocked: mWakefulness=Dozing, mWakeLockSummary=0x0
D/PowerManagerService(  454): updateUserActivitySummaryLocked: mWakefulness=Dozing, mUserActivitySummary=0x1, nextTimeout=2148099730 (in 2147462932 ms)
D/PowerManagerService(  454): updateDisplayPowerStateLocked: mDisplayReady=true, policy=3, mWakefulness=3, mWakeLockSummary=0x0, mUserActivitySummary=0x1, mBootCompleted=true, mScreenBrightnessBoostInProgress=false
D/PowerManagerService(  454): Releasing suspend blocker "PowerManagerService.WakeLocks".
D/PowerManagerService(  454): reallyGoToSleepNoUpdateLocked: eventTime=636800, uid=1000
I/PowerManagerService(  454): Sleeping (uid 1000)...
D/PowerManagerService(  454): updateWakeLockSummaryLocked: mWakefulness=Asleep, mWakeLockSummary=0x0
D/PowerManagerService(  454): updateUserActivitySummaryLocked: mWakefulness=Asleep, mUserActivitySummary=0x0, nextTimeout=0 (636801 ms ago)
D/PowerManagerService(  454): updateDisplayPowerStateLocked: mDisplayReady=false, policy=0, mWakefulness=0, mWakeLockSummary=0x0, mUserActivitySummary=0x0, mBootCompleted=true, mScreenBrightnessBoostInProgress=false
D/mali_winsys(  454): EGLint new_window_surface(egl_winsys_display*, void*, EGLSurface, EGLConfig, egl_winsys_surface**, egl_color_buffer_format*, EGLBoolean) returns 0x3000
E/WifiStateMachine(  454): ACTION_SCREEN_OFF...
D/gralloc (  156): -----------------------------START usage=333
D/gralloc (  156): [29,14745600,0], usage=333,ion_heap_type=0
D/gralloc (  156): heap_mask=10,ION_HEAP=10
D/PowerManagerService(  454): acquireWakeLockInternal: lock=362306547, flags=0x1, tag="WifiSuspend", ws=null, uid=1000, pid=454
D/PowerManagerService(  454): updateWakeLockSummaryLocked: mWakefulness=Asleep, mWakeLockSummary=0x1
D/PowerManagerService(  454): updateUserActivitySummaryLocked: mWakefulness=Asleep, mUserActivitySummary=0x0, nextTimeout=0 (636853 ms ago)
D/PowerManagerService(  454): updateDisplayPowerStateLocked: mDisplayReady=false, policy=0, mWakefulness=0, mWakeLockSummary=0x1, mUserActivitySummary=0x0, mBootCompleted=true, mScreenBrightnessBoostInProgress=false
D/PowerManagerService(  454): Acquiring suspend blocker "PowerManagerService.WakeLocks".
D/gralloc (  156): Isfb=0,[1440,2560,1440,5760],fmt=1,byte_stride=5760
E/WifiStateMachine(  454): cancelDelayedScan -> 24
D/WifiStateMachine(  454): backgroundScan enabled=false startBackgroundScanIfNeeded:false
D/gralloc (  156): alloc_device_free
E/WifiStateMachine(  454): handleScreenStateChanged Exit: false
D/gralloc (  156): -----------------------------START usage=b00
D/gralloc (  156): [29,14745600,0], usage=b00,ion_heap_type=0
D/gralloc (  156): heap_mask=10,ION_HEAP=10
D/PowerManagerService(  454): Releasing suspend blocker "PowerManagerService.Broadcasts".
D/gralloc (  156): Isfb=0,[2560,1440,2560,10240],fmt=1,byte_stride=10240
D/gralloc (  156): -----------------------------START usage=b00
D/gralloc (  156): [29,14745600,0], usage=b00,ion_heap_type=0
D/gralloc (  156): heap_mask=10,ION_HEAP=10
D/PowerManagerService(  454): releaseWakeLockInternal: lock=362306547 [WifiSuspend], flags=0x0
D/PowerManagerService(  454): updateWakeLockSummaryLocked: mWakefulness=Asleep, mWakeLockSummary=0x0
D/PowerManagerService(  454): updateUserActivitySummaryLocked: mWakefulness=Asleep, mUserActivitySummary=0x0, nextTimeout=0 (636921 ms ago)
D/PowerManagerService(  454): updateDisplayPowerStateLocked: mDisplayReady=false, policy=0, mWakefulness=0, mWakeLockSummary=0x0, mUserActivitySummary=0x0, mBootCompleted=true, mScreenBrightnessBoostInProgress=false
D/PowerManagerService(  454): Releasing suspend blocker "PowerManagerService.WakeLocks".
E/WifiStateMachine(  454): setSuspendOptimizations: 4 true
E/WifiStateMachine(  454): mSuspendOptNeedsDisabled 0
D/gralloc (  156): Isfb=0,[2560,1440,2560,10240],fmt=1,byte_stride=10240
D/gralloc (  156): -----------------------------START usage=b00
D/gralloc (  156): [29,14745600,0], usage=b00,ion_heap_type=0
D/gralloc (  156): heap_mask=10,ION_HEAP=10
D/gralloc (  156): Isfb=0,[2560,1440,2560,10240],fmt=1,byte_stride=10240
D/DisplayPowerController(  454): screen off, so turn off btn && keyboard lights
I/DisplayManagerService(  454): Display device changed: DisplayDeviceInfo{"Built-in Screen": uniqueId="local:0", 1440 x 2560, 60.387 fps, supportedRefreshRates [60.387], density 320, 537.8823 x 537.3884 dpi, appVsyncOff 0, presDeadline 17559855, touch INTERNAL, rotation 0, type BUILT_IN, state OFF, FLAG_DEFAULT_DISPLAY, FLAG_ROTATES_WITH_CONTENT, FLAG_SECURE, FLAG_SUPPORTS_PROTECTED_BUFFERS}
D/DisplayManager(  454): onDisplayEvent: displayId=0, event=2
V/ActivityStackSupervisor(  454): Display changed displayId=0
D/DisplayManager(  544): onDisplayEvent: displayId=0, event=2
D/DisplayManager(  736): onDisplayEvent: displayId=0, event=2
D/DisplayManager(  765): onDisplayEvent: displayId=0, event=2
D/DisplayManager(  861): onDisplayEvent: displayId=0, event=2
D/DisplayManager(  580): onDisplayEvent: displayId=0, event=2
D/DisplayManager(  842): onDisplayEvent: displayId=0, event=2
D/DisplayManager(  454): getDisplayInfo: displayId=0, info=DisplayInfo{"Built-in Screen", uniqueId "local:0", app 2560 x 1344, real 2560 x 1440, largest app 2560 x 2414, smallest app 1440 x 1294, 60.387 fps, supportedRefreshRates [60.387], rotation 3, density 320 (537.8823 x 537.3884) dpi, layerStack 0, appVsyncOff 0, presDeadline 17559855, type BUILT_IN, state OFF, FLAG_SECURE, FLAG_SUPPORTS_PROTECTED_BUFFERS}
D/DisplayManager(  823): onDisplayEvent: displayId=0, event=2
D/DisplayManager(  883): onDisplayEvent: displayId=0, event=2
D/DisplayManager(  641): onDisplayEvent: displayId=0, event=2
D/DisplayManager(  806): onDisplayEvent: displayId=0, event=2
D/DisplayManager(  915): onDisplayEvent: displayId=0, event=2
D/DisplayManager(  956): onDisplayEvent: displayId=0, event=2
D/DisplayManager( 1158): onDisplayEvent: displayId=0, event=2
D/DisplayManager( 1072): onDisplayEvent: displayId=0, event=2
D/DisplayManager( 1095): onDisplayEvent: displayId=0, event=2
D/DisplayManager( 1179): onDisplayEvent: displayId=0, event=2
D/DisplayManager( 1205): onDisplayEvent: displayId=0, event=2
D/DisplayManager( 1256): onDisplayEvent: displayId=0, event=2
D/DisplayManager( 1317): onDisplayEvent: displayId=0, event=2
D/SurfaceFlinger(  156): Set power mode=0, type=0 flinger=0xb8df6550
I/hwcomposer(  156): hwc_blank dpy[0],blank[1]
D/DisplayManager( 1138): onDisplayEvent: displayId=0, event=2
D/DisplayManager( 1037): onDisplayEvent: displayId=0, event=2
D/DisplayManager( 1117): onDisplayEvent: displayId=0, event=2
D/DisplayManager(  454): getDisplayInfo: displayId=0, info=DisplayInfo{"Built-in Screen", uniqueId "local:0", app 2560 x 1344, real 2560 x 1440, largest app 2560 x 2414, smallest app 1440 x 1294, 60.387 fps, supportedRefreshRates [60.387], rotation 3, density 320 (537.8823 x 537.3884) dpi, layerStack 0, appVsyncOff 0, presDeadline 17559855, type BUILT_IN, state OFF, FLAG_SECURE, FLAG_SUPPORTS_PROTECTED_BUFFERS}
D/DisplayManager(  842): getDisplayInfo: displayId=0, info=DisplayInfo{"Built-in Screen", uniqueId "local:0", app 2560 x 1344, real 2560 x 1440, largest app 2560 x 2414, smallest app 1440 x 1294, 60.387 fps, supportedRefreshRates [60.387], rotation 3, density 320 (537.8823 x 537.3884) dpi, layerStack 0, appVsyncOff 0, presDeadline 17559855, type BUILT_IN, state OFF, FLAG_SECURE, FLAG_SUPPORTS_PROTECTED_BUFFERS}
D/DisplayManager(  823): getDisplayInfo: displayId=0, info=DisplayInfo{"Built-in Screen", uniqueId "local:0", app 2560 x 1344, real 2560 x 1440, largest app 2560 x 2414, smallest app 1440 x 1294, 60.387 fps, supportedRefreshRates [60.387], rotation 3, density 320 (537.8823 x 537.3884) dpi, layerStack 0, appVsyncOff 0, presDeadline 17559855, type BUILT_IN, state OFF, FLAG_SECURE, FLAG_SUPPORTS_PROTECTED_BUFFERS}
D/PowerManagerService(  454): acquireWakeLockInternal: lock=1048592970, flags=0x1, tag="RILJ", ws=null, uid=1001, pid=823
D/PowerManagerService(  454): updateWakeLockSummaryLocked: mWakefulness=Asleep, mWakeLockSummary=0x1
D/PowerManagerService(  454): updateUserActivitySummaryLocked: mWakefulness=Asleep, mUserActivitySummary=0x0, nextTimeout=0 (637522 ms ago)
D/PowerManagerService(  454): updateDisplayPowerStateLocked: mDisplayReady=false, policy=0, mWakefulness=0, mWakeLockSummary=0x1, mUserActivitySummary=0x0, mBootCompleted=true, mScreenBrightnessBoostInProgress=false
D/PowerManagerService(  454): Acquiring suspend blocker "PowerManagerService.WakeLocks".
D/DisplayManager(  580): getDisplayInfo: displayId=0, info=DisplayInfo{"Built-in Screen", uniqueId "local:0", app 2560 x 1344, real 2560 x 1440, largest app 2560 x 2414, smallest app 1440 x 1294, 60.387 fps, supportedRefreshRates [60.387], rotation 3, density 320 (537.8823 x 537.3884) dpi, layerStack 0, appVsyncOff 0, presDe dl2n.516153]5rk3ty8e cdI lcdN0: taae OFod :4A
FFERS}            _  6UR.5 6LA9_ U3PO sS_pROTEfTEg_B
D/PowerManagerService(  454): releaseWakeLockInternal: lock=1048592970 [RILJ], flags=0x0
D/PowerManagerService(  454): updateWakeLockSummaryLocked: mWakefulness=Asleep, mWakeLockSummary=0x0
D/PowerManagerService(  454): updateUserActivitySummaryLocked: mWakefulness=Asleep, mUserActivitySummary=0x0, nextTimeout=0 (637527 ms ago)
D/PowerManagerService(  454): updateDisplayPowerStateLocked: mDisplayReady=false, policy=0, mWakefulness=0, mWakeLockSummary=0x0, mUserActivitySummary=0x0, mBootCompleted=true, mScreenBrightnessBoostInProgress=false
D/PowerManagerService(  454): Releasing suspend blocker "PowerManagerService.WakeLocks".
D/DisplayManager(  580): getDisplayInfo: displayId=0, info=DisplayInfo{"Built-in Screen", uniqueId "local:0", app 2560 x 1344, real 2560 x 1440, largest app 2560 x 2414, smallest app 1440 x 1294, 60.387 fps, supportedRefreshRates [60.387], rotation 3, density 320 (537.8823 x 537.3884) dpi, layerStack 0, appVsyncOff 0, presDeadline 17559855, type BUILT_IN, state OFF, FLAG_SECURE, FLAG_SUPPORTS_PROTECTED_BUFFERS}
D/DisplayManager(  580): getDisplayInfo: displayId=0, info=DisplayInfo{"Built-in Screen", uniqueId "local:0", app 2560 x 1344, real 2560 x 1440, largest app 2560 x 2414, smallest app 1440 x 1294, 60.387 fps, supportedRefreshRates [60.387], rotation 3, density 320 (537.8823 x 537.3884) dpi, layerStack 0, appVsyncOff 0, presDeadline 17559855, type BUILT_IN, state OFF, FLAG_SECURE, FLAG_SUPPORTS_PROTECTED_BUFFERS}
01-armoff-logdp-osc_offddrc_off2345d