
D/PowerManagerService(  480): Setting HAL interactive mode to false
E/RKPowerHAL(  480): Error opening /sys/devices/system/cpu/cpufreq/interactive/input_boost: No such file or directory
E/RKPowerHAL(  480): Error opening /sys/devices/system/cpu/cpu7/online: No such file or directory
E/RKPowerHAL(  480): Error opening /sys/devices/system/cpu/cpu6/online: No such file or directory
E/RKPowerHAL(  480): Error opening /sys/devices/system/cpu/cpu5/online: No such file or directory
E/RKPowerHAL(  480): Error opening /sys/devices/system/cpu/cpu4/online: No such file or directory
E/RKPowerHAL(  480): Error opening /sys/devices/system/cpu/cpu3/online: Permission denied
E/RKPowerHAL(  480): Error opening /sys/devices/system/cpu/cpu2/online: Permission denied
D/PowerManagerService(  480): Setting HAL auto-suspend mode to true
D/PowerManagerService(  480): updateDisplayPowerStateLocked: mDisplayReady=true, policy=0, mWakefulness=0, mWakeLockSummary=0x0, mUserActivitySummary=0x0, mBootCompleted=true, mScreenBrightnessBoostInProgress=false
D/PowerManagerService(  480): Releasing suspend blocker "PowerManagerService.Display".
D/PowerManagerService(  480): acquireWakeLockInternal: lock=709537190, flags=0x1, tag="ActivityManager-Sleep", ws=null, uid=1000, pid=480
D/PowerManagerService(  480): updateWakeLockSummaryLocked: mWakefulness=Asleep, mWakeLockSummary=0x1
D/PowerManagerService(  480): updateUserActivitySummaryLocked: mWakefulness=Asleep, mUserActivitySummary=0x0, nextTimeout=0 (176692 ms ago)
D/PowerManagerService(  480): updateDisplayPowerStateLocked: mDisplayReady=true, policy=0, mWakefulness=0, mWakeLockSummary=0x1, mUserActivitySummary=0x0, mBootCompleted=true, mScreenBrightnessBoostInProgress=false
D/PowerManagerService(  480): Acquiring suspend blocker "PowerManagerService.WakeLocks".
I/AKMD2   (  176): Suspended.
E/libsuspend(  480): Error writing to /sys/power/state: Device or resource busy
D/PowerManagerService(  480): releaseWakeLockInternal: lock=709537190 [ActivityManager-Sleep], flags=0x0
D/PowerManagerService(  480): updateWakeLockSummaryLocked: mWakefulness=Asleep, mWakeLockSummary=0x0
D/PowerManagerService(  480): updateUserActivitySummaryLocked: mWakefulness=Asleep, mUserActivitySummary=0x0, nextTimeout=0 (176726 ms ago)
D/PowerManagerService(  480): updateDisplayPowerStateLocked: mDisplayReady=true, policy=0, mWakefulness=0, mWakeLockSummary=0x0, mUserActivitySummary=0x0, mBootCompleted=true, mScreenBrightnessBoostInProgress=false
D/PowerManagerService(  480): Releasing suspend blocker "PowerManagerService.WakeLocks".
I/AKMD2   (  176): Suspended.
D/PhoneWindowManager(  480): interceptKeyTq keycode=26 interactive=false keyguardActive=false policyFlags=2000000
D/PowerManagerService(  480): acquireWakeLockInternal: lock=584759548, flags=0x1, tag="PhoneWindowManager.mPowerKeyWakeLock", ws=null, uid=1000, pid=480
D/PowerManagerService(  480): updateWakeLockSummaryLocked: mWakefulness=Asleep, mWakeLockSummary=0x1
D/PowerManagerService(  480): updateUserActivitySummaryLocked: mWakefulness=Asleep, mUserActivitySummary=0x0, nextTimeout=0 (176906 ms ago)
D/PowerManagerService(  480): updateDisplayPowerStateLocked: mDisplayReady=true, policy=0, mWakefulness=0, mWakeLockSummary=0x1, mUserActivitySummary=0x0, mBootCompleted=true, mScreenBrightnessBoostInProgress=false
D/PowerManagerService(  480): Acquiring suspend blocker "PowerManagerService.WakeLocks".
V/PhoneWindowManager(  480): falsehungUp=false, mScreenshotChordVolumeDownKeyTriggered=false, mScreenshotChordVolumeDownKeyTriggered=false
D/PowerManagerService(  480): wakeUpNoUpdateLocked: eventTime=176867, uid=1000
I/PowerManagerService(  480): Waking up from sleep (uid 1000)...
I/PowerManagerService(  480): setWakefulnessLocked  wakefulness =  1 reason = 0
D/PowerManagerService(  480): Acquiring suspend blocker "PowerManagerService.Broadcasts".
D/PowerManagerService(  480): userActivityNoUpdateLocked: eventTime=176867, event=0, flags=0x0, uid=1000
D/PowerManagerService(  480): updateWakeLockSummaryLocked: mWakefulness=Awake, mWakeLockSummary=0x1
D/PowerManagerService(  480): updateUserActivitySummaryLocked: mWakefulness=Awake, mUserActivitySummary=0x1, nextTimeout=2147653514 (in 2147476602 ms)
D/PowerManagerService(  480): updateDisplayPowerStateLocked: mDisplayReady=false, policy=3, mWakefulness=1, mWakeLockSummary=0x1, mUserActivitySummary=0x1, mBootCompleted=true, mScreenBrightnessBoostInProgress=false
D/PowerManagerService(  480): Acquiring suspend blocker "PowerManagerService.Display".
D/PhoneWindowManager(  480): interceptKeyTq keycode=26 interactive=true keyguardActive=false policyFlags=22000000
D/PhoneWindowManager(  480): cancelPendingPowerKeyAction =================  =======
D/PowerManagerService(  480): releaseWakeLockInternal: lock=584759548 [PhoneWindowManager.mPowerKeyWakeLock], flags=0x0
I/DisplayPowerController(  480): Blocking screen on until initial contents have been drawn.
I/PhoneWindowManager(  480): Screen turning on...
D/PowerManagerService(  480): updateWakeLockSummaryLocked: mWakefulness=Awake, mWakeLockSummary=0x0
D/PowerManagerService(  480): updateUserActivitySummaryLocked: mWakefulness=Awake, mUserActivitySummary=0x1, nextTimeout=2147653514 (in 2147476564 ms)
D/PowerManagerService(  480): updateDisplayPowerStateLocked: mDisplayReady=false, policy=3, mWakefulness=1, mWakeLockSummary=0x0, mUserActivitySummary=0x1, mBootCompleted=true, mScreenBrightnessBoostInProgress=false
D/PowerManagerService(  480): Releasing suspend blocker "PowerManagerService.WakeLocks".
I/PhoneWindowManager(  480): Win Window{31826d6 u0 NavigationBar}: isVisibleOrBehindKeyguardLw=true
D/DisplayPowerController(  480): button lights toggle
I/PhoneWindowManager(  480): Win Window{1259315f u0 StatusBar}: isVisibleOrBehindKeyguardLw=true
E/Lights  (  480): write_int failed to open sys/class/leds/rk29_key_led/brightness
I/PhoneWindowManager(  480): Win Window{3edd440f u0 com.android.launcher3/com.android.launcher3.Launcher}: isVisibleOrBehindKeyguardLw=true
I/Lights  (  480): >>> Enter set_keyboard_light
V/PhoneWindowManager(  480): Fullscreen window: Window{3edd440f u0 com.android.launcher3/com.android.launcher3.Launcher}
D/DisplayPowerController(  480): send timeout msg after 1500
I/PhoneWindowManager(  480): Win Window{373e3541 u0 com.android.systemui.ImageWallpaper}: isVisibleOrBehindKeyguardLw=true
I/PhoneWindowManager(  480): force=false forcefkg=false top=Window{3edd440f u0 com.android.launcher3/com.android.launcher3.Launcher}
V/PhoneWindowManager(  480): ** SHOWING status bar: top is not fullscreen
D/PowerManagerService(  480): Setting HAL auto-suspend mode to false
D/PowerManagerService(  480): Setting HAL interactive mode to true
E/RKPowerHAL(  480): Error opening /sys/devices/system/cpu/cpufreq/interactive/input_boost: No such file or directory
E/RKPowerHAL(  480): Error opening /sys/devices/system/cpu/cpu7/online: No such file or directory
E/RKPowerHAL(  480): Error opening /sys/devices/system/cpu/cpu6/online: No such file or directory
E/RKPowerHAL(  480): Error opening /sys/devices/system/cpu/cpu5/online: No such file or directory
E/RKPowerHAL(  480): Error opening /sys/devices/system/cpu/cpu4/online: No such file or directory
E/RKPowerHAL(  480): Error opening /sys/devices/system/cpu/cpu3/online: Permission denied
E/RKPowerHAL(  480): Error opening /sys/devices/system/cpu/cpu2/online: Permission denied
D/DisplayPowerController(  480): send timeout msg after 1500
D/SurfaceFlinger(  157): Set power mode=2, type=0 flinger=0xb8808550
I/hwcomposer(  157): hwc_blank dpy[0],blank[0]
I/DisplayManagerService(  480): Display device changed: DisplayDeviceInfo{"Built-in Screen": uniqueId="local:0", 1440 x 2560, 60.387 fps, supportedRefreshRates [60.387], density 320, 537.8823 x 537.3884 dpi, appVsyncOff 0, presDeadline 17559855, touch INTERNAL, rotation 0, type BUILT_IN, state ON, FLAG_DEFAULT_DISPLAY, FLAG_ROTATES_WITH_CONTENT, FLAG_SECURE, FLAG_SUPPORTS_PROTECTED_BUFFERS}
D/DisplayManager(  480): onDisplayEvent: displayId=0, event=2
D/DisplayManager(  810): onDisplayEvent: displayId=0, event=2
D/DisplayManager(  832): onDisplayEvent: displayId=0, event=2
D/DisplayManager(  967): onDisplayEvent: displayId=0, event=2
D/DisplayManager( 1011): onDisplayEvent: displayId=0, event=2
D/DisplayManager( 1095): onDisplayEvent: displayId=0, event=2
D/DisplayManager( 1113): onDisplayEvent: displayId=0, event=2
D/DisplayManager( 1156): onDisplayEvent: displayId=0, event=2
D/DisplayManager( 1074): onDisplayEvent: displayId=0, event=2
D/DisplayManager( 1131): onDisplayEvent: displayId=0, event=2
I/PhoneWindowManager(  480): Win Window{31826d6 u0 NavigationBar}: isVisibleOrBehindKeyguardLw=true
D/DisplayManager( 1207): onDisplayEvent: displayId=0, event=2
I/PhoneWindowManager(  480): Win Window{1259315f u0 StatusBar}: isVisibleOrBehindKeyguardLw=true
I/PhoneWindowManager(  480): Win Window{3edd440f u0 com.android.launcher3/com.android.launcher3.Launcher}: isVisibleOrBehindKeyguardLw=true
V/PhoneWindowManager(  480): Fullscreen window: Window{3edd440f u0 com.android.launcher3/com.android.launcher3.Launcher}
I/PhoneWindowManager(  480): Win Window{373e3541 u0 com.android.systemui.ImageWallpaper}: isVisibleOrBehindKeyguardLw=true
I/PhoneWindowManager(  480): force=false forcefkg=false top=Window{3edd440f u0 com.android.launcher3/com.android.launcher3.Launcher}
V/PhoneWindowManager(  480): ** SHOWING status bar: top is not fullscreen
D/DisplayManager( 1444): onDisplayEvent: displayId=0, event=2
D/DisplayManager( 1482): onDisplayEvent: displayId=0, event=2
D/DisplayManager( 1509): onDisplayEvent: displayId=0, event=2
D/DisplayManager( 1538): onDisplayEvent: displayId=0, event=2
D/DisplayManager( 1566): onDisplayEvent: displayId=0, event=2
D/DisplayManager( 1593): onDisplayEvent: displayId=0, event=2
D/DisplayManager( 1619): onDisplayEvent: displayId=0, event=2
D/DisplayManager( 1654): onDisplayEvent: displayId=0, event=2
D/DisplayManager( 1249): onDisplayEvent: displayId=0, event=2
D/DisplayManager( 1740): onDisplayEvent: displayId=0, event=2
D/DisplayManager( 1293): onDisplayEvent: displayId=0, event=2
I/PhoneWindowManager(  480): mNavigationBar frame: Rect(0, 1344 - 2560, 1440)
I/PhoneWindowManager(  480): mDock rect: (0,0 - 2560,1344)
D/DisplayManager( 1113): getDisplayInfo: displayId=0, info=DisplayInfo{"Built-in Screen", uniqueId "local:0", app 2560 x 1344, real 2560 x 1440, largest app 2560 x 2414, smallest app 1440 x 1294, 60.387 fps, supportedRefreshRates [60.387], rotation 1, density 320 (537.8823 x 537.3884) dpi, layerStack 0, appVsyncOff 0, presDeadline 17559855, type BUILT_IN, state ON, FLAG_SECURE, FLAG_SUPPORTS_PROTECTED_BUFFERS}
D/PowerManagerService(  480): acquireWakeLockInternal: lock=172722945, flags=0x1, tag="RILJ", ws=null, uid=1001, pid=1113
D/DisplayManager(  810): getDisplayInfo: displayId=0, info=DisplayInfo{"Built-in Screen", uniqueId "local:0", app 2560 x 1344, real 2560 x 1440, largest app 2560 x 2414, smallest app 1440 x 1294, 60.387 fps, supportedRefreshRates [60.387], rotation 1, density 320 (537.8823 x 537.3884) dpi, layerStack 0, appVsyncOff 0, presDeadline 17559855, type BUILT_IN, state ON, FLAG_SECURE, FLAG_SUPPORTS_PROTECTED_BUFFERS}
D/PowerManagerService(  480): updateWakeLockSummaryLocked: mWakefulness=Awake, mWakeLockSummary=0x1
D/PowerManagerService(  480): updateUserActivitySummaryLocked: mWakefulness=Awake, mUserActivitySummary=0x1, nextTimeout=2147653514 (in 2147476510 ms)
D/PowerManagerService(  480): updateDisplayPowerStateLocked: mDisplayReady=false, policy=3, mWakefulness=1, mWakeLockSummary=0x1, mUserActivitySummary=0x1, mBootCompleted=true, mScreenBrightnessBoostInProgress=false
D/PowerManagerService(  480): Acquiring suspend blocker "PowerManagerService.WakeLocks".
V/PhoneWindowManager(  480): Status bar: dock=[0,50][2560,1344] content=[0,50][2560,1344] cur=[0,50][2560,1344]
V/PhoneWindowManager(  480): layoutWindowLw(com.android.launcher3/com.android.launcher3.Launcher): IN_SCREEN, INSET_DECOR
D/PowerManagerService(  480): releaseWakeLockInternal: lock=172722945 [RILJ], flags=0x0
D/PowerManagerService(  480): updateWakeLockSummaryLocked: mWakefulness=Awake, mWakeLockSummary=0x0
D/PowerManagerService(  480): updateUserActivitySummaryLocked: mWakefulness=Awake, mUserActivitySummary=0x1, nextTimeout=2147653514 (in 2147476502 ms)
V/PhoneWindowManager(  480): Compute frame com.android.launcher3/com.android.launcher3.Launcher: sim=#120 attach=null type=1 flags=0x81910100 pf=[0,0][2560,1440] df=[0,0][2560,1440] of=[0,0][2560,1440] cf=[0,50][2560,1344] vf=[0,50][2560,1344] dcf=[0,0][2560,1440] sf=[0,50][2560,1344]
D/PowerManagerService(  480): updateDisplayPowerStateLocked: mDisplayReady=false, policy=3, mWakefulness=1, mWakeLockSummary=0x0, mUserActivitySummary=0x1, mBootCompleted=true, mScreenBrightnessBoostInProgress=false
D/PowerManagerService(  480): Releasing suspend blocker "PowerManagerService.WakeLocks".
D/DisplayManager(  810): getDisplayInfo: displayId=0, info=DisplayInfo{"Built-in Screen", uniqueId "local:0", app 2560 x 1344, real 2560 x 1440, largest app 2560 x 2414, smallest app 1440 x 1294, 60.387 fps, supportedRefreshRates [60.387], rotation 1, density 320 (537.8823 x 537.3884) dpi, layerStack 0, appVsyncOff 0, presDeadline 17559855, type BUILT_IN, state ON, FLAG_SECURE, FLAG_SUPPORTS_PROTECTED_BUFFERS}
V/PhoneWindowManager(  480): layoutWindowLw(com.android.systemui.ImageWallpaper): IN_SCREEN
V/PhoneWindowManager(  480): Compute frame com.android.systemui.ImageWallpaper: sim=#0 attach=null type=2013 flags=0x00000318 pf=[0,0][2560,1440] df=[-10000,-10000][10000,10000] of=[0,0][2560,1440] cf=[0,0][2560,1440] vf=[0,50][2560,1344] dcf=[0,0][2560,1440] sf=[0,50][2560,1344]
D/DisplayManager(  810): getDisplayInfo: displayId=0, info=DisplayInfo{"Built-in Screen", uniqueId "local:0", app 2560 x 1344, real 2560 x 1440, largest app 2560 x 2414, smallest app 1440 x 1294, 60.387 fps, supportedRefreshRates [60.387], rotation 1, density 320 (537.8823 x 537.3884) dpi, layerStack 0, appVsyncOff 0, presDeadline 17559855, type BUILT_IN, state ON, FLAG_SECURE, FLAG_SUPPORTS_PROTECTED_BUFFERS}
I/PhoneWindowManager(  480): Win Window{31826d6 u0 NavigationBar}: isVisibleOrBehindKeyguardLw=true
I/PhoneWindowManager(  480): Win Window{1259315f u0 StatusBar}: isVisibleOrBehindKeyguardLw=true
I/PhoneWindowManager(  480): Win Window{3edd440f u0 com.android.launcher3/com.android.launcher3.Launcher}: isVisibleOrBehindKeyguardLw=true
V/PhoneWindowManager(  480): Fullscreen window: Window{3edd440f u0 com.android.launcher3/com.android.launcher3.Launcher}
I/PhoneWindowManager(  480): Win Window{373e3541 u0 com.android.systemui.ImageWallpaper}: isVisibleOrBehindKeyguardLw=true
I/PhoneWindowManager(  480): force=false forcefkg=false top=Window{3edd440f u0 com.android.launcher3/com.android.launcher3.Launcher}
V/PhoneWindowManager(  480): ** SHOWING status bar: top is not fullscreen
I/PhoneWindowManager(  480): Win Window{31826d6 u0 NavigationBar}: isVisibleOrBehindKeyguardLw=true
I/PhoneWindowManager(  480): Waking up...
I/PhoneWindowManager(  480): Win Window{1259315f u0 StatusBar}: isVisibleOrBehindKeyguardLw=true
I/PhoneWindowManager(  480): Win Window{3edd440f u0 com.android.launcher3/com.android.launcher3.Launcher}: isVisibleOrBehindKeyguardLw=true
V/PhoneWindowManager(  480): Fullscreen window: Window{3edd440f u0 com.android.launcher3/com.android.launcher3.Launcher}
I/PhoneWindowManager(  480): Win Window{373e3541 u0 com.android.systemui.ImageWallpaper}: isVisibleOrBehindKeyguardLw=true
I/PhoneWindowManager(  480): force=false forcefkg=false top=Window{3edd440f u0 com.android.launcher3/com.android.launcher3.Launcher}
V/PhoneWindowManager(  480): ** SHOWING status bar: top is not fullscreen
D/DisplayManager(  810): getDisplayInfo: displayId=0, info=DisplayInfo{"Built-in Screen", uniqueId "local:0", app 2560 x 1344, real 2560 x 1440, largest app 2560 x 2414, smallest app 1440 x 1294, 60.387 fps, supportedRefreshRates [60.387], rotation 1, density 320 (537.8823 x 537.3884) dpi, layerStack 0, appVsyncOff 0, presDeadline 17559855, type BUILT_IN, state ON, FLAG_SECURE, FLAG_SUPPORTS_PROTECTED_BUFFERS}
D/Sensors (  480): int sensors_poll_context_t::activate(int, int)
D/DisplayManager( 1131): getDisplayInfo: displayId=0, info=DisplayInfo{"Built-in Screen", uniqueId "local:0", app 2560 x 1344, real 2560 x 1440, largest app 2560 x 2414, smallest app 1440 x 1294, 60.387 fps, supportedRefreshRates [60.387], rotation 1, density 320 (537.8823 x 537.3884) dpi, layerStack 0, appVsyncOff 0, presDeadline 17559855, type BUILT_IN, state ON, FLAG_SECURE, FLAG_SUPPORTS_PROTECTED_BUFFERS}
D/DisplayManager(  810): getDisplayInfo: displayId=0, info=DisplayInfo{"Built-in Screen", uniqueId "local:0", app 2560 x 1344, real 2560 x 1440, largest app 2560 x 2414, smallest app 1440 x 1294, 60.387 fps, supportedRefreshRates [60.387], rotation 1, density 320 (537.8823 x 537.3884) dpi, layerStack 0, appVsyncOff 0, presDeadline 17559855, type BUILT_IN, state ON, FLAG_SECURE, FLAG_SUPPORTS_PROTECTED_BUFFERS}
D/DisplayManager(  810): getDisplayInfo: displayId=0, info=DisplayInfo{"Built-in Screen", uniqueId "local:0", app 2560 x 1344, real 2560 x 1440, largest app 2560 x 2414, smallest app 1440 x 1294, 60.387 fps, supportedRefreshRates [60.387], rotation 1, density 320 (537.8823 x 537.3884) dpi, layerStack 0, appVsyncOff 0, presDeadline 17559855, type BUILT_IN, state ON, FLAG_SECURE, FLAG_SUPPORTS_PROTECTED_BUFFERS}
D/DisplayManager(  810): getDisplayInfo: displayId=0, info=DisplayInfo{"Built-in Screen", uniqueId "local:0", app 2560 x 1344, real 2560 x 1 40,.5a27e2] app-25h0 sy2_clk =m40l0000a
   [ 1144. x 621],ds0->ph .sys_csuppo4te0R00res Ra75s 462.687r, 2o8-tcdc lc d0nsbtan3 m (e30.
                                                                                             823 x 537.3884) dpi, layerStack 0, appVsyncOff 0, presDeadline 17559855, type BUILT_IN, state ON, FLAG_SECURE, FLAG_SUPPORTS_PROTECTED_BUFFERS}
V/KeyguardServiceDelegate(  480): onScreenTurnedOn(showListener = com.android.internal.policy.impl.PhoneWindowManager$2@3718b3e7)
V/ActivityStackSupervisor(  480): Display changed displayId=0
D/DisplayManager(  480): getDisplayInfo: displayId=0, info=DisplayInfo{"Built-in Screen", uniqueId "local:0", app 2560 x 1344, real 2560 x 1440, largest app 2560 x 2414, smallest app 1440 x 1294, 60.387 fps, supportedRefreshRates [60.387], rotation 1, density 320 (537.8823 x 537.3884) dpi, layerStack 0, appVsyncOff 0, presDeadline 17559855, type BUILT_IN, state ON, FLAG_SECURE, FLAG_SUPPORTS_PROTECTED_BUFFERS}
I/PhoneWindowManager(  480): Win Window{31826d6 u0 NavigationBar}: isVisibleOrBehindKeyguardLw=true
I/PhoneWindowManager(  480): Win Window{1259315f u0 StatusBar}: isVisibleOrBehindKeyguardLw=true
I/PhoneWindowManager(  480): Win Window{3edd440f u0 com.android.launcher3/com.android.launcher3.Launcher}: isVisibleOrBehindKeyguardLw=true
V/PhoneWindowManager(  480): Fullscreen window: Window{3edd440f u0 com.android.launcher3/com.android.launcher3.Launcher}
I/PhoneWindowManager(  480): Win Window{373e3541 u0 com.android.systemui.ImageWallpaper}: isVisibleOrBehindKeyguardLw=true
I/PhoneWindowManager(  480): force=false forcefkg=false top=Window{3edd440f u0 com.android.launcher3/com.android.launcher3.Launcher}
V/PhoneWindowManager(  480): ** SHOWING status bar: top is not fullscreen
D/DisplayManager(  480): getDisplayInfo: displayId=0, info=DisplayInfo{"Built-in Screen", uniqueId "local:0", app 2560 x 1344, real 2560 x 1440, largest app 2560 x 2414, smallest app 1440 x 1294, 60.387 fps, supportedRefreshRates [60.387], rotation 1, density 320 (537.8823 x 537.3884) dpi, layerStack 0, appVsyncOff 0, presDeadline 17559855, type BUILT_IN, state ON, FLAG_SECURE, FLAG_SUPPORTS_PROTECTED_BUFFERS}
D/PowerManagerService(  480): acquireWakeLockInternal: lock=1049443785, flags=0x40000001, tag="*alarm*", ws=WorkSource{1000}, uid=1000, pid=480
D/PowerManagerService(  480): updateWakeLockSummaryLocked: mWakefulness=Awake, mWakeLockSummary=0x1
D/PowerManagerService(  480): updateUserActivitySummaryLocked: mWakefulness=Awake, mUserActivitySummary=0x1, nextTimeout=2147653514 (in 2147476435 ms)
D/PowerManagerService(  480): updateDisplayPowerStateLocked: mDisplayReady=false, policy=3, mWakefulness=1, mWakeLockSummary=0x1, mUserActivitySummary=0x1, mBootCompleted=true, mScreenBrightnessBoostInProgress=false
D/PowerManagerService(  480): Acquiring suspend blocker "PowerManagerService.WakeLocks".
E/WifiStateMachine(  480): ACTION_SCREEN_ON...
V/KeyguardServiceDelegate(  480): **** SHOWN CALLED ****
D/PhoneWindowManager(  480): mKeyguardDelegate.ShowListener.onShown.
W/PhoneWindowManager(  480): Setting mKeyguardDrawComplete
D/PhoneWindowManager(  480): finishScreenTurningOn: mAwake=true, mScreenOnEarly=true, mScreenOnFully=false, mKeyguardDrawComplete=true, mWindowManagerDrawComplete=false
I/PhoneWindowManager(  480): mNavigationBar frame: Rect(0, 1344 - 2560, 1440)
I/PhoneWindowManager(  480): mDock rect: (0,0 - 2560,1344)
V/PhoneWindowManager(  480): Status bar: dock=[0,50][2560,1344] content=[0,50][2560,1344] cur=[0,50][2560,1344]
V/PhoneWindowManager(  480): layoutWindowLw(com.android.launcher3/com.android.launcher3.Launcher): IN_SCREEN, INSET_DECOR
V/PhoneWindowManager(  480): Compute frame com.android.launcher3/com.android.launcher3.Launcher: sim=#120 attach=null type=1 flags=0x81910100 pf=[0,0][2560,1440] df=[0,0][2560,1440] of=[0,0][2560,1440] cf=[0,50][2560,1344] vf=[0,50][2560,1344] dcf=[0,0][2560,1440] sf=[0,50][2560,1344]
V/PhoneWindowManager(  480): layoutWindowLw(com.android.systemui.ImageWallpaper): IN_SCREEN
V/PhoneWindowManager(  480): Compute frame com.android.systemui.ImageWallpaper: sim=#0 attach=null type=2013 flags=0x00000318 pf=[0,0][2560,1440] df=[-10000,-10000][10000,10000] of=[0,0][2560,1440] cf=[0,0][2560,1440] vf=[0,50][2560,1344] dcf=[0,0][2560,1440] sf=[0,50][2560,1344]
I/PhoneWindowManager(  480): Win Window{31826d6 u0 NavigationBar}: isVisibleOrBehindKeyguardLw=true
I/PhoneWindowManager(  480): Win Window{1259315f u0 StatusBar}: isVisibleOrBehindKeyguardLw=true
I/PhoneWindowManager(  480): Win Window{3edd440f u0 com.android.launcher3/com.android.launcher3.Launcher}: isVisibleOrBehindKeyguardLw=true
V/PhoneWindowManager(  480): Fullscreen window: Window{3edd440f u0 com.android.launcher3/com.android.launcher3.Launcher}
I/PhoneWindowManager(  480): Win Window{373e3541 u0 com.android.systemui.ImageWallpaper}: isVisibleOrBehindKeyguardLw=true
I/PhoneWindowManager(  480): force=false forcefkg=false top=Window{3edd440f u0 com.android.launcher3/com.android.launcher3.Launcher}
V/PhoneWindowManager(  480): ** SHOWING status bar: top is not fullscreen
I/PhoneWindowManager(  480): mNavigationBar frame: Rect(0, 1344 - 2560, 1440)
I/PhoneWindowManager(  480): mDock rect: (0,0 - 2560,1344)
V/PhoneWindowManager(  480): Status bar: dock=[0,50][2560,1344] content=[0,50][2560,1344] cur=[0,50][2560,1344]
V/PhoneWindowManager(  480): layoutWindowLw(com.android.launcher3/com.android.launcher3.Launcher): IN_SCREEN, INSET_DECOR
V/PhoneWindowManager(  480): Compute frame com.android.launcher3/com.android.launcher3.Launcher: sim=#120 attach=null type=1 flags=0x81910100 pf=[0,0][2560,1440] df=[0,0][2560,1440] of=[0,0][2560,1440] cf=[0,50][2560,1344] vf=[0,50][2560,1344] dcf=[0,0][2560,1440] sf=[0,50][2560,1344]
D/PowerManagerService(  480): Releasing suspend blocker "PowerManagerService.Broadcasts".
V/PhoneWindowManager(  480): layoutWindowLw(com.android.systemui.ImageWallpaper): IN_SCREEN
V/PhoneWindowManager(  480): Compute frame com.android.systemui.ImageWallpaper: sim=#0 attach=null type=2013 flags=0x00000318 pf=[0,0][2560,1440] df=[-10000,-10000][10000,10000] of=[0,0][2560,1440] cf=[0,0][2560,1440] vf=[0,50][2560,1344] dcf=[0,0][2560,1440] sf=[0,50][2560,1344]
E/WifiStateMachine(  480): cancelDelayedScan -> 7
E/WifiStateMachine(  480): wifi network checker is off.
D/WifiStateMachine(  480): backgroundScan enabled=false startBackgroundScanIfNeeded:false
E/WifiStateMachine(  480): handleScreenStateChanged Exit: true
I/PhoneWindowManager(  480): Win Window{31826d6 u0 NavigationBar}: isVisibleOrBehindKeyguardLw=true
I/PhoneWindowManager(  480): Win Window{1259315f u0 StatusBar}: isVisibleOrBehindKeyguardLw=true
I/PhoneWindowManager(  480): Win Window{3edd440f u0 com.android.launcher3/com.android.launcher3.Launcher}: isVisibleOrBehindKeyguardLw=true
V/PhoneWindowManager(  480): Fullscreen window: Window{3edd440f u0 com.android.launcher3/com.android.launcher3.Launcher}
I/PhoneWindowManager(  480): Win Window{373e3541 u0 com.android.systemui.ImageWallpaper}: isVisibleOrBehindKeyguardLw=true
I/PhoneWindowManager(  480): force=false forcefkg=false top=Window{3edd440f u0 com.android.launcher3/com.android.launcher3.Launcher}
V/PhoneWindowManager(  480): ** SHOWING status bar: top is not fullscreen
I/PhoneWindowManager(  480): mNavigationBar frame: Rect(0, 1344 - 2560, 1440)
I/PhoneWindowManager(  480): mDock rect: (0,0 - 2560,1344)
V/PhoneWindowManager(  480): Status bar: dock=[0,50][2560,1344] content=[0,50][2560,1344] cur=[0,50][2560,1344]
V/PhoneWindowManager(  480): layoutWindowLw(com.android.launcher3/com.android.launcher3.Launcher): IN_SCREEN, INSET_DECOR
V/PhoneWindowManager(  480): Compute frame com.android.launcher3/com.android.launcher3.Launcher: sim=#120 attach=null type=1 flags=0x81910100 pf=[0,0][2560,1440] df=[0,0][2560,1440] of=[0,0][2560,1440] cf=[0,50][2560,1344] vf=[0,50][2560,1344] dcf=[0,0][2560,1440] sf=[0,50][2560,1344]
V/PhoneWindowManager(  480): layoutWindowLw(com.android.systemui.ImageWallpaper): IN_SCREEN
V/PhoneWindowManager(  480): Compute frame com.android.systemui.ImageWallpaper: sim=#0 attach=null type=2013 flags=0x00000318 pf=[0,0][2560,1440] df=[-10000,-10000][10000,10000] of=[0,0][2560,1440] cf=[0,0][2560,1440] vf=[0,50][2560,1344] dcf=[0,0][2560,1440] sf=[0,50][2560,1344]
I/PhoneWindowManager(  480): Win Window{31826d6 u0 NavigationBar}: isVisibleOrBehindKeyguardLw=true
I/PhoneWindowManager(  480): Win Window{1259315f u0 StatusBar}: isVisibleOrBehindKeyguardLw=true
I/PhoneWindowManager(  480): Win Window{3edd440f u0 com.android.launcher3/com.android.launcher3.Launcher}: isVisibleOrBehindKeyguardLw=true
V/PhoneWindowManager(  480): Fullscreen window: Window{3edd440f u0 com.android.launcher3/com.android.launcher3.Launcher}
I/PhoneWindowManager(  480): Win Window{373e3541 u0 com.android.systemui.ImageWallpaper}: isVisibleOrBehindKeyguardLw=true
I/PhoneWindowManager(  480): force=false forcefkg=false top=Window{3edd440f u0 com.android.launcher3/com.android.launcher3.Launcher}
V/PhoneWindowManager(  480): ** SHOWING status bar: top is not fullscreen
I/PhoneWindowManager(  480): All windows ready for display!
W/PhoneWindowManager(  480): Setting mWindowManagerDrawComplete
I/PhoneWindowManager(  480): Win Window{31826d6 u0 NavigationBar}: isVisibleOrBehindKeyguardLw=true
D/PhoneWindowManager(  480): finishScreenTurningOn: mAwake=true, mScreenOnEarly=true, mScreenOnFully=false, mKeyguardDrawComplete=true, mWindowManagerDrawComplete=true
I/PhoneWindowManager(  480): Finished screen turning on...
I/DisplayPowerController(  480): Unblocked screen on after 318 ms
I/PhoneWindowManager(  480): Win Window{1259315f u0 StatusBar}: isVisibleOrBehindKeyguardLw=true
I/PhoneWindowManager(  480): Win Window{3edd440f u0 com.android.launcher3/com.android.launcher3.Launcher}: isVisibleOrBehindKeyguardLw=true
V/PhoneWindowManager(  480): Fullscreen window: Window{3edd440f u0 com.android.launcher3/com.android.launcher3.Launcher}
I/PhoneWindowManager(  480): Win Window{373e3541 u0 com.android.systemui.ImageWallpaper}: isVisibleOrBehindKeyguardLw=true
I/PhoneWindowManager(  480): force=false forcefkg=false top=Window{3edd440f u0 com.android.launcher3/com.android.launcher3.Launcher}
V/PhoneWindowManager(  480): ** SHOWING status bar: top is not fullscreen
D/gralloc (  157): alloc_device_free
D/gralloc (  157): alloc_device_free
D/DisplayPowerController(  480): send timeout msg after 1500
E/WifiStateMachine(  480): setSuspendOptimizations: 4 false
E/WifiStateMachine(  480): mSuspendOptNeedsDisabled 4
D/PowerManagerService(  480): releaseWakeLockInternal: lock=1049443785 [*alarm*], flags=0x0
D/PowerManagerService(  480): updateWakeLockSummaryLocked: mWakefulness=Awake, mWakeLockSummary=0x0
D/PowerManagerService(  480): updateUserActivitySummaryLocked: mWakefulness=Awake, mUserActivitySummary=0x1, nextTimeout=2147653514 (in 2147476209 ms)
D/PowerManagerService(  480): updateDisplayPowerStateLocked: mDisplayReady=false, policy=3, mWakefulness=1, mWakeLockSummary=0x0, mUserActivitySummary=0x1, mBootCompleted=true, mScreenBrightnessBoostInProgress=false
D/PowerManagerService(  480): Releasing suspend blocker "PowerManagerService.WakeLocks".
D/DisplayPowerController(  480): send timeout msg after 1500
D/gralloc (  157): alloc_device_free
D/SurfaceControl(  480): Excessive delay in setPowerMode(): 1780ms
D/DisplayPowerController(  480): send timeout msg after 1500
D/PowerManagerService(  480): updateDisplayPowerStateLocked: mDisplayReady=true, policy=3, mWakefulness=1, mWakeLockSummary=0x0, mUserActivitySummary=0x1, mBootCompleted=true, mScreenBrightnessBoostInProgress=false
D/DisplayPowerController(  480): MSG_BUTTON_LIGHTS_TIME_OUT
E/Lights  (  480): write_int failed to open sys/class/leds/rk29_key_led/brightness
I/Lights  (  480): >>> Enter set_keyboard_light
