I/BluetoothAdapterProperties(  965): adapterPropertyChangedCallback with type:3 len:0
D/BluetoothAdapterState(  965): CURRENT_STATE=PENDING, MESSAGE = ENABLED_RADIO, isTurningOnRadio=true, isTurningOffRadio=false
D/bt_vendor(  965): SCO config
I/bt_hwcfg(  965): SCO PCM configure {0, 1, 0, 1, 1}
I/BluetoothAdapterState(  965): Bluetooth adapter radio state changed: 14
D/BluetoothAdapterService(  965): Broadcasting updateAdapterState() to 1 receivers.
D/BluetoothManagerService(  409): onBluetoothStateChange prev=10 new=14
I/BluetoothAdapterState(  965): Entering OffState
E/bt_h4   (  965): vendor lib postload completed
D/dalvikvm(  749): GC_CONCURRENT freed 382K, 13% free 3154K/3612K, paused 2ms+1ms, total 17ms
E/MetadataRetrieverClient(  104): failed to extract an album art
D/dalvikvm(  749): GC_CONCURRENT freed 396K, 14% free 3143K/3616K, paused 2ms+2ms, total 12ms
E/MetadataRetrieverClient(  104): failed to extract an album art
D/dalvikvm(  749): GC_CONCURRENT freed 390K, 13% free 3149K/3616K, paused 1ms+1ms, total 12ms
W/BackupManagerService(  409): dataChanged but no participant pkg='com.android.providers.settings' uid=10003
E/MetadataRetrieverClient(  104): failed to extract an album art
D/dalvikvm(  749): GC_CONCURRENT freed 390K, 13% free 3146K/3616K, paused 2ms+2ms, total 16ms
I/ActivityManager(  409): Waited long enough for: ServiceRecord{423dd290 u0 android.rockchip.update.service/.RKUpdateService}
I/ActivityManager(  409): Resuming delayed broadcast
I/ActivityManager(  409): Start proc com.android.onetimeinitializer for broadcast com.android.onetimeinitializer/.OneTimeInitializerReceiver: pid=1051 uid=10007 gids={50007}
I/dalvikvm( 1051): DexOpt: not all deps represented
E/dalvikvm( 1051): /system/priv-app/OneTimeInitializer.apk odex has stale dependencies
V/OneTimeInitializerRece( 1051): OneTimeInitializerReceiver.onReceive
I/OneTimeInitializerServ( 1051): Updating to version 1.
I/ActivityManager(  409): Delay finish: com.android.onetimeinitializer/.OneTimeInitializerReceiver
E/ActivityThread( 1051): Failed to find provider info for com.android.launcher2.settings
I/ActivityManager(  409): Resuming delayed broadcast
I/ActivityManager(  409): Start proc com.android.calendar for broadcast com.android.calendar/.alerts.AlertReceiver: pid=1065 uid=10014 gids={50014, 3003}
I/dalvikvm( 1065): DexOpt: not all deps represented
E/dalvikvm( 1065): /system/app/Calendar.apk odex has stale dependencies
D/ExtensionsFactory( 1065): No custom extensions.
D/AlertReceiver( 1065): onReceive: a=android.intent.action.BOOT_COMPLETED Intent { act=android.intent.action.BOOT_COMPLETED flg=0x8000010 cmp=com.android.calendar/.alerts.AlertReceiver (has extras) }
I/ActivityManager(  409): Delay finish: com.android.calendar/.alerts.AlertReceiver
D/AlertUtils( 1065): Flushing old alerts from shared prefs table
D/AlertService( 1065): 0 Action = android.intent.action.BOOT_COMPLETED
D/AlertService( 1065): Scheduling next alarm with AlarmScheduler. sEventReminderReceived: null
D/AlarmScheduler( 1065): No events found starting within 1 week.
D/dalvikvm(  749): GC_CONCURRENT freed 397K, 14% free 3142K/3616K, paused 1ms+1ms, total 14ms
D/btif_config_util(  965): btif_config_save_file(L153): in file name:/data/misc/bluedroid/bt_config.new
D/dalvikvm(  749): GC_CONCURRENT freed 394K, 14% free 3140K/3616K, paused 2ms+2ms, total 19ms
I/ActivityManager(  409): Waited long enough for: ServiceRecord{425f75a0 u0 com.android.music/.MediaPlaybackService}
I/ActivityManager(  409): Resuming delayed broadcast
I/ActivityManager(  409): Start proc com.android.camera2 for broadcast com.android.camera2/com.android.camera.DisableCameraReceiver: pid=1084 uid=10015 gids={50015, 3003, 1028, 1015}
I/dalvikvm( 1084): DexOpt: not all deps represented
E/dalvikvm( 1084): /system/app/Camera2.apk odex has stale dependencies
D/CameraHal_Module(  104): camera_get_camera_info(780): camera_0 facing(0), orientation(90)
I/DisableCameraReceiver( 1084): back camera found: 0
I/ActivityManager(  409): Start proc com.android.deskclock for broadcast com.android.deskclock/.AlarmInitReceiver: pid=1096 uid=10017 gids={50017, 1028}
E/MetadataRetrieverClient(  104): failed to extract an album art
I/dalvikvm( 1096): DexOpt: not all deps represented
E/dalvikvm( 1096): /system/app/DeskClock.apk odex has stale dependencies
V/AlarmClock( 1096): AlarmInitReceiver android.intent.action.BOOT_COMPLETED
V/AlarmClock( 1096): AlarmInitReceiver - Reset timers and clear stopwatch data
V/AlarmClock( 1096): AlarmInitReceiver - resetting volume button default
I/AlarmClock( 1096): Alarms Table created
I/AlarmClock( 1096): Instance table created
I/AlarmClock( 1096): Cities table created
I/AlarmClock( 1096): Inserting default alarms
I/AlarmClock( 1096): Displaying next alarm time: ''
V/AlarmClock( 1096): AlarmInitReceiver finished
W/BackupManagerService(  409): dataChanged but no participant pkg='com.android.providers.settings' uid=10017
I/ActivityManager(  409): Start proc com.android.email for broadcast com.android.email/.service.EmailUpgradeBroadcastReceiver: pid=1111 uid=10019 gids={50019, 3003, 1028, 1015}
I/dalvikvm( 1111): DexOpt: not all deps represented
E/dalvikvm( 1111): /system/app/Email.apk odex has stale dependencies
D/ActivityThread( 1111): Loading provider com.android.email.provider;com.android.email.notifier: com.android.email.provider.EmailProvider
D/ActivityThread( 1111): Loading provider com.android.email.provider;com.android.email.notifier: com.android.email.provider.EmailProvider
I/ActivityManager(  409): Delay finish: com.android.email/.service.EmailUpgradeBroadcastReceiver
D/dalvikvm( 1111): GC_CONCURRENT freed 207K, 9% free 2988K/3272K, paused 2ms+2ms, total 14ms
W/ActivityManager(  409): Unable to start service Intent { cmp=com.android.email/.service.AttachmentDownloadService } U=0: not found
I/Email   ( 1111): Observing account changes for notifications
D/dalvikvm(  409): GC_CONCURRENT freed 808K, 43% free 6235K/10880K, paused 5ms+5ms, total 58ms
I/Email   ( 1111): Onetime initialization: 1
I/ActivityManager(  409): Resuming delayed broadcast
I/ActivityManager(  409): Delay finish: com.android.email/.service.EmailBroadcastReceiver
I/Email   ( 1111): Onetime initialization: 2
I/Email   ( 1111): Onetime initialization: completed.
I/ActivityManager(  409): Delaying start of: ServiceRecord{427458c0 u0 com.android.exchange/.service.EmailSyncAdapterService}
I/ActivityManager(  409): Start proc com.android.exchange for service com.android.exchange/.service.EmailSyncAdapterService: pid=1132 uid=10020 gids={50020, 3003, 1028, 1015}
W/BackupManagerService(  409): dataChanged but no participant pkg='com.android.providers.settings' uid=10003
I/dalvikvm( 1132): DexOpt: not all deps represented
E/dalvikvm( 1132): /system/app/Exchange2.apk odex has stale dependencies
I/ActivityManager(  409): Resuming delayed broadcast
I/ActivityManager(  409): Start proc com.android.gallery3d for broadcast com.android.gallery3d/com.android.camera.DisableCameraReceiver: pid=1145 uid=10021 gids={50021, 3003, 1028, 1015, 1023}
I/dalvikvm( 1145): DexOpt: not all deps represented
E/dalvikvm( 1145): /system/app/Gallery2.apk odex has stale dependencies
D/CameraHal_Module(  104): camera_get_camera_info(780): camera_0 facing(0), orientation(90)
I/G:DisableCameraReceiver( 1145): back camera found: 0
W/ActivityManager(  409): Unable to start service Intent { cmp=com.android.email/.service.AttachmentDownloadService } U=0: not found
W/ActivityManager(  409): Unable to start service Intent { cmp=com.android.email/.service.AttachmentDownloadService } U=0: not found
I/LauncherIconVisibilityManager(  654): Boot has been completed
I/LauncherIconVisibilityManager(  654): Disable activity: ComponentInfo{com.android.inputmethod.latin/com.android.inputmethod.latin.setup.SetupActivity}
D/RKUpdateReceiver(  839): action = android.intent.action.BOOT_COMPLETED
D/RKUpdateReceiver(  839): RKUpdateReceiver recv ACTION_BOOT_COMPLETED.
W/ContextImpl(  839): Implicit intents with startService are not safe: Intent { act=android.rockchip.update.service (has extras) } android.content.ContextWrapper.startService:494 android.content.ContextWrapper.startService:494 android.rockchip.update.service.RKUpdateReceiver.onReceive:57
D/RKUpdateService(  839): onStartCommand.......
D/RKUpdateService(  839): command = 1 delaytime = 1000
I/ActivityManager(  409): Start proc com.sps.salog for broadcast com.sps.salog/.BootReceiver: pid=1157 uid=1000 gids={41000, 1028, 1015, 1007, 3002, 3001, 1023, 3003}
I/dalvikvm( 1157): DexOpt: not all deps represented
E/dalvikvm( 1157): /system/app/SALog.apk odex has stale dependencies
I/SALogService( 1157): BootReceiver onReceive action = android.intent.action.BOOT_COMPLETED
W/ContextImpl( 1157): Calling a method in the system process without a qualified user: android.app.ContextImpl.startService:1494 android.content.ContextWrapper.startService:494 android.content.ContextWrapper.startService:494 com.sps.salog.BootReceiver.startSALogService:25 com.sps.salog.BootReceiver.onReceive:18
I/SALogService( 1157): ===========onCreate============
I/ActivityManager(  409): Delay finish: com.sps.salog/.BootReceiver
I/SALogService( 1157): ===========onStartCommand============
D/dalvikvm( 1157): GC_CONCURRENT freed 351K, 13% free 2859K/3284K, paused 3ms+1ms, total 16ms
D/dalvikvm( 1157): GC_CONCURRENT freed 427K, 15% free 2859K/3360K, paused 2ms+2ms, total 13ms
D/dalvikvm( 1157): GC_CONCURRENT freed 430K, 15% free 2859K/3364K, paused 2ms+2ms, total 14ms
D/dalvikvm( 1157): GC_CONCURRENT freed 489K, 17% free 2863K/3428K, paused 1ms+1ms, total 16ms
D/dalvikvm( 1157): GC_CONCURRENT freed 440K, 17% free 2864K/3428K, paused 2ms+1ms, total 13ms
D/dalvikvm( 1157): GC_CONCURRENT freed 399K, 17% free 2873K/3428K, paused 2ms+1ms, total 12ms
D/dalvikvm( 1157): GC_CONCURRENT freed 449K, 16% free 2879K/3428K, paused 2ms+1ms, total 11ms
D/dalvikvm(  749): GC_CONCURRENT freed 381K, 13% free 3146K/3616K, paused 2ms+1ms, total 12ms
D/dalvikvm( 1157): GC_CONCURRENT freed 456K, 17% free 2865K/3428K, paused 0ms+1ms, total 10ms
D/dalvikvm( 1157): GC_CONCURRENT freed 440K, 17% free 2864K/3428K, paused 1ms+2ms, total 11ms
D/dalvikvm( 1157): GC_CONCURRENT freed 441K, 17% free 2864K/3428K, paused 1ms+1ms, total 12ms
D/dalvikvm( 1157): GC_CONCURRENT freed 462K, 17% free 2863K/3428K, paused 1ms+1ms, total 11ms
D/dalvikvm( 1157): GC_CONCURRENT freed 453K, 17% free 2864K/3428K, paused 0ms+1ms, total 14ms
D/dalvikvm( 1157): GC_CONCURRENT freed 455K, 14% free 2970K/3428K, paused 1ms+1ms, total 19ms
D/RKUpdateService(  839): WorkHandler::handleMessage() : To perform 'COMMAND_CHECK_LOCAL_UPDATING'.
D/RKUpdateService(  839): getValidFirmwareImageFile() : Target image file path : /mnt/internal_sd/update.zip
D/RKUpdateService(  839): getValidFirmwareImageFile() : Target image file path : /mnt/external_sd/Download/update.zip
D/RKUpdateService(  839): getValidFirmwareImageFile() : Target image file path : /mnt/external_sd/update.zip
D/RKUpdateService(  839): getValidFirmwareImageFile() : Target image file path : /mnt/internal_sd/SAconfig/update.zip
E/MetadataRetrieverClient(  104): failed to extract an album art
D/MediaScannerService(  749): done scanning volume internal
D/MediaScannerService(  749): start scanning volume external: [/mnt/external_sd]
D/dalvikvm(  749): GC_CONCURRENT freed 387K, 14% free 3144K/3616K, paused 2ms+2ms, total 12ms
W/MediaScanner(  749): Error opening directory '/mnt/external_sd/', skipping: Permission denied.
V/MediaScanner(  749): pruneDeadThumbnailFiles... android.database.sqlite.SQLiteCursor@420fbe70
V/MediaScanner(  749): /pruneDeadThumbnailFiles... android.database.sqlite.SQLiteCursor@420fbe70
D/MediaScannerService(  749): done scanning volume external
D/MediaScannerService(  749): start scanning volume external: [/mnt/usb_storage]
W/MediaScanner(  749): Error opening directory '/mnt/usb_storage/', skipping: Permission denied.
V/MediaScanner(  749): pruneDeadThumbnailFiles... android.database.sqlite.SQLiteCursor@420ae790
V/MediaScanner(  749): /pruneDeadThumbnailFiles... android.database.sqlite.SQLiteCursor@420ae790
D/MediaScannerService(  749): done scanning volume external
D/MediaScannerService(  749): start scanning volume external: [/mnt/internal_sd]
V/MediaScanner(  749): pruneDeadThumbnailFiles... android.database.sqlite.SQLiteCursor@420813e0
V/MediaScanner(  749): /pruneDeadThumbnailFiles... android.database.sqlite.SQLiteCursor@420813e0
D/MediaScannerService(  749): done scanning volume external
I/ActivityManager(  409): Resuming delayed broadcast
D/dalvikvm(  876): GC_CONCURRENT freed 352K, 13% free 2974K/3404K, paused 1ms+1ms, total 12ms
E/SPXMLMaker(  876): Verification app is not installed
I/dalvikvm(  876): Total arena pages for JIT: 11
I/dalvikvm(  876): Total arena pages for JIT: 12
I/dalvikvm(  876): Total arena pages for JIT: 13
I/dalvikvm(  876): Total arena pages for JIT: 14
I/dalvikvm(  876): Total arena pages for JIT: 15
I/dalvikvm(  876): Total arena pages for JIT: 16
I/dalvikvm(  876): Total arena pages for JIT: 17
W/ContextImpl(  409): Calling a method in the system process without a qualified user: android.app.ContextImpl.sendBroadcast:1138 com.android.server.SAUMSService.SpeechAir_allowMSC:201 com.sps.ISaUmsManager$Stub.onTransact:66 android.os.Binder.execTransact:404 dalvik.system.NativeStart.run:-2
I/ActivityManager(  409): Delay finish: com.android.gallery3d/.app.PackagesMonitor
W/Launcher(  813): setApplicationContext called twice! old=com.android.launcher3.LauncherApplication@420615c0 new=com.android.launcher3.LauncherApplication@420615c0
I/ActivityManager(  409): Resuming delayed broadcast
W/Launcher(  813): setApplicationContext called twice! old=com.android.launcher3.LauncherApplication@420615c0 new=com.android.launcher3.LauncherApplication@420615c0
I/ActivityManager(  409): Delay finish: com.android.gallery3d/.app.PackagesMonitor
I/ActivityManager(  409): Resuming delayed broadcast
I/ActivityManager(  409): Delay finish: com.android.gallery3d/.app.PackagesMonitor
W/Launcher(  813): setApplicationContext called twice! old=com.android.launcher3.LauncherApplication@420615c0 new=com.android.launcher3.LauncherApplication@420615c0
I/ActivityManager(  409): Resuming delayed broadcast
I/ActivityManager(  409): Delay finish: com.android.gallery3d/.app.PackagesMonitor
W/Launcher(  813): setApplicationContext called twice! old=com.android.launcher3.LauncherApplication@420615c0 new=com.android.launcher3.LauncherApplication@420615c0
I/UnmountUSBStorageReceiver(  697): Action>android.hardware.usb.action.USB_STATE
I/SPConfigService(  697): --------service count:0
I/ActivityManager(  409): Resuming delayed broadcast
W/ContextImpl(  697): Calling a method in the system process without a qualified user: android.app.ContextImpl.startService:1494 android.content.ContextWrapper.startService:494 android.content.ContextWrapper.startService:494 com.philips.spconfigmanager.UnmountUSBStorageReceiver.onReceive:30 android.app.ActivityThread.handleReceiver:2419
D/RKUpdateReceiver(  839): action = android.hardware.usb.action.USB_STATE
D/AlertReceiver( 1065): onReceive: a=android.intent.action.PROVIDER_CHANGED Intent { act=android.intent.action.PROVIDER_CHANGED dat=content://com.android.calendar flg=0x10 cmp=com.android.calendar/.alerts.AlertReceiver }
D/AlertService( 1065): 0 Action = android.intent.action.PROVIDER_CHANGED
I/ActivityManager(  409): Delay finish: com.android.calendar/.alerts.AlertReceiver
I/SPConfigService(  697): SP_AES_CONFIG_FILE_NAME = /mnt/internal_sd/SAin.xml
D/RKUpdateService(  839): BatteryReceiver level = 25
I/GlobalDismissManager( 1065): no sender configured
D/AlertService( 1065): Beginning updateAlertNotification
D/AlertService( 1065): No fired or scheduled alerts
D/AlertService( 1065): Scheduling next alarm with AlarmScheduler. sEventReminderReceived: null
D/AlarmScheduler( 1065): No events found starting within 1 week.
I/ActivityManager(  409): Resuming delayed broadcast
I/ActivityManager(  409): Delay finish: com.android.providers.calendar/.CalendarProviderBroadcastReceiver
I/ActivityManager(  409): Resuming delayed broadcast
I/InputReader(  409): Reconfiguring input devices.  changes=0x00000010
I/InputReader(  409): Reconfiguring input devices.  changes=0x00000010
I/InputReader(  409): Reconfiguring input devices.  changes=0x00000010
I/InputReader(  409): Reconfiguring input devices.  changes=0x00000010
I/ActivityManager(  409): Delay finish: com.android.gallery3d/.app.PackagesMonitor
W/Launcher(  813): setApplicationContext called twice! old=com.android.launcher3.LauncherApplication@420615c0 new=com.android.launcher3.LauncherApplication@420615c0
I/ActivityManager(  409): Resuming delayed broadcast
I/ActivityManager(  409): Delay finish: com.android.gallery3d/.app.PackagesMonitor
W/Searchables(  409): No global search activity found
I/ActivityManager(  409): Resuming delayed broadcast
W/Launcher(  813): setApplicationContext called twice! old=com.android.launcher3.LauncherApplication@420615c0 new=com.android.launcher3.LauncherApplication@420615c0
I/ActivityManager(  409): Delay finish: com.android.gallery3d/.app.PackagesMonitor
W/Searchables(  409): No global search activity found
I/ActivityManager(  409): Resuming delayed broadcast
D/dalvikvm( 1145): GC_CONCURRENT freed 293K, 12% free 2908K/3284K, paused 4ms+3ms, total 35ms
W/Searchables(  409): No global search activity found
W/Searchables(  409): No global search activity found
W/Launcher(  813): setApplicationContext called twice! old=com.android.launcher3.LauncherApplication@420615c0 new=com.android.launcher3.LauncherApplication@420615c0
I/ActivityManager(  409): Delay finish: com.android.gallery3d/.app.PackagesMonitor
I/ActivityManager(  409): Resuming delayed broadcast
D/dalvikvm(  409): GC_CONCURRENT freed 709K, 43% free 6285K/10880K, paused 3ms+4ms, total 73ms
W/Launcher(  813): setApplicationContext called twice! old=com.android.launcher3.LauncherApplication@420615c0 new=com.android.launcher3.LauncherApplication@420615c0
D/dalvikvm(  813): GC_FOR_ALLOC freed 946K, 11% free 8538K/9564K, paused 14ms, total 15ms
I/dalvikvm-heap(  813): Grow heap (frag case) to 9.873MB for 1536016-byte allocation
D/dalvikvm(  813): GC_FOR_ALLOC freed 4K, 10% free 10034K/11068K, paused 15ms, total 15ms
D/dalvikvm(  813): GC_FOR_ALLOC freed 13K, 10% free 10023K/11068K, paused 13ms, total 13ms
I/dalvikvm-heap(  813): Grow heap (frag case) to 11.323MB for 1536016-byte allocation
D/dalvikvm(  813): GC_FOR_ALLOC freed 0K, 9% free 11523K/12572K, paused 11ms, total 11ms
D/dalvikvm(  813): GC_FOR_ALLOC freed 3001K, 29% free 10023K/14076K, paused 16ms, total 17ms
D/dalvikvm(  813): GC_FOR_ALLOC freed 1500K, 10% free 10023K/11060K, paused 16ms, total 16ms
I/dalvikvm-heap(  813): Grow heap (frag case) to 11.323MB for 1536016-byte allocation
D/dalvikvm(  813): GC_FOR_ALLOC freed 0K, 9% free 11523K/12564K, paused 9ms, total 9ms
D/dalvikvm(  813): GC_FOR_ALLOC freed 3000K, 29% free 10023K/14068K, paused 16ms, total 16ms
D/dalvikvm(  813): GC_FOR_ALLOC freed 1500K, 10% free 10023K/11060K, paused 16ms, total 16ms
I/dalvikvm-heap(  813): Grow heap (frag case) to 11.323MB for 1536016-byte allocation
D/dalvikvm(  813): GC_FOR_ALLOC freed 0K, 9% free 11523K/12564K, paused 10ms, total 10ms
D/dalvikvm(  813): GC_FOR_ALLOC freed 3002K, 29% free 10022K/14068K, paused 18ms, total 18ms
D/dalvikvm(  813): GC_FOR_ALLOC freed 1500K, 10% free 10022K/11060K, paused 16ms, total 16ms
I/dalvikvm-heap(  813): Grow heap (frag case) to 11.322MB for 1536016-byte allocation
D/dalvikvm(  813): GC_FOR_ALLOC freed 0K, 9% free 11522K/12564K, paused 11ms, total 11ms
I/ActivityManager(  409): START u0 {act=android.intent.action.MAIN cat=[android.intent.category.LAUNCHER] flg=0x10200000 cmp=com.android.settings/.Settings bnds=[284,620][372,728]} from pid 813
D/dalvikvm(  683): GC_CONCURRENT freed 239K, 10% free 2985K/3300K, paused 7ms+12ms, total 56ms
D/dalvikvm(  683): GC_FOR_ALLOC freed 8K, 10% free 3066K/3380K, paused 21ms, total 22ms
I/dalvikvm-heap(  683): Grow heap (frag case) to 3.667MB for 635812-byte allocation
D/dalvikvm(  683): GC_CONCURRENT freed 1K, 8% free 3685K/4004K, paused 4ms+1ms, total 25ms
D/dalvikvm(  683): WAIT_FOR_CONCURRENT_GC blocked 3ms
I/ActivityManager(  409): Waited long enough for: ServiceRecord{425f6660 u0 com.android.calendar/.alerts.InitAlarmsService}
D/UserManager(  683): ---getMaxSupportedUsers,we has UMS,force disabled M-user---
D/UserManager(  683): ---getMaxSupportedUsers,we has UMS,force disabled M-user---
D/OpenGLRenderer(  683): Enabling debug mode 0
D/WifiService(  409): setWifiEnabled: true pid=683, uid=1000
D/dalvikvm(  683): GC_CONCURRENT freed 71K, 4% free 4020K/4164K, paused 4ms+2ms, total 15ms
I/ActivityManager(  409): Displayed com.android.settings/.Settings: +568ms
I/ActivityManager(  409): Waited long enough for: ServiceRecord{426f3448 u0 com.sps.salog/.SALogService}
I/ActivityManager(  409): START u0 {act=android.intent.action.MAIN cmp=com.android.settings/.SubSettings (has extras)} from pid 683
D/SubSettings(  683): Launching fragment com.android.settings.DeviceInfoSettings
D/dalvikvm(  683): GC_CONCURRENT freed 155K, 6% free 4262K/4488K, paused 3ms+2ms, total 23ms
I/ActivityManager(  409): Displayed com.android.settings/.SubSettings: +273ms
I/ActivityManager(  409): START u0 {act=android.intent.action.MAIN cmp=com.android.settings/.deviceinfo.Status} from pid 683
I/dalvikvm(  671): DexOpt: not all deps represented
E/dalvikvm(  671): /system/priv-app/Settings.apk odex has stale dependencies
D/dalvikvm(  671): GC_FOR_ALLOC freed 133K, 6% free 3299K/3504K, paused 13ms, total 13ms
I/dalvikvm-heap(  671): Grow heap (frag case) to 3.895MB for 635812-byte allocation
D/dalvikvm(  671): GC_FOR_ALLOC freed 2K, 6% free 3918K/4128K, paused 19ms, total 19ms
D/dalvikvm(  671): GC_CONCURRENT freed 8K, 5% free 3929K/4128K, paused 2ms+3ms, total 18ms
D/dalvikvm(  409): GC_CONCURRENT freed 404K, 40% free 6631K/10880K, paused 3ms+5ms, total 45ms
D/OpenGLRenderer(  671): Enabling debug mode 0
I/ActivityManager(  409): Displayed com.android.settings/.deviceinfo.Status: +388ms
I/AudioService(  409): =========enforceSafeMediaVolume========
V/AudioPolicyManagerBase(  104): getDeviceForStrategy() from cache strategy 0, device 1
V/AudioPolicyManagerBase(  104): getDeviceForStrategy() from cache strategy 0, device 1
V/AudioPolicyManagerBase(  104): getDeviceForStrategy() from cache strategy 5, device 1
V/AudioPolicyManagerBase(  104): getDeviceForStrategy() from cache strategy 0, device 1
V/AudioPolicyManagerBase(  104): getDeviceForStrategy() from cache strategy 0, device 1
V/AudioPolicyManagerBase(  104): getDeviceForStrategy() from cache strategy 0, device 1
V/AudioPolicyManagerBase(  104): getDeviceForStrategy() from cache strategy 5, device 1
V/AudioPolicyManagerBase(  104): getDeviceForStrategy() from cache strategy 0, device 1
I/AudioService(  409): =========MSG_SET_DEVICE_VOLUME========
I/AudioService(  409): =========setDeviceVolume========
I/AudioService(  409): ======applyDeviceVolume=mForcedUseForComm = 0==index = 10== device = 4 , mStreamType = 3
V/AudioPolicyManagerBase(  104): setStreamVolumeIndex() stream 3, device 0004, index 10
V/AudioPolicyManagerBase(  104): getDeviceForStrategy() from cache strategy 0, device 1
I/AudioService(  409): ======applyDeviceVolume=mForcedUseForComm = 0==index = 11== device = 1 , mStreamType = 9
V/AudioPolicyManagerBase(  104): setStreamVolumeIndex() stream 9, device 0001, index 11
V/AudioPolicyManagerBase(  104): VOLUME vol index=[60 73 100], dB=[-17.0 -11.5 0.0] ampl=0.26684
V/AudioPolicyManagerBase(  104): getDeviceForStrategy() from cache strategy 5, device 1
I/AudioService(  409): ======applyDeviceVolume=mForcedUseForComm = 0==index = 5== device = 1 , mStreamType = 7
V/AudioPolicyManagerBase(  104): setStreamVolumeIndex() stream 7, device 0001, index 5
V/AudioPolicyManagerBase(  104): VOLUME vol index=[66 71 100], dB=[-12.0 -11.1 -6.0] ampl=0.27805
V/AudioPolicyManagerBase(  104): getDeviceForStrategy() from cache strategy 0, device 1
I/AudioService(  409): ======applyDeviceVolume=mForcedUseForComm = 0==index = 5== device = 1 , mStreamType = 1
V/AudioPolicyManagerBase(  104): setStreamVolumeIndex() stream 1, device 0001, index 5
V/AudioPolicyManagerBase(  104): VOLUME vol index=[66 71 100], dB=[-12.0 -11.1 -6.0] ampl=0.27805
I/AudioService(  409): =========MSG_SET_DEVICE_VOLUME========
I/AudioService(  409): =========setDeviceVolume========
I/AudioService(  409): ======applyDeviceVolume=mForcedUseForComm = 0==index = 10== device = 8 , mStreamType = 3
V/AudioPolicyManagerBase(  104): setStreamVolumeIndex() stream 3, device 0008, index 10
V/AudioPolicyManagerBase(  104): getDeviceForStrategy() from cache strategy 0, device 1
I/AudioService(  409): ======applyDeviceVolume=mForcedUseForComm = 0==index = 11== device = 1 , mStreamType = 9
V/AudioPolicyManagerBase(  104): setStreamVolumeIndex() stream 9, device 0001, index 11
V/AudioPolicyManagerBase(  104): VOLUME vol index=[60 73 100], dB=[-17.0 -11.5 0.0] ampl=0.26684
V/AudioPolicyManagerBase(  104): getDeviceForStrategy() from cache strategy 5, device 1
I/AudioService(  409): ======applyDeviceVolume=mForcedUseForComm = 0==index = 5== device = 1 , mStreamType = 7
V/AudioPolicyManagerBase(  104): setStreamVolumeIndex() stream 7, device 0001, index 5
V/AudioPolicyManagerBase(  104): VOLUME vol index=[66 71 100], dB=[-12.0 -11.1 -6.0] ampl=0.27805
V/AudioPolicyManagerBase(  104): getDeviceForStrategy() from cache strategy 0, device 1
I/AudioService(  409): ======applyDeviceVolume=mForcedUseForComm = 0==index = 5== device = 1 , mStreamType = 1
V/AudioPolicyManagerBase(  104): setStreamVolumeIndex() stream 1, device 0001, index 5
V/AudioPolicyManagerBase(  104): VOLUME vol index=[66 71 100], dB=[-12.0 -11.1 -6.0] ampl=0.27805
D/dalvikvm( 1157): GC_CONCURRENT freed 517K, 18% free 2867K/3460K, paused 3ms+2ms, total 18ms
E/BluetoothManagerService(  409): waitForOnOff time out
D/BluetoothManagerService(  409): Stored Bluetooth name: PSP1100
D/BluetoothManagerService(  409): Stored Bluetoothaddress: 22:22:48:AE:68:EC
D/BluetoothManagerService(  409): Message: 60
D/BluetoothManagerService(  409): MESSAGE_BLUETOOTH_STATE_CHANGE: prevState = 10, newState=14
D/BluetoothManagerService(  409): Radio State Change Intent: 10 -> 14
W/ContextImpl(  409): Calling a method in the system process without a qualified user: android.app.ContextImpl.sendBroadcast:1138 com.android.server.BluetoothManagerService.bluetoothStateChangeHandler:1382 com.android.server.BluetoothManagerService.access$3100:52 com.android.server.BluetoothManagerService$BluetoothHandler.handleMessage:1045 android.os.Handler.dispatchMessage:102
D/InitAlarmsService( 1065): Clearing and rescheduling alarms.
D/RKUpdateService(  839): BatteryReceiver level = 26
D/RKUpdateService(  839): BatteryReceiver level = 26
D/RKUpdateService(  839): BatteryReceiver level = 26
D/ConnectivityService(  409): Sampling interval elapsed, updating statistics ..
D/ConnectivityService(  409): Done.
D/NetworkTimeUpdateService(  409): mTime.forceRefresh()
I/MediaFocusControl(  409):  AudioFocus  abandonAudioFocus() from android.media.AudioManager@4206a260com.android.music.MediaPlaybackService$3@42068fd0
I/ActivityManager(  409): Start proc com.android.musicfx for broadcast com.android.musicfx/.ControlPanelReceiver: pid=1210 uid=10006 gids={50006, 3003, 3002}
D/dalvikvm(  102): GC_EXPLICIT freed 40K, 5% free 2810K/2928K, paused 2ms+2ms, total 25ms
I/dalvikvm( 1210): DexOpt: not all deps represented
E/dalvikvm( 1210): /system/priv-app/MusicFX.apk odex has stale dependencies
V/MusicFXControlPanelReceiver( 1210): onReceive
V/MusicFXControlPanelReceiver( 1210): Action: android.media.action.CLOSE_AUDIO_EFFECT_CONTROL_SESSION
V/MusicFXControlPanelReceiver( 1210): Package name: com.android.music
V/MusicFXControlPanelReceiver( 1210): Audio session: 9
D/dalvikvm(  102): GC_EXPLICIT freed <1K, 5% free 2810K/2928K, paused 2ms+2ms, total 21ms
V/MusicFXControlPanelEffect( 1210): closeSession(android.app.ReceiverRestrictedContext@42067468, com.android.music, 9)
I/ActivityManager(  409): Killing 742:android.process.acore/u0a35 (adj 15): empty #17
D/dalvikvm(  102): GC_EXPLICIT freed <1K, 5% free 2810K/2928K, paused 2ms+2ms, total 23ms
D/RKUpdateService(  839): BatteryReceiver level = 27
D/RKUpdateService(  839): BatteryReceiver level = 27
D/RKUpdateService(  839): BatteryReceiver level = 27
D/dalvikvm(  671): GC_CONCURRENT freed 210K, 7% free 4106K/4388K, paused 8ms+4ms, total 29ms
I/PowerManagerService(  409): Going to sleep due to screen timeout...
V/KeyguardServiceDelegate(  409): onScreenTurnedOn(showListener = com.android.internal.policy.impl.PhoneWindowManager$18@424f1248)
D/SurfaceFlinger(  101): Screen released, type=0 flinger=0x41cce450
V/KeyguardServiceDelegate(  409): **** SHOWN CALLED ****
I/WindowManager(  409): No lock screen! windowToken=null
D/NetworkTimeUpdateService(  409): mTime.forceRefresh()
D/RKUpdateService(  839): BatteryReceiver level = 28
D/RKUpdateService(  839): BatteryReceiver level = 28
D/RKUpdateService(  839): BatteryReceiver level = 28
D/dalvikvm(  409): GC_CONCURRENT freed 876K, 39% free 6667K/10880K, paused 5ms+5ms, total 61ms
D/RKUpdateService(  839): BatteryReceiver level = 28
D/RKUpdateService(  839): BatteryReceiver level = 29
D/RKUpdateService(  839): BatteryReceiver level = 29
D/dalvikvm(  552): GC_CONCURRENT freed 4372K, 41% free 6655K/11100K, paused 3ms+3ms, total 28ms
D/NetworkTimeUpdateService(  409): mTime.forceRefresh()
D/RKUpdateService(  839): BatteryReceiver level = 30
D/RKUpdateService(  839): BatteryReceiver level = 30
D/RKUpdateService(  839): BatteryReceiver level = 30
D/RKUpdateService(  839): BatteryReceiver level = 30
D/RKUpdateService(  839): BatteryReceiver level = 31
D/RKUpdateService(  839): BatteryReceiver level = 31
D/RKUpdateService(  839): BatteryReceiver level = 31
D/dalvikvm(  409): GC_CONCURRENT freed 984K, 40% free 6586K/10880K, paused 11ms+6ms, total 73ms
D/RKUpdateService(  839): BatteryReceiver level = 32
D/RKUpdateService(  839): BatteryReceiver level = 32
D/RKUpdateService(  839): BatteryReceiver level = 32
D/RKUpdateService(  839): BatteryReceiver level = 32
I/dalvikvm(  409): Jit: resizing JitTable from 4096 to 8192
D/RKUpdateService(  839): BatteryReceiver level = 33
D/RKUpdateService(  839): BatteryReceiver level = 33
D/RKUpdateService(  839): BatteryReceiver level = 33
D/dalvikvm(  409): GC_CONCURRENT freed 850K, 40% free 6558K/10880K, paused 4ms+5ms, total 49ms
D/RKUpdateService(  839): BatteryReceiver level = 33
D/RKUpdateService(  839): BatteryReceiver level = 34
D/RKUpdateService(  839): BatteryReceiver level = 34
D/RKUpdateService(  839): BatteryReceiver level = 34
D/RKUpdateService(  839): BatteryReceiver level = 35
D/RKUpdateService(  839): BatteryReceiver level = 35
D/RKUpdateService(  839): BatteryReceiver level = 35
D/RKUpdateService(  839): BatteryReceiver level = 35
D/RKUpdateService(  839): BatteryReceiver level = 36
D/RKUpdateService(  839): BatteryReceiver level = 36
D/dalvikvm(  409): GC_CONCURRENT freed 847K, 40% free 6595K/10880K, paused 7ms+5ms, total 65ms
D/RKUpdateService(  839): BatteryReceiver level = 37
D/RKUpdateService(  839): BatteryReceiver level = 37
D/RKUpdateService(  839): BatteryReceiver level = 37
D/RKUpdateService(  839): BatteryReceiver level = 37
D/RKUpdateService(  839): BatteryReceiver level = 38
D/RKUpdateService(  839): BatteryReceiver level = 38
D/RKUpdateService(  839): BatteryReceiver level = 38
D/RKUpdateService(  839): BatteryReceiver level = 39
D/RKUpdateService(  839): BatteryReceiver level = 39
D/RKUpdateService(  839): BatteryReceiver level = 39
D/dalvikvm(  409): GC_CONCURRENT freed 860K, 40% free 6611K/10880K, paused 8ms+6ms, total 68ms
D/RKUpdateService(  839): BatteryReceiver level = 40
D/RKUpdateService(  839): BatteryReceiver level = 40
D/RKUpdateService(  839): BatteryReceiver level = 40
D/RKUpdateService(  839): BatteryReceiver level = 40
D/RKUpdateService(  839): BatteryReceiver level = 41
D/RKUpdateService(  839): BatteryReceiver level = 41
D/RKUpdateService(  839): BatteryReceiver level = 42
D/RKUpdateService(  839): BatteryReceiver level = 42
D/RKUpdateService(  839): BatteryReceiver level = 42
D/RKUpdateService(  839): BatteryReceiver level = 42
D/dalvikvm(  409): GC_CONCURRENT freed 835K, 39% free 6636K/10880K, paused 8ms+5ms, total 72ms
V/KeyguardServiceDelegate(  409): onScreenTurnedOn(showListener = com.android.internal.policy.impl.PhoneWindowManager$18@4268a478)
I/PowerManagerService(  409): Waking up from sleep...
V/KeyguardServiceDelegate(  409): **** SHOWN CALLED ****
I/WindowManager(  409): No lock screen! windowToken=null
D/PowerManagerService-JNI(  409): Excessive delay in autosuspend_disable() while turning screen on: 411ms
D/SurfaceFlinger(  101): Screen acquired, type=0 flinger=0x41cce450
D/LightsService(  409): Excessive delay setting light: 78ms
D/RKUpdateService(  839): BatteryReceiver level = 43
D/RKUpdateService(  839): BatteryReceiver level = 43
D/RKUpdateService(  839): BatteryReceiver level = 44
D/RKUpdateService(  839): BatteryReceiver level = 44
D/RKUpdateService(  839): BatteryReceiver level = 44
D/RKUpdateService(  839): BatteryReceiver level = 44
I/PowerManagerService(  409): Going to sleep due to screen timeout...
D/SurfaceFlinger(  101): Screen released, type=0 flinger=0x41cce450
D/RKUpdateService(  839): BatteryReceiver level = 45
D/RKUpdateService(  839): BatteryReceiver level = 45
D/RKUpdateService(  839): BatteryReceiver level = 45
D/dalvikvm(  409): GC_CONCURRENT freed 913K, 39% free 6657K/10880K, paused 18ms+6ms, total 65ms
D/RKUpdateService(  839): BatteryReceiver level = 45
D/RKUpdateService(  839): BatteryReceiver level = 46
D/RKUpdateService(  839): BatteryReceiver level = 46
D/ConnectivityService(  409): Sampling interval elapsed, updating statistics ..
D/ConnectivityService(  409): Done.
D/RKUpdateService(  839): BatteryReceiver level = 47
D/RKUpdateService(  839): BatteryReceiver level = 47
D/RKUpdateService(  839): BatteryReceiver level = 47
D/RKUpdateService(  839): BatteryReceiver level = 48
D/RKUpdateService(  839): BatteryReceiver level = 48
D/RKUpdateService(  839): BatteryReceiver level = 48
D/dalvikvm(  409): GC_CONCURRENT freed 866K, 40% free 6629K/10880K, paused 5ms+5ms, total 63ms
D/RKUpdateService(  839): BatteryReceiver level = 49
D/RKUpdateService(  839): BatteryReceiver level = 49
D/RKUpdateService(  839): BatteryReceiver level = 49
V/KeyguardServiceDelegate(  409): onScreenTurnedOn(showListener = com.android.internal.policy.impl.PhoneWindowManager$18@425789b0)
I/PowerManagerService(  409): Waking up from sleep...
V/KeyguardServiceDelegate(  409): **** SHOWN CALLED ****
I/WindowManager(  409): No lock screen! windowToken=null
D/RKUpdateService(  839): BatteryReceiver level = 49
D/PowerManagerService-JNI(  409): Excessive delay in autosuspend_disable() while turning screen on: 406ms
D/SurfaceFlinger(  101): Screen acquired, type=0 flinger=0x41cce450
D/LightsService(  409): Excessive delay setting light: 79ms
E/Lights  (  409): write_int failed to open sys/class/leds/battery_led/brightness
D/RKUpdateService(  839): BatteryReceiver level = 49
I/dalvikvm(  859): Total arena pages for JIT: 11
I/dalvikvm(  859): Total arena pages for JIT: 12
I/dalvikvm(  859): Total arena pages for JIT: 13
I/dalvikvm(  859): Total arena pages for JIT: 14
I/dalvikvm(  859): Total arena pages for JIT: 15
I/dalvikvm(  859): Total arena pages for JIT: 16
I/dalvikvm(  859): Total arena pages for JIT: 17
W/ContextImpl(  409): Calling a method in the system process without a qualified user: android.app.ContextImpl.sendBroadcast:1138 com.android.server.SAUMSService.SpeechAir_allowMSC:201 com.sps.ISaUmsManager$Stub.onTransact:66 android.os.Binder.execTransact:404 dalvik.system.NativeStart.run:-2
I/PowerManagerService(  409): Going to sleep by user request...
D/SurfaceFlinger(  101): Screen released, type=0 flinger=0x41cce450
D/RKUpdateService(  839): BatteryReceiver level = 39
W/ContextImpl(  409): Calling a method in the system process without a qualified user: android.app.ContextImpl.sendBroadcast:1138 com.android.server.SAUMSService.SpeechAir_allowMSC:201 com.sps.ISaUmsManager$Stub.onTransact:66 android.os.Binder.execTransact:404 dalvik.system.NativeStart.run:-2
D/RKUpdateService(  839): BatteryReceiver level = 37
W/ContextImpl(  409): Calling a method in the system process without a qualified user: android.app.ContextImpl.sendBroadcast:1138 com.android.server.SAUMSService.SpeechAir_allowMSC:201 com.sps.ISaUmsManager$Stub.onTransact:66 android.os.Binder.execTransact:404 dalvik.system.NativeStart.run:-2
D/RKUpdateService(  839): BatteryReceiver level = 29
W/ContextImpl(  409): Calling a method in the system process without a qualified user: android.app.ContextImpl.sendBroadcast:1138 com.android.server.SAUMSService.SpeechAir_allowMSC:201 com.sps.ISaUmsManager$Stub.onTransact:66 android.os.Binder.execTransact:404 dalvik.system.NativeStart.run:-2
D/dalvikvm(  409): GC_CONCURRENT freed 823K, 39% free 6657K/10880K, paused 18ms+5ms, total 79ms
D/RKUpdateService(  839): BatteryReceiver level = 28
W/ContextImpl(  409): Calling a method in the system process without a qualified user: android.app.ContextImpl.sendBroadcast:1138 com.android.server.SAUMSService.SpeechAir_allowMSC:201 com.sps.ISaUmsManager$Stub.onTransact:66 android.os.Binder.execTransact:404 dalvik.system.NativeStart.run:-2
D/RKUpdateService(  839): BatteryReceiver level = 28
W/ContextImpl(  409): Calling a method in the system process without a qualified user: android.app.ContextImpl.sendBroadcast:1138 com.android.server.SAUMSService.SpeechAir_allowMSC:201 com.sps.ISaUmsManager$Stub.onTransact:66 android.os.Binder.execTransact:404 dalvik.system.NativeStart.run:-2
I/PowerManagerService(  409): Waking up from sleep...
V/KeyguardServiceDelegate(  409): onScreenTurnedOn(showListener = com.android.internal.policy.impl.PhoneWindowManager$18@423a61d0)
V/KeyguardServiceDelegate(  409): **** SHOWN CALLED ****
I/WindowManager(  409): No lock screen! windowToken=null
D/RKUpdateService(  839): BatteryReceiver level = 22
D/dalvikvm(  552): GC_CONCURRENT freed 870K, 38% free 6965K/11096K, paused 3ms+21ms, total 81ms
W/ContextImpl(  409): Calling a method in the system process without a qualified user: android.app.ContextImpl.sendBroadcast:1138 com.android.server.SAUMSService.SpeechAir_allowMSC:201 com.sps.ISaUmsManager$Stub.onTransact:66 android.os.Binder.execTransact:404 dalvik.system.NativeStart.run:-2
D/PowerManagerService-JNI(  409): Excessive delay in autosuspend_disable() while turning screen on: 446ms
D/SurfaceFlinger(  101): Screen acquired, type=0 flinger=0x41cce450
D/dalvikvm(  671): GC_CONCURRENT freed 377K, 10% free 4114K/4564K, paused 5ms+2ms, total 28ms
D/RKUpdateService(  839): BatteryReceiver level = 22
W/ContextImpl(  409): Calling a method in the system process without a qualified user: android.app.ContextImpl.sendBroadcast:1138 com.android.server.SAUMSService.SpeechAir_allowMSC:201 com.sps.ISaUmsManager$Stub.onTransact:66 android.os.Binder.execTransact:404 dalvik.system.NativeStart.run:-2
D/dalvikvm(  409): GC_CONCURRENT freed 874K, 39% free 6709K/10880K, paused 6ms+5ms, total 67ms
D/RKUpdateService(  839): BatteryReceiver level = 21
W/ContextImpl(  409): Calling a method in the system process without a qualified user: android.app.ContextImpl.sendBroadcast:1138 com.android.server.SAUMSService.SpeechAir_allowMSC:201 com.sps.ISaUmsManager$Stub.onTransact:66 android.os.Binder.execTransact:404 dalvik.system.NativeStart.run:-2
D/dalvikvm(  671): GC_CONCURRENT freed 386K, 11% free 4115K/4576K, paused 5ms+4ms, total 44ms
I/PowerManagerService(  409): Going to sleep due to screen timeout...
D/SurfaceFlinger(  101): Screen released, type=0 flinger=0x41cce450
V/KeyguardServiceDelegate(  409): onScreenTurnedOn(showListener = com.android.internal.policy.impl.PhoneWindowManager$18@426dd830)
I/PowerManagerService(  409): Waking up from sleep...
V/KeyguardServiceDelegate(  409): **** SHOWN CALLED ****
I/WindowManager(  409): No lock screen! windowToken=null
D/RKUpdateService(  839): BatteryReceiver level = 21
D/RKUpdateService(  839): BatteryReceiver level = 19
D/dalvikvm( 1157): GC_CONCURRENT freed 393K, 18% free 2860K/3460K, paused 3ms+2ms, total 21ms
W/ContextImpl(  409): Calling a method in the system process without a qualified user: android.app.ContextImpl.sendBroadcast:1138 com.android.server.SAUMSService.SpeechAir_allowMSC:201 com.sps.ISaUmsManager$Stub.onTransact:66 android.os.Binder.execTransact:404 dalvik.system.NativeStart.run:-2
D/PowerManagerService-JNI(  409): Excessive delay in autosuspend_disable() while turning screen on: 474ms
D/SurfaceFlinger(  101): Screen acquired, type=0 flinger=0x41cce450
W/ContextImpl(  409): Calling a method in the system process without a qualified user: android.app.ContextImpl.sendBroadcast:1138 com.android.server.SAUMSService.SpeechAir_allowMSC:201 com.sps.ISaUmsManager$Stub.onTransact:66 android.os.Binder.execTransact:404 dalvik.system.NativeStart.run:-2
D/LightsService(  409): Excessive delay setting light: 78ms
V/PanelView(  552): animationTick called with dtms=0; nothing to do (h=120.0 v=0.0)
W/InputMethodManagerService(  409): Window already focused, ignoring focus gain of: com.android.internal.view.IInputMethodClient$Stub$Proxy@42767278 attribute=android.view.inputmethod.EditorInfo@423af4c8, token = android.os.BinderProxy@425ce8d0
D/dalvikvm(  409): GC_CONCURRENT freed 871K, 39% free 6744K/10880K, paused 4ms+6ms, total 56ms
D/ConnectivityService(  409): Sampling interval elapsed, updating statistics ..
D/ConnectivityService(  409): Done.
D/RKUpdateService(  839): BatteryReceiver level = 19
W/ContextImpl(  409): Calling a method in the system process without a qualified user: android.app.ContextImpl.sendBroadcast:1138 com.android.server.SAUMSService.SpeechAir_allowMSC:201 com.sps.ISaUmsManager$Stub.onTransact:66 android.os.Binder.execTransact:404 dalvik.system.NativeStart.run:-2
D/dalvikvm(  671): GC_CONCURRENT freed 389K, 11% free 4115K/4576K, paused 2ms+2ms, total 29ms
I/PowerManagerService(  409): Going to sleep due to screen timeout...
D/SurfaceFlinger(  101): Screen released, type=0 flinger=0x41cce450
D/dalvikvm(  409): GC_CONCURRENT freed 899K, 39% free 6712K/10880K, paused 7ms+12ms, total 67ms
D/RKUpdateService(  839): BatteryReceiver level = 19
D/RKUpdateService(  839): BatteryReceiver level = 19
W/ContextImpl(  409): Calling a method in the system process without a qualified user: android.app.ContextImpl.sendBroadcast:1138 com.android.server.SAUMSService.SpeechAir_allowMSC:201 com.sps.ISaUmsManager$Stub.onTransact:66 android.os.Binder.execTransact:404 dalvik.system.NativeStart.run:-2
W/ContextImpl(  409): Calling a method in the system process without a qualified user: android.app.ContextImpl.sendBroadcast:1138 com.android.server.SAUMSService.SpeechAir_allowMSC:201 com.sps.ISaUmsManager$Stub.onTransact:66 android.os.Binder.execTransact:404 dalvik.system.NativeStart.run:-2
D/RKUpdateService(  839): BatteryReceiver level = 19
W/ContextImpl(  409): Calling a method in the system process without a qualified user: android.app.ContextImpl.sendBroadcast:1138 com.android.server.SAUMSService.SpeechAir_allowMSC:201 com.sps.ISaUmsManager$Stub.onTransact:66 android.os.Binder.execTransact:404 dalvik.system.NativeStart.run:-2
V/KeyguardServiceDelegate(  409): onScreenTurnedOn(showListener = com.android.internal.policy.impl.PhoneWindowManager$18@42236a60)
I/PowerManagerService(  409): Waking up from sleep...
V/KeyguardServiceDelegate(  409): **** SHOWN CALLED ****
I/WindowManager(  409): No lock screen! windowToken=null
D/PowerManagerService-JNI(  409): Excessive delay in autosuspend_disable() while turning screen on: 435ms
D/SurfaceFlinger(  101): Screen acquired, type=0 flinger=0x41cce450
D/LightsService(  409): Excessive delay setting light: 81ms
D/RKUpdateService(  839): BatteryReceiver level = 19
W/ContextImpl(  409): Calling a method in the system process without a qualified user: android.app.ContextImpl.sendBroadcast:1138 com.android.server.SAUMSService.SpeechAir_allowMSC:201 com.sps.ISaUmsManager$Stub.onTransact:66 android.os.Binder.execTransact:404 dalvik.system.NativeStart.run:-2
D/RKUpdateService(  839): BatteryReceiver level = 18
W/ContextImpl(  409): Calling a method in the system process without a qualified user: android.app.ContextImpl.sendBroadcast:1138 com.android.server.SAUMSService.SpeechAir_allowMSC:201 com.sps.ISaUmsManager$Stub.onTransact:66 android.os.Binder.execTransact:404 dalvik.system.NativeStart.run:-2
D/dalvikvm(  409): GC_CONCURRENT freed 902K, 39% free 6743K/10880K, paused 5ms+6ms, total 65ms
I/PowerManagerService(  409): Going to sleep due to screen timeout...
D/SurfaceFlinger(  101): Screen released, type=0 flinger=0x41cce450
D/RKUpdateService(  839): BatteryReceiver level = 17
W/ContextImpl(  409): Calling a method in the system process without a qualified user: android.app.ContextImpl.sendBroadcast:1138 com.android.server.SAUMSService.SpeechAir_allowMSC:201 com.sps.ISaUmsManager$Stub.onTransact:66 android.os.Binder.execTransact:404 dalvik.system.NativeStart.run:-2
V/KeyguardServiceDelegate(  409): onScreenTurnedOn(showListener = com.android.internal.policy.impl.PhoneWindowManager$18@425c8e38)
I/InputDispatcher(  409): Dropped event because input dispatch is disabled.
I/PowerManagerService(  409): Waking up from sleep...
D/RKUpdateService(  839): BatteryReceiver level = 17
V/KeyguardServiceDelegate(  409): **** SHOWN CALLED ****
I/WindowManager(  409): No lock screen! windowToken=null
W/ContextImpl(  409): Calling a method in the system process without a qualified user: android.app.ContextImpl.sendBroadcast:1138 com.android.server.SAUMSService.SpeechAir_allowMSC:201 com.sps.ISaUmsManager$Stub.onTransact:66 android.os.Binder.execTransact:404 dalvik.system.NativeStart.run:-2
D/UsbDeviceManager(  409): -----626 handleMessage MSG_UPDATE_STATE-----
D/UsbDeviceManager(  409): -----632 handleMessage MSG_UPDATE_STATE-----
D/UsbDeviceManager(  409): -----639 handleMessage MSG_UPDATE_STATE-----
D/UsbDeviceManager(  409): updateUsbState updateUsbState
D/UsbDeviceManager(  409): updateUsbState Usb state is true false true
I/StorageNotification(  552): spAllowMsc = true , isBootCompleted = 1
W/ContextImpl(  409): Calling a method in the system process without a qualified user: android.app.ContextImpl.sendBroadcast:1138 com.android.server.SAUMSService.checkProhibitID:331 com.android.server.SAUMSService.access$100:25 com.android.server.SAUMSService$1.onReceive:75 android.app.LoadedApk$ReceiverDispatcher$Args.run:768
D/MountService(  409): sharedvolumeNum: 0 ;avail: true
D/PowerManagerService-JNI(  409): Excessive delay in autosuspend_disable() while turning screen on: 418ms
D/SurfaceFlinger(  101): Screen acquired, type=0 flinger=0x41cce450
I/UnmountUSBStorageReceiver(  697): Action>android.hardware.usb.action.USB_STATE
D/RKUpdateReceiver(  839): action = android.hardware.usb.action.USB_STATE
I/StorageNotification(  552): spAllowMsc = true , isBootCompleted = 1
D/dalvikvm(  552): GC_CONCURRENT freed 697K, 32% free 7621K/11088K, paused 2ms+4ms, total 23ms
D/dalvikvm(  552): WAIT_FOR_CONCURRENT_GC blocked 18ms
I/ActivityManager(  409): START u0 {flg=0x10000000 cmp=com.android.systemui/.usb.UsbStorageActivity} from pid -1
D/dalvikvm(  409): GC_CONCURRENT freed 764K, 37% free 6939K/10880K, paused 3ms+5ms, total 71ms
D/UsbStorageActivity(  552): -onCreate while usb connection state is true  ,isBootCompleted = 1
W/BackupManagerService(  409): dataChanged but no participant pkg='com.android.providers.settings' uid=10005
D/dalvikvm(  552): GC_FOR_ALLOC freed 422K, 34% free 7407K/11088K, paused 21ms, total 25ms
I/dalvikvm-heap(  552): Grow heap (frag case) to 8.978MB for 1760016-byte allocation
D/dalvikvm(  552): GC_CONCURRENT freed 2K, 18% free 9123K/11088K, paused 2ms+4ms, total 26ms
I/UsbStorageActivity(  552): onResume create wakelock
I/UsbStorageActivity(  552): onResume 00001
D/UsbStorageActivity(  552): -onCreate while usb connection state is true
I/UsbStorageActivity(  552): onResume 00002
D/LightsService(  409): Excessive delay setting light: 80ms
D/PhoneStatusBar(  552): disable: < EXPAND* ICONS* ALERTS* ticker SYSTEM_INFO* BACK* HOME* RECENT* clock SEARCH* >
I/PackageManager(  409): Updating external media status from unmounted to unmounted
D/MountService(  409): ------in MountService call setUsbMassStorageEnabled on,path= /mnt/internal_sd
V/MountService(  409): setUsbMassStorageEnabled: true, waiting....
D/dalvikvm(  409): GC_EXPLICIT freed 90K, 37% free 6909K/10880K, paused 2ms+3ms, total 47ms
I/PackageManager(  409): Updating external media status from unmounted to unmounted
D/Vold    (   98): Volume internal_sd state changing 4 (Mounted) -> 5 (Unmounting)
D/MountService(  409): volume state changed for /mnt/internal_sd (mounted -> unmounted)
I/ActivityManager(  409): Displayed com.android.systemui/.usb.UsbStorageActivity: +591ms
D/ExternalStorage(  903): After updating volumes, found 0 active roots
D/MountService(  409): sendStorageIntent Intent { act=android.intent.action.MEDIA_UNMOUNTED dat=file:///mnt/internal_sd (has extras) } to UserHandle{-1}
D/MountService(  409): sendStorageIntent Intent { act=android.intent.action.MEDIA_EJECT dat=file:///mnt/internal_sd (has extras) } to UserHandle{-1}
D/MediaScannerReceiver(  749): action: android.intent.action.MEDIA_UNMOUNTED path: /mnt/internal_sd
D/RKUpdateReceiver(  839): action = android.intent.action.MEDIA_UNMOUNTED
I/UmsConnectReceiver(  876): USB connect ON
W/MountService(  409): getVolumeState(/mnt/external_sd): Unknown volume
W/MountService(  409): getVolumeState,unknown volume mountPoint = /mnt/external_sd
W/MountService(  409): getVolumeState(/mnt/external_sd): Unknown volume
W/MountService(  409): getVolumeState,unknown volume mountPoint = /mnt/external_sd
