W/PackageManager(  581): Failure retrieving resources for jp.co.omronsoft.openwnn: Resource ID #0x0
W/ResourceType(  581): No package identifier when getting value for resource number 0x00000000
W/PackageManager(  581): Failure retrieving resources for com.android.vpndialogs: Resource ID #0x0
W/ResourceType(  581): No package identifier when getting value for resource number 0x00000000
W/PackageManager(  581): Failure retrieving resources for com.android.shell: Resource ID #0x0
W/ResourceType(  581): No package identifier when getting value for resource number 0x00000000
W/PackageManager(  581): Failure retrieving resources for com.android.providers.userdictionary: Resource ID #0x0
W/ResourceType(  581): No package identifier when getting value for resource number 0x00000000
W/PackageManager(  581): Failure retrieving resources for com.android.location.fused: Resource ID #0x0
V/KeyguardServiceDelegate(  453): *** Keyguard started
W/KeyguardServiceDelegate(  453): onScreenTurnedOn(): no keyguard service!
V/RenderScript(  841): 0xb8d0e6e8 Launching thread(s), CPUs 4
W/ResourceType(  581): No package identifier when getting value for resource number 0x00000000
W/PackageManager(  581): Failure retrieving resources for com.android.captiveportallogin: Resource ID #0x0
D/Sensors (  453): int sensors_poll_context_t::activate(int, int)
W/ResourceType(  841): No package identifier when getting value for resource number 0x00000000
W/ResourceType(  841): No package identifier when getting value for resource number 0x00000000
W/PackageManager(  841): Failure retrieving resources for com.android.speechrecorder: Resource ID #0x0
W/ResourceType(  841): No package identifier when getting value for resource number 0x00000000
W/PackageManager(  841): Failure retrieving resources for com.android.speechrecorder: Resource ID #0x0
D/Sensors (  453): int sensors_poll_context_t::setDelay(int, int64_t)
D/Sensors (  453): max rate: 1000000
D/WifiService(  453): New client listening to asynchronous messages
D/BluetoothManagerService(  453): Message: 20
D/BluetoothManagerService(  453): Added callback: android.bluetooth.IBluetoothManagerCallback$Stub$Proxy@3627f943:true
D/BluetoothAdapter(  581): 755426358: getState() :  mService = null. Returning STATE_OFF
D/BluetoothAdapter(  581): 755426358: getState() :  mService = null. Returning STATE_OFF
D/BluetoothManagerService(  453): Message: 30
D/BluetoothManagerService(  453): Message: 30
E/BluetoothA2dpSink(  581): Could not bind to Bluetooth A2DP Service with Intent { act=android.bluetooth.IBluetoothA2dpSink }
D/BluetoothManagerService(  453): Message: 30
E/BluetoothAvrcpController(  581): Could not bind to Bluetooth AVRCP Controller Service with Intent { act=android.bluetooth.IBluetoothAvrcpController }
D/BluetoothManagerService(  453): Message: 30
D/BluetoothManagerService(  453): Trying to bind to profile: 1, while Bluetooth was disabled
D/BluetoothManagerService(  453): Message: 30
E/BluetoothHeadsetClient(  581): Could not bind to Bluetooth Headset Client Service with Intent { act=android.bluetooth.IBluetoothHeadsetClient }
D/BluetoothManagerService(  453): Message: 30
D/BluetoothMap(  581): Create BluetoothMap proxy object
D/BluetoothManagerService(  453): Message: 30
E/BluetoothMap(  581): Could not bind to Bluetooth MAP Service with Intent { act=android.bluetooth.IBluetoothMap }
D/BluetoothManagerService(  453): Message: 30
D/ConnectivityService(  453): listenForNetwork for NetworkRequest [ id=2, legacyType=-1, [] ]
E/blb     (  581): mmEthernetVisible: false
E/blb     (  581): mmEthernetVisible: false
E/blb     (  581): mmEthernetVisible: false
I/CameraManagerGlobal(  581): getCameraService: Reconnecting to camera service
D/mmk     (  581): onStatusChangedLocked.+++++++
I/CameraService(  163): getCameraCharacteristics: Switching to HAL1 shim implementation...
E/CameraManagerGlobal(  581): Camera id 0 has status changed to 0x1
D/CameraHal(  163): camera_get_camera_info(1311): camera_get_camera_info(1311): camera_0 facing(0), orientation(90)
D/CameraHal(  163): camera_get_camera_info(1311): camera_get_camera_info(1311): camera_0 facing(0), orientation(90)
I/AwesomePlayer(  163): AwesomePlayer::AwesomePlayer()in
I/AwesomePlayer(  163): AwesomePlayer::AwesomePlayer()aftermClient.connect()
I/AwesomePlayer(  163): setDataSource_l(<no-scheme URI suppressed>)
I/OMXCodec(  163): --->InstantiateSoftwareCodec create OMX.google.vorbis.decoder codec
I/OMXCodec(  163): Successfully allocated OMX node 'OMX.google.vorbis.decoder'
I/AwesomePlayer(  163): AwesomePlayer::AwesomePlayer()in
I/AwesomePlayer(  163): AwesomePlayer::AwesomePlayer()aftermClient.connect()
I/AwesomePlayer(  163): setDataSource_l(<no-scheme URI suppressed>)
I/OMXCodec(  163): --->InstantiateSoftwareCodec create OMX.google.vorbis.decoder codec
I/OMXCodec(  163): Successfully allocated OMX node 'OMX.google.vorbis.decoder'
I/CameraClient(  163): Opening camera 0
D/CameraHal(  163): camera_get_camera_info(1311): camera_get_camera_info(1311): camera_0 facing(0), orientation(90)
I/CameraHal(  163): camera_device_open(500): camera_device open
D/CameraHal(  163): gCameraHalLogLevel: 0
D/mmk     (  581): onStatusChangedLocked.+++++++
D/CameraHal(  163): CameraHal(133): it is a isp  camera
D/CameraHal(  163): Calling process is: /system/bin/mediaserver
E/CameraManagerGlobal(  581): Camera id 0 has status changed to 0x80000000
I/vpu_mem_pool(  163): pid 163, open_vpu_memory_pool:473: success
E/vpu_mem_pool(  163): ERROR, pid 163, vpu_memory_status_observer:918: bind error!
E/ion     (  163): ioctl c0144900 failed with code -1: No such device
I/vpu_mem_pool(  163): pid 163, vpu_mem_allocator:717: vpu memory pool size (80000)
I/vpu_mem_pool(  163): pid 163, vpu_mem_allocator:720: ion_alloc_fd success, memory fd 37
E/CameraHal_Marvin(  163): HAL-MOCKUP: CAMSYS_QUREYIOMMU failed !!!!
E/CameraHal(  163): disconnectCamera(1717): getFocusLimits failed!
E/CameraHal_Marvin(  163): GS5604: GS5604_IsiCreateSensorIss  support lane numbers :2, default is 2
D/PowerManagerService(  453): releaseWakeLockInternal: lock=437070513 [GsmCellBroadcastHandler], flags=0x0
D/PowerManagerService(  453): updateWakeLockSummaryLocked: mWakefulness=Awake, mWakeLockSummary=0x1
D/PowerManagerService(  453): updateUserActivitySummaryLocked: mWakefulness=Awake, mUserActivitySummary=0x1, nextTimeout=2147476647 (in 2147446052 ms)
D/PowerManagerService(  453): updateDisplayPowerStateLocked: mDisplayReady=true, policy=3, mWakefulness=1, mWakeLockSummary=0x1, mUserActivitySummary=0x1, mBootCompleted=false, mScreenBrightnessBoostInProgress=false
I/vpu_mem_pool(  163): pid 163, vpu_mem_allocator:717: vpu memory pool size (160000)
I/vpu_mem_pool(  163): pid 163, vpu_mem_allocator:720: ion_alloc_fd success, memory fd 34
I/vpu_mem_pool(  163): pid 163, vpu_mem_allocator:717: vpu memory pool size (240000)
I/vpu_mem_pool(  163): pid 163, vpu_mem_allocator:720: ion_alloc_fd success, memory fd 35
I/vpu_mem_pool(  163): pid 163, vpu_mem_allocator:717: vpu memory pool size (320000)
I/vpu_mem_pool(  163): pid 163, vpu_mem_allocator:720: ion_alloc_fd success, memory fd 39
I/vpu_mem_pool(  163): pid 163, vpu_mem_allocator:717: vpu memory pool size (400000)
I/vpu_mem_pool(  163): pid 163, vpu_mem_allocator:720: ion_alloc_fd success, memory fd 40
I/vpu_mem_pool(  163): pid 163, vpu_mem_allocator:717: vpu memory pool size (480000)
I/vpu_mem_pool(  163): pid 163, vpu_mem_allocator:720: ion_alloc_fd success, memory fd 41
I/vpu_mem_pool(  163): pid 163, vpu_mem_allocator:717: vpu memory pool size (560000)
I/vpu_mem_pool(  163): pid 163, vpu_mem_allocator:720: ion_alloc_fd success, memory fd 42
I/vpu_mem_pool(  163): pid 163, vpu_mem_allocator:717: vpu memory pool size (640000)
I/vpu_mem_pool(  163): pid 163, vpu_mem_allocator:720: ion_alloc_fd success, memory fd 43
I/vpu_mem_pool(  163): pid 163, vpu_mem_allocator:717: vpu memory pool size (720000)
I/vpu_mem_pool(  163): pid 163, vpu_mem_allocator:720: ion_alloc_fd success, memory fd 44
I/vpu_mem_pool(  163): pid 163, vpu_mem_allocator:717: vpu memory pool size (800000)
I/vpu_mem_pool(  163): pid 163, vpu_mem_allocator:720: ion_alloc_fd success, memory fd 45
E/CameraHal_Marvin(  163): GS5604: GS5604_IsiRegReadIss (exit: 0x00000000 0x00006017)
E/CameraHal_Marvin(  163): CAM_API_CAMENGINE: openSensor (IsiMdiInitMotoDrive failed)
D/CameraHal_Marvin(  163): 
D/CameraHal_Marvin(  163): 
D/CameraHal_Marvin(  163): 
D/CameraHal_Marvin(  163): CameraHal Version Check:
D/CameraHal_Marvin(  163):     CamSys_Head.h version: 
D/CameraHal_Marvin(  163):        kernel: (0x) v0.b.0
D/CameraHal_Marvin(  163):        libisp_siliconimage_isp.so: (0x) v0.b.0
D/CameraHal_Marvin(  163):     LibIsp version: 
D/CameraHal_Marvin(  163):        local: (0x) v1.27.0
D/CameraHal_Marvin(  163):        camera.rk30board.so: (0x) v1.27.0
D/CameraHal_Marvin(  163):     Sensor ISI version: 
D/CameraHal_Marvin(  163):         libisp_isi_drv_XXX: (0x) v0.a.0
D/CameraHal_Marvin(  163):         libisp_siliconimage_isp.so: (0x) v0.a.0
D/CameraHal_Marvin(  163):     sensor name GS5604: 
D/CameraHal_Marvin(  163):        sensor drv version: (0x) v0.5.0
D/CameraHal_Marvin(  163): 
D/CameraHal_Marvin(  163): 
D/CameraHal_Marvin(  163): 
E/CameraHal_Marvin(  163): GS5604: GS5604_IsiGetCapsIss (enter)
E/CameraHal_Marvin(  163): GS5604: GS5604_IsiGetCapsIss (exit)
E/CameraHal_Marvin(  163): GS5604: GS5604_IsiGetCapsIss (enter)
E/CameraHal_Marvin(  163): GS5604: GS5604_IsiGetCapsIss (exit)
E/CameraHal_Marvin(  163): GS5604: GS5604_IsiGetCapsIss (enter)
E/CameraHal_Marvin(  163): GS5604: GS5604_IsiGetCapsIss (exit)
E/CameraHal_Marvin(  163): GS5604: GS5604_IsiGetCapsIss (enter)
E/CameraHal_Marvin(  163): GS5604: GS5604_IsiGetCapsIss (exit)
E/CameraHal_Marvin(  163): GS5604: GS5604_IsiGetCapsIss (enter)
E/CameraHal_Marvin(  163): GS5604: GS5604_IsiGetCapsIss (exit)
E/CameraHal_Marvin(  163): GS5604: GS5604_IsiGetCapsIss (enter)
E/CameraHal_Marvin(  163): GS5604: GS5604_IsiGetCapsIss (exit)
D/CameraHal(  163): setupPreview(248): isp out put format is YUV420SP.
E/CameraHal_Marvin(  163): GS5604: GS5604_IsiRegReadIss (exit: 0x00000000 0x00006017)
E/CameraHal_Marvin(  163): GS5604: GS5604_IsiSetupSensorIss (enter).........
E/CameraHal_Marvin(  163): GS5604: GS5604MIPI_WAIT_STATUS ( GS5604MIPI_WAIT_STATUS enter,p_value:0x1)
E/CameraHal_Marvin(  163): GS5604: GS5604MIPI_WAIT_STATUS ( GS5604MIPI_WAIT_STATUS-- enter,p_value:0x0)
E/CameraHal_Marvin(  163): GS5604: IsiRegDefaultsApply_W (enter)
D/PowerManagerService(  453): releaseWakeLockInternal: lock=449674985 [CellBroadcastHandler], flags=0x0
D/PowerManagerService(  453): updateWakeLockSummaryLocked: mWakefulness=Awake, mWakeLockSummary=0x1
D/PowerManagerService(  453): updateUserActivitySummaryLocked: mWakefulness=Awake, mUserActivitySummary=0x1, nextTimeout=2147476647 (in 2147445905 ms)
D/PowerManagerService(  453): updateDisplayPowerStateLocked: mDisplayReady=true, policy=3, mWakefulness=1, mWakeLockSummary=0x1, mUserActivitySummary=0x1, mBootCompleted=false, mScreenBrightnessBoostInProgress=false
D/PowerManagerService(  453): releaseWakeLockInternal: lock=89963563 [CdmaServiceCategoryProgramHandler], flags=0x0
D/PowerManagerService(  453): updateWakeLockSummaryLocked: mWakefulness=Awake, mWakeLockSummary=0x1
D/PowerManagerService(  453): updateUserActivitySummaryLocked: mWakefulness=Awake, mUserActivitySummary=0x1, nextTimeout=2147476647 (in 2147445851 ms)
D/PowerManagerService(  453): updateDisplayPowerStateLocked: mDisplayReady=true, policy=3, mWakefulness=1, mWakeLockSummary=0x1, mUserActivitySummary=0x1, mBootCompleted=false, mScreenBrightnessBoostInProgress=false
W/PhoneWindowManager(  453): Keyguard drawn timeout. Setting mKeyguardDrawComplete
D/PowerManagerService(  453): releaseWakeLockInternal: lock=1008371107 [AudioMix], flags=0x0
D/PowerManagerService(  453): updateWakeLockSummaryLocked: mWakefulness=Awake, mWakeLockSummary=0x1
D/PowerManagerService(  453): updateUserActivitySummaryLocked: mWakefulness=Awake, mUserActivitySummary=0x1, nextTimeout=2147476647 (in 2147445780 ms)
D/PowerManagerService(  453): updateDisplayPowerStateLocked: mDisplayReady=true, policy=3, mWakefulness=1, mWakeLockSummary=0x1, mUserActivitySummary=0x1, mBootCompleted=false, mScreenBrightnessBoostInProgress=false
D/PowerManagerService(  453): releaseWakeLockInternal: lock=629918131 [GsmInboundSmsHandler], flags=0x0
D/PowerManagerService(  453): updateWakeLockSummaryLocked: mWakefulness=Awake, mWakeLockSummary=0x1
D/PowerManagerService(  453): updateUserActivitySummaryLocked: mWakefulness=Awake, mUserActivitySummary=0x1, nextTimeout=2147476647 (in 2147445772 ms)
D/PowerManagerService(  453): updateDisplayPowerStateLocked: mDisplayReady=true, policy=3, mWakefulness=1, mWakeLockSummary=0x1, mUserActivitySummary=0x1, mBootCompleted=false, mScreenBrightnessBoostInProgress=false
D/PowerManagerService(  453): releaseWakeLockInternal: lock=662053029 [CdmaInboundSmsHandler], flags=0x0
D/PowerManagerService(  453): updateWakeLockSummaryLocked: mWakefulness=Awake, mWakeLockSummary=0x0
D/PowerManagerService(  453): updateUserActivitySummaryLocked: mWakefulness=Awake, mUserActivitySummary=0x1, nextTimeout=2147476647 (in 2147445770 ms)
D/PowerManagerService(  453): updateDisplayPowerStateLocked: mDisplayReady=true, policy=3, mWakefulness=1, mWakeLockSummary=0x0, mUserActivitySummary=0x1, mBootCompleted=false, mScreenBrightnessBoostInProgress=false
D/PowerManagerService(  453): Releasing suspend blocker "PowerManagerService.WakeLocks".
E/CameraHal_Marvin(  163): GS5604: GS5604MIPI_WAIT_STATUS2 ( GS5604MIPI_WAIT_STATUS2 enter,p_value:0x3)
E/CameraHal_Marvin(  163): GS5604: GS5604MIPI_WAIT_STATUS2 ( GS5604MIPI_WAIT_STATUS2--- enter,p_value:0x2)
E/CameraHal_Marvin(  163): GS5604: GS5604_IsiSetupSensorIss (enter222222)
E/CameraHal_Marvin(  163): GS5604: GS5604_SetupOutputWindow (enter...pConfig->Resolution:0x3c5002d0..)
E/CameraHal_Marvin(  163): GS5604: GS5604_SetupOutputWindow: case ISI_RES_TV720P30 
E/CameraHal_Marvin(  163): GS5604: IsiRegDefaultsApply_W (enter)
E/CameraHal_Marvin(  163): GS5604: GS5604_SetupOutputWindow: successs to set  ISI_RES_TV720P30 I2CADDR:0x78 
E/CameraHal_Marvin(  163): GS5604: GS5604MIPI_WAIT_STATUS1 ( GS5604MIPI_WAIT_STATUS1 enter,p_value:0x22)
E/CameraHal_Marvin(  163): GS5604: GS5604MIPI_WAIT_STATUS1 ( GS5604MIPI_WAIT_STATUS1-- enter,p_value:0x20))
E/CameraHal_Marvin(  163): GS5604: GS5604_IsiSetupSensorIss: (exit)
E/CameraHal_Marvin(  163): GS5604: GS5604_IsiMdiFocusSet: ((enter)
E/CameraHal_Marvin(  163): GS5604: GS5604_IsiMdiFocusSet: Position:1;SlaveAddress:0x78
E/CameraHal_Marvin(  163): GS5604: IsiRegDefaultsApply_W (enter)
E/CameraHal_Marvin(  163): GS5604: GS5604_IsiMdiFocusSet: Download GS5604_af_firmware success
E/CameraHal_Marvin(  163): GS5604: GS5604_IsiMdiFocusSet: (exit)
E/CameraHal_Marvin(  163): GS5604: GS5604_IsiRegReadIss (exit: 0x00000000 0x00006017)
E/CameraHal_Marvin(  163): GS5604: ------GS5604_IsiSensorSetStreamingIss (exit):on:1
E/CameraHal_Marvin(  163): ADPF: AdpfStart: Can't enable CamerIc DPF (8)
E/CameraHal_Marvin(  163): ADPCC: AdpccStart: Can't enable CamerIc DPCC (8)
E/CameraHal_Marvin(  163): GS5604: GS5604_IsiMdiSetupMotoDrive: this is SOC camera af(exit)
E/CameraHal_Marvin(  163): GS5604: GS5604_IsiGetCapsIss (enter)
E/CameraHal_Marvin(  163): GS5604: GS5604_IsiGetCapsIss (exit)
E/CameraHal_Marvin(  163): GS5604: GS5604_IsiGetCapsIss (enter)
E/CameraHal_Marvin(  163): GS5604: GS5604_IsiGetCapsIss (exit)
E/CameraHal_Marvin(  163): GS5604: GS5604_IsiGetCapsIss (enter)
E/CameraHal_Marvin(  163): GS5604: GS5604_IsiGetCapsIss (exit)
D/CameraHal(  163): enableSensor(213): orientation = 0xb78c7870 (MPL Accelerometer)
D/Sensors (  453): int sensors_poll_context_t::setDelay(int, int64_t)
D/Sensors (  453): max rate: 1000000
D/Sensors (  453): int sensors_poll_context_t::setDelay(int, int64_t)
D/Sensors (  453): max rate: 1000000
W/CameraService(  163): CameraService::connect X (id 0, this pid is 163, name media)
D/CameraHal(  163): commandThread(983): commandThread(983): receive CMD_PREVIEW_CAPTURE_CANCEL
D/CameraHal(  163): commandThread(991): commandThread(991): CMD_PREVIEW_CAPTURE_CANCEL out
D/CameraHal(  163): cancelPicture(561): cancel picture OK.
D/CameraHal(  163): commandThread(911): commandThread(911):receive CMD_PREVIEW_STOP
D/CameraHal(  163): commandThread(932): commandThread(932): CMD_PREVIEW_STOP out
D/CameraHal(  163): stopPreview(362): stop preview OK.
I/CameraClient(  163): Destroying camera 0
D/CameraHal(  163): camera_device_close(451): camera_device_close
D/CameraHal(  163): disableSensor(237): orientation = 0xb78c7870 (MPL Accelerometer)
D/CameraHal(  163): ~SensorListener(110): Kill looper thread
D/CameraHal(  163): ~SensorListener(122): Kill looper
D/CameraHal(  163): ~SensorListener(128): SensorListener destroyed
D/CameraHal(  163): displayThread(622): displayThread(622): receive CMD_DISPLAY_STOP
D/CameraHal(  163): cameraDisplayBufferDestory(399): cameraDisplayBufferDestory(399): mANativeWindow is NULL, destory is ignore
D/CameraHal(  163): encProcessThread(1632): encProcessThread(1632): receive CMD_ENCPROCESS_EXIT
I/vpu_mem_pool(  163): pid 163, close_vpu_memory_pool:501: vpu memory pool size (720000)
I/vpu_mem_pool(  163): pid 163, close_vpu_memory_pool:501: vpu memory pool size (640000)
I/vpu_mem_pool(  163): pid 163, close_vpu_memory_pool:501: vpu memory pool size (560000)
I/vpu_mem_pool(  163): pid 163, close_vpu_memory_pool:501: vpu memory pool size (480000)
I/vpu_mem_pool(  163): pid 163, close_vpu_memory_pool:501: vpu memory pool size (400000)
I/vpu_mem_pool(  163): pid 163, close_vpu_memory_pool:501: vpu memory pool size (320000)
I/vpu_mem_pool(  163): pid 163, close_vpu_memory_pool:501: vpu memory pool size (240000)
I/vpu_mem_pool(  163): pid 163, close_vpu_memory_pool:501: vpu memory pool size (160000)
I/vpu_mem_pool(  163): pid 163, close_vpu_memory_pool:501: vpu memory pool size (80000)
I/vpu_mem_pool(  163): pid 163, close_vpu_memory_pool:501: vpu memory pool size (0)
I/vpu_mem_pool(  163): pid 163, close_vpu_memory_pool:552: 
E/CameraHal_Marvin(  163): GS5604: GS5604_IsiMdiFocusSet: ((enter)
E/CameraHal_Marvin(  163): GS5604: GS5604_IsiMdiFocusSet: Position:0;SlaveAddress:0x78
E/CameraHal_Marvin(  163): GS5604: GS5604_IsiMdiFocusSet: download firmware and one shot focus failed
E/CameraHal_Marvin(  163): GS5604: GS5604_IsiMdiFocusSet: (exit)
E/CameraHal_Marvin(  163): GS5604: ------GS5604_IsiSensorSetStreamingIss (exit):on:0
D/CameraHal(  163): commandThread(1095): commandThread(1095): receive CMD_EXIT
D/CameraHal(  163): ~CameraHal(293): CameraHal destory success
W/CameraService(  163): removeClient: clear camera 0, package name media
D/mmk     (  581): onStatusChangedLocked.+++++++
E/CameraManagerGlobal(  581): Camera id 0 has status changed to 0x1
I/FrameQueueManage(  163): FrameQueueManage::~FrameQueueManage end!
I/FrameQueueManage(  163): FrameQueueManage::~FrameQueueManage end!
D/CameraHal(  163): camera_get_camera_info(1311): camera_get_camera_info(1311): camera_0 facing(0), orientation(90)
D/CameraHal(  163): camera_get_camera_info(1311): camera_get_camera_info(1311): camera_0 facing(0), orientation(90)
D/mmk     (  581): updateCallbackLocked.+++++++
D/mmk     (  581): postSingleUpdate.+++++++++ status = 1
D/BluetoothAdapter(  581): 755426358: getState() :  mService = null. Returning STATE_OFF
D/BluetoothAdapter(  581): 755426358: getState() :  mService = null. Returning STATE_OFF
D/BluetoothAdapter(  581): 755426358: getState() :  mService = null. Returning STATE_OFF
D/BluetoothAdapter(  581): 755426358: getState() :  mService = null. Returning STATE_OFF
D/DisplayManager(  581): getDisplayInfo: displayId=0, info=DisplayInfo{"Built-in Screen", uniqueId "local:0", app 1440 x 2464, real 1440 x 2560, largest app 2560 x 2414, smallest app 1440 x 1294, 60.387 fps, supportedRefreshRates [60.387], rotation 0, density 320 (537.8823 x 537.3884) dpi, layerStack 0, appVsyncOff 0, presDeadline 17559855, type BUILT_IN, state ON, FLAG_SECURE, FLAG_SUPPORTS_PROTECTED_BUFFERS}
D/OpenGLRenderer(  581): Use EGL_SWAP_BEHAVIOR_PRESERVED: true
D/Atlas   (  581): Validating map...
W/Atlas   (  581): Pointer 0x0, not in getPreloadedDrawables?
W/Atlas   (  581): Pointer 0x0, not in getPreloadedDrawables?
W/Atlas   (  581): Pointer 0x0, not in getPreloadedDrawables?
W/Atlas   (  581): Pointer 0x0, not in getPreloadedDrawables?
W/Atlas   (  581): Pointer 0x0, not in getPreloadedDrawables?
W/Atlas   (  581): Pointer 0x0, not in getPreloadedDrawables?
W/Atlas   (  581): Pointer 0x0, not in getPreloadedDrawables?
W/Atlas   (  581): Pointer 0x0, not in getPreloadedDrawables?
W/Atlas   (  581): Pointer 0x0, not in getPreloadedDrawables?
I/System.out(  581): ============================================================FourScreenCircleMenuView
D/PhoneStatusBar(  581): disable: < EXPAND* icons alerts system_info BACK* HOME* RECENT* clock SEARCH* >
D/DisplayManager(  581): getDisplayInfo: displayId=0, info=DisplayInfo{"Built-in Screen", uniqueId "local:0", app 1440 x 2464, real 1440 x 2560, largest app 2560 x 2414, smallest app 1440 x 1294, 60.387 fps, supportedRefreshRates [60.387], rotation 0, density 320 (537.8823 x 537.3884) dpi, layerStack 0, appVsyncOff 0, presDeadline 17559855, type BUILT_IN, state ON, FLAG_SECURE, FLAG_SUPPORTS_PROTECTED_BUFFERS}
D/DisplayManager(  581): getDisplayInfo: displayId=0, info=DisplayInfo{"Built-in Screen", uniqueId "local:0", app 1440 x 2464, real 1440 x 2560, largest app 2560 x 2414, smallest app 1440 x 1294, 60.387 fps, supportedRefreshRates [60.387], rotation 0, density 320 (537.8823 x 537.3884) dpi, layerStack 0, appVsyncOff 0, presDeadline 17559855, type BUILT_IN, state ON, FLAG_SECURE, FLAG_SUPPORTS_PROTECTED_BUFFERS}
D/DisplayManager(  581): getDisplayInfo: displayId=0, info=DisplayInfo{"Built-in Screen", uniqueId "local:0", app 1440 x 2464, real 1440 x 2560, largest app 2560 x 2414, smallest app 1440 x 1294, 60.387 fps, supportedRefreshRates [60.387], rotation 0, density 320 (537.8823 x 537.3884) dpi, layerStack 0, appVsyncOff 0, presDeadline 17559855, type BUILT_IN, state ON, FLAG_SECURE, FLAG_SUPPORTS_PROTECTED_BUFFERS}
D/BluetoothAdapter(  581): 755426358: getState() :  mService = null. Returning STATE_OFF
D/BluetoothAdapter(  581): 755426358: getState() :  mService = null. Returning STATE_OFF
D/PhoneStatusBar(  581): heads up is enabled
D/DisplayManager(  581): getDisplayInfo: displayId=0, info=DisplayInfo{"Built-in Screen", uniqueId "local:0", app 1440 x 2464, real 1440 x 2560, largest app 2560 x 2414, smallest app 1440 x 1294, 60.387 fps, supportedRefreshRates [60.387], rotation 0, density 320 (537.8823 x 537.3884) dpi, layerStack 0, appVsyncOff 0, presDeadline 17559855, type BUILT_IN, state ON, FLAG_SECURE, FLAG_SUPPORTS_PROTECTED_BUFFERS}
I/Choreographer(  581): Skipped 308 frames!  The application may be doing too much work on its main thread.
D/ViewRootImpl(  581): changeCanvasOpacity: opaque=true
D/mmk     (  581): updateCallbackLocked.+++++++
D/mmk     (  581): postSingleUpdate.+++++++++ status = 1
D/ViewRootImpl(  581): onAttachToWindow register content observer attrs=WM.LayoutParams{(0,0)(fillx50)mPosX=0mPosY=0mHScale=1.0mVScale=1.0 align=UNDEFINE taskId=-1 gr=#30 sim=#10 ty=2000 fl=#81840048 fmt=-3 surfaceInsets=Rect(0, 0 - 0, 0)packageName=com.android.systemuitoken=null}
I/RenderThread( 1019): type=1400 audit(0.0:9): avc: denied { read } for name="buf" dev="debugfs" ino=2476 scontext=u:r:platform_app:s0 tcontext=u:object_r:debugfs:s0 tclass=file permissive=1
I/RenderThread( 1019): type=1400 audit(0.0:10): avc: denied { getattr } for path="/sys/kernel/debug/rk_util/buf" dev="debugfs" ino=2476 scontext=u:r:platform_app:s0 tcontext=u:object_r:debugfs:s0 tclass=file permissive=1
D/ViewRootImpl(  581): 1440<<<<<< BACK FROM relayoutWM.LayoutParams{(0,0)(fillx50)mPosX=0mPosY=0mHScale=1.0mVScale=1.0 align=UNDEFINE taskId=-1 gr=#30 sim=#10 ty=2000 fl=#81840048 fmt=-3 surfaceInsets=Rect(0, 0 - 0, 0)packageName=com.android.systemuitoken=null}
I/mali_so (  581): [File] : hardware/arm/maliT760-r11-bak/driver/product/base/src/mali_base_kbase.c; [Line] : 928; [Func] : base_context_deal_with_version_affairs_rk_ext;
I/mali_so (  581): arm_release_ver of this mali_so is 'r11p0-00rel0', rk_so_ver is '11@0', built at '16:25:03', on 'Jun 22 2016'.
I/mali_so (  581): [File] : hardware/arm/maliT760-r11-bak/driver/product/base/src/mali_base_kbase.c; [Line] : 955; [Func] : base_context_deal_with_version_affairs_rk_ext;
I/mali_so (  581): mali_ver_property has been set to 'r11p0-00rel0-13-11@0', to return.
I/OpenGLRenderer(  581): Initialized EGL, version 1.4
D/        (  581): rtl is ok
D/OpenGLRenderer(  581): Enabling debug mode 0
D/mali_winsys(  581): EGLint new_window_surface(egl_winsys_display*, void*, EGLSurface, EGLConfig, egl_winsys_surface**, egl_color_buffer_format*, EGLBoolean) returns 0x3000
D/gralloc (  157): -----------------------------START usage=b00
D/gralloc (  157): [31,288000,0], usage=b00,ion_heap_type=0
D/gralloc (  157): heap_mask=10,ION_HEAP=10
D/ViewRootImpl(  453): 1440<<<<<< BACK FROM relayoutnull
D/gralloc (  157): -----------------------------START usage=933
D/gralloc (  157): [31,14192640,0], usage=933,ion_heap_type=0
D/gralloc (  157): heap_mask=10,ION_HEAP=10
D/gralloc (  157): Isfb=0,[1440,50,1440,5760],fmt=1,byte_stride=5760
D/gralloc (  157): -----------------------------START usage=b00
D/gralloc (  157): [31,288000,0], usage=b00,ion_heap_type=0
D/gralloc (  157): heap_mask=10,ION_HEAP=10
D/gralloc (  157): Isfb=0,[1440,50,1440,5760],fmt=1,byte_stride=5760
D/gralloc (  157): -----------------------------START usage=b00
D/gralloc (  157): [31,288000,0], usage=b00,ion_heap_type=0
D/gralloc (  157): heap_mask=10,ION_HEAP=10
D/gralloc (  157): Isfb=0,[1440,50,1440,5760],fmt=1,byte_stride=5760
D/gralloc (  157): Isfb=0,[1440,2464,1440,5760],fmt=1,byte_stride=5760
D/ViewRootImpl(  581): onAttachToWindow register content observer attrs=WM.LayoutParams{(0,0)(fillxfill)mPosX=0mPosY=0mHScale=1.0mVScale=1.0 align=UNDEFINE taskId=-1 gr=#800053 sim=#31 ty=2024 fl=#1820100 fmt=-3 surfaceInsets=Rect(0, 0 - 0, 0)packageName=com.android.systemuitoken=null}
D/ViewRootImpl(  581): 1440<<<<<< BACK FROM relayoutWM.LayoutParams{(0,0)(fillxfill)mPosX=0mPosY=0mHScale=1.0mVScale=1.0 align=UNDEFINE taskId=-1 gr=#800053 sim=#31 ty=2024 fl=#1820100 fmt=-3 surfaceInsets=Rect(0, 0 - 0, 0)packageName=com.android.systemuitoken=null}
D/ViewRootImpl(  841): 1440<<<<<< BACK FROM relayoutnull
D/ViewRootImpl(  581): onAttachToWindow register content observer attrs=WM.LayoutParams{(0,0)(fillxfill)mPosX=0mPosY=0mHScale=1.0mVScale=1.0 align=UNDEFINE taskId=-1 ty=2019 fl=#1840068 fmt=-3 surfaceInsets=Rect(0, 0 - 0, 0)packageName=com.android.systemuitoken=null}
D/ViewRootImpl(  581): 1440<<<<<< BACK FROM relayoutWM.LayoutParams{(0,0)(fillxfill)mPosX=0mPosY=0mHScale=1.0mVScale=1.0 align=UNDEFINE taskId=-1 sim=#20 ty=2019 fl=#1840068 fmt=-3 surfaceInsets=Rect(0, 0 - 0, 0)packageName=com.android.systemuitoken=null}
D/mali_winsys(  581): EGLint new_window_surface(egl_winsys_display*, void*, EGLSurface, EGLConfig, egl_winsys_surface**, egl_color_buffer_format*, EGLBoolean) returns 0x3000
D/gralloc (  157): -----------------------------START usage=b00
D/gralloc (  157): [31,552960,0], usage=b00,ion_heap_type=0
D/gralloc (  157): heap_mask=10,ION_HEAP=10
D/gralloc (  157): Isfb=0,[1440,96,1440,5760],fmt=1,byte_stride=5760
D/gralloc (  157): -----------------------------START usage=b00
D/gralloc (  157): [31,552960,0], usage=b00,ion_heap_type=0
D/gralloc (  157): heap_mask=10,ION_HEAP=10
D/gralloc (  157): Isfb=0,[1440,96,1440,5760],fmt=1,byte_stride=5760
D/gralloc (  157): -----------------------------START usage=b00
D/gralloc (  157): [31,552960,0], usage=b00,ion_heap_type=0
D/gralloc (  157): heap_mask=10,ION_HEAP=10
D/gralloc (  157): Isfb=0,[1440,96,1440,5760],fmt=1,byte_stride=5760
D/DisplayManager(  581): getDisplayInfo: displayId=0, info=DisplayInfo{"Built-in Screen", uniqueId "local:0", app 1440 x 2464, real 1440 x 2560, largest app 2560 x 2414, smallest app 1440 x 1294, 60.387 fps, supportedRefreshRates [60.387], rotation 0, density 320 (537.8823 x 537.3884) dpi, layerStack 0, appVsyncOff 0, presDeadline 17559855, type BUILT_IN, state ON, FLAG_SECURE, FLAG_SUPPORTS_PROTECTED_BUFFERS}
D/ViewRootImpl(  581): onAttachToWindow register content observer attrs=WM.LayoutParams{(0,0)(fillx500)mPosX=0mPosY=0mHScale=1.0mVScale=1.0 align=UNDEFINE taskId=-1 gr=#30 ty=2014 fl=#1820328 fmt=-3 wanim=0x7f0b002e surfaceInsets=Rect(0, 0 - 0, 0)packageName=com.android.systemuitoken=null}
D/ViewRootImpl(  581): 1440<<<<<< BACK FROM relayoutWM.LayoutParams{(0,0)(fillx500)mPosX=0mPosY=0mHScale=1.0mVScale=1.0 align=UNDEFINE taskId=-1 gr=#30 sim=#20 ty=2014 fl=#1820328 fmt=-3 wanim=0x7f0b002e surfaceInsets=Rect(0, 0 - 0, 0)packageName=com.android.systemuitoken=null}
V/KeyguardUpdateMonitor(  581): action android.intent.action.SIM_STATE_CHANGED state: NOT_READY slotId: 0 subid: 0
D/DisplayManager(  581): getDisplayInfo: displayId=0, info=DisplayInfo{"Built-in Screen", uniqueId "local:0", app 1440 x 2464, real 1440 x 2560, largest app 2560 x 2414, smallest app 1440 x 1294, 60.387 fps, supportedRefreshRates [60.387], rotation 0, density 320 (537.8823 x 537.3884) dpi, layerStack 0, appVsyncOff 0, presDeadline 17559855, type BUILT_IN, state ON, FLAG_SECURE, FLAG_SUPPORTS_PROTECTED_BUFFERS}
D/DisplayManager(  581): getDisplayInfo: displayId=0, info=DisplayInfo{"Built-in Screen", uniqueId "local:0", app 1440 x 2464, real 1440 x 2560, largest app 2560 x 2414, smallest app 1440 x 1294, 60.387 fps, supportedRefreshRates [60.387], rotation 0, density 320 (537.8823 x 537.3884) dpi, layerStack 0, appVsyncOff 0, presDeadline 17559855, type BUILT_IN, state ON, FLAG_SECURE, FLAG_SUPPORTS_PROTECTED_BUFFERS}
D/DisplayManager(  581): getDisplayInfo: displayId=0, info=DisplayInfo{"Built-in Screen", uniqueId "local:0", app 1440 x 2464, real 1440 x 2560, largest app 2560 x 2414, smallest app 1440 x 1294, 60.387 fps, supportedRefreshRates [60.387], rotation 0, density 320 (537.8823 x 537.3884) dpi, layerStack 0, appVsyncOff 0, presDeadline 17559855, type BUILT_IN, state ON, FLAG_SECURE, FLAG_SUPPORTS_PROTECTED_BUFFERS}
D/DisplayManager(  581): getDisplayInfo: displayId=0, info=DisplayInfo{"Built-in Screen", uniqueId "local:0", app 1440 x 2464, real 1440 x 2560, largest app 2560 x 2414, smallest app 1440 x 1294, 60.387 fps, supportedRefreshRates [60.387], rotation 0, density 320 (537.8823 x 537.3884) dpi, layerStack 0, appVsyncOff 0, presDeadline 17559855, type BUILT_IN, state ON, FLAG_SECURE, FLAG_SUPPORTS_PROTECTED_BUFFERS}
D/        (  581): rtl is ok
D/mali_winsys(  581): EGLint new_window_surface(egl_winsys_display*, void*, EGLSurface, EGLConfig, egl_winsys_surface**, egl_color_buffer_format*, EGLBoolean) returns 0x3000
D/gralloc (  157): -----------------------------START usage=b00
D/gralloc (  157): [31,14745600,0], usage=b00,ion_heap_type=0
D/gralloc (  157): heap_mask=10,ION_HEAP=10
D/gralloc (  157): Isfb=0,[1440,2560,1440,5760],fmt=2,byte_stride=5760
D/DisplayManager(  581): getDisplayInfo: displayId=0, info=DisplayInfo{"Built-in Screen", uniqueId "local:0", app 1440 x 2464, real 1440 x 2560, largest app 2560 x 2414, smallest app 1440 x 1294, 60.387 fps, supportedRefreshRates [60.387], rotation 0, density 320 (537.8823 x 537.3884) dpi, layerStack 0, appVsyncOff 0, presDeadline 17559855, type BUILT_IN, state ON, FLAG_SECURE, FLAG_SUPPORTS_PROTECTED_BUFFERS}
D/DisplayManager(  581): getDisplayInfo: displayId=0, info=DisplayInfo{"Built-in Screen", uniqueId "local:0", app 1440 x 2464, real 1440 x 2560, largest app 2560 x 2414, smallest app 1440 x 1294, 60.387 fps, supportedRefreshRates [60.387], rotation 0, density 320 (537.8823 x 537.3884) dpi, layerStack 0, appVsyncOff 0, presDeadline 17559855, type BUILT_IN, state ON, FLAG_SECURE, FLAG_SUPPORTS_PROTECTED_BUFFERS}
V/KeyguardServiceDelegate(  453): *** Keyguard connected (yay!)
D/WifiService(  453): New client listening to asynchronous messages
I/Choreographer(  581): Skipped 127 frames!  The application may be doing too much work on its main thread.
D/OpenGLRenderer(  581): setting property extraRasterBucket to 0.95
D/OpenGLRenderer(  581):     failed
D/OpenGLRenderer(  581): setting property extraRasterBucket to 0.0
D/OpenGLRenderer(  581):     failed
D/KeyguardUpdateMonitor(  581): handleSimStateChange(subId=0, slotId=0, state=NOT_READY)
D/KeyguardViewMediator(  581): onSimStateChanged(subId=0, slotId=0,state=NOT_READY)
D/DisplayManager(  581): getDisplayInfo: displayId=0, info=DisplayInfo{"Built-in Screen", uniqueId "local:0", app 1440 x 2464, real 1440 x 2560, largest app 2560 x 2414, smallest app 1440 x 1294, 60.387 fps, supportedRefreshRates [60.387], rotation 0, density 320 (537.8823 x 537.3884) dpi, layerStack 0, appVsyncOff 0, presDeadline 17559855, type BUILT_IN, state ON, FLAG_SECURE, FLAG_SUPPORTS_PROTECTED_BUFFERS}
D/DisplayManager(  581): getDisplayInfo: displayId=0, info=DisplayInfo{"Built-in Screen", uniqueId "local:0", app 1440 x 2464, real 1440 x 2560, largest app 2560 x 2414, smallest app 1440 x 1294, 60.387 fps, supportedRefreshRates [60.387], rotation 0, density 320 (537.8823 x 537.3884) dpi, layerStack 0, appVsyncOff 0, presDeadline 17559855, type BUILT_IN, state ON, FLAG_SECURE, FLAG_SUPPORTS_PROTECTED_BUFFERS}
D/DisplayManager(  581): getDisplayInfo: displayId=0, info=DisplayInfo{"Built-in Screen", uniqueId "local:0", app 1440 x 2464, real 1440 x 2560, largest app 2560 x 2414, smallest app 1440 x 1294, 60.387 fps, supportedRefreshRates [60.387], rotation 0, density 320 (537.8823 x 537.3884) dpi, layerStack 0, appVsyncOff 0, presDeadline 17559855, type BUILT_IN, state ON, FLAG_SECURE, FLAG_SUPPORTS_PROTECTED_BUFFERS}
D/DisplayManager(  581): getDisplayInfo: displayId=0, info=DisplayInfo{"Built-in Screen", uniqueId "local:0", app 1440 x 2464, real 1440 x 2560, largest app 2560 x 2414, smallest app 1440 x 1294, 60.387 fps, supportedRefreshRates [60.387], rotation 0, density 320 (537.8823 x 537.3884) dpi, layerStack 0, appVsyncOff 0, presDeadline 17559855, type BUILT_IN, state ON, FLAG_SECURE, FLAG_SUPPORTS_PROTECTED_BUFFERS}
V/KeyguardUpdateMonitor(  581): onSubscriptionInfoChanged()
V/KeyguardUpdateMonitor(  581): onSubscriptionInfoChanged: list is null
D/PowerManagerService(  453): userActivityNoUpdateLocked: eventTime=34780, event=0, flags=0x0, uid=10012
V/KeyguardServiceDelegate(  453): **** SHOWN CALLED ****
D/WindowManagerService(  453): null  ==========setInputFocusLw ==========  =======
D/PhoneStatusBar(  581): disable: < expand* icons alerts system_info back* home* recent* clock search* >
D/ViewRootImpl(  453): 1440<<<<<< BACK FROM relayoutnull
D/WindowManagerService(  453): Window{164c2906 u0 com.android.launcher3/com.android.launcher3.Launcher}  ==========setInputFocusLw ==========  =======
D/DisplayManager(  581): getDisplayInfo: displayId=0, info=DisplayInfo{"Built-in Screen", uniqueId "local:0", app 1440 x 2464, real 1440 x 2560, largest app 2560 x 2414, smallest app 1440 x 1294, 60.387 fps, supportedRefreshRates [60.387], rotation 0, density 320 (537.8823 x 537.3884) dpi, layerStack 0, appVsyncOff 0, presDeadline 17559855, type BUILT_IN, state ON, FLAG_SECURE, FLAG_SUPPORTS_PROTECTED_BUFFERS}
D/gralloc (  157): alloc_device_free
D/DisplayManager(  581): getDisplayInfo: displayId=0, info=DisplayInfo{"Built-in Screen", uniqueId "local:0", app 1440 x 2464, real 1440 x 2560, largest app 2560 x 2414, smallest app 1440 x 1294, 60.387 fps, supportedRefreshRates [60.387], rotation 0, density 320 (537.8823 x 537.3884) dpi, layerStack 0, appVsyncOff 0, presDeadline 17559855, type BUILT_IN, state ON, FLAG_SECURE, FLAG_SUPPORTS_PROTECTED_BUFFERS}
D/DisplayManager(  581): getDisplayInfo: displayId=0, info=DisplayInfo{"Built-in Screen", uniqueId "local:0", app 1440 x 2464, real 1440 x 2560, largest app 2560 x 2414, smallest app 1440 x 1294, 60.387 fps, supportedRefreshRates [60.387], rotation 0, density 320 (537.8823 x 537.3884) dpi, layerStack 0, appVsyncOff 0, presDeadline 17559855, type BUILT_IN, state ON, FLAG_SECURE, FLAG_SUPPORTS_PROTECTED_BUFFERS}
D/gralloc (  157): alloc_device_free
I/ActivityManagerService(  453): Waited long enough for: ServiceRecord{23f1cf92 u0 com.android.music/.MediaPlaybackService}
D/PowerManagerService(  453): acquireWakeLockInternal: lock=879571005, flags=0x1, tag="*alarm*", ws=WorkSource{1000}, uid=1000, pid=453
D/PowerManagerService(  453): updateWakeLockSummaryLocked: mWakefulness=Awake, mWakeLockSummary=0x1
D/PowerManagerService(  453): updateUserActivitySummaryLocked: mWakefulness=Awake, mUserActivitySummary=0x1, nextTimeout=2147476647 (in 2147428490 ms)
D/PowerManagerService(  453): updateDisplayPowerStateLocked: mDisplayReady=true, policy=3, mWakefulness=1, mWakeLockSummary=0x1, mUserActivitySummary=0x1, mBootCompleted=false, mScreenBrightnessBoostInProgress=false
D/PowerManagerService(  453): Acquiring suspend blocker "PowerManagerService.WakeLocks".
D/PowerManagerService(  453): acquireWakeLockInternal: lock=649379597, flags=0x1, tag="NextAlarmTracker", ws=null, uid=1000, pid=453
D/PowerManagerService(  453): updateWakeLockSummaryLocked: mWakefulness=Awake, mWakeLockSummary=0x1
D/PowerManagerService(  453): updateUserActivitySummaryLocked: mWakefulness=Awake, mUserActivitySummary=0x1, nextTimeout=2147476647 (in 2147428487 ms)
D/PowerManagerService(  453): updateDisplayPowerStateLocked: mDisplayReady=true, policy=3, mWakefulness=1, mWakeLockSummary=0x1, mUserActivitySummary=0x1, mBootCompleted=false, mScreenBrightnessBoostInProgress=false
D/PowerManagerService(  453): releaseWakeLockInternal: lock=879571005 [*alarm*], flags=0x0
D/PowerManagerService(  453): updateWakeLockSummaryLocked: mWakefulness=Awake, mWakeLockSummary=0x1
D/PowerManagerService(  453): updateUserActivitySummaryLocked: mWakefulness=Awake, mUserActivitySummary=0x1, nextTimeout=2147476647 (in 2147428482 ms)
D/PowerManagerService(  453): updateDisplayPowerStateLocked: mDisplayReady=true, policy=3, mWakefulness=1, mWakeLockSummary=0x1, mUserActivitySummary=0x1, mBootCompleted=false, mScreenBrightnessBoostInProgress=false
D/PowerManagerService(  453): releaseWakeLockInternal: lock=649379597 [NextAlarmTracker], flags=0x0
D/PowerManagerService(  453): updateWakeLockSummaryLocked: mWakefulness=Awake, mWakeLockSummary=0x0
D/PowerManagerService(  453): updateUserActivitySummaryLocked: mWakefulness=Awake, mUserActivitySummary=0x1, nextTimeout=2147476647 (in 2147423482 ms)
D/PowerManagerService(  453): updateDisplayPowerStateLocked: mDisplayReady=true, policy=3, mWakefulness=1, mWakeLockSummary=0x0, mUserActivitySummary=0x1, mBootCompleted=false, mScreenBrightnessBoostInProgress=false
D/PowerManagerService(  453): Releasing suspend blocker "PowerManagerService.WakeLocks".
D/PowerManagerService(  453): updateIsPoweredLocked: wasPowered=false, mIsPowered=false, oldPlugType=0, mPlugType=0, mBatteryLevel=90
W/WindowManagerService(  453): ***** BOOT TIMEOUT: forcing display enabled
I/SystemServiceManager(  453): Starting phase 1000
D/PowerManagerService(  453): userActivityNoUpdateLocked: eventTime=59800, event=0, flags=0x0, uid=1000
D/PowerManagerService(  453): updateUserActivitySummaryLocked: mWakefulness=Awake, mUserActivitySummary=0x1, nextTimeout=2147536447 (in 2147476646 ms)
D/PowerManagerService(  453): updateDisplayPowerStateLocked: mDisplayReady=true, policy=3, mWakefulness=1, mWakeLockSummary=0x0, mUserActivitySummary=0x1, mBootCompleted=true, mScreenBrightnessBoostInProgress=false
D/PowerManagerService(  453): acquireWakeLockInternal: lock=849659150, flags=0x1, tag="SCREEN_FROZEN", ws=null, uid=1000, pid=453
D/PowerManagerService(  453): updateWakeLockSummaryLocked: mWakefulness=Awake, mWakeLockSummary=0x1
D/PowerManagerService(  453): updateUserActivitySummaryLocked: mWakefulness=Awake, mUserActivitySummary=0x1, nextTimeout=2147536447 (in 2147476633 ms)
D/PowerManagerService(  453): updateDisplayPowerStateLocked: mDisplayReady=true, policy=3, mWakefulness=1, mWakeLockSummary=0x1, mUserActivitySummary=0x1, mBootCompleted=true, mScreenBrightnessBoostInProgress=false
D/PowerManagerService(  453): Acquiring suspend blocker "PowerManagerService.WakeLocks".
D/DisplayManager(  453): getDisplayInfo: displayId=0, info=DisplayInfo{"Built-in Screen", uniqueId "local:0", app 1440 x 2464, real 1440 x 2560, largest app 2560 x 2414, smallest app 1440 x 1294, 60.387 fps, supportedRefreshRates [60.387], rotation 0, density 320 (537.8823 x 537.3884) dpi, layerStack 0, appVsyncOff 0, presDeadline 17559855, type BUILT_IN, state ON, FLAG_SECURE, FLAG_SUPPORTS_PROTECTED_BUFFERS}
D/DisplayManager(  453): getDisplayInfo: displayId=0, info=DisplayInfo{"Built-in Screen", uniqueId "local:0", app 1440 x 2464, real 1440 x 2560, largest app 2560 x 2414, smallest app 1440 x 1294, 60.387 fps, supportedRefreshRates [60.387], rotation 0, density 320 (537.8823 x 537.3884) dpi, layerStack 0, appVsyncOff 0, presDeadline 17559855, type BUILT_IN, state ON, FLAG_SECURE, FLAG_SUPPORTS_PROTECTED_BUFFERS}
D/PermissionCache(  157): checking android.permission.READ_FRAME_BUFFER for uid=1000 => granted (422 us)
D/gralloc (  157): -----------------------------START usage=b33
D/gralloc (  157): [31,14745600,0], usage=b33,ion_heap_type=0
D/gralloc (  157): heap_mask=10,ION_HEAP=10
D/gralloc (  157): Isfb=0,[1440,2560,1440,5760],fmt=1,byte_stride=5760
W/[Gralloc-Warning](  157): int gralloc_register_buffer(const gralloc_module_t*, buffer_handle_t):107 Registering handle 0xb83b0680 coming from the same process: 157.
I/SurfaceFlinger(  157): Boot is finished (55116 ms)
D/DisplayManager(  453): getDisplayInfo: displayId=0, info=DisplayInfo{"Built-in Screen", uniqueId "local:0", app 2560 x 1344, real 2560 x 1440, largest app 2560 x 2414, smallest app 1440 x 1294, 60.387 fps, supportedRefreshRates [60.387], rotation 1, density 320 (537.8823 x 537.3884) dpi, layerStack 0, appVsyncOff 0, presDeadline 17559855, type BUILT_IN, state ON, FLAG_SECURE, FLAG_SUPPORTS_PROTECTED_BUFFERS}
D/gralloc (  157): alloc_device_free
D/gralloc (  157): alloc_device_free
D/gralloc (  157): alloc_device_free
I/ActivityManagerService(  453): Start proc 1040:com.android.keychain/1000 for service com.android.keychain/.KeyChainService
I/ActivityManagerService(  453): Config changes=480 {1.0 multiwindowflag=DISABLE dualscreenflag=DISABLE ?mcc?mnc en_US ?layoutDir sw720dp w1280dp h647dp 320dpi lrg long land -touch -keyb/v/h -nav/h s.5}
D/DisplayManager(  453): getDisplayInfo: displayId=0, info=DisplayInfo{"Built-in Screen", uniqueId "local:0", app 2560 x 1344, real 2560 x 1440, largest app 2560 x 2414, smallest app 1440 x 1294, 60.387 fps, supportedRefreshRates [60.387], rotation 1, density 320 (537.8823 x 537.3884) dpi, layerStack 0, appVsyncOff 0, presDeadline 17559855, type BUILT_IN, state ON, FLAG_SECURE, FLAG_SUPPORTS_PROTECTED_BUFFERS}
D/DisplayManager(  453): getDisplayInfo: displayId=0, info=DisplayInfo{"Built-in Screen", uniqueId "local:0", app 2560 x 1344, real 2560 x 1440, largest app 2560 x 2414, smallest app 1440 x 1294, 60.387 fps, supportedRefreshRates [60.387], rotation 1, density 320 (537.8823 x 537.3884) dpi, layerStack 0, appVsyncOff 0, presDeadline 17559855, type BUILT_IN, state ON, FLAG_SECURE, FLAG_SUPPORTS_PROTECTED_BUFFERS}
I/RecoverySystem(  453): No recovery log file
I/BootReceiver(  453): Copying /proc/last_kmsg to DropBox (SYSTEM_LAST_KMSG)
D/DisplayManager(  913): getDisplayInfo: displayId=0, info=DisplayInfo{"Built-in Screen", uniqueId "local:0", app 2560 x 1344, real 2560 x 1440, largest app 2560 x 2414, smallest app 1440 x 1294, 60.387 fps, supportedRefreshRates [60.387], rotation 1, density 320 (537.8823 x 537.3884) dpi, layerStack 0, appVsyncOff 0, presDeadline 17559855, type BUILT_IN, state ON, FLAG_SECURE, FLAG_SUPPORTS_PROTECTED_BUFFERS}
D/DisplayManager(  841): getDisplayInfo: displayId=0, info=DisplayInfo{"Built-in Screen", uniqueId "local:0", app 2560 x 1344, real 2560 x 1440, largest app 2560 x 2414, smallest app 1440 x 1294, 60.387 fps, supportedRefreshRates [60.387], rotation 1, density 320 (537.8823 x 537.3884) dpi, layerStack 0, appVsyncOff 0, presDeadline 17559855, type BUILT_IN, state ON, FLAG_SECURE, FLAG_SUPPORTS_PROTECTED_BUFFERS}
D/DisplayManager(  860): getDisplayInfo: displayId=0, info=DisplayInfo{"Built-in Screen", uniqueId "local:0", app 2560 x 1344, real 2560 x 1440, largest app 2560 x 2414, smallest app 1440 x 1294, 60.387 fps, supportedRefreshRates [60.387], rotation 1, density 320 (537.8823 x 537.3884) dpi, layerStack 0, appVsyncOff 0, presDeadline 17559855, type BUILT_IN, state ON, FLAG_SECURE, FLAG_SUPPORTS_PROTECTED_BUFFERS}
D/DisplayManager(  884): getDisplayInfo: displayId=0, info=DisplayInfo{"Built-in Screen", uniqueId "local:0", app 2560 x 1344, real 2560 x 1440, largest app 2560 x 2414, smallest app 1440 x 1294, 60.387 fps, supportedRefreshRates [60.387], rotation 1, density 320 (537.8823 x 537.3884) dpi, layerStack 0, appVsyncOff 0, presDeadline 17559855, type BUILT_IN, state ON, FLAG_SECURE, FLAG_SUPPORTS_PROTECTED_BUFFERS}
D/DisplayManager(  581): getDisplayInfo: displayId=0, info=DisplayInfo{"Built-in Screen", uniqueId "local:0", app 2560 x 1344, real 2560 x 1440, largest app 2560 x 2414, smallest app 1440 x 1294, 60.387 fps, supportedRefreshRates [60.387], rotation 1, density 320 (537.8823 x 537.3884) dpi, layerStack 0, appVsyncOff 0, presDeadline 17559855, type BUILT_IN, state ON, FLAG_SECURE, FLAG_SUPPORTS_PROTECTED_BUFFERS}
I/SurfaceFlinger(  157): Boot is finished (55365 ms)
D/DisplayManager(  636): getDisplayInfo: displayId=0, info=DisplayInfo{"Built-in Screen", uniqueId "local:0", app 2560 x 1344, real 2560 x 1440, largest app 2560 x 2414, smallest app 1440 x 1294, 60.387 fps, supportedRefreshRates [60.387], rotation 1, density 320 (537.8823 x 537.3884) dpi, layerStack 0, appVsyncOff 0, presDeadline 17559855, type BUILT_IN, state ON, FLAG_SECURE, FLAG_SUPPORTS_PROTECTED_BUFFERS}
D/DisplayManager(  823): getDisplayInfo: displayId=0, info=DisplayInfo{"Built-in Screen", uniqueId "local:0", app 2560 x 1344, real 2560 x 1440, largest app 2560 x 2414, smallest app 1440 x 1294, 60.387 fps, supportedRefreshRates [60.387], rotation 1, density 320 (537.8823 x 537.3884) dpi, layerStack 0, appVsyncOff 0, presDeadline 17559855, type BUILT_IN, state ON, FLAG_SECURE, FLAG_SUPPORTS_PROTECTED_BUFFERS}
D/DisplayManager(  544): getDisplayInfo: displayId=0, info=DisplayInfo{"Built-in Screen", uniqueId "local:0", app 2560 x 1344, real 2560 x 1440, largest app 2560 x 2414, smallest app 1440 x 1294, 60.387 fps, supportedRefreshRates [60.387], rotation 1, density 320 (537.8823 x 537.3884) dpi, layerStack 0, appVsyncOff 0, presDeadline 17559855, type BUILT_IN, state ON, FLAG_SECURE, FLAG_SUPPORTS_PROTECTED_BUFFERS}
D/DisplayManager(  761): getDisplayInfo: displayId=0, info=DisplayInfo{"Built-in Screen", uniqueId "local:0", app 2560 x 1344, real 2560 x 1440, largest app 2560 x 2414, smallest app 1440 x 1294, 60.387 fps, supportedRefreshRates [60.387], rotation 1, density 320 (537.8823 x 537.3884) dpi, layerStack 0, appVsyncOff 0, presDeadline 17559855, type BUILT_IN, state ON, FLAG_SECURE, FLAG_SUPPORTS_PROTECTED_BUFFERS}
D/DisplayManager(  805): getDisplayInfo: displayId=0, info=DisplayInfo{"Built-in Screen", uniqueId "local:0", app 2560 x 1344, real 2560 x 1440, largest app 2560 x 2414, smallest app 1440 x 1294, 60.387 fps, supportedRefreshRates [60.387], rotation 1, density 320 (537.8823 x 537.3884) dpi, layerStack 0, appVsyncOff 0, presDeadline 17559855, type BUILT_IN, state ON, FLAG_SECURE, FLAG_SUPPORTS_PROTECTED_BUFFERS}
D/DisplayManager(  699): getDisplayInfo: displayId=0, info=DisplayInfo{"Built-in Screen", uniqueId "local:0", app 2560 x 1344, real 2560 x 1440, largest app 2560 x 2414, smallest app 1440 x 1294, 60.387 fps, supportedRefreshRates [60.387], rotation 1, density 320 (537.8823 x 537.3884) dpi, layerStack 0, appVsyncOff 0, presDeadline 17559855, type BUILT_IN, state ON, FLAG_SECURE, FLAG_SUPPORTS_PROTECTED_BUFFERS}
D/DisplayManager(  955): getDisplayInfo: displayId=0, info=DisplayInfo{"Built-in Screen", uniqueId "local:0", app 2560 x 1344, real 2560 x 1440, largest app 2560 x 2414, smallest app 1440 x 1294, 60.387 fps, supportedRefreshRates [60.387], rotation 1, density 320 (537.8823 x 537.3884) dpi, layerStack 0, appVsyncOff 0, presDeadline 17559855, type BUILT_IN, state ON, FLAG_SECURE, FLAG_SUPPORTS_PROTECTED_BUFFERS}
D/DisplayManager(  841): getDisplayInfo: displayId=0, info=DisplayInfo{"Built-in Screen", uniqueId "local:0", app 2560 x 1344, real 2560 x 1440, largest app 2560 x 2414, smallest app 1440 x 1294, 60.387 fps, supportedRefreshRates [60.387], rotation 1, density 320 (537.8823 x 537.3884) dpi, layerStack 0, appVsyncOff 0, presDeadline 17559855, type BUILT_IN, state ON, FLAG_SECURE, FLAG_SUPPORTS_PROTECTED_BUFFERS}
D/DisplayManager(  453): getDisplayInfo: displayId=0, info=DisplayInfo{"Built-in Screen", uniqueId "local:0", app 2560 x 1344, real 2560 x 1440, largest app 2560 x 2414, smallest app 1440 x 1294, 60.387 fps, supportedRefreshRates [60.387], rotation 1, density 320 (537.8823 x 537.3884) dpi, layerStack 0, appVsyncOff 0, presDeadline 17559855, type BUILT_IN, state ON, FLAG_SECURE, FLAG_SUPPORTS_PROTECTED_BUFFERS}
D/DisplayManager(  823): getDisplayInfo: displayId=0, info=DisplayInfo{"Built-in Screen", uniqueId "local:0", app 2560 x 1344, real 2560 x 1440, largest app 2560 x 2414, smallest app 1440 x 1294, 60.387 fps, supportedRefreshRates [60.387], rotation 1, density 320 (537.8823 x 537.3884) dpi, layerStack 0, appVsyncOff 0, presDeadline 17559855, type BUILT_IN, state ON, FLAG_SECURE, FLAG_SUPPORTS_PROTECTED_BUFFERS}
