D/DisplayPowerController(  453): button lights toggle
E/Lights  (  453): write_int failed to open sys/class/leds/rk29_key_led/brightness
I/Lights  (  453): >>> Enter set_keyboard_light
D/DisplayPowerController(  453): send timeout msg after 1500
D/PowerManagerService(  453): Setting HAL auto-suspend mode to false
D/PowerManagerService(  453): Setting HAL interactive mode to true
E/RKPowerHAL(  453): Error opening /sys/devices/system/cpu/cpufreq/interactive/input_boost: No such file or directory
E/RKPowerHAL(  453): Error opening /sys/devices/system/cpu/cpu7/online: No such file or directory
E/RKPowerHAL(  453): Error opening /sys/devices/system/cpu/cpu6/online: No such file or directory
E/RKPowerHAL(  453): Error opening /sys/devices/system/cpu/cpu5/online: No such file or directory
E/RKPowerHAL(  453): Error opening /sys/devices/system/cpu/cpu4/online: No such file or directory
E/RKPowerHAL(  453): Error opening /sys/devices/system/cpu/cpu3/online: Permission denied
E/RKPowerHAL(  453): Error opening /sys/devices/system/cpu/cpu2/online: Permission denied
D/SurfaceFlinger(  156): Set power mode=2, type=0 flinger=0xb721b550
I/hwcomposer(  156): hwc_blank dpy[0],blank[0]
I/DisplayManagerService(  453): Display device changed: DisplayDeviceInfo{"Built-in Screen": uniqueId="local:0", 1440 x 2560, 60.387 fps, supportedRefreshRates [60.387], density 320, 537.8823 x 537.3884 dpi, appVsyncOff 0, presDeadline 17559855, touch INTERNAL, rotation 0, type BUILT_IN, state ON, FLAG_DEFAULT_DISPLAY, FLAG_ROTATES_WITH_CONTENT, FLAG_SECURE, FLAG_SUPPORTS_PROTECTED_BUFFERS}
D/DisplayManager(  453): onDisplayEvent: displayId=0, event=2
V/ActivityStackSupervisor(  453): Display changed displayId=0
D/DisplayManager(  561): onDisplayEvent: displayId=0, event=2
D/DisplayManager(  453): getDisplayInfo: displayId=0, info=DisplayInfo{"Built-in Screen", uniqueId "local:0", app 2560 x 1344, real 2560 x 1440, largest app 2560 x 2414, smallest app 1440 x 1294, 60.387 fps, supportedRefreshRates [60.387], rotation 1, density 320 (537.8823 x 537.3884) dpi, layerStack 0, appVsyncOff 0, presDeadline 17559855, type BUILT_IN, state ON, FLAG_SECURE, FLAG_SUPPORTS_PROTECTED_BUFFERS}
D/DisplayManager(  705): onDisplayEvent: displayId=0, event=2
D/DisplayManager(  764): onDisplayEvent: displayId=0, event=2
D/DisplayManager(  782): onDisplayEvent: displayId=0, event=2
D/DisplayManager(  802): onDisplayEvent: displayId=0, event=2
D/DisplayManager(  821): onDisplayEvent: displayId=0, event=2
D/DisplayManager(  738): onDisplayEvent: displayId=0, event=2
D/DisplayManager(  842): onDisplayEvent: displayId=0, event=2
D/DisplayManager(  868): onDisplayEvent: displayId=0, event=2
D/DisplayManager(  910): onDisplayEvent: displayId=0, event=2
D/DisplayManager(  930): onDisplayEvent: displayId=0, event=2
D/DisplayManager(  961): onDisplayEvent: displayId=0, event=2
D/DisplayManager( 1026): onDisplayEvent: displayId=0, event=2
D/DisplayManager( 1056): onDisplayEvent: displayId=0, event=2
D/DisplayManager( 1077): onDisplayEvent: displayId=0, event=2
D/DisplayManager( 1099): onDisplayEvent: displayId=0, event=2
D/DisplayManager( 1120): onDisplayEvent: displayId=0, event=2
D/DisplayManager( 1141): onDisplayEvent: displayId=0, event=2
D/DisplayManager( 1161): onDisplayEvent: displayId=0, event=2
D/DisplayManager( 1266): onDisplayEvent: displayId=0, event=2
D/DisplayManager( 1188): onDisplayEvent: displayId=0, event=2
D/DisplayManager(  802): getDisplayInfo: displayId=0, info=DisplayInfo{"Built-in Screen", uniqueId "local:0", app 2560 x 1344, real 2560 x 1440, largest app 2560 x 2414, smallest app 1440 x 1294, 60.387 fps, supportedRefreshRates [60.387], rotation 1, density 320 (537.8823 x 537.3884) dpi, layerStack 0, appVsyncOff 0, presDeadline 17559855, type BUILT_IN, state ON, FLAG_SECURE, FLAG_SUPPORTS_PROTECTED_BUFFERS}
D/DisplayManager(  782): getDisplayInfo: displayId=0, info=DisplayInfo{"Built-in Screen", uniqueId "local:0", app 2560 x 1344, real 2560 x 1440, largest app 2560 x 2414, smallest app 1440 x 1294, 60.387 fps, supportedRefreshRates [60.387], rotation 1, density 320 (537.8823 x 537.3884) dpi, layerStack 0, appVsyncOff 0, presDeadline 17559855, type BUILT_IN, state ON, FLAG_SECURE, FLAG_SUPPORTS_PROTECTED_BUFFERS}
D/PowerManagerService(  453): acquireWakeLockInternal: lock=168715077, flags=0x1, tag="RILJ", ws=null, uid=1001, pid=782
I/PowerManagerService(  453): updatePowerStateLocked mSystemReady = truemDirty = 1
I/PowerManagerService(  453): updatePowerStateLocked  wakefulness =  1
F/PowerManagerService(  453): updateIsPoweredLocked mDirty = 1
D/PowerManagerService(  453): updateWakeLockSummaryLocked: mWakefulness=Awake, mWakeLockSummary=0x1
D/PowerManagerService(  453): updateUserActivitySummaryLocked: mWakefulness=Awake, mUserActivitySummary=0x1, nextTimeout=183770 (in 7932 ms)
D/DisplayPowerController(  453): send timeout msg after 1500
D/PowerManagerService(  453): updateDisplayPowerStateLocked: mDisplayReady=false, policy=3, mWakefulness=1, mWakeLockSummary=0x1, mUserActivitySummary=0x1, mBootCompleted=true, mScreenBrightnessBoostInProgress=false
D/PowerManagerService(  453): releaseWakeLockInternal: lock=168715077 [RILJ], flags=0x0
I/PowerManagerService(  453): updatePowerStateLocked mSystemReady = truemDirty = 1
I/PowerManagerService(  453): updatePowerStateLocked  wakefulness =  1
F/PowerManagerService(  453): updateIsPoweredLocked mDirty = 1
D/PowerManagerService(  453): updateWakeLockSummaryLocked: mWakefulness=Awake, mWakeLockSummary=0x1
D/PowerManagerService(  453): updateUserActivitySummaryLocked: mWakefulness=Awake, mUserActivitySummary=0x1, nextTimeout=183770 (in 7920 ms)
D/PowerManagerService(  453): updateDisplayPowerStateLocked: mDisplayReady=false, policy=3, mWakefulness=1, mWakeLockSummary=0x1, mUserActivitySummary=0x1, mBootCompleted=true, mScreenBrightnessBoostInProgress=false
D/DisplayManager(  561): getDisplayInfo: displayId=0, info=DisplayInfo{"Built-in Screen", uniqueId "local:0", app 2560 x 1344, real 2560 x 1440, largest app 2560 x 2414, smallest app 1440 x 1294, 60.387 fps, supportedRefreshRates [60.387], rotation 1, density 320 (537.8823 x 537.3884) dpi, layerStack 0, appVsyncOff 0, presDeadline 17559855, type BUILT_IN, state ON, FLAG_SECURE, FLAG_SUPPORTS_PROTECTED_BUFFERS}
D/DisplayManager(  561): getDisplayInfo: displayId=0, info=DisplayInfo{"Built-in Screen", uniqueId "local:0", app 2560 x 1344, real 2560 x 1440, largest app 2560 x 2414, smallest app 1440 x 1294, 60.387 fps, supportedRefreshRates [60.387], rotation 1, density 320 (537.8823 x 537.3884) dpi, layerStack 0, appVsyncOff 0, presDeadline 17559855, type BUILT_IN, state ON, FLAG_SECURE, FLAG_SUPPORTS_PROTECTED_BUFFERS}
D/DisplayManager(  561): getDisplayInfo: displayId=0, info=DisplayInfo{"Built-in Screen", uniqueId "local:0", app 2560 x 1344, real 2560 x 1440, largest app 2560 x 2414, smallest app 1440 x 1294, 60.387 fps, supportedRefreshRates [60.387], rotation 1, density 320 (537.8823 x 537.3884) dpi, layerStack 0, appVsyncOff 0, presDeadline 17559855, type BUILT_IN, state ON, FLAG_SECURE, FLAG_SUPPORTS_PROTECTED_BUFFERS}
D/DisplayManager(  561): getDisplayInfo: displayId=0, info=DisplayInfo{"Built-in Screen", uniqueId "local:0", app 2560 x 1344, real 2560 x 1440, largest app 2560 x 2414, smallest app 1440 x 1294, 60.387 fps, supportedRefreshRates [60.387], rotation 1, density 320 (537.8823 x 537.3884) dpi, layerStack 0, appVsyncOff 0, presDeadline 17559855, type BUILT_IN, state ON, FLAG_SECURE, FLAG_SUPPORTS_PROTECTED_BUFFERS}
D/DisplayManager(  561): getDisplayInfo: displayId=0, info=DisplayInfo{"Built-in Screen", uniqueId "local:0", app 2560 x 1344, real 2560 x 1440, largest app 2560 x 2414, smallest app 1440 x 1294, 60.387 fps, supportedRefreshRates [60.387], rotation 1, density 320 (537.8823 x 537.3884) dpi, layerStack 0, appVsyncOff 0, presDeadline 17559855, type BUILT_IN, state ON, FLAG_SECURE, FLAG_SUPPORTS_PROTECTED_BUFFERS}
D/PhoneWindowManager(  453): cancelPendingPowerKeyAction =================  =======
D/PowerManagerService(  453): releaseWakeLockInternal: lock=186424567 [PhoneWindowManager.mPowerKeyWakeLock], flags=0x0
I/PowerManagerService(  453): updatePowerStateLocked mSystemReady = truemDirty = 1
I/PowerManagerService(  453): updatePowerStateLocked  wakefulness =  1
F/PowerManagerService(  453): updateIsPoweredLocked mDirty = 1
D/DisplayManager(  561): getDisplayInfo: displayId=0, info=DisplayInfo{"Built-in Screen", uniqueId "local:0", app 2560 x 1344, real 2560 x 1440, largest app 2560 x 2414, smallest app 1440 x 1294, 60.387 fps, supportedRefreshRates [60.387], rotation 1, density 320 (537.8823 x 537.3884) dpi, layerStack 0, appVsyncOff 0, presDeadline 17559855, type BUILT_IN, state ON, FLAG_SECURE, FLAG_SUPPORTS_PROTECTED_BUFFERS}
E/WifiStateMachine(  453): ACTION_SCREEN_ON...
D/PowerManagerService(  453): updateWakeLockSummaryLocked: mWakefulness=Awake, mWakeLockSummary=0x0
D/PowerManagerService(  453): updateUserActivitySummaryLocked: mWakefulness=Awake, mUserActivitySummary=0x1, nextTimeout=183770 (in 7882 ms)
D/PowerManagerService(  453): updateDisplayPowerStateLocked: mDisplayReady=false, policy=3, mWakefulness=1, mWakeLockSummary=0x0, mUserActivitySummary=0x1, mBootCompleted=true, mScreenBrightnessBoostInProgress=false
D/PowerManagerService(  453): Releasing suspend blocker "PowerManagerService.WakeLocks".
V/KeyguardServiceDelegate(  453): **** SHOWN CALLED ****
E/WifiStateMachine(  453): cancelDelayedScan -> 5
E/WifiStateMachine(  453): wifi network checker is off.
D/WifiStateMachine(  453): backgroundScan enabled=false startBackgroundScanIfNeeded:false
E/WifiStateMachine(  453): handleScreenStateChanged Exit: true
E/WifiStateMachine(  453): setSuspendOptimizations: 4 false
E/WifiStateMachine(  453): mSuspendOptNeedsDisabled 4
D/SurfaceControl(  453): Excessive delay in setPowerMode(): 954ms
D/DisplayManager(  453): getDisplayInfo: displayId=0, info=DisplayInfo{"Built-in Screen", uniqueId "local:0", app 2560 x 1344, real 2560 x 1440, largest app 2560 x 2414, smallest app 1440 x 1294, 60.387 fps, supportedRefreshRates [60.387], rotation 1, density 320 (537.8823 x 537.3884) dpi, layerStack 0, appVsyncOff 0, presDeadline 17559855, type BUILT_IN, state ON, FLAG_SECURE, FLAG_SUPPORTS_PROTECTED_BUFFERS}
D/PowerManagerService(  453): Releasing suspend blocker "PowerManagerService.Broadcasts".
I/DisplayPowerController(  453): Unblocked screen on after 1000 ms
D/gralloc (  156): alloc_device_free
D/gralloc (  156): alloc_device_free
D/DisplayPowerController(  453): send timeout msg after 1500
D/DisplayPowerController(  453): send timeout msg after 1500
D/DisplayPowerController(  453): send timeout msg after 1500
I/PowerManagerService(  453): updatePowerStateLocked mSystemReady = truemDirty = 8
I/PowerManagerService(  453): updatePowerStateLocked  wakefulness =  1
F/PowerManagerService(  453): updateIsPoweredLocked mDirty = 8
D/gralloc (  156): alloc_device_free
D/PowerManagerService(  453): updateDisplayPowerStateLocked: mDisplayReady=true, policy=3, mWakefulness=1, mWakeLockSummary=0x0, mUserActivitySummary=0x1, mBootCompleted=true, mScreenBrightnessBoostInProgress=false
I/PowerManagerService(  453): finishWakefulnessChangeLocked  wakefulness =  1
D/Sensors (  453): int sensors_poll_context_t::activate(int, int)
D/DisplayPowerController(  453): MSG_BUTTON_LIGHTS_TIME_OUT
E/Lights  (  453): write_int failed to open sys/class/leds/rk29_key_led/brightness
I/Lights  (  453): >>> Enter set_keyboard_light
D/PowerManagerService(  453): handleUserActivityTimeout
I/PowerManagerService(  453): updatePowerStateLocked mSystemReady = truemDirty = 4
I/PowerManagerService(  453): updatePowerStateLocked  wakefulness =  1
F/PowerManagerService(  453): updateIsPoweredLocked mDirty = 4
D/PowerManagerService(  453): updateUserActivitySummaryLocked: mWakefulness=Awake, mUserActivitySummary=0x2, nextTimeout=185770 (in 1990 ms)
D/PowerManagerService(  453): updateDisplayPowerStateLocked: mDisplayReady=false, policy=2, mWakefulness=1, mWakeLockSummary=0x0, mUserActivitySummary=0x2, mBootCompleted=true, mScreenBrightnessBoostInProgress=false
I/PowerManagerService(  453): updatePowerStateLocked mSystemReady = truemDirty = 8
I/PowerManagerService(  453): updatePowerStateLocked  wakefulness =  1
F/PowerManagerService(  453): updateIsPoweredLocked mDirty = 8
D/PowerManagerService(  453): updateDisplayPowerStateLocked: mDisplayReady=true, policy=2, mWakefulness=1, mWakeLockSummary=0x0, mUserActivitySummary=0x2, mBootCompleted=true, mScreenBrightnessBoostInProgress=false
I/PowerManagerService(  453): finishWakefulnessChangeLocked  wakefulness =  1
D/PowerManagerService(  453): handleUserActivityTimeout
I/PowerManagerService(  453): updatePowerStateLocked mSystemReady = truemDirty = 4
I/PowerManagerService(  453): updatePowerStateLocked  wakefulness =  1
F/PowerManagerService(  453): updateIsPoweredLocked mDirty = 4
D/PowerManagerService(  453): updateUserActivitySummaryLocked: mWakefulness=Awake, mUserActivitySummary=0x4, nextTimeout=-1 (185777 ms ago)
D/PowerManagerService(  453): updateWakefulnessLocked: Bed time...
D/PowerManagerService(  453): goToSleepNoUpdateLocked  str = 1
D/PowerManagerService(  453): goToSleepNoUpdateLocked: eventTime=185777, reason=2, flags=0, uid=1000
D/PowerManagerService(  453): goToSleepNoUpdateLocked  mWakefulness = 1
I/PowerManagerService(  453): Going to sleep due to screen timeout (uid 1000)...
I/PowerManagerService(  453): setWakefulnessLocked  wakefulness =  3 reason = 2
I/PowerManagerService(  453): setWakefulnessLocked  mWakefulness =  1 reason = 2
I/PowerManagerService(  453): finishWakefulnessChangeLocked  wakefulness =  1
D/PowerManagerService(  453): updateWakeLockSummaryLocked: mWakefulness=Dozing, mWakeLockSummary=0x0
D/PowerManagerService(  453): updateUserActivitySummaryLocked: mWakefulness=Dozing, mUserActivitySummary=0x4, nextTimeout=-1 (185807 ms ago)
D/PowerManagerService(  453): updateDisplayPowerStateLocked: mDisplayReady=true, policy=2, mWakefulness=3, mWakeLockSummary=0x0, mUserActivitySummary=0x4, mBootCompleted=true, mScreenBrightnessBoostInProgress=false
I/PowerManagerService(  453): finishWakefulnessChangeLocked  wakefulness =  3
D/PowerManagerService(  453): Acquiring suspend blocker "PowerManagerService.Broadcasts".
D/Sensors (  453): int sensors_poll_context_t::activate(int, int)
D/PowerManagerService(  453): reallyGoToSleepNoUpdateLocked: eventTime=185809, uid=1000,mWakefulness =3
I/PowerManagerService(  453): Sleeping (uid 1000)...
I/PowerManagerService(  453): setWakefulnessLocked  wakefulness =  0 reason = 2
I/PowerManagerService(  453): setWakefulnessLocked  mWakefulness =  3 reason = 2
I/PowerManagerService(  453): finishWakefulnessChangeLocked  wakefulness =  3
I/PowerManagerService(  453): updatePowerStateLocked mSystemReady = truemDirty = 2
I/PowerManagerService(  453): updatePowerStateLocked  wakefulness =  0
F/PowerManagerService(  453): updateIsPoweredLocked mDirty = 2
D/PowerManagerService(  453): updateWakeLockSummaryLocked: mWakefulness=Asleep, mWakeLockSummary=0x0
D/PowerManagerService(  453): updateUserActivitySummaryLocked: mWakefulness=Asleep, mUserActivitySummary=0x0, nextTimeout=0 (185815 ms ago)
D/PowerManagerService(  453): updateDisplayPowerStateLocked: mDisplayReady=false, policy=0, mWakefulness=0, mWakeLockSummary=0x0, mUserActivitySummary=0x0, mBootCompleted=true, mScreenBrightnessBoostInProgress=false
D/mali_winsys(  453): EGLint new_window_surface(egl_winsys_display*, void*, EGLSurface, EGLConfig, egl_winsys_surface**, egl_color_buffer_format*, EGLBoolean) returns 0x3000
D/gralloc (  156): -----------------------------START usage=333
D/gralloc (  156): [31,14745600,0], usage=333,ion_heap_type=0
D/gralloc (  156): heap_mask=10,ION_HEAP=10
D/PhoneStatusBar(  561): disable: < expand ICONS alerts SYSTEM_INFO back HOME RECENT clock SEARCH >
D/gralloc (  156): Isfb=0,[1440,2560,1440,5760],fmt=1,byte_stride=5760
D/gralloc (  156): alloc_device_free
E/WifiStateMachine(  453): ACTION_SCREEN_OFF...
D/gralloc (  156): -----------------------------START usage=b00
D/gralloc (  156): [31,14745600,0], usage=b00,ion_heap_type=0
D/gralloc (  156): heap_mask=10,ION_HEAP=10
D/gralloc (  156): Isfb=0,[2560,1440,2560,10240],fmt=1,byte_stride=10240
D/gralloc (  156): -----------------------------START usage=b00
D/gralloc (  156): [31,14745600,0], usage=b00,ion_heap_type=0
D/gralloc (  156): heap_mask=10,ION_HEAP=10
D/PowerManagerService(  453): acquireWakeLockInternal: lock=918387354, flags=0x1, tag="WifiSuspend", ws=null, uid=1000, pid=453
I/PowerManagerService(  453): updatePowerStateLocked mSystemReady = truemDirty = 1
I/PowerManagerService(  453): updatePowerStateLocked  wakefulness =  0
F/PowerManagerService(  453): updateIsPoweredLocked mDirty = 1
D/gralloc (  156): Isfb=0,[2560,1440,2560,10240],fmt=1,byte_stride=10240
D/PowerManagerService(  453): updateWakeLockSummaryLocked: mWakefulness=Asleep, mWakeLockSummary=0x1
D/PowerManagerService(  453): updateUserActivitySummaryLocked: mWakefulness=Asleep, mUserActivitySummary=0x0, nextTimeout=0 (185927 ms ago)
D/PowerManagerService(  453): updateDisplayPowerStateLocked: mDisplayReady=false, policy=0, mWakefulness=0, mWakeLockSummary=0x1, mUserActivitySummary=0x0, mBootCompleted=true, mScreenBrightnessBoostInProgress=false
D/PowerManagerService(  453): Acquiring suspend blocker "PowerManagerService.WakeLocks".
E/WifiStateMachine(  453): cancelDelayedScan -> 6
D/WifiStateMachine(  453): backgroundScan enabled=false startBackgroundScanIfNeeded:false
E/WifiStateMachine(  453): handleScreenStateChanged Exit: false
D/gralloc (  156): -----------------------------START usage=b00
D/gralloc (  156): [31,14745600,0], usage=b00,ion_heap_type=0
D/gralloc (  156): heap_mask=10,ION_HEAP=10
D/ViewRootImpl(  561): 2560<<<<<< BACK FROM relayoutWM.LayoutParams{(0,0)(fillxfill)mPosX=0mPosY=0mHScale=1.0mVScale=1.0 align=UNDEFINE taskId=-1 sim=#20 ty=2019 fl=#21840068 fmt=-3 surfaceInsets=Rect(0, 0 - 0, 0)packageName=com.android.systemuitoken=null}
D/gralloc (  156): Isfb=0,[2560,1440,2560,10240],fmt=1,byte_stride=10240
D/PowerManagerService(  453): releaseWakeLockInternal: lock=918387354 [WifiSuspend], flags=0x0
I/PowerManagerService(  453): updatePowerStateLocked mSystemReady = truemDirty = 1
I/PowerManagerService(  453): updatePowerStateLocked  wakefulness =  0
F/PowerManagerService(  453): updateIsPoweredLocked mDirty = 1
D/PowerManagerService(  453): updateWakeLockSummaryLocked: mWakefulness=Asleep, mWakeLockSummary=0x0
D/PowerManagerService(  453): updateUserActivitySummaryLocked: mWakefulness=Asleep, mUserActivitySummary=0x0, nextTimeout=0 (186001 ms ago)
D/PowerManagerService(  453): updateDisplayPowerStateLocked: mDisplayReady=false, policy=0, mWakefulness=0, mWakeLockSummary=0x0, mUserActivitySummary=0x0, mBootCompleted=true, mScreenBrightnessBoostInProgress=false
D/PowerManagerService(  453): Releasing suspend blocker "PowerManagerService.WakeLocks".
E/WifiStateMachine(  453): setSuspendOptimizations: 4 true
E/WifiStateMachine(  453): mSuspendOptNeedsDisabled 0
D/ViewRootImpl(  561): 2560<<<<<< BACK FROM relayoutWM.LayoutParams{(0,0)(fillxfill)mPosX=0mPosY=0mHScale=1.0mVScale=1.0 align=UNDEFINE taskId=-1 sim=#20 ty=2019 fl=#1840068 fmt=-3 surfaceInsets=Rect(0, 0 - 0, 0)packageName=com.android.systemuitoken=null}
D/PowerManagerService(  453): Releasing suspend blocker "PowerManagerService.Broadcasts".
D/DisplayPowerController(  453): screen off, so turn off btn && keyboard lights
I/DisplayManagerService(  453): Display device changed: DisplayDeviceInfo{"Built-in Screen": uniqueId="local:0", 1440 x 2560, 60.387 fps, supportedRefreshRates [60.387], density 320, 537.8823 x 537.3884 dpi, appVsyncOff 0, presDeadline 17559855, touch INTERNAL, rotation 0, type BUILT_IN, state OFF, FLAG_DEFAULT_DISPLAY, FLAG_ROTATES_WITH_CONTENT, FLAG_SECURE, FLAG_SUPPORTS_PROTECTED_BUFFERS}
D/SurfaceFlinger(  156): Set power mode=0, type=0 flinger=0xb721b550
D/DisplayManager(  453): onDisplayEvent: displayId=0, event=2
I/hwcomposer(  156): hwc_blank dpy[0],blank[1]
V/ActivityStackSupervisor(  453): Display changed displayId=0
D/DisplayManager(  561): onDisplayEvent: displayId=0, event=2
D/DisplayManager(  738): onDisplayEvent: displayId=0, event=2
D/DisplayManager(  764): onDisplayEvent: displayId=0, event=2
D/DisplayManager(  782): onDisplayEvent: displayId=0, event=2
D/DisplayManager(  453): getDisplayInfo: displayId=0, info=DisplayInfo{"Built-in Screen", uniqueId "local:0", app 2560 x 1344, real 2560 x 1440, largest app 2560 x 2414, smallest app 1440 x 1294, 60.387 fps, supportedRefreshRates [60.387], rotation 1, density 320 (537.8823 x 537.3884) dpi, layerStack 0, appVsyncOff 0, presDeadline 17559855, type BUILT_IN, state OFF, FLAG_SECURE, FLAG_SUPPORTS_PROTECTED_BUFFERS}
D/DisplayManager(  821): onDisplayEvent: displayId=0, event=2
D/DisplayManager(  705): onDisplayEvent: displayId=0, event=2
D/DisplayManager(  802): onDisplayEvent: displayId=0, event=2
D/DisplayManager(  910): onDisplayEvent: displayId=0, event=2
D/DisplayManager( 1026): onDisplayEvent: displayId=0, event=2
D/DisplayManager(  842): onDisplayEvent: displayId=0, event=2
D/DisplayManager(  961): onDisplayEvent: displayId=0, event=2
D/DisplayManager( 1077): onDisplayEvent: displayId=0, event=2
D/DisplayManager( 1099): onDisplayEvent: displayId=0, event=2
D/DisplayManager( 1056): onDisplayEvent: displayId=0, event=2
D/DisplayManager(  868): onDisplayEvent: displayId=0, event=2
D/DisplayManager(  930): onDisplayEvent: displayId=0, event=2
D/DisplayManager( 1141): onDisplayEvent: displayId=0, event=2
D/DisplayManager( 1120): onDisplayEvent: displayId=0, event=2
D/DisplayManager( 1188): onDisplayEvent: displayId=0, event=2
D/DisplayManager( 1161): onDisplayEvent: displayId=0, event=2
D/DisplayManager( 1266): onDisplayEvent: displayId=0, event=2
D/DisplayManager(  453): getDisplayInfo: displayId=0, info=DisplayInfo{"Built-in Screen", uniqueId "local:0", app 2560 x 1344, real 2560 x 1440, largest app 2560 x 2414, smallest app 1440 x 1294, 60.387 fps, supportedRefreshRates [60.387], rotation 1, density 320 (537.8823 x 537.3884) dpi, layerStack 0, appVsyncOff 0, presDeadline 17559855, type BUILT_IN, state OFF, FLAG_SECURE, FLAG_SUPPORTS_PROTECTED_BUFFERS}
D/DisplayManager(  782): getDisplayInfo: displayId=0, info=DisplayInfo{"Built-in Screen", uniqueId "local:0", app 2560 x 1344, real 2560 x 1440, largest app 2560 x 2414, smallest app 1440 x 1294, 60.387 fps, supportedRefreshRates [60.387], rotation 1, density 320 (537.8823 x 537.3884) dpi, layerStack 0, appVsyncOff 0, presDeadline 17559855, type BUILT_IN, state OFF, FLAG_SECURE, FLAG_SUPPORTS_PROTECTED_BUFFERS}
D/PowerManagerService(  453): acquireWakeLockInternal: lock=168715077, flags=0x1, tag="RILJ", ws=null, uid=1001, pid=782
I/PowerManagerService(  453): updatePowerStateLocked mSystemReady = truemDirty = 1
D/DisplayManager(  802): getDisplayInfo: displayId=0, info=DisplayInfo{"Built-in Screen", uniqueId "local:0", app 2560 x 1344, real 2560 x 1440, largest app 2560 x 2414, smallest app 1440 x 1294, 60.387 fps, supportedRefreshRates [60.387], rotation 1, density 320 (537.8823 x 537.3884) dpi, layerStack 0, appVsyncOff 0, presDeadline 17559855, type BUILT_IN, state OFF, FLAG_SECURE, FLAG_SUPPORTS_PROTECTED_BUFFERS}
I/PowerManagerService(  453): updatePowerStateLocked  wakefulness =  0
F/PowerManagerService(  453): updateIsPoweredLocked mDirty = 1
D/PowerManagerService(  453): updateWakeLockSummaryLocked: mWakefulness=Asleep, mWakeLockSummary=0x1
D/PowerManagerService(  453): updateUserActivitySummaryLocked: mWakefulness=Asleep, mUserActivitySummary=0x0, nextTimeout=0 (186473 ms ago)
D/PowerManagerService(  453): updateDisplayPowerStateLocked: mDisplayReady=false, policy=0, mWakefulness=0, mWakeLockSummary=0x1, mUserActivitySummary=0x0, mBootCompleted=true, mScreenBrightnessBoostInProgress=false
D/PowerManagerService(  453): Acquiring suspend blocker "PowerManagerService.WakeLocks".
D/DisplayManager(  561): getDisplayInfo: displayId=0, info=DisplayInfo{"Built-in Screen", uniqueId "local:0", app 2560 x 1344, real 2560 x 1440, largest app 2560 x 2414, smallest app 1440 x 1294, 60.387 fps, supportedRefreshRates [60.387], rotation 1, density 320 (537.8823 x 537.3884) dpi, layerStack 0, appVsyncOff 0, presDeadline 17559855, type BUILT_IN, state OFF, FLAG_SECURE, FLAG_SUPPORTS_PROTECTED_BUFFERS}
D/PowerManagerService(  453): releaseWakeLockInternal: lock=168715077 [RILJ], flags=0x0
I/PowerManagerService(  453): updatePowerStateLocked mSystemReady = truemDirty = 1
I/PowerManagerService(  453): updatePowerStateLocked  wakefulness =  0
F/PowerManagerService(  453): updateIsPoweredLocked mDirty = 1
D/DisplayManager(  561): getDisplayInfo: displayId=0, info=DisplayInfo{"Built-in Screen", uniqueId "local:0", app 2560 x 1344, real 2560 x 1440, largest app 2560 x 2414, smallest app 1440 x 1294, 60.387 fps, supportedRefreshRates [60.387], rotation 1, density 320 (537.8823 x 537.3884) dpi, layerStack 0, appVsyncOff 0, presDeadline 17559855, type BUILT_IN, state OFF, FLAG_SECURE, FLAG_SUPPORTS_PROTECTED_BUFFERS}
D/PowerManagerService(  453): updateWakeLockSummaryLocked: mWakefulness=Asleep, mWakeLockSummary=0x0
D/DisplayManager(  561): getDisplayInfo: displayId=0, info=DisplayInfo{"Built-in Screen", uniqueId "local:0", app 2560 x 1344, real 2560 x 1440, largest app 2560 x 2414, smallest app 1440 x 1294, 60.387 fps, supportedRefreshRates [60.387], rotation 1, density 320 (537.8823 x 537.3884) dpi, layerStack 0, appVsyncOff 0, presDeadline 17559855, type BUILT_IN, state OFF, FLAG_SECURE, FLAG_SUPPORTS_PROTECTED_BUFFERS}
D/PowerManagerService(  453): updateUserActivitySummaryLocked: mWakefulness=Asleep, mUserActivitySummary=0x0, nextTimeout=0 (186489 ms ago)
D/PowerManagerService(  453): updateDisplayPowerStateLocked: mDisplayReady=false, policy=0, mWakefulness=0, mWakeLockSummary=0x0, mUserActivitySummary=0x0, mBootCompleted=true, mScreenBrightnessBoostInProgress=false
D/PowerManagerService(  453): Releasing suspend blocker "PowerManagerService.WakeLocks".
D/DisplayManager(  561): getDisplayInfo: displayId=0, info=DisplayInfo{"Built-in Screen", uniqueId "local:0", app 2560 x 1344, real 2560 x 1440, largest app 2560 x 2414, smallest app 1440 x 1294, 60.387 fps, supportedRefreshRates [60.387], rotation 1, density 320 (537.8823 x 537.3884) dpi, layerStack 0, appVsyncOff 0, presDeadline 17559855, type BUILT_IN, state OFF, FLAG_SECURE, FLAG_SUPPORTS_PROTECTED_BUFFERS}
D/DisplayManager(  561): getDisplayInfo: displayId=0, info=DisplayInfo{"Built-in Screen", uniqueId "local:0", app 2560 x 1344, real 2560 x 1440, largest app 2560 x 2414, smallest app 1440 x 1294, 60.387 fps, supportedRefreshRates [60.387], rotation 1, density 320 (537.8823 x 537.3884) dpi, layerStack 0, appVsyncOff 0, presDeadline 17559855, type BUILT_IN, state OFF, FLAG_SECURE, FLAG_SUPPORTS_PROTECTED_BUFFERS}
D/DisplayManager(  561): getDisplayInfo: displayId=0, info=DisplayInfo{"Built-in Screen", uniqueId "local:0", app 2560 x 1344, real 2560 x 1440, largest app 2560 x 2414, smallest app 1440 x 1294, 60.387 fps, supportedRefreshRates [60.387], rotation 1, density 320 (537.8823 x 537.3884) dpi, layerStack 0, appVsyncOff 0, presDeadline 17559855, type BUILT_IN, state OFF, FLAG_SECURE, FLAG_SUPPORTS_PROTECTED_BUFFERS}
D/SurfaceControl(  453): Excessive delay in setPowerMode(): 399ms
D/PowerManagerService(  453): Setting HAL interactive mode to false
E/RKPowerHAL(  453): Error opening /sys/devices/system/cpu/cpufreq/interactive/input_boost: No such file or directory
E/RKPowerHAL(  453): Error opening /sys/devices/system/cpu/cpu7/online: No such file or directory
E/RKPowerHAL(  453): Error opening /sys/devices/system/cpu/cpu6/online: No such file or directory
E/RKPowerHAL(  453): Error opening /sys/devices/system/cpu/cpu5/online: No such file or directory
E/RKPowerHAL(  453): Error opening /sys/devices/system/cpu/cpu4/online: No such file or directory
E/RKPowerHAL(  453): Error opening /sys/devices/system/cpu/cpu3/online: Permission denied
E/RKPowerHAL(  453): Error opening /sys/devices/system/cpu/cpu2/online: Permission denied
D/PowerManagerService(  453): Setting HAL auto-suspend mode to true
I/PowerManagerService(  453): updatePowerStateLocked mSystemReady = truemDirty = 8
I/PowerManagerService(  453): updatePowerStateLocked  wakefulness =  0
F/PowerManagerService(  453): updateIsPoweredLocked mDirty = 8
D/PowerManagerService(  453): updateDisplayPowerStateLocked: mDisplayReady=true, policy=0, mWakefulness=0, mWakeLockSummary=0x0, mUserActivitySummary=0x0, mBootCompleted=true, mScreenBrightnessBoostInProgress=false
I/PowerManagerService(  453): finishWakefulnessChangeLocked  wakefulness =  0
D/PowerManagerService(  453): Releasing suspend blocker "PowerManagerService.Display".
I/PowerManagerService(  453): updatePowerStateLocked mSystemReady = truemDirty = 256