V/AudioPolicyManagerBase(  104): setOutputDevice() prevDevice 0002
V/AudioPolicyManagerBase(  104): setOutputDevice() setting same device 0000 or null device for output 2
V/AudioPolicyManagerBase(  104): initStreamVolume() stream 1, min 0, max 7
V/AudioPolicyManagerBase(  104): initStreamVolume() stream 2, min 0, max 7
V/AudioPolicyManagerBase(  104): initStreamVolume() stream 3, min 0, max 15
V/AudioPolicyManagerBase(  104): initStreamVolume() stream 4, min 0, max 7
V/AudioPolicyManagerBase(  104): initStreamVolume() stream 5, min 0, max 7
V/AudioPolicyManagerBase(  104): initStreamVolume() stream 6, min 0, max 15
V/AudioPolicyManagerBase(  104): initStreamVolume() stream 7, min 0, max 7
V/AudioPolicyManagerBase(  104): initStreamVolume() stream 8, min 0, max 15
V/AudioPolicyManagerBase(  104): initStreamVolume() stream 9, min 0, max 15
V/AudioPolicyManagerBase(  104): setStreamVolumeIndex() stream 0, device 40000000, index 4
V/AudioPolicyManagerBase(  104): VOLUME vol index=[66 80 100], dB=[-8.0 -4.7 0.0] ampl=0.58171
V/AudioPolicyManagerBase(  104): checkAndSetVolume() for output 2 stream 0, volume 0.581710, delay 0
V/AudioPolicyManagerBase(  104): setStreamVolumeIndex() stream 1, device 40000000, index 5
V/AudioPolicyManagerBase(  104): VOLUME vol index=[66 71 100], dB=[-12.0 -11.1 -6.0] ampl=0.27805
V/AudioPolicyManagerBase(  104): checkAndSetVolume() for output 2 stream 1, volume 0.278047, delay 0
V/AudioPolicyManagerBase(  104): setStreamVolumeIndex() stream 2, device 40000000, index 5
V/AudioPolicyManagerBase(  104): VOLUME vol index=[66 71 100], dB=[-10.2 -8.7 0.0] ampl=0.36728
V/AudioPolicyManagerBase(  104): checkAndSetVolume() for output 2 stream 2, volume 0.367283, delay 0
V/AudioPolicyManagerBase(  104): setStreamVolumeIndex() stream 3, device 40000000, index 11
V/AudioPolicyManagerBase(  104): VOLUME vol index=[60 73 100], dB=[-11.0 -7.4 0.0] ampl=0.42535
V/AudioPolicyManagerBase(  104): checkAndSetVolume() for output 2 stream 3, volume 0.425354, delay 0
V/AudioPolicyManagerBase(  104): setStreamVolumeIndex() stream 4, device 40000000, index 6
V/AudioPolicyManagerBase(  104): VOLUME vol index=[66 85 100], dB=[-10.2 -4.5 0.0] ampl=0.59566
V/AudioPolicyManagerBase(  104): checkAndSetVolume() for output 2 stream 4, volume 0.595663, delay 0
V/AudioPolicyManagerBase(  104): setStreamVolumeIndex() stream 5, device 40000000, index 5
V/AudioPolicyManagerBase(  104): VOLUME vol index=[66 71 100], dB=[-10.2 -8.7 0.0] ampl=0.36728
V/AudioPolicyManagerBase(  104): checkAndSetVolume() for output 2 stream 5, volume 0.367283, delay 0
V/AudioPolicyManagerBase(  104): setStreamVolumeIndex() stream 6, device 40000000, index 7
V/AudioPolicyManagerBase(  104): checkAndSetVolume() cannot set stream 6 volume with force use = 0 for comm
V/AudioPolicyManagerBase(  104): setStreamVolumeIndex() stream 7, device 40000000, index 5
V/AudioPolicyManagerBase(  104): VOLUME vol index=[66 71 100], dB=[-12.0 -11.1 -6.0] ampl=0.27805
V/AudioPolicyManagerBase(  104): checkAndSetVolume() for output 2 stream 7, volume 0.278047, delay 0
V/AudioPolicyManagerBase(  104): setStreamVolumeIndex() stream 8, device 40000000, index 11
V/AudioPolicyManagerBase(  104): VOLUME vol index=[66 73 100], dB=[-12.0 -10.8 -6.0] ampl=0.28958
V/AudioPolicyManagerBase(  104): checkAndSetVolume() for output 2 stream 8, volume 0.289578, delay 0
V/AudioPolicyManagerBase(  104): setStreamVolumeIndex() stream 9, device 40000000, index 11
V/AudioPolicyManagerBase(  104): VOLUME vol index=[60 73 100], dB=[-11.0 -7.4 0.0] ampl=0.42535
V/AudioPolicyManagerBase(  104): checkAndSetVolume() for output 2 stream 9, volume 0.425354, delay 0
V/AudioService(  409): monitoring device orientation
I/SystemServer(  409): Dock Observer
W/DockObserver(  409): This kernel does not have dock station support
I/SystemServer(  409): Wired Accessory Manager
W/WiredAccessoryManager(  409): This kernel does not have usb audio support
I/SystemServer(  409): USB Service
I/SystemServer(  409): Serial Service
I/SystemServer(  409): Twilight Service
I/SystemServer(  409): UI Mode Manager Service
I/SystemServer(  409): Backup Service
V/BackupManagerService(  409): Initializing package tracking
V/BackupManagerService(  409): No ancestral data
V/BackupManagerService(  409): addPackageParticipantsLocked: all
I/BackupManagerService(  409): Scheduling backup for new app com.android.calendar
D/BackupManagerService(  409): Now staging backup of com.android.calendar
I/BackupManagerService(  409): Scheduling backup for new app com.android.browser
D/BackupManagerService(  409): Now staging backup of com.android.browser
I/BackupManagerService(  409): Scheduling backup for new app com.android.providers.userdictionary
D/BackupManagerService(  409): Now staging backup of com.android.providers.userdictionary
I/BackupManagerService(  409): Scheduling backup for new app com.android.sharedstoragebackup
D/BackupManagerService(  409): Now staging backup of com.android.sharedstoragebackup
I/BackupManagerService(  409): Scheduling backup for new app android
D/BackupManagerService(  409): Now staging backup of android
I/BackupManagerService(  409): Scheduling backup for new app com.android.providers.settings
D/BackupManagerService(  409): Now staging backup of com.android.providers.settings
V/BackupManagerService(  409): Starting with transport com.google.android.backup/.BackupTransportService
V/BackupManagerService(  409): Found transports: 1
I/BackupManagerService(  409): Binding to transport host ComponentInfo{android/com.android.internal.backup.LocalTransportService}
I/BackupManagerService(  409): Backup enabled => false
I/BackupManagerService(  409): Opting out of backup
I/SystemServer(  409): AppWidget Service
I/SystemServer(  409): Recognition Service
I/SystemServer(  409): DiskStats Service
I/SystemServer(  409): SamplingProfiler Service
I/WindowManager(  409): SAFE MODE not enabled
D/Atlas   (  409): Computing best atlas configuration...
D/dalvikvm(  409): JIT started for system_server
I/SystemServer(  409): NetworkTimeUpdateService
I/SystemServer(  409): CommonTimeManagementService
I/SystemServer(  409): CertBlacklister
I/SystemServer(  409): Dreams Service
I/SystemServer(  409): Assets Atlas Service
I/SystemServer(  409): IdleMaintenanceService
I/SystemServer(  409): Print Service
I/SystemServer(  409): Media Router Service
D/Atlas   (  409): Running Atlas Worker #1
D/UsbDeviceManager(  409): -----626 handleMessage MSG_UPDATE_STATE-----
D/UsbDeviceManager(  409): -----632 handleMessage MSG_UPDATE_STATE-----
D/UsbDeviceManager(  409): -----635 handleMessage MSG_UPDATE_STATE-----
D/UsbDeviceManager(  409): -----MSG_UPDATE_STATE,but not BootComplete,send MSG_UPDATE_STATE_RETRY after 500ms---
D/Atlas   (  409): Running Atlas Worker #2
D/dalvikvm(  409): GC_CONCURRENT freed 192K, 56% free 4837K/10880K, paused 3ms+4ms, total 47ms
D/Atlas   (  409): Found best atlas configuration in 0.04s
D/Atlas   (  409): Loaded configuration: SliceMinArea (768x768) flags=0x2 count=25
E/RkWifiCtrl(  409): rk_wifi_load_driver:(rmmod)
E/SQLiteLog(  409): (1) no such table: locksettings
I/LockSettingsService(  409): Migrated lock settings to new location
I/LockSettingsService(  409): Migrated per-user lock settings to new location
D/Atlas   (  409): Rendered atlas in 22.64ms (2.29+20.34ms)
I/Zygote  (  409): Process: zygote socket opened
V/KeyguardServiceDelegate(  409): *** Keyguard started
V/KeyguardServiceDelegate(  409): onSystemReady() called before keyguard service was ready
I/ActivityManager(  409): Start proc com.android.systemui for service com.android.keyguard/.KeyguardService: pid=552 uid=10005 gids={50005, 1028, 1015, 1023, 1035, 3002, 3001}
I/ActivityManager(  409): Sending system update to ComponentInfo{com.android.providers.calendar/com.android.providers.calendar.CalendarUpgradeReceiver} for user 0
I/ActivityManager(  409): Sending system update to ComponentInfo{com.android.providers.media/com.android.providers.media.MediaUpgradeReceiver} for user 0
I/ActivityManager(  409): Start proc com.android.providers.calendar for broadcast com.android.providers.calendar/.CalendarUpgradeReceiver: pid=564 uid=10001 gids={50001, 3003, 1028, 1015}
W/InputMethodManagerService(  409): Focus gain on non-focused client android.view.inputmethod.InputMethodManager$1@42453498 (uid=1000 pid=409)
V/BackupManagerService(  409): Connected to transport ComponentInfo{android/com.android.internal.backup.LocalTransportService}
V/BackupManagerService(  409): Registering transport android/com.android.internal.backup.LocalTransportService::android/com.android.internal.backup.LocalTransport = com.android.internal.backup.LocalTransport@423830d0
I/ActivityManager(  409): Launching preboot mode app: ProcessRecord{420e7868 564:com.android.providers.calendar/u0a1}
I/dalvikvm(  552): DexOpt: not all deps represented
E/dalvikvm(  552): /system/priv-app/Keyguard.apk odex has stale dependencies
I/dalvikvm(  564): DexOpt: not all deps represented
E/dalvikvm(  564): /system/framework/android.test.runner.jar odex has stale dependencies
I/dalvikvm(  564): DexOpt: not all deps represented
E/dalvikvm(  564): /system/priv-app/CalendarProvider.apk odex has stale dependencies
V/KeyguardService(  552): onCreate()
V/KeyguardServiceDelegate(  409): *** Keyguard connected (yay!)
I/AwesomePlayer(  104): AwesomePlayer::AwesomePlayer()in
I/        (  104): new RKOMXPlugin
W/Binder  (  552): Caught a RuntimeException from the binder stub implementation.
W/Binder  (  552): java.lang.SecurityException: Permission Denial: not allowed to send broadcast android.intent.action.USER_PRESENT from pid=552, uid=10005
W/Binder  (  552):      at android.os.Parcel.readException(Parcel.java:1465)
W/Binder  (  552):      at android.os.Parcel.readException(Parcel.java:1419)
W/Binder  (  552):      at android.app.ActivityManagerProxy.broadcastIntent(ActivityManagerNative.java:2373)
W/Binder  (  552):      at android.app.ContextImpl.sendBroadcastAsUser(ContextImpl.java:1241)
W/Binder  (  552):      at android.content.ContextWrapper.sendBroadcastAsUser(ContextWrapper.java:408)
W/Binder  (  552):      at com.android.keyguard.KeyguardViewMediator.sendUserPresentBroadcast(KeyguardViewMediator.java:1160)
W/Binder  (  552):      at com.android.keyguard.KeyguardViewMediator.maybeSendUserPresentBroadcast(KeyguardViewMediator.java:701)
W/Binder  (  552):      at com.android.keyguard.KeyguardViewMediator.onSystemReady(KeyguardViewMediator.java:580)
W/Binder  (  552):      at com.android.keyguard.KeyguardService$1.onSystemReady(KeyguardService.java:122)
W/Binder  (  552):      at com.android.internal.policy.IKeyguardService$Stub.onTransact(IKeyguardService.java:156)
W/Binder  (  552):      at android.os.Binder.execTransact(Binder.java:404)
W/Binder  (  552):      at dalvik.system.NativeStart.run(Native Method)
W/ActivityManager(  409): Permission Denial: not allowed to send broadcast android.intent.action.USER_PRESENT from pid=552, uid=10005
V/KeyguardServiceDelegate(  409): **** SHOWN CALLED ****
I/ActivityManager(  409): Start proc android.process.media for broadcast com.android.providers.media/.MediaUpgradeReceiver: pid=581 uid=10003 gids={50003, 1028, 1015, 1023, 1024, 2001, 3003, 3007}
W/Binder  (  552): Caught a RuntimeException from the binder stub implementation.
W/Binder  (  552): java.lang.SecurityException: Permission Denial: not allowed to send broadcast android.intent.action.USER_PRESENT from pid=552, uid=10005
W/Binder  (  552):      at android.os.Parcel.readException(Parcel.java:1465)
W/Binder  (  552):      at android.os.Parcel.readException(Parcel.java:1419)
W/Binder  (  552):      at android.app.ActivityManagerProxy.broadcastIntent(ActivityManagerNative.java:2373)
W/Binder  (  552):      at android.app.ContextImpl.sendBroadcastAsUser(ContextImpl.java:1241)
W/Binder  (  552):      at android.content.ContextWrapper.sendBroadcastAsUser(ContextWrapper.java:408)
W/Binder  (  552):      at com.android.keyguard.KeyguardViewMediator.sendUserPresentBroadcast(KeyguardViewMediator.java:1160)
W/Binder  (  552):      at com.android.keyguard.KeyguardViewMediator.maybeSendUserPresentBroadcast(KeyguardViewMediator.java:701)
W/Binder  (  552):      at com.android.keyguard.KeyguardViewMediator.onScreenTurnedOn(KeyguardViewMediator.java:692)
W/Binder  (  552):      at com.android.keyguard.KeyguardService$1.onScreenTurnedOn(KeyguardService.java:111)
W/Binder  (  552):      at com.android.internal.policy.IKeyguardService$Stub.onTransact(IKeyguardService.java:142)
W/Binder  (  552):      at android.os.Binder.execTransact(Binder.java:404)
W/Binder  (  552):      at dalvik.system.NativeStart.run(Native Method)
I/AwesomePlayer(  104): AwesomePlayer::AwesomePlayer()aftermClient.connect()
W/ActivityManager(  409): Permission Denial: not allowed to send broadcast android.intent.action.USER_PRESENT from pid=552, uid=10005
I/ActivityManager(  409): Launching preboot mode app: ProcessRecord{423d9d98 581:android.process.media/u0a3}
D/dalvikvm(  409): GC_CONCURRENT freed 304K, 55% free 4920K/10880K, paused 2ms+2ms, total 40ms
I/dalvikvm(  581): DexOpt: not all deps represented
E/dalvikvm(  581): /system/priv-app/MediaProvider.apk odex has stale dependencies
V/AudioPolicyManagerBase(  104): isOffloadSupported: SR=44100, CM=0x3, Format=0x7000000, StreamType=-1, BitRate=4294967295, duration=226507 us, has_video=0
V/AudioPolicyManagerBase(  104): isOffloadSupported: stream_type != MUSIC, returning false
I/MediaCodecList(  104): register mediacode *****************
I/OMXCodec(  104): --->InstantiateSoftwareCodec create OMX.google.vorbis.decoder codec
I/ActivityManager(  409): Writing new set of last done pre-boot receivers...
I/ActivityManager(  409): Removing system update proc: ProcessRecord{420e7868 564:com.android.providers.calendar/u0a1}
I/ActivityManager(  409): Killing 564:com.android.providers.calendar/u0a1 (adj 11): system update done
I/ActivityManager(  409): Removing system update proc: ProcessRecord{423d9d98 581:android.process.media/u0a3}
I/ActivityManager(  409): Killing 581:android.process.media/u0a3 (adj 9): system update done
I/ActivityManager(  409): System now ready
I/SystemServer(  409): Making services ready
D/NetworkManagementService(  409): enabling bandwidth control
I/Vold    (   98): /dev/block/vold/31:10 being considered for volume internal_sd,1
I/Vold    (   98):
D/Vold    (   98): Volume internal_sd state changing 1 (Idle-Unmounted) -> 3 (Checking)
D/MountService(  409): volume state changed for /mnt/internal_sd (unmounted -> checking)
D/MountService(  409): sendStorageIntent Intent { act=android.intent.action.MEDIA_CHECKING dat=file:///mnt/internal_sd (has extras) } to UserHandle{-1}
I/dalvikvm(  552): DexOpt: not all deps represented
E/dalvikvm(  552): /system/priv-app/SystemUI.apk odex has stale dependencies
I/fsck_msdos(   98): ** /dev/block/vold/31:10
I/fsck_msdos(   98): ** Phase 1 - Read FAT (compare skipped)
I/fsck_msdos(   98): Attempting to allocate 6456 KB for FAT
I/FrameQueueManage(  104): FrameQueueManage::~FrameQueueManage end!
D/SystemUIService(  552): loading: class com.android.systemui.recent.Recents
D/SystemUIService(  552): running: com.android.systemui.recent.Recents@4207d890
D/SystemUIService(  552): loading: class com.android.systemui.statusbar.SystemBars
D/SystemUIService(  552): running: com.android.systemui.statusbar.SystemBars@4207de78
D/SystemUIService(  552): loading: class com.android.systemui.usb.StorageNotification
D/SystemUIService(  552): running: com.android.systemui.usb.StorageNotification@4207fbc8
I/AwesomePlayer(  104): AwesomePlayer::AwesomePlayer()in
I/AwesomePlayer(  104): AwesomePlayer::AwesomePlayer()aftermClient.connect()
D/WifiController(  409): DEFERRED_TOGGLE handled
D/SystemUIService(  552): loading: class com.android.systemui.power.PowerUI
D/SystemUIService(  552): running: com.android.systemui.power.PowerUI@42081a18
D/SystemUIService(  552): loading: class com.android.systemui.media.RingtonePlayer
D/SystemUIService(  552): running: com.android.systemui.media.RingtonePlayer@42082cf8
D/SystemUIService(  552): loading: class com.android.systemui.settings.SettingsUI
D/SystemUIService(  552): running: com.android.systemui.settings.SettingsUI@42083fe0
V/AudioPolicyManagerBase(  104): isOffloadSupported: SR=44100, CM=0x3, Format=0x7000000, StreamType=-1, BitRate=4294967295, duration=188866 us, has_video=0
V/AudioPolicyManagerBase(  104): isOffloadSupported: stream_type != MUSIC, returning false
I/OMXCodec(  104): --->InstantiateSoftwareCodec create OMX.google.vorbis.decoder codec
I/FrameQueueManage(  104): FrameQueueManage::~FrameQueueManage end!
D/PhoneStatusBar(  552): mSettingsPanelGravity = 55
I/StatusBarManagerService(  409): registerStatusBar bar=com.android.internal.statusbar.IStatusBar$Stub$Proxy@42647180
D/UsbDeviceManager(  409): -----get MSG_UPDATE_STATE_RETRY,but not BootComplete,send MSG_UPDATE_STATE_RETRY after 500ms---
D/dalvikvm(  552): GC_CONCURRENT freed 174K, 8% free 3060K/3308K, paused 3ms+17ms, total 54ms
D/dalvikvm(  552): GC_FOR_ALLOC freed 14K, 8% free 3128K/3364K, paused 20ms, total 20ms
I/dalvikvm-heap(  552): Grow heap (frag case) to 3.727MB for 635812-byte allocation
D/dalvikvm(  552): GC_CONCURRENT freed 2K, 7% free 3746K/3988K, paused 8ms+12ms, total 39ms
I/fsck_msdos(   98): ** Phase 2 - Check Cluster Chains
D/UsbDeviceManager(  409): updateUsbState updateUsbState
D/UsbDeviceManager(  409): updateUsbState Usb state is false false true
I/ActivityManager(  409): Config changes=200 {1.0 ?mcc?mnc en_US ldltr sw320dp w320dp h460dp 240dpi nrml port finger -keyb/h/h -nav/h s.5}
W/RecognitionManagerService(  409): no available voice recognition services found for user 0
I/fsck_msdos(   98): ** Phase 3 - Checking Directories
I/fsck_msdos(   98): ** Phase 4 - Checking for Lost Files
W/AppWidgetServiceImpl(  409): Failed to read state: java.io.FileNotFoundException: /data/system/users/0/appwidgets.xml: open failed: ENOENT (No such file or directory)
I/fsck_msdos(   98): Free space in FSInfo block (-1) not correct (1652655)
I/fsck_msdos(   98): FIXED
I/fsck_msdos(   98): Next free cluster in FSInfo block (2) not free
I/fsck_msdos(   98): FIXED
I/fsck_msdos(   98): 1 files, 638328 free (1652655 clusters)
W/InputMethodManagerService(  409): Ignoring setImeWindowStatus of uid 1000 token: null
W/InputMethodManagerService(  409): Reset the default IME as "Resource" is ready here.
D/dalvikvm(  552): GC_FOR_ALLOC freed 21K, 5% free 4097K/4304K, paused 25ms, total 26ms
I/Vold    (   98): Filesystem check completed OK
I/InputMethodManagerService(  409): Selected default: com.android.inputmethod.latin/.LatinIME
E/Vold    (   98): ---------set mSkipAsec to enable app2sd because mount Vfat succeed for internal_sd, mountpoint =/mnt/internal_sd
I/ActivityManager(  409): Config changes=20 {1.0 ?mcc?mnc en_US ldltr sw320dp w320dp h460dp 240dpi nrml port finger -keyb/v/h -nav/h s.6}
V/PhoneStatusBar/NavigationBarView(  552): touchEnabled:false
W/Vold    (   98): blkid failed to identify /dev/block/vold/31:10
D/Vold    (   98): ---get uuid =6C8A-07D0
D/Vold    (   98): ---get label =SPEECHAIR
D/Vold    (   98): Volume internal_sd state changing 3 (Checking) -> 4 (Mounted)
D/MountService(  409): volume state changed for /mnt/internal_sd (checking -> mounted)
E/VoldConnector(  409): NDC Command {3 volume mount /mnt/internal_sd} took too long (707ms)
W/ContextImpl(  409): Calling a method in the system process without a qualified user: android.app.ContextImpl.sendBroadcast:1138 android.util.SpeechAirUpdateUtil.updateSAoutConfig:40 com.android.server.MountService.sendStorageIntent:1336 com.android.server.MountService.notifyVolumeStateChange:1047 com.android.server.MountService.onEvent:846
I/ActivityManager(  409): Start proc com.android.inputmethod.latin for service com.android.inputmethod.latin/.LatinIME: pid=654 uid=10023 gids={50023, 1028, 1015}
D/MountService(  409): sendStorageIntent Intent { act=android.intent.action.MEDIA_MOUNTED dat=file:///mnt/internal_sd (has extras) } to UserHandle{-1}
D/UsbDeviceManager(  409): -----get MSG_UPDATE_STATE_RETRY,but not BootComplete,send MSG_UPDATE_STATE_RETRY after 500ms---
V/InputMethodManagerService(  409): Adding window token: android.os.Binder@426b80d0
E/gpslogd (  409): Interface "gps_geofencing" is not supported
W/GpsLocationProvider(  409): Could not open GPS configuration file /etc/gps.conf
W/ServiceWatcher(  409): com.google.android.location not found
W/ServiceWatcher(  409): com.google.android.location not found
E/RkWifiCtrl(  409): Wifi driver is not ready.
W/ServiceWatcher(  409): com.google.android.location not found
W/LocationManagerService(  409): no network location provider found
W/ServiceWatcher(  409): com.google.android.location not found
E/FlpHardwareProvider(  409): Error hw_get_module 'flp': -2
W/ServiceWatcher(  409): com.google.android.location not found
E/FlpHardwareProvider(  409): Error hw_get_module 'flp': -2
W/ServiceWatcher(  409): com.google.android.location not found
I/CommonTimeManagementService(  409): No common time service detected on this platform.  Common time services will be unavailable.
E/LocationManagerService(  409): no geocoder provider found
E/LocationManagerService(  409): No FusedProvider found.
E/LocationManagerService(  409): no geofence provider found
W/InputMethodManagerService(  409): Illegal subtype state: old subtype = null, new subtype = android.view.inputmethod.InputMethodSubtype@c9194f98
I/InputReader(  409): Reconfiguring input devices.  changes=0x00000020
D/NetworkTimeUpdateService(  409): mTime.forceRefresh()
I/dalvikvm(  409): DexOpt: not all deps represented
E/dalvikvm(  409): /system/framework/com.android.location.provider.jar odex has stale dependencies
I/dalvikvm(  409): DexOpt: not all deps represented
E/dalvikvm(  409): /system/priv-app/FusedLocation.apk odex has stale dependencies
D/BluetoothAdapter(  552): 1109248808: getState() :  mService = null. Returning STATE_OFF
D/BluetoothAdapter(  552): 1109248808: getState() :  mService = null. Returning STATE_OFF
I/dalvikvm(  654): DexOpt: not all deps represented
E/dalvikvm(  654): /system/app/LatinIME.apk odex has stale dependencies
I/InputReader(  409): Reconfiguring input devices.  changes=0x00000010
I/ActivityManager(  409): Start proc com.android.phone for added application com.android.phone: pid=671 uid=1001 gids={41001, 3002, 3001, 3003, 1028, 1015}
I/ActivityManager(  409): START u0 {act=android.intent.action.MAIN cat=[android.intent.category.HOME] flg=0x10000000 cmp=com.android.settings/.CryptKeeper} from pid 0
D/dalvikvm(  409): GC_CONCURRENT freed 300K, 54% free 5097K/10880K, paused 3ms+4ms, total 48ms
I/ActivityManager(  409): Start proc com.android.settings for activity com.android.settings/.CryptKeeper: pid=683 uid=1000 gids={41000, 1028, 1015, 1007, 3002, 3001, 1023, 3003}
I/ActivityManager(  409): Start proc com.philips.spconfigmanager for broadcast com.philips.spconfigmanager/.UnmountUSBStorageReceiver: pid=697 uid=1000 gids={41000, 1028, 1015, 1007, 3002, 3001, 1023, 3003}
D/MountService(  409): sharedvolumeNum: 0 ;avail: false
I/ActivityManager(  409): Start proc com.android.printspooler for service com.android.printspooler/.PrintSpoolerService: pid=709 uid=10032 gids={50032}
I/dalvikvm(  671): DexOpt: not all deps represented
E/dalvikvm(  671): /system/priv-app/TeleService.apk odex has stale dependencies
I/LatinIME(  654): Hardware accelerated drawing: true
D/BluetoothManagerService(  409): Message: 300
D/BluetoothManagerService(  409): MESSAGE_USER_SWITCHED
I/dalvikvm(  683): DexOpt: not all deps represented
E/dalvikvm(  683): /system/priv-app/Settings.apk odex has stale dependencies
V/AudioPolicyManagerBase(  104): setForceUse() usage 3, config 8, mPhoneState 0
V/AudioPolicyManagerBase(  104): getDeviceForStrategy() from cache strategy 5, device 2
V/AudioPolicyManagerBase(  104): getOutputsForDevice() device 0002
V/AudioPolicyManagerBase(  104): output 0 isDuplicated=0 device=047f
V/AudioPolicyManagerBase(  104): getOutputsForDevice() found output 2
V/AudioPolicyManagerBase(  104): getOutputsForDevice() device 0002
V/AudioPolicyManagerBase(  104): output 0 isDuplicated=0 device=047f
V/AudioPolicyManagerBase(  104): getOutputsForDevice() found output 2
V/AudioPolicyManagerBase(  104): getDeviceForStrategy() from cache strategy 1, device 1
V/AudioPolicyManagerBase(  104): getOutputsForDevice() device 0001
V/AudioPolicyManagerBase(  104): output 0 isDuplicated=0 device=047f
V/AudioPolicyManagerBase(  104): getOutputsForDevice() found output 2
V/AudioPolicyManagerBase(  104): getOutputsForDevice() device 0001
V/AudioPolicyManagerBase(  104): output 0 isDuplicated=0 device=047f
V/AudioPolicyManagerBase(  104): getOutputsForDevice() found output 2
V/AudioPolicyManagerBase(  104): getDeviceForStrategy() from cache strategy 2, device 2
V/AudioPolicyManagerBase(  104): getOutputsForDevice() device 0002
V/AudioPolicyManagerBase(  104): output 0 isDuplicated=0 device=047f
V/AudioPolicyManagerBase(  104): getOutputsForDevice() found output 2
V/AudioPolicyManagerBase(  104): getOutputsForDevice() device 0002
V/AudioPolicyManagerBase(  104): output 0 isDuplicated=0 device=047f
V/AudioPolicyManagerBase(  104): getOutputsForDevice() found output 2
V/AudioPolicyManagerBase(  104): getDeviceForStrategy() from cache strategy 3, device 2
V/AudioPolicyManagerBase(  104): getOutputsForDevice() device 0002
V/AudioPolicyManagerBase(  104): output 0 isDuplicated=0 device=047f
V/AudioPolicyManagerBase(  104): getOutputsForDevice() found output 2
V/AudioPolicyManagerBase(  104): getOutputsForDevice() device 0002
V/AudioPolicyManagerBase(  104): output 0 isDuplicated=0 device=047f
V/AudioPolicyManagerBase(  104): getOutputsForDevice() found output 2
V/AudioPolicyManagerBase(  104): getDeviceForStrategy() from cache strategy 0, device 2
V/AudioPolicyManagerBase(  104): getOutputsForDevice() device 0002
V/AudioPolicyManagerBase(  104): output 0 isDuplicated=0 device=047f
V/AudioPolicyManagerBase(  104): getOutputsForDevice() found output 2
V/AudioPolicyManagerBase(  104): getOutputsForDevice() device 0002
V/AudioPolicyManagerBase(  104): output 0 isDuplicated=0 device=047f
V/AudioPolicyManagerBase(  104): getOutputsForDevice() found output 2
V/AudioPolicyManagerBase(  104): getDeviceForStrategy() from cache strategy 4, device 2
V/AudioPolicyManagerBase(  104): getOutputsForDevice() device 0002
V/AudioPolicyManagerBase(  104): output 0 isDuplicated=0 device=047f
V/AudioPolicyManagerBase(  104): getOutputsForDevice() found output 2
V/AudioPolicyManagerBase(  104): getOutputsForDevice() device 0002
V/AudioPolicyManagerBase(  104): output 0 isDuplicated=0 device=047f
V/AudioPolicyManagerBase(  104): getOutputsForDevice() found output 2
V/AudioPolicyManagerBase(  104): getNewDevice() selected device 0
V/AudioPolicyManagerBase(  104): setOutputDevice() output 2 device 0000 delayMs 0
V/AudioPolicyManagerBase(  104): setOutputDevice() prevDevice 0002
V/AudioPolicyManagerBase(  104): setOutputDevice() setting same device 0000 or null device for output 2
I/dalvikvm(  671): DexOpt: not all deps represented
E/dalvikvm(  671): /system/app/TelephonyProvider.apk odex has stale dependencies
V/AudioPolicyManagerBase(  104): setStreamVolumeIndex() stream 0, device 40000000, index 4
V/AudioPolicyManagerBase(  104): VOLUME vol index=[66 80 100], dB=[-8.0 -4.7 0.0] ampl=0.58171
V/AudioPolicyManagerBase(  104): setStreamVolumeIndex() stream 1, device 40000000, index 5
V/AudioPolicyManagerBase(  104): VOLUME vol index=[66 71 100], dB=[-12.0 -11.1 -6.0] ampl=0.27805
V/AudioPolicyManagerBase(  104): setStreamVolumeIndex() stream 2, device 40000000, index 5
V/AudioPolicyManagerBase(  104): VOLUME vol index=[66 71 100], dB=[-10.2 -8.7 0.0] ampl=0.36728
V/AudioPolicyManagerBase(  104): setStreamVolumeIndex() stream 3, device 40000000, index 11
V/AudioPolicyManagerBase(  104): VOLUME vol index=[60 73 100], dB=[-11.0 -7.4 0.0] ampl=0.42535
D/dalvikvm(  552): GC_CONCURRENT freed 75K, 4% free 4496K/4644K, paused 2ms+3ms, total 30ms
V/AudioPolicyManagerBase(  104): setStreamVolumeIndex() stream 4, device 40000000, index 6
V/AudioPolicyManagerBase(  104): VOLUME vol index=[66 85 100], dB=[-10.2 -4.5 0.0] ampl=0.59566
V/AudioPolicyManagerBase(  104): setStreamVolumeIndex() stream 5, device 40000000, index 5
V/AudioPolicyManagerBase(  104): VOLUME vol index=[66 71 100], dB=[-10.2 -8.7 0.0] ampl=0.36728
V/AudioPolicyManagerBase(  104): setStreamVolumeIndex() stream 6, device 40000000, index 7
V/AudioPolicyManagerBase(  104): checkAndSetVolume() cannot set stream 6 volume with force use = 0 for comm
V/AudioPolicyManagerBase(  104): setStreamVolumeIndex() stream 7, device 40000000, index 5
V/AudioPolicyManagerBase(  104): VOLUME vol index=[66 71 100], dB=[-12.0 -11.1 -6.0] ampl=0.27805
V/AudioPolicyManagerBase(  104): setStreamVolumeIndex() stream 8, device 40000000, index 11
V/AudioPolicyManagerBase(  104): VOLUME vol index=[66 73 100], dB=[-12.0 -10.8 -6.0] ampl=0.28958
V/AudioPolicyManagerBase(  104): setStreamVolumeIndex() stream 9, device 40000000, index 11
V/AudioPolicyManagerBase(  104): VOLUME vol index=[60 73 100], dB=[-11.0 -7.4 0.0] ampl=0.42535
V/AudioPolicyManagerBase(  104): setStreamVolumeIndex() stream 3, device 40000000, index 11
V/AudioPolicyManagerBase(  104): VOLUME vol index=[60 73 100], dB=[-11.0 -7.4 0.0] ampl=0.42535
V/AudioPolicyManagerBase(  104): setStreamVolumeIndex() stream 9, device 40000000, index 11
V/AudioPolicyManagerBase(  104): VOLUME vol index=[60 73 100], dB=[-11.0 -7.4 0.0] ampl=0.42535
V/AudioPolicyManagerBase(  104): setStreamVolumeIndex() stream 8, device 40000000, index 11
V/AudioPolicyManagerBase(  104): VOLUME vol index=[66 73 100], dB=[-12.0 -10.8 -6.0] ampl=0.28958
V/AudioPolicyManagerBase(  104): setStreamVolumeIndex() stream 7, device 40000000, index 5
V/AudioPolicyManagerBase(  104): VOLUME vol index=[66 71 100], dB=[-12.0 -11.1 -6.0] ampl=0.27805
V/AudioPolicyManagerBase(  104): setStreamVolumeIndex() stream 1, device 40000000, index 5
V/AudioPolicyManagerBase(  104): VOLUME vol index=[66 71 100], dB=[-12.0 -11.1 -6.0] ampl=0.27805
I/dalvikvm(  709): DexOpt: not all deps represented
E/dalvikvm(  709): /system/app/PrintSpooler.apk odex has stale dependencies
I/PrintSpoolerService(  709): No existing print spooler state.
V/PhoneApp(  671): onCreate()...
I/ActivityManager(  409): START u0 {act=android.intent.action.MAIN cat=[android.intent.category.HOME] flg=0x10000000 cmp=com.android.provision/.DefaultActivity} from pid 0
D/BluetoothAdapter(  552): 1109248808: getState() :  mService = null. Returning STATE_OFF
D/dalvikvm(  102): GC_EXPLICIT freed 38K, 4% free 2810K/2920K, paused 1ms+1ms, total 17ms
W/InputAttributes(  654): No editor info for this field. Bug?
I/ActivityManager(  409): Start proc com.android.provision for activity com.android.provision/.DefaultActivity: pid=726 uid=1000 gids={41000, 1028, 1015, 1007, 3002, 3001, 1023, 3003}
D/dalvikvm(  102): GC_EXPLICIT freed <1K, 4% free 2810K/2920K, paused 1ms+2ms, total 14ms
I/FusedLocation(  409): engine stopped (com.android.location.fused)
I/FusedLocation(  409): engine started (com.android.location.fused)
I/ResourceUtils(  654): Found default value: resource=keypress_vibration_durations build=[HARDWARE=rk30board MODEL=PSP1100 BRAND=Philips MANUFACTURER=Philips] default=-1
D/dalvikvm(  102): GC_EXPLICIT freed <1K, 4% free 2810K/2920K, paused 1ms+2ms, total 17ms
I/ResourceUtils(  654): Found default value: resource=keypress_volumes build=[HARDWARE=rk30board MODEL=PSP1100 BRAND=Philips MANUFACTURER=Philips] default=-1.0f
I/dalvikvm(  697): DexOpt: not all deps represented
E/dalvikvm(  697): /system/app/PhilipsConfigManager.apk odex has stale dependencies
I/UnmountUSBStorageReceiver(  697): Action>android.hardware.usb.action.USB_STATE
D/PhoneStatusBar(  552): disable: < expand icons alerts ticker system_info back home recent clock search >
I/ActivityManager(  409): Start proc android.process.acore for content provider com.android.providers.userdictionary/.UserDictionaryProvider: pid=742 uid=10035 gids={50035}
W/ContextImpl(  697): Calling a method in the system process without a qualified user: android.app.ContextImpl.startService:1494 android.content.ContextWrapper.startService:494 android.content.ContextWrapper.startService:494 com.philips.spconfigmanager.UnmountUSBStorageReceiver.onReceive:30 android.app.ActivityThread.handleReceiver:2419
I/SPConfigService(  697): --------service count:0
I/dalvikvm(  726): DexOpt: not all deps represented
E/dalvikvm(  726): /system/app/Provision.apk odex has stale dependencies
I/ActivityManager(  409): Start proc android.process.media for broadcast com.android.providers.media/.MtpReceiver: pid=749 uid=10003 gids={50003, 1028, 1015, 1023, 1024, 2001, 3003, 3007}
I/Provision(  726): ===================DefaultActivity=================
D/UsbDeviceManager(  409): -----get MSG_UPDATE_STATE_RETRY,but not BootComplete,send MSG_UPDATE_STATE_RETRY after 500ms---
D/RkWifiCtrl(  409): Kernel version is 3.0.36.
E/SAPRDoutConfigUtil(  726): isFileExists file : /mnt/internal_sd/Android/data/com.speech/files/settings/PDRout.config is not exists or bot a file.
I/FusedLocation(  409): engine started (com.android.location.fused)
E/RkWifiCtrl(  409): Wifi driver is not ready.
E/RkWifiCtrl(  409): rk_wifi_load_driver:(insmod)
E/ActivityThread(  552): Failed to find provider info for com.android.contacts
D/dalvikvm(  654): GC_CONCURRENT freed 185K, 8% free 3007K/3264K, paused 3ms+5ms, total 76ms
I/dalvikvm(  742): DexOpt: not all deps represented
E/dalvikvm(  742): /system/app/UserDictionaryProvider.apk odex has stale dependencies
I/ActivityManager(  409): Start proc com.android.smspush for service com.android.smspush/.WapPushManager: pid=771 uid=10036 gids={50036}
I/LatinIME:LogUtils(  654): Dictionary info: dictionary = UserHistoryDictionary.en_US.dic ; version = ? ; date = 946685181
I/LatinIME:LogUtils(  654): Dictionary info: dictionary = personalization.en_US.dict ; version = ? ; date = 946685181
I/LatinIME:LogUtils(  654): Dictionary info: dictionary = PersonalizationPredictionDictio ; version = ? ; date = 946685181
D/dalvikvm(  552): GC_CONCURRENT freed 194K, 6% free 4783K/5048K, paused 1ms+11ms, total 52ms
D/dalvikvm(  552): WAIT_FOR_CONCURRENT_GC blocked 7ms
D/dalvikvm(  409): GC_CONCURRENT freed 413K, 53% free 5214K/10880K, paused 2ms+25ms, total 234ms
I/LatinIME:LogUtils(  654): Dictionary info: dictionary = userunigram.en_US.dict ; version = ? ; date = ?
I/dalvikvm(  771): DexOpt: not all deps represented
E/dalvikvm(  771): /system/app/WAPPushManager.apk odex has stale dependencies
E/ActivityThread(  671): Failed to find provider info for call_log
E/SAPRDoutConfigUtil(  726): isFileExists file : /mnt/internal_sd/Android/data/com.speech/files/settings/PDRout.config is not exists or bot a file.
D/BluetoothAdapter(  552): 1109248808: getState() :  mService = null. Returning STATE_OFF
D/BluetoothAdapter(  552): 1109248808: getState() :  mService = null. Returning STATE_OFF
D/PhoneStatusBar(  552): heads up is disabled
D/PhoneStatusBar(  552): mSettingsPanelGravity = 55
D/BluetoothManagerService(  409): Message: 30
I/Choreographer(  552): Skipped 51 frames!  The application may be doing too much work on its main thread.
V/KeyguardTouchDelegate(  552): Connected to keyguard
D/PhoneInterfaceManager(  671): [PhoneIntfMgr] publish: com.android.phone.PhoneInterfaceManager@420ba368
D/dalvikvm(  671): GC_CONCURRENT freed 148K, 7% free 3077K/3296K, paused 2ms+2ms, total 39ms
V/AudioPolicyManagerBase(  104): getOutput() device 1, stream 0, samplingRate 0, format 0, channelMask 3, flags 0
V/AudioPolicyManagerBase(  104): getOutputsForDevice() device 0001
V/AudioPolicyManagerBase(  104): output 0 isDuplicated=0 device=047f
V/AudioPolicyManagerBase(  104): getOutputsForDevice() found output 2
V/AudioPolicyManagerBase(  104): getOutput() returns output 2
V/AudioPolicyManagerBase(  104): getOutput() device 1, stream 0, samplingRate 0, format 0, channelMask 3, flags 0
V/AudioPolicyManagerBase(  104): getOutputsForDevice() device 0001
V/AudioPolicyManagerBase(  104): output 0 isDuplicated=0 device=047f
V/AudioPolicyManagerBase(  104): getOutputsForDevice() found output 2
V/AudioPolicyManagerBase(  104): getOutput() returns output 2
V/AudioPolicyManagerBase(  104): getOutput() device 1, stream 0, samplingRate 44100, format 1, channelMask 1, flags 4
V/AudioPolicyManagerBase(  104): getOutputsForDevice() device 0001
V/AudioPolicyManagerBase(  104): output 0 isDuplicated=0 device=047f
V/AudioPolicyManagerBase(  104): getOutputsForDevice() found output 2
V/AudioPolicyManagerBase(  104): getOutput() returns output 2
D/CallNotifier(  671): CallNotifier: mSignalInfoToneGenerator created when toneplay
D/BluetoothManagerService(  409): Message: 30
V/PhoneApp(  671): register for ICC status
I/DateView(  552): ===================fmt = EEE, MMMM d=language = en=================
D/PhoneUtils(  671): setAudioMode()...IDLE
D/PhoneUtils(  671): setAudioMode() no change: MODE_NORMAL
D/TelephonyDebugService(  671): TelephonyDebugService()
D/dalvikvm(  654): GC_CONCURRENT freed 443K, 15% free 3066K/3584K, paused 1ms+1ms, total 28ms
D/dalvikvm(  654): WAIT_FOR_CONCURRENT_GC blocked 14ms
D/BluetoothManagerService(  409): Message: 30
D/BluetoothPhoneService(  671):  handlePreciseCallStateChange: foreground: IDLE background: IDLE ringing: IDLE
E/BluetoothPhoneService(  671): Could not get a handle on Connection object for the call
D/BluetoothPhoneService(  671): registerForServiceStateChanged
D/BluetoothPhoneService(  671): BluetoothPhoneService started
D/CallNotifier(  671): onMwiChanged(): false
W/CallNotifier(  671): Got onMwiChanged() on non-voice-capable device! Ignoring...
D/CallNotifier(  671): onCfiChanged(): false
E/SAPRDoutConfigUtil(  726): isFileExists file : /mnt/internal_sd/Android/data/com.speech/files/settings/PDRout.config is not exists or bot a file.
D/OpenGLRenderer(  552): Enabling debug mode 0
I/PhoneApp(  671): Headset phone created, binding local service.
D/UsbDeviceManager(  409): -----get MSG_UPDATE_STATE_RETRY,but not BootComplete,send MSG_UPDATE_STATE_RETRY after 500ms---
W/CallerInfoCache(  671): cursor is null
E/ActivityThread(  671): Failed to find provider info for com.android.contacts
I/dalvikvm(  749): DexOpt: not all deps represented
E/dalvikvm(  749): /system/priv-app/MediaProvider.apk odex has stale dependencies
I/LatinIME:LogUtils(  654): Dictionary info: dictionary = main:en ; version = 42 ; date = 1381226429
I/LatinIME:LogUtils(  654): Dictionary info: dictionary = main:en ; version = 42 ; date = 1381226429
I/LatinIME:LogUtils(  654): Dictionary info: dictionary = main:en ; version = 42 ; date = 1381226429
I/LatinIME:LogUtils(  654): Dictionary info: dictionary = main:en ; version = 42 ; date = 1381226429
I/LatinIME:LogUtils(  654): Dictionary info: dictionary = main:en ; version = 42 ; date = 1381226429
D/dalvikvm(  654): GC_CONCURRENT freed 381K, 13% free 3148K/3600K, paused 2ms+6ms, total 46ms
I/LatinIME:LogUtils(  654): Dictionary info: dictionary = main:en ; version = 42 ; date = 1381226429
D/dalvikvm(  552): GC_FOR_ALLOC freed 113K, 4% free 5068K/5252K, paused 35ms, total 42ms
I/LatinIME:LogUtils(  654): Dictionary info: dictionary = main:en ; version = 42 ; date = 1381226429
I/dalvikvm-heap(  552): Grow heap (frag case) to 6.481MB for 1536016-byte allocation
E/SAPRDoutConfigUtil(  726): isFileExists file : /mnt/internal_sd/Android/data/com.speech/files/settings/PDRout.config is not exists or bot a file.
D/dalvikvm(  552): GC_CONCURRENT freed 4K, 3% free 6564K/6756K, paused 2ms+4ms, total 26ms
D/dalvikvm(  726): GC_CONCURRENT freed 311K, 12% free 2922K/3304K, paused 1ms+6ms, total 22ms
D/dalvikvm(  552): GC_FOR_ALLOC freed <1K, 3% free 6564K/6756K, paused 22ms, total 22ms
I/dalvikvm-heap(  552): Grow heap (frag case) to 8.918MB for 2560016-byte allocation
D/dalvikvm(  552): GC_CONCURRENT freed 0K, 3% free 9065K/9260K, paused 1ms+2ms, total 12ms
D/dalvikvm(  552): WAIT_FOR_CONCURRENT_GC blocked 9ms
I/ActivityManager(  409): START u0 {act=android.intent.action.MAIN cat=[android.intent.category.HOME] flg=0x10000000 cmp=com.android.launcher3/.Launcher} from pid 0
I/Choreographer(  552): Skipped 34 frames!  The application may be doing too much work on its main thread.
I/ActivityManager(  409): Start proc com.android.launcher3 for activity com.android.launcher3/.Launcher: pid=813 uid=10024 gids={50024, 1028}
I/dalvikvm(  813): DexOpt: not all deps represented
E/dalvikvm(  813): /system/app/Launcher3.apk odex has stale dependencies
I/MediaProvider(  749): Upgrading media database from version 0 to 700, which will destroy all old data
E/ActivityThread(  813): Failed to find provider info for com.android.launcher2.settings
V/Launcher(  813): LauncherAppState inited
W/Launcher(  813): setApplicationContext called twice! old=com.android.launcher3.LauncherApplication@420615c0 new=com.android.launcher3.LauncherApplication@420615c0
D/UsbDeviceManager(  409): -----get MSG_UPDATE_STATE_RETRY,but not BootComplete,send MSG_UPDATE_STATE_RETRY after 500ms---
D/dalvikvm(  813): GC_FOR_ALLOC freed 158K, 8% free 2939K/3172K, paused 10ms, total 10ms
I/dalvikvm-heap(  813): Grow heap (frag case) to 7.390MB for 4665616-byte allocation
D/dalvikvm(  813): GC_FOR_ALLOC freed <1K, 4% free 7495K/7732K, paused 13ms, total 13ms
D/dalvikvm(  813): GC_CONCURRENT freed 1K, 4% free 7493K/7732K, paused 2ms+1ms, total 11ms
E/SQLiteLog(  749): (1) no such table: album_info
I/dalvikvm(  749): DexOpt: not all deps represented
E/dalvikvm(  749): /system/priv-app/DownloadProvider.apk odex has stale dependencies
W/Resources(  813): Converting to int: TypedValue{t=0x3/d=0x12 "4" a=-1}
W/Resources(  813): Converting to int: TypedValue{t=0x3/d=0xf "1" a=-1}
D/EthernetDataTracker(  409): interfaceAdded
D/EthernetDataTracker(  409): interfaceAdded
D/Tethering(  409): sendTetherStateChangedBroadcast 1, 0, 0
W/Searchables(  409): No global search activity found
D/UsbDeviceManager(  409): -----get MSG_UPDATE_STATE_RETRY,but not BootComplete,send MSG_UPDATE_STATE_RETRY after 500ms---
D/dalvikvm(  409): GC_CONCURRENT freed 417K, 52% free 5275K/10880K, paused 2ms+3ms, total 39ms
I/ActivityManager(  409): Start proc android.rockchip.update.service for broadcast android.rockchip.update.service/.RKUpdateReceiver: pid=839 uid=10033 gids={50033, 1028, 1015, 2001, 1023, 1024, 3003}
D/OpenGLRenderer(  813): Enabling debug mode 0
W/Resources(  813): Converting to int: TypedValue{t=0x3/d=0x15 "2" a=-1}
W/Resources(  813): Converting to int: TypedValue{t=0x3/d=0x15 "2" a=-1}
I/ActivityManager(  409): Displayed com.android.launcher3/.Launcher: +974ms (total +2s161ms)
W/Launcher.LauncherProvider(  813): Unable to add favorite: com.android.camera/com.android.camera.Camera
W/Launcher.LauncherProvider(  813): android.content.pm.PackageManager$NameNotFoundException: ComponentInfo{com.android.camera/com.android.camera.Camera}
W/Launcher.LauncherProvider(  813):     at android.app.ApplicationPackageManager.getActivityInfo(ApplicationPackageManager.java:242)
W/Launcher.LauncherProvider(  813):     at com.android.launcher3.LauncherProvider$DatabaseHelper.addAppShortcut(LauncherProvider.java:1198)
W/Launcher.LauncherProvider(  813):     at com.android.launcher3.LauncherProvider$DatabaseHelper.loadFavorites(LauncherProvider.java:1090)
W/Launcher.LauncherProvider(  813):     at com.android.launcher3.LauncherProvider$DatabaseHelper.access$000(LauncherProvider.java:290)
W/Launcher.LauncherProvider(  813):     at com.android.launcher3.LauncherProvider.loadDefaultFavoritesIfNecessary(LauncherProvider.java:280)
W/Launcher.LauncherProvider(  813):     at com.android.launcher3.LauncherModel$LoaderTask.loadWorkspace(LauncherModel.java:1618)
W/Launcher.LauncherProvider(  813):     at com.android.launcher3.LauncherModel$LoaderTask.loadAndBindWorkspace(LauncherModel.java:1294)
W/Launcher.LauncherProvider(  813):     at com.android.launcher3.LauncherModel$LoaderTask.run(LauncherModel.java:1399)
W/Launcher.LauncherProvider(  813):     at android.os.Handler.handleCallback(Handler.java:733)
W/Launcher.LauncherProvider(  813):     at android.os.Handler.dispatchMessage(Handler.java:95)
W/Launcher.LauncherProvider(  813):     at android.os.Looper.loop(Looper.java:136)
W/Launcher.LauncherProvider(  813):     at android.os.HandlerThread.run(HandlerThread.java:61)
D/dalvikvm(  749): GC_CONCURRENT freed 215K, 9% free 2997K/3288K, paused 36ms+45ms, total 254ms
W/Launcher.LauncherProvider(  813): Unable to add favorite: android.rk.RockVideoPlayer/android.rk.RockVideoPlayer.RockVideoPlayer
W/Launcher.LauncherProvider(  813): android.content.pm.PackageManager$NameNotFoundException: ComponentInfo{android.rk.RockVideoPlayer/android.rk.RockVideoPlayer.RockVideoPlayer}
W/Launcher.LauncherProvider(  813):     at android.app.ApplicationPackageManager.getActivityInfo(ApplicationPackageManager.java:242)
W/Launcher.LauncherProvider(  813):     at com.android.launcher3.LauncherProvider$DatabaseHelper.addAppShortcut(LauncherProvider.java:1198)
W/Launcher.LauncherProvider(  813):     at com.android.launcher3.LauncherProvider$DatabaseHelper.loadFavorites(LauncherProvider.java:1090)
W/Launcher.LauncherProvider(  813):     at com.android.launcher3.LauncherProvider$DatabaseHelper.access$000(LauncherProvider.java:290)
W/Launcher.LauncherProvider(  813):     at com.android.launcher3.LauncherProvider.loadDefaultFavoritesIfNecessary(LauncherProvider.java:280)
W/Launcher.LauncherProvider(  813):     at com.android.launcher3.LauncherModel$LoaderTask.loadWorkspace(LauncherModel.java:1618)
W/Launcher.LauncherProvider(  813):     at com.android.launcher3.LauncherModel$LoaderTask.loadAndBindWorkspace(LauncherModel.java:1294)
W/Launcher.LauncherProvider(  813):     at com.android.launcher3.LauncherModel$LoaderTask.run(LauncherModel.java:1399)
W/Launcher.LauncherProvider(  813):     at android.os.Handler.handleCallback(Handler.java:733)
W/Launcher.LauncherProvider(  813):     at android.os.Handler.dispatchMessage(Handler.java:95)
W/Launcher.LauncherProvider(  813):     at android.os.Looper.loop(Looper.java:136)
W/Launcher.LauncherProvider(  813):     at android.os.HandlerThread.run(HandlerThread.java:61)
I/DownloadManager(  749): Upgrading downloads database from version 0 to version 109, which will destroy all old data
E/Launcher.Model(  813): Deleting widget that isn't installed anymore: id=1 appWidgetId=1
E/ActivityManager(  409): isFileExists file : /mnt/internal_sd/Android/data/com.speech/files/settings/PDRout.config is not exists or bot a file.
W/ContextImpl(  409): Calling a method in the system process without a qualified user: android.app.ContextImpl.startActivity:1035 com.android.server.am.ActivityManagerService.startCustomerActiivty:16524 com.android.server.am.ActivityManagerService.checkPDRConfig:16503 com.android.server.am.ActivityManagerService.sendSAXMLMakeBroadcast:16508 com.android.server.am.ActivityManagerService.finishBoot
E/Launcher.Model(  813): Deleting widget that isn't installed anymore: id=2 appWidgetId=2
W/ContextImpl(  409): Calling a method in the system process without a qualified user: android.app.ContextImpl.startActivity:1047 android.app.ContextImpl.startActivity:1036 com.android.server.am.ActivityManagerService.startCustomerActiivty:16524 com.android.server.am.ActivityManagerService.checkPDRConfig:16503 com.android.server.am.ActivityManagerService.sendSAXMLMakeBroadcast:16508
I/ActivityManager(  409): START u0 {act=android.intent.action.MAIN cat=[android.intent.category.LAUNCHER] flg=0x10000000 pkg=com.speech cmp=com.speech/.PhilipsDictationRecorderActivity} from pid 409
D/Launcher.Model(  813): Skipped loading out of bounds shortcut: ShortcutInfo(title=Galleryintent=Intent { act=android.intent.action.MAIN cat=[android.intent.category.LAUNCHER] flg=0x10200000 cmp=com.android.gallery3d/.app.Gallery }id=4 type=0 container=-100 screen=3 cellX=1 cellY=3 spanX=1 spanY=1 dropPos=null), 4.0x3.0
D/PermissionCache(  101): checking android.permission.READ_FRAME_BUFFER for uid=1000 => granted (262 us)
D/Launcher.Model(  813): Skipped loading out of bounds shortcut: ShortcutInfo(title=Emailintent=Intent { act=android.intent.action.MAIN cat=[android.intent.category.LAUNCHER] flg=0x10200000 cmp=com.android.email/.activity.Welcome }id=6 type=0 container=-100 screen=3 cellX=2 cellY=3 spanX=1 spanY=1 dropPos=null), 4.0x3.0
I/SPConfigService(  697): SP_AES_CONFIG_FILE_NAME = /mnt/internal_sd/SAin.xml
W/ContextImpl(  409): Calling a method in the system process without a qualified user: android.app.ContextImpl.sendBroadcast:1138 android.util.SpeechAirUpdateUtil.updateSAoutConfig:40 com.android.server.am.ActivityManagerService.sendSAXMLMakeBroadcast:16511 com.android.server.am.ActivityManagerService.finishBooting:5309 com.android.server.am.ActivityStackSupervisor.activityIdleInternalLocked:192
I/dalvikvm(  839): DexOpt: not all deps represented
E/dalvikvm(  839): /system/app/RKUpdateService.apk odex has stale dependencies
I/SurfaceFlinger(  101): Boot is finished (41196 ms)
D/RKUpdateReceiver(  839): action = android.hardware.usb.action.USB_STATE
D/UsbDeviceManager(  409): -----get MSG_UPDATE_STATE_RETRY,but not BootComplete,send MSG_UPDATE_STATE_RETRY after 500ms---
I/ActivityManager(  409): Start proc com.speech for activity com.speech/.PhilipsDictationRecorderActivity: pid=859 uid=10037 gids={50037, 1028, 1015, 3003, 3002}
D/dalvikvm(  409): GC_CONCURRENT freed 179K, 48% free 5716K/10880K, paused 3ms+4ms, total 97ms
D/dalvikvm(  409): WAIT_FOR_CONCURRENT_GC blocked 30ms
D/dalvikvm(  409): WAIT_FOR_CONCURRENT_GC blocked 28ms
D/dalvikvm(  409): WAIT_FOR_CONCURRENT_GC blocked 24ms
W/BackupManagerService(  409): dataChanged but no participant pkg='com.android.launcher3' uid=10024
W/BackupManagerService(  409): dataChanged but no participant pkg='com.android.launcher3' uid=10024
