D/PowerManagerService(  453): updateUserActivitySummaryLocked: mWakefulness=Awake, mUserActivitySummary=0x1, nextTimeout=2147536447 (in 2147472806 ms)
D/PowerManagerService(  453): updateDisplayPowerStateLocked: mDisplayReady=true, policy=3, mWakefulness=1, mWakeLockSummary=0x1, mUserActivitySummary=0x1, mBootCompleted=true, mScreenBrightnessBoostInProgress=false
W/MediaScanner(  544): Error opening directory '/oem/media/', skipping: No such file or directory.
D/DisplayManager( 1208): getDisplayInfo: displayId=0, info=DisplayInfo{"Built-in Screen", uniqueId "local:0", app 2560 x 1344, real 2560 x 1440, largest app 2560 x 2414, smallest app 1440 x 1294, 60.387 fps, supportedRefreshRates [60.387], rotation 1, density 320 (537.8823 x 537.3884) dpi, layerStack 0, appVsyncOff 0, presDeadline 17559855, type BUILT_IN, state ON, FLAG_SECURE, FLAG_SUPPORTS_PROTECTED_BUFFERS}
D/DisplayManager( 1208): getDisplayInfo: displayId=0, info=DisplayInfo{"Built-in Screen", uniqueId "local:0", app 2560 x 1344, real 2560 x 1440, largest app 2560 x 2414, smallest app 1440 x 1294, 60.387 fps, supportedRefreshRates [60.387], rotation 1, density 320 (537.8823 x 537.3884) dpi, layerStack 0, appVsyncOff 0, presDeadline 17559855, type BUILT_IN, state ON, FLAG_SECURE, FLAG_SUPPORTS_PROTECTED_BUFFERS}
D/DisplayManager( 1208): getDisplayInfo: displayId=0, info=DisplayInfo{"Built-in Screen", uniqueId "local:0", app 2560 x 1344, real 2560 x 1440, largest app 2560 x 2414, smallest app 1440 x 1294, 60.387 fps, supportedRefreshRates [60.387], rotation 1, density 320 (537.8823 x 537.3884) dpi, layerStack 0, appVsyncOff 0, presDeadline 17559855, type BUILT_IN, state ON, FLAG_SECURE, FLAG_SUPPORTS_PROTECTED_BUFFERS}
D/DisplayManager( 1208): getDisplayInfo: displayId=0, info=DisplayInfo{"Built-in Screen", uniqueId "local:0", app 2560 x 1344, real 2560 x 1440, largest app 2560 x 2414, smallest app 1440 x 1294, 60.387 fps, supportedRefreshRates [60.387], rotation 1, density 320 (537.8823 x 537.3884) dpi, layerStack 0, appVsyncOff 0, presDeadline 17559855, type BUILT_IN, state ON, FLAG_SECURE, FLAG_SUPPORTS_PROTECTED_BUFFERS}
V/AlarmClock( 1208): AlarmInitReceiver android.intent.action.BOOT_COMPLETED
D/PowerManagerService(  453): acquireWakeLockInternal: lock=556959325, flags=0x1, tag="AlarmClock", ws=null, uid=10022, pid=1208
D/PowerManagerService(  453): updateWakeLockSummaryLocked: mWakefulness=Awake, mWakeLockSummary=0x1
D/PowerManagerService(  453): updateUserActivitySummaryLocked: mWakefulness=Awake, mUserActivitySummary=0x1, nextTimeout=2147536447 (in 2147472658 ms)
D/PowerManagerService(  453): updateDisplayPowerStateLocked: mDisplayReady=true, policy=3, mWakefulness=1, mWakeLockSummary=0x1, mUserActivitySummary=0x1, mBootCompleted=true, mScreenBrightnessBoostInProgress=false
D/PowerManagerService(  453): releaseWakeLockInternal: lock=741112619 [MediaScannerService], flags=0x0
D/PowerManagerService(  453): updateWakeLockSummaryLocked: mWakefulness=Awake, mWakeLockSummary=0x1
D/PowerManagerService(  453): updateUserActivitySummaryLocked: mWakefulness=Awake, mUserActivitySummary=0x1, nextTimeout=2147536447 (in 2147472654 ms)
D/PowerManagerService(  453): updateDisplayPowerStateLocked: mDisplayReady=true, policy=3, mWakefulness=1, mWakeLockSummary=0x1, mUserActivitySummary=0x1, mBootCompleted=true, mScreenBrightnessBoostInProgress=false
D/MediaScannerService(  544): done scanning volume internal
D/MediaScannerService(  544): start scanning volume external: [/mnt/external_sd]
D/PowerManagerService(  453): acquireWakeLockInternal: lock=741112619, flags=0x1, tag="MediaScannerService", ws=null, uid=10004, pid=544
D/PowerManagerService(  453): updateWakeLockSummaryLocked: mWakefulness=Awake, mWakeLockSummary=0x1
D/PowerManagerService(  453): updateUserActivitySummaryLocked: mWakefulness=Awake, mUserActivitySummary=0x1, nextTimeout=2147536447 (in 2147472648 ms)
D/PowerManagerService(  453): updateDisplayPowerStateLocked: mDisplayReady=true, policy=3, mWakefulness=1, mWakeLockSummary=0x1, mUserActivitySummary=0x1, mBootCompleted=true, mScreenBrightnessBoostInProgress=false
W/MediaScanner(  544): Error opening directory '/mnt/external_sd/', skipping: Permission denied.
V/MediaScanner(  544): pruneDeadThumbnailFiles... android.database.sqlite.SQLiteCursor@17431471
V/MediaScanner(  544): /pruneDeadThumbnailFiles... android.database.sqlite.SQLiteCursor@17431471
D/PowerManagerService(  453): releaseWakeLockInternal: lock=741112619 [MediaScannerService], flags=0x0
D/PowerManagerService(  453): updateWakeLockSummaryLocked: mWakefulness=Awake, mWakeLockSummary=0x1
D/PowerManagerService(  453): updateUserActivitySummaryLocked: mWakefulness=Awake, mUserActivitySummary=0x1, nextTimeout=2147536447 (in 2147472542 ms)
D/PowerManagerService(  453): updateDisplayPowerStateLocked: mDisplayReady=true, policy=3, mWakefulness=1, mWakeLockSummary=0x1, mUserActivitySummary=0x1, mBootCompleted=true, mScreenBrightnessBoostInProgress=false
D/MediaScannerService(  544): done scanning volume external
D/MediaScannerService(  544): start scanning volume external: [/mnt/usb_storage]
D/PowerManagerService(  453): acquireWakeLockInternal: lock=741112619, flags=0x1, tag="MediaScannerService", ws=null, uid=10004, pid=544
D/PowerManagerService(  453): updateWakeLockSummaryLocked: mWakefulness=Awake, mWakeLockSummary=0x1
D/PowerManagerService(  453): updateUserActivitySummaryLocked: mWakefulness=Awake, mUserActivitySummary=0x1, nextTimeout=2147536447 (in 2147472537 ms)
D/PowerManagerService(  453): updateDisplayPowerStateLocked: mDisplayReady=true, policy=3, mWakefulness=1, mWakeLockSummary=0x1, mUserActivitySummary=0x1, mBootCompleted=true, mScreenBrightnessBoostInProgress=false
V/AlarmClock( 1208): AlarmInitReceiver - Reset timers and clear stopwatch data
V/AlarmClock( 1208): AlarmInitReceiver finished
D/PowerManagerService(  453): releaseWakeLockInternal: lock=556959325 [AlarmClock], flags=0x0
D/PowerManagerService(  453): updateWakeLockSummaryLocked: mWakefulness=Awake, mWakeLockSummary=0x1
D/PowerManagerService(  453): updateUserActivitySummaryLocked: mWakefulness=Awake, mUserActivitySummary=0x1, nextTimeout=2147536447 (in 2147472457 ms)
D/PowerManagerService(  453): updateDisplayPowerStateLocked: mDisplayReady=true, policy=3, mWakefulness=1, mWakeLockSummary=0x1, mUserActivitySummary=0x1, mBootCompleted=true, mScreenBrightnessBoostInProgress=false
I/LauncherIconVisibilityManager(  761): Boot has been completed
I/LauncherIconVisibilityManager(  761): Activity has already been disabled: ComponentInfo{com.android.inputmethod.latin/com.android.inputmethod.latin.setup.SetupActivity}
D/MediaProvider(  544): -------oops,try to insert file to db,but sdcard has been unmounted,file =/mnt/usb_storage/USB_DISK5
D/MediaProvider(  544): -------oops,try to insert file to db,but sdcard has been unmounted,file =/mnt/usb_storage/USB_DISK4
D/MediaProvider(  544): -------oops,try to insert file to db,but sdcard has been unmounted,file =/mnt/usb_storage/USB_DISK3
D/RKUpdateReceiver(  636): action = android.intent.action.BOOT_COMPLETED
D/RKUpdateReceiver(  636): RKUpdateReceiver recv ACTION_BOOT_COMPLETED.
D/MediaProvider(  544): -------oops,try to insert file to db,but sdcard has been unmounted,file =/mnt/usb_storage/USB_DISK2
D/MediaProvider(  544): -------oops,try to insert file to db,but sdcard has been unmounted,file =/mnt/usb_storage/USB_DISK1
D/MediaProvider(  544): -------oops,try to insert file to db,but sdcard has been unmounted,file =/mnt/usb_storage/USB_DISK0
D/AlertReceiver( 1182): onReceive: a=android.intent.action.PROVIDER_CHANGED Intent { act=android.intent.action.PROVIDER_CHANGED dat=content://com.android.calendar flg=0x10 cmp=com.android.calendar/.alerts.AlertReceiver }
D/PowerManagerService(  453): acquireWakeLockInternal: lock=820629830, flags=0x1, tag="StartingAlertService", ws=null, uid=10018, pid=1182
D/PowerManagerService(  453): updateWakeLockSummaryLocked: mWakefulness=Awake, mWakeLockSummary=0x1
D/PowerManagerService(  453): updateUserActivitySummaryLocked: mWakefulness=Awake, mUserActivitySummary=0x1, nextTimeout=2147536447 (in 2147472394 ms)
D/PowerManagerService(  453): updateDisplayPowerStateLocked: mDisplayReady=true, policy=3, mWakefulness=1, mWakeLockSummary=0x1, mUserActivitySummary=0x1, mBootCompleted=true, mScreenBrightnessBoostInProgress=false
I/android_rockchip_update_UpdateService.cpp(  636): JNI_OnLoad
D/RKUpdateService(  636): starting RKUpdateService, version is 1.8.0
D/RKUpdateService(  636): remote uri is http://www.rockchip.com:2300/OtaUpdater/android?product=rk3288&version=1.0.0&sn=AUK0BEJGC8&country=US&language=en
D/RKUpdateService(  636): remote uri backup is http://192.168.1.143:2300/OtaUpdater/android?product=rk3288&version=1.0.0&sn=AUK0BEJGC8&country=US&language=en
V/MediaScanner(  544): pruneDeadThumbnailFiles... android.database.sqlite.SQLiteCursor@18305256
V/MediaScanner(  544): /pruneDeadThumbnailFiles... android.database.sqlite.SQLiteCursor@18305256
D/RKUpdateService(  636): first startup!!!
D/AlertService( 1182): 0 Action = android.intent.action.PROVIDER_CHANGED
D/RKUpdateService(  636): onStartCommand.......
D/RKUpdateService(  636): command = 1 delaytime = 20000
D/RKUpdateService(  636): onStartCommand.......
D/RKUpdateService(  636): command = 2 delaytime = 25000
D/PowerManagerService(  453): releaseWakeLockInternal: lock=741112619 [MediaScannerService], flags=0x0
D/PowerManagerService(  453): updateWakeLockSummaryLocked: mWakefulness=Awake, mWakeLockSummary=0x1
D/PowerManagerService(  453): updateUserActivitySummaryLocked: mWakefulness=Awake, mUserActivitySummary=0x1, nextTimeout=2147536447 (in 2147472337 ms)
D/PowerManagerService(  453): updateDisplayPowerStateLocked: mDisplayReady=true, policy=3, mWakefulness=1, mWakeLockSummary=0x1, mUserActivitySummary=0x1, mBootCompleted=true, mScreenBrightnessBoostInProgress=false
D/MediaScannerService(  544): done scanning volume external
D/MediaScannerService(  544): start scanning volume external: [/storage/emulated/0]
D/PowerManagerService(  453): acquireWakeLockInternal: lock=741112619, flags=0x1, tag="MediaScannerService", ws=null, uid=10004, pid=544
D/PowerManagerService(  453): updateWakeLockSummaryLocked: mWakefulness=Awake, mWakeLockSummary=0x1
D/PowerManagerService(  453): updateUserActivitySummaryLocked: mWakefulness=Awake, mUserActivitySummary=0x1, nextTimeout=2147536447 (in 2147472326 ms)
D/PowerManagerService(  453): updateDisplayPowerStateLocked: mDisplayReady=true, policy=3, mWakefulness=1, mWakeLockSummary=0x1, mUserActivitySummary=0x1, mBootCompleted=true, mScreenBrightnessBoostInProgress=false
V/MediaScanner(  544): pruneDeadThumbnailFiles... android.database.sqlite.SQLiteCursor@a2d72d7
V/MediaScanner(  544): /pruneDeadThumbnailFiles... android.database.sqlite.SQLiteCursor@a2d72d7
D/PowerManagerService(  453): releaseWakeLockInternal: lock=741112619 [MediaScannerService], flags=0x0
D/PowerManagerService(  453): updateWakeLockSummaryLocked: mWakefulness=Awake, mWakeLockSummary=0x1
D/PowerManagerService(  453): updateUserActivitySummaryLocked: mWakefulness=Awake, mUserActivitySummary=0x1, nextTimeout=2147536447 (in 2147472142 ms)
D/PowerManagerService(  453): updateDisplayPowerStateLocked: mDisplayReady=true, policy=3, mWakefulness=1, mWakeLockSummary=0x1, mUserActivitySummary=0x1, mBootCompleted=true, mScreenBrightnessBoostInProgress=false
D/MediaScannerService(  544): done scanning volume external
D/PowerManagerService(  453): releaseWakeLockInternal: lock=649379597 [NextAlarmTracker], flags=0x0
D/PowerManagerService(  453): updateWakeLockSummaryLocked: mWakefulness=Awake, mWakeLockSummary=0x1
D/PowerManagerService(  453): updateUserActivitySummaryLocked: mWakefulness=Awake, mUserActivitySummary=0x1, nextTimeout=2147536447 (in 2147470173 ms)
D/PowerManagerService(  453): updateDisplayPowerStateLocked: mDisplayReady=true, policy=3, mWakefulness=1, mWakeLockSummary=0x1, mUserActivitySummary=0x1, mBootCompleted=true, mScreenBrightnessBoostInProgress=false
D/PowerManagerService(  453): acquireWakeLockInternal: lock=879571005, flags=0x1, tag="*alarm*", ws=WorkSource{10001}, uid=1000, pid=453
D/PowerManagerService(  453): updateWakeLockSummaryLocked: mWakefulness=Awake, mWakeLockSummary=0x1
D/PowerManagerService(  453): updateUserActivitySummaryLocked: mWakefulness=Awake, mUserActivitySummary=0x1, nextTimeout=2147536447 (in 2147469681 ms)
D/PowerManagerService(  453): updateDisplayPowerStateLocked: mDisplayReady=true, policy=3, mWakefulness=1, mWakeLockSummary=0x1, mUserActivitySummary=0x1, mBootCompleted=true, mScreenBrightnessBoostInProgress=false
D/PowerManagerService(  453): acquireWakeLockInternal: lock=366113696, flags=0x1, tag="ScheduleNextAlarmWakeLock", ws=null, uid=10001, pid=1096
D/PowerManagerService(  453): updateWakeLockSummaryLocked: mWakefulness=Awake, mWakeLockSummary=0x1
D/PowerManagerService(  453): updateUserActivitySummaryLocked: mWakefulness=Awake, mUserActivitySummary=0x1, nextTimeout=2147536447 (in 2147469674 ms)
D/PowerManagerService(  453): updateDisplayPowerStateLocked: mDisplayReady=true, policy=3, mWakefulness=1, mWakeLockSummary=0x1, mUserActivitySummary=0x1, mBootCompleted=true, mScreenBrightnessBoostInProgress=false
D/PowerManagerService(  453): releaseWakeLockInternal: lock=879571005 [*alarm*], flags=0x0
D/PowerManagerService(  453): updateWakeLockSummaryLocked: mWakefulness=Awake, mWakeLockSummary=0x1
D/PowerManagerService(  453): updateUserActivitySummaryLocked: mWakefulness=Awake, mUserActivitySummary=0x1, nextTimeout=2147536447 (in 2147469662 ms)
D/PowerManagerService(  453): updateDisplayPowerStateLocked: mDisplayReady=true, policy=3, mWakefulness=1, mWakeLockSummary=0x1, mUserActivitySummary=0x1, mBootCompleted=true, mScreenBrightnessBoostInProgress=false
E/SQLiteLog( 1096): (284) automatic index on view_events(_id)
D/PowerManagerService(  453): releaseWakeLockInternal: lock=366113696 [ScheduleNextAlarmWakeLock], flags=0x0
D/PowerManagerService(  453): updateWakeLockSummaryLocked: mWakefulness=Awake, mWakeLockSummary=0x1
D/PowerManagerService(  453): updateUserActivitySummaryLocked: mWakefulness=Awake, mUserActivitySummary=0x1, nextTimeout=2147536447 (in 2147469623 ms)
D/PowerManagerService(  453): updateDisplayPowerStateLocked: mDisplayReady=true, policy=3, mWakefulness=1, mWakeLockSummary=0x1, mUserActivitySummary=0x1, mBootCompleted=true, mScreenBrightnessBoostInProgress=false
D/PowerManagerService(  453): acquireWakeLockInternal: lock=879571005, flags=0x40000001, tag="*alarm*", ws=WorkSource{1000}, uid=1000, pid=453
D/PowerManagerService(  453): updateWakeLockSummaryLocked: mWakefulness=Awake, mWakeLockSummary=0x1
D/PowerManagerService(  453): updateUserActivitySummaryLocked: mWakefulness=Awake, mUserActivitySummary=0x1, nextTimeout=2147536447 (in 2147467703 ms)
D/PowerManagerService(  453): updateDisplayPowerStateLocked: mDisplayReady=true, policy=3, mWakefulness=1, mWakeLockSummary=0x1, mUserActivitySummary=0x1, mBootCompleted=true, mScreenBrightnessBoostInProgress=false
D/PowerManagerService(  453): releaseWakeLockInternal: lock=879571005 [*alarm*], flags=0x0
D/PowerManagerService(  453): updateWakeLockSummaryLocked: mWakefulness=Awake, mWakeLockSummary=0x1
D/PowerManagerService(  453): updateUserActivitySummaryLocked: mWakefulness=Awake, mUserActivitySummary=0x1, nextTimeout=2147536447 (in 2147467624 ms)
D/PowerManagerService(  453): updateDisplayPowerStateLocked: mDisplayReady=true, policy=3, mWakefulness=1, mWakeLockSummary=0x1, mUserActivitySummary=0x1, mBootCompleted=true, mScreenBrightnessBoostInProgress=false
I/GlobalDismissManager( 1182): no sender configured
D/AlertService( 1182): Beginning updateAlertNotification
D/AlertService( 1182): No fired or scheduled alerts
D/AlertService( 1182): Scheduling next alarm with AlarmScheduler. sEventReminderReceived: null
D/AlarmScheduler( 1182): No events found starting within 1 week.
D/PowerManagerService(  453): releaseWakeLockInternal: lock=820629830 [StartingAlertService], flags=0x0
D/PowerManagerService(  453): updateWakeLockSummaryLocked: mWakefulness=Awake, mWakeLockSummary=0x0
D/PowerManagerService(  453): updateUserActivitySummaryLocked: mWakefulness=Awake, mUserActivitySummary=0x1, nextTimeout=2147536447 (in 2147467247 ms)
D/PowerManagerService(  453): updateDisplayPowerStateLocked: mDisplayReady=true, policy=3, mWakefulness=1, mWakeLockSummary=0x0, mUserActivitySummary=0x1, mBootCompleted=true, mScreenBrightnessBoostInProgress=false
D/PowerManagerService(  453): Releasing suspend blocker "PowerManagerService.WakeLocks".
I/ActivityManagerService(  453): Waited long enough for: ServiceRecord{3b687921 u0 com.rock_chips.rockchip_experience/.OnlineRuPkgService}
I/ActivityManagerService(  453): Waited long enough for: ServiceRecord{5f30834 u0 com.android.calendar/.alerts.InitAlarmsService}
I/ActivityManagerService(  453): Waited long enough for: ServiceRecord{1061bbd2 u0 android.rockchip.update.service/.RKUpdateService}
D/PowerManagerService(  453): acquireWakeLockInternal: lock=879571005, flags=0x1, tag="*alarm*", ws=WorkSource{1000}, uid=1000, pid=453
D/PowerManagerService(  453): updateWakeLockSummaryLocked: mWakefulness=Awake, mWakeLockSummary=0x1
D/PowerManagerService(  453): updateUserActivitySummaryLocked: mWakefulness=Awake, mUserActivitySummary=0x1, nextTimeout=2147536447 (in 2147455176 ms)
D/PowerManagerService(  453): updateDisplayPowerStateLocked: mDisplayReady=true, policy=3, mWakefulness=1, mWakeLockSummary=0x1, mUserActivitySummary=0x1, mBootCompleted=true, mScreenBrightnessBoostInProgress=false
D/PowerManagerService(  453): Acquiring suspend blocker "PowerManagerService.WakeLocks".
D/PowerManagerService(  453): acquireWakeLockInternal: lock=649379597, flags=0x1, tag="NextAlarmTracker", ws=null, uid=1000, pid=453
D/PowerManagerService(  453): updateWakeLockSummaryLocked: mWakefulness=Awake, mWakeLockSummary=0x1
D/PowerManagerService(  453): updateUserActivitySummaryLocked: mWakefulness=Awake, mUserActivitySummary=0x1, nextTimeout=2147536447 (in 2147455173 ms)
D/PowerManagerService(  453): updateDisplayPowerStateLocked: mDisplayReady=true, policy=3, mWakefulness=1, mWakeLockSummary=0x1, mUserActivitySummary=0x1, mBootCompleted=true, mScreenBrightnessBoostInProgress=false
D/PowerManagerService(  453): releaseWakeLockInternal: lock=879571005 [*alarm*], flags=0x0
D/PowerManagerService(  453): updateWakeLockSummaryLocked: mWakefulness=Awake, mWakeLockSummary=0x1
D/PowerManagerService(  453): updateUserActivitySummaryLocked: mWakefulness=Awake, mUserActivitySummary=0x1, nextTimeout=2147536447 (in 2147455167 ms)
D/PowerManagerService(  453): updateDisplayPowerStateLocked: mDisplayReady=true, policy=3, mWakefulness=1, mWakeLockSummary=0x1, mUserActivitySummary=0x1, mBootCompleted=true, mScreenBrightnessBoostInProgress=false
