W/BackupManagerService(  409): dataChanged but no participant pkg='com.android.launcher3' uid=10024
D/OpenGLRenderer(  409): Enabling debug mode 0
I/ActivityManager(  409): Start proc com.sps.spsmartconfig for broadcast com.sps.spsmartconfig/.receiver.SPOutMakeReceiver: pid=876 uid=1000 gids={41000, 1028, 1015, 1007, 3002, 3001, 1023, 3003}
I/dalvikvm(  859): Could not find method android.app.ActionBar.setElevation, referenced from method com.speech.activities.PhilipsTabHost.onCreate
W/dalvikvm(  859): VFY: unable to resolve virtual method 15: Landroid/app/ActionBar;.setElevation (F)V
D/dalvikvm(  859): VFY: replacing opcode 0x6e at 0x01d6
I/Launcher(  813): Deferring update until onResume
I/Launcher(  813): Deferring update until onResume
I/dalvikvm(  876): DexOpt: not all deps represented
E/dalvikvm(  876): /system/priv-app/SPSmartConfig.apk odex has stale dependencies
D/dalvikvm(  813): GC_CONCURRENT freed 554K, 8% free 8407K/9044K, paused 1ms+2ms, total 22ms
D/UsbDeviceManager(  409): -----get MSG_UPDATE_STATE_RETRY,but not BootComplete,send MSG_UPDATE_STATE_RETRY after 500ms---
D/dalvikvm(  859): GC_FOR_ALLOC freed 73K, 5% free 2857K/3004K, paused 9ms, total 9ms
I/dalvikvm-heap(  859): Grow heap (frag case) to 4.837MB for 2073616-byte allocation
D/dalvikvm(  859): GC_FOR_ALLOC freed <1K, 3% free 4882K/5032K, paused 8ms, total 8ms
D/dalvikvm(  859): GC_CONCURRENT freed <1K, 3% free 4884K/5032K, paused 2ms+1ms, total 10ms
V/AudioPolicyManagerBase(  104): getOutput() device 2, stream 1, samplingRate 0, format 0, channelMask 3, flags 0
V/AudioPolicyManagerBase(  104): getOutputsForDevice() device 0002
V/AudioPolicyManagerBase(  104): output 0 isDuplicated=0 device=047f
V/AudioPolicyManagerBase(  104): getOutputsForDevice() found output 2
V/AudioPolicyManagerBase(  104): getOutput() returns output 2
V/AudioPolicyManagerBase(  104): getOutput() device 2, stream 1, samplingRate 0, format 0, channelMask 3, flags 0
V/AudioPolicyManagerBase(  104): getOutputsForDevice() device 0002
V/AudioPolicyManagerBase(  104): output 0 isDuplicated=0 device=047f
V/AudioPolicyManagerBase(  104): getOutputsForDevice() found output 2
V/AudioPolicyManagerBase(  104): getOutput() returns output 2
I/PhilipsDictationRecorderDB(  859): onCreate
I/PhilipsDictationRecorderDB(  859): createDictationTable databaseVersion = 11
I/PhilipsDictationRecorderDB(  859): createAttributeTable
I/PhilipsDictationRecorderDB(  859): createDictationHubTable
I/PhilipsDictationRecorderDB(  859): createMobileServersTable
I/PhilipsDictationRecorderDB(  859): createAutorTable
I/PhilipsDictationRecorderDB(  859): createWorktypeTable
I/PhilipsDictationRecorderDB(  859): createCategoryTable
I/PhilipsDictationRecorderDB(  859): createCustomAttributeTable
I/PhilipsDictationRecorderDB(  859): createSpeechDriveTable databaseVersion = 11
I/PhilipsDictationRecorderDB(  859): createDictationTable databaseVersion = 11
D/RkWifiCtrl(  409): Wifi driver is ready for now...
D/SoftapController(   99): Softap fwReload - Ok
D/CommandListener(   99): Setting iface cfg
D/CommandListener(   99): Trying to bring down wlan0
D/RkWifiCtrl(  409): Kernel version is 3.0.36.
E/WifiHW  (  409): ctrl_interface != /data/misc/wifi/sockets
D/WifiMonitor(  409): startMonitoring(wlan0) with mConnected = false
I/wpa_supplicant(  893): Successfully initialized wpa_supplicant
E/wpa_supplicant(  893): Get wifi module chip name: <OOB_RK903>.
I/wpa_supplicant(  893): rfkill: Cannot open RFKILL control device
I/ActivityManager(  409): START u0 {cmp=com.speech/.qstguide.Swipe} from pid 859
D/dalvikvm(  859): GC_CONCURRENT freed 140K, 4% free 5335K/5544K, paused 3ms+2ms, total 23ms
D/dalvikvm(  859): GC_CONCURRENT freed 67K, 4% free 5998K/6224K, paused 2ms+4ms, total 19ms
D/dalvikvm(  859): GC_FOR_ALLOC freed 35K, 4% free 6017K/6224K, paused 11ms, total 12ms
I/dalvikvm-heap(  859): Grow heap (frag case) to 7.209MB for 1324816-byte allocation
D/dalvikvm(  859): GC_FOR_ALLOC freed <1K, 3% free 7311K/7520K, paused 16ms, total 16ms
D/UsbDeviceManager(  409): -----get MSG_UPDATE_STATE_RETRY,but not BootComplete,send MSG_UPDATE_STATE_RETRY after 500ms---
D/dalvikvm(  859): GC_CONCURRENT freed 0K, 3% free 7311K/7520K, paused 2ms+1ms, total 19ms
D/OpenGLRenderer(  859): Enabling debug mode 0
I/ActivityManager(  409): Displayed com.speech/.qstguide.Swipe: +389ms (total +1s197ms)
D/UsbDeviceManager(  409): -----get MSG_UPDATE_STATE_RETRY,but not BootComplete,send MSG_UPDATE_STATE_RETRY after 500ms---
I/PowerManagerService(  409): Boot animation finished.
D/UsbDeviceManager(  409): -----get MSG_UPDATE_STATE_RETRY,but not BootComplete,send MSG_UPDATE_STATE_RETRY after 500ms---
E/wpa_supplicant(  893): Get wifi module chip name: <OOB_RK903>.
I/wpa_supplicant(  893): rfkill: Cannot open RFKILL control device
D/BluetoothAdapter(  876): 1107735496: getState() :  mService = null. Returning STATE_OFF
W/ContextImpl(  409): Calling a method in the system process without a qualified user: android.app.ContextImpl.sendBroadcast:1138 android.util.SpeechAirUpdateUtil.updateSAoutConfig:40 android.net.wifi.WifiStateMachine.setWifiState:1861 android.net.wifi.WifiStateMachine.access$3500:112 android.net.wifi.WifiStateMachine$SupplicantStartingState.processMessage:2790
D/WifiConfigStore(  409): Loading config and enabling all networks
E/WifiConfigStore(  409): Error parsing configurationjava.io.FileNotFoundException: /data/misc/wifi/ipconfig.txt: open failed: ENOENT (No such file or directory)
D/CommandListener(   99): Setting iface cfg
D/CommandListener(   99): Trying to bring up p2p0
D/WifiMonitor(  409): startMonitoring(p2p0) with mConnected = true
E/SPXMLMaker(  876): Verification app is not installed
D/UsbDeviceManager(  409): -----get MSG_UPDATE_STATE_RETRY,but not BootComplete,send MSG_UPDATE_STATE_RETRY after 500ms---
D/dalvikvm(  876): GC_CONCURRENT freed 326K, 13% free 2930K/3332K, paused 2ms+3ms, total 18ms
I/UmsConnectReceiver(  876): USB connect OFF
I/ActivityManager(  409): Start proc com.android.externalstorage for broadcast com.android.externalstorage/.MountReceiver: pid=903 uid=10004 gids={50004, 1028, 1015, 1023}
I/dalvikvm(  903): DexOpt: not all deps represented
E/dalvikvm(  903): /system/priv-app/ExternalStorageProvider.apk odex has stale dependencies
D/ExternalStorage(  903): After updating volumes, found 1 active roots
D/ExternalStorage(  903): After updating volumes, found 1 active roots
D/MediaScannerReceiver(  749): action: android.intent.action.MEDIA_MOUNTED path: /mnt/internal_sd
D/RKUpdateReceiver(  839): action = android.intent.action.MEDIA_MOUNTED
W/ContextImpl(  839): Implicit intents with startService are not safe: Intent { act=android.rockchip.update.service (has extras) } android.content.ContextWrapper.startService:494 android.content.ContextWrapper.startService:494 android.rockchip.update.service.RKUpdateReceiver.onReceive:63
D/RKUpdateReceiver(  839): media is mounted to '/mnt/internal_sd'. To check local update.
W/linker  (  839): librockchip_update_jni.so has text relocations. This is wasting memory and is a security risk. Please fix.
I/android_rockchip_update_UpdateService.cpp(  839): JNI_OnLoad
D/RKUpdateService(  839): starting RKUpdateService, version is 1.5.1
D/RKUpdateService(  839): PSP1100
D/RKUpdateService(  839): ^^^^^^^^^^^^^^^ remote uri is http://www.rockchip.com:2300/OtaUpdater/android?product=PSP1100&version=1.0.0
I/ActivityManager(  409): Start proc com.cghs.stresstest for broadcast com.cghs.stresstest/.test.receiver.RecoveryReceiver: pid=918 uid=1000 gids={41000, 1028, 1015, 1007, 3002, 3001, 1023, 3003}
D/RKUpdateService(  839): first startup!!!
I/RKUpdateServicejwd(  839): **********command = null
D/RKUpdateService(  839): onStartCommand.......
D/RKUpdateService(  839): command = 1 delaytime = 1000
D/RKUpdateService(  839): BatteryReceiver level = 24
D/MediaScannerService(  749): start scanning volume external: [/mnt/internal_sd]
V/MediaScanner(  749): pruneDeadThumbnailFiles... android.database.sqlite.SQLiteCursor@420bc818
V/MediaScanner(  749): /pruneDeadThumbnailFiles... android.database.sqlite.SQLiteCursor@420bc818
D/MediaScannerService(  749): done scanning volume external
D/UsbDeviceManager(  409): -----get MSG_UPDATE_STATE_RETRY,but not BootComplete,send MSG_UPDATE_STATE_RETRY after 500ms---
D/dalvikvm(  859): GC_CONCURRENT freed 28K, 2% free 8667K/8816K, paused 3ms+3ms, total 23ms
D/UsbDeviceManager(  409): -----get MSG_UPDATE_STATE_RETRY,but not BootComplete,send MSG_UPDATE_STATE_RETRY after 500ms---
D/RKUpdateService(  839): WorkHandler::handleMessage() : To perform 'COMMAND_CHECK_LOCAL_UPDATING'.
D/RKUpdateService(  839): getValidFirmwareImageFile() : Target image file path : /mnt/internal_sd/update.zip
D/RKUpdateService(  839): getValidFirmwareImageFile() : Target image file path : /mnt/external_sd/Download/update.zip
D/RKUpdateService(  839): getValidFirmwareImageFile() : Target image file path : /mnt/external_sd/update.zip
D/RKUpdateService(  839): getValidFirmwareImageFile() : Target image file path : /mnt/internal_sd/SAconfig/update.zip
D/UsbDeviceManager(  409): -----get MSG_UPDATE_STATE_RETRY,but not BootComplete,send MSG_UPDATE_STATE_RETRY after 500ms---
D/BluetoothAdapter(  683): 1107773560: getState() :  mService = null. Returning STATE_OFF
D/BluetoothManagerService(  409): Message: 30
I/ActivityManager(  409): START u0 {cmp=com.speech/.activities.PhilipsTabHost} from pid 859
W/ContextImpl(  683): Calling a method in the system process without a qualified user: android.app.ContextImpl.bindService:1558 android.content.ContextWrapper.bindService:517 android.bluetooth.BluetoothInputDevice.doBind:245 android.bluetooth.BluetoothInputDevice.<init>:238 android.bluetooth.BluetoothAdapter.getProfileProxy:1249
D/BluetoothManagerService(  409): Message: 30
W/ContextImpl(  683): Calling a method in the system process without a qualified user: android.app.ContextImpl.bindService:1558 android.content.ContextWrapper.bindService:517 android.bluetooth.BluetoothPan.doBind:149 android.bluetooth.BluetoothPan.<init>:141 android.bluetooth.BluetoothAdapter.getProfileProxy:1252
D/LocalBluetoothProfileManager(  683): Adding local MAP profile
D/BluetoothMap(  683): Create BluetoothMap proxy object
D/BluetoothManagerService(  409): Message: 30
D/BluetoothManagerService(  409): Message: 30
D/LocalBluetoothProfileManager(  683): LocalBluetoothProfileManager construction complete
D/BluetoothAdapter(  683): 1107773560: getState() :  mService = null. Returning STATE_OFF
D/BluetoothAdapter(  683): 1107773560: getState() :  mService = null. Returning STATE_OFF
W/ContextImpl(  683): Calling a method in the system process without a qualified user: android.app.ContextImpl.bindService:1558 android.content.ContextWrapper.bindService:517 android.bluetooth.BluetoothMap.doBind:109 android.bluetooth.BluetoothMap.<init>:102 android.bluetooth.BluetoothAdapter.getProfileProxy:1258
W/ContextImpl(  683): Calling a method in the system process without a qualified user: android.app.ContextImpl.bindService:1558 android.content.ContextWrapper.bindService:517 android.bluetooth.BluetoothPbap.doBind:164 android.bluetooth.BluetoothPbap.<init>:157 com.android.settings.bluetooth.PbapServerProfile.<init>:68
D/MediaScannerReceiver(  749): ----MediaScannerReceiver get ACTION_USER_SWITCHED---
W/BroadcastQueue(  409): Permission Denial: receiving Intent { act=android.intent.action.USER_SWITCHED flg=0x10 (has extras) } to com.android.rk.mediafloat/.MultiUserReceiver requires android.permission.MANAGE_USERS due to sender null (uid 1000)
I/dalvikvm(  935): Enabling JNI app bug workarounds for target SDK version 9...
I/ActivityManager(  409): Start proc com.android.music for broadcast com.android.music/.MediaButtonIntentReceiver: pid=935 uid=10027 gids={50027, 3003, 1028, 1015}
I/dalvikvm(  935): DexOpt: not all deps represented
E/dalvikvm(  935): /system/app/Music.apk odex has stale dependencies
I/MediaFocusControl(  409):   Remote Control   registerMediaButtonIntent() for PendingIntent{420953d8: PendingIntentRecord{425f8200 com.android.music broadcastIntent}}
D/BluetoothAdapter(  683): 1107773560: getState() :  mService = null. Returning STATE_OFF
D/dalvikvm(  859): GC_CONCURRENT freed 1390K, 14% free 9218K/10684K, paused 3ms+2ms, total 23ms
D/dalvikvm(  859): WAIT_FOR_CONCURRENT_GC blocked 18ms
D/BluetoothAdapter(  683): 1107773560: getState() :  mService = null. Returning STATE_OFF
W/BroadcastQueue(  409): Permission Denial: broadcasting Intent { act=android.intent.action.WALLPAPER_CHANGED flg=0x10 } from android (pid=813, uid=10024) is not exported from uid 1000 due to receiver com.sps.spsmartconfig/.receiver.SPSSettingsReceiver
D/MediaScannerService(  749): start scanning volume external: [/mnt/external_sd]
W/MediaScanner(  749): Error opening directory '/mnt/external_sd/', skipping: Permission denied.
V/MediaScanner(  749): pruneDeadThumbnailFiles... android.database.sqlite.SQLiteCursor@420c7ca0
V/MediaScanner(  749): /pruneDeadThumbnailFiles... android.database.sqlite.SQLiteCursor@420c7ca0
W/System.err(  859): java.io.FileNotFoundException: /data/data/com.speech/cache: open failed: EISDIR (Is a directory)
W/System.err(  859):    at libcore.io.IoBridge.open(IoBridge.java:409)
W/System.err(  859):    at java.io.FileInputStream.<init>(FileInputStream.java:78)
W/System.err(  859):    at com.speech.activities.DictationActivity.feldwertzuweisungen_vom_cache(DictationActivity.java:2507)
W/System.err(  859):    at com.speech.activities.DictationActivity.loadDataList(DictationActivity.java:2591)
W/System.err(  859):    at com.speech.activities.DictationActivity.setGeneralVariables(DictationActivity.java:417)
W/System.err(  859):    at com.speech.activities.DictationActivity.onCreate(DictationActivity.java:263)
W/System.err(  859):    at android.app.Activity.performCreate(Activity.java:5259)
W/System.err(  859):    at android.app.Instrumentation.callActivityOnCreate(Instrumentation.java:1087)
W/System.err(  859):    at android.app.ActivityThread.performLaunchActivity(ActivityThread.java:2159)
W/System.err(  859):    at android.app.ActivityThread.startActivityNow(ActivityThread.java:2035)
W/System.err(  859):    at android.app.LocalActivityManager.moveToState(LocalActivityManager.java:135)
W/System.err(  859):    at android.app.LocalActivityManager.startActivity(LocalActivityManager.java:347)
W/System.err(  859):    at android.widget.TabHost$IntentContentStrategy.getContentView(TabHost.java:749)
W/System.err(  859):    at android.widget.TabHost.setCurrentTab(TabHost.java:413)
W/System.err(  859):    at android.widget.TabHost.addTab(TabHost.java:240)
W/System.err(  859):    at com.speech.activities.PhilipsTabHost.onCreate(PhilipsTabHost.java:139)
W/System.err(  859):    at android.app.Activity.performCreate(Activity.java:5259)
W/System.err(  859):    at android.app.Instrumentation.callActivityOnCreate(Instrumentation.java:1087)
W/System.err(  859):    at android.app.ActivityThread.performLaunchActivity(ActivityThread.java:2159)
W/System.err(  859):    at android.app.ActivityThread.handleLaunchActivity(ActivityThread.java:2245)
D/UsbDeviceManager(  409): -----get MSG_UPDATE_STATE_RETRY,but not BootComplete,send MSG_UPDATE_STATE_RETRY after 500ms---
W/System.err(  859):    at android.app.ActivityThread.access$800(ActivityThread.java:135)
W/System.err(  859):    at android.app.ActivityThread$H.handleMessage(ActivityThread.java:1196)
W/System.err(  859):    at android.os.Handler.dispatchMessage(Handler.java:102)
W/System.err(  859):    at android.os.Looper.loop(Looper.java:136)
W/System.err(  859):    at android.app.ActivityThread.main(ActivityThread.java:5017)
W/System.err(  859):    at java.lang.reflect.Method.invokeNative(Native Method)
W/System.err(  859):    at java.lang.reflect.Method.invoke(Method.java:515)
W/System.err(  859):    at com.android.internal.os.ZygoteInit$MethodAndArgsCaller.run(ZygoteInit.java:795)
W/System.err(  859):    at com.android.internal.os.ZygoteInit.main(ZygoteInit.java:611)
W/System.err(  859):    at dalvik.system.NativeStart.main(Native Method)
W/System.err(  859): Caused by: libcore.io.ErrnoException: open failed: EISDIR (Is a directory)
W/System.err(  859):    at libcore.io.IoBridge.open(IoBridge.java:398)
W/System.err(  859):    ... 29 more
D/BluetoothAdapter(  876): 1107735496: getState() :  mService = null. Returning STATE_OFF
V/AudioPolicyManagerBase(  104): getDeviceForStrategy() from cache strategy 0, device 2
D/MediaScannerService(  749): done scanning volume external
D/MediaScannerService(  749): start scanning volume external: [/mnt/usb_storage]
D/dalvikvm(  859): No JNI_OnLoad found in /system/lib/libswitchled-jni.so 0x42061a78, skipping init
I/SensorManager(  859): This application is using deprecated SensorManager API which will be removed someday.  Please consider switching to the new API.
I/AwesomePlayer(  104): AwesomePlayer::AwesomePlayer()in
I/AwesomePlayer(  104): AwesomePlayer::AwesomePlayer()aftermClient.connect()
V/AudioPolicyManagerBase(  104): isOffloadSupported: SR=44100, CM=0x1, Format=0x1000000, StreamType=3, BitRate=192000, duration=679166 us, has_video=0
V/AudioPolicyManagerBase(  104): Offload denied by duration < default min(=60)
I/OMXCodec(  104): --->InstantiateSoftwareCodec create OMX.google.mp3.decoder codec
W/MediaScanner(  749): Error opening directory '/mnt/usb_storage/', skipping: Permission denied.
D/dalvikvm(  409): GC_CONCURRENT freed 441K, 46% free 5884K/10880K, paused 2ms+4ms, total 44ms
V/MediaScanner(  749): pruneDeadThumbnailFiles... android.database.sqlite.SQLiteCursor@420ce728
V/MediaScanner(  749): /pruneDeadThumbnailFiles... android.database.sqlite.SQLiteCursor@420ce728
E/SPXMLMaker(  876): Verification app is not installed
D/AudioHardwareInterface(  104): setMode(IN_COMMUNICATION)
V/AudioPolicyManagerBase(  104): setPhoneState() state 3
V/AudioPolicyManagerBase(  104):   Entering call in setPhoneState()
V/AudioPolicyManagerBase(  104): getNewDevice() selected device 1
V/AudioPolicyManagerBase(  104): getDeviceForStrategy() from cache strategy 5, device 2
V/AudioPolicyManagerBase(  104): getOutputsForDevice() device 0002
V/AudioPolicyManagerBase(  104): output 0 isDuplicated=0 device=047f
V/AudioPolicyManagerBase(  104): getOutputsForDevice() found output 2
V/AudioPolicyManagerBase(  104): getOutputsForDevice() device 0001
V/AudioPolicyManagerBase(  104): output 0 isDuplicated=0 device=047f
V/AudioPolicyManagerBase(  104): getOutputsForDevice() found output 2
V/AudioPolicyManagerBase(  104): getDeviceForStrategy() from cache strategy 1, device 1
V/AudioPolicyManagerBase(  104): getOutputsForDevice() device 0001
V/AudioPolicyManagerBase(  104): output 0 isDuplicated=0 device=047f
V/AudioPolicyManagerBase(  104): getOutputsForDevice() found output 2
V/AudioPolicyManagerBase(  104): getOutputsForDevice() device 0001
V/AudioPolicyManagerBase(  104): output 0 isDuplicated=0 device=047f
V/AudioPolicyManagerBase(  104): getOutputsForDevice() found output 2
V/AudioPolicyManagerBase(  104): getDeviceForStrategy() from cache strategy 2, device 2
V/AudioPolicyManagerBase(  104): getOutputsForDevice() device 0002
V/AudioPolicyManagerBase(  104): output 0 isDuplicated=0 device=047f
V/AudioPolicyManagerBase(  104): getOutputsForDevice() found output 2
V/AudioPolicyManagerBase(  104): getOutputsForDevice() device 0001
V/AudioPolicyManagerBase(  104): output 0 isDuplicated=0 device=047f
V/AudioPolicyManagerBase(  104): getOutputsForDevice() found output 2
V/AudioPolicyManagerBase(  104): getDeviceForStrategy() from cache strategy 3, device 2
V/AudioPolicyManagerBase(  104): getOutputsForDevice() device 0002
V/AudioPolicyManagerBase(  104): output 0 isDuplicated=0 device=047f
V/AudioPolicyManagerBase(  104): getOutputsForDevice() found output 2
V/AudioPolicyManagerBase(  104): getOutputsForDevice() device 0001
V/AudioPolicyManagerBase(  104): output 0 isDuplicated=0 device=047f
V/AudioPolicyManagerBase(  104): getOutputsForDevice() found output 2
V/AudioPolicyManagerBase(  104): getDeviceForStrategy() from cache strategy 0, device 2
V/AudioPolicyManagerBase(  104): getOutputsForDevice() device 0002
V/AudioPolicyManagerBase(  104): output 0 isDuplicated=0 device=047f
V/AudioPolicyManagerBase(  104): getOutputsForDevice() found output 2
V/AudioPolicyManagerBase(  104): getOutputsForDevice() device 0001
V/AudioPolicyManagerBase(  104): output 0 isDuplicated=0 device=047f
V/AudioPolicyManagerBase(  104): getOutputsForDevice() found output 2
V/AudioPolicyManagerBase(  104): getDeviceForStrategy() from cache strategy 4, device 2
V/AudioPolicyManagerBase(  104): getOutputsForDevice() device 0002
V/AudioPolicyManagerBase(  104): output 0 isDuplicated=0 device=047f
V/AudioPolicyManagerBase(  104): getOutputsForDevice() found output 2
V/AudioPolicyManagerBase(  104): getOutputsForDevice() device 0001
V/AudioPolicyManagerBase(  104): output 0 isDuplicated=0 device=047f
V/AudioPolicyManagerBase(  104): getOutputsForDevice() found output 2
V/AudioPolicyManagerBase(  104): setStrategyMute() strategy 0, mute 1, output 2
V/AudioPolicyManagerBase(  104): setStreamMute() stream 1, mute 1, output 2, mMuteCount 0 device 0002
V/AudioPolicyManagerBase(  104): checkAndSetVolume() for output 2 stream 1, volume 0.000000, delay 0
V/AudioPolicyManagerBase(  104): setStreamMute() stream 3, mute 1, output 2, mMuteCount 0 device 0002
V/AudioPolicyManagerBase(  104): checkAndSetVolume() for output 2 stream 3, volume 0.000000, delay 0
V/AudioPolicyManagerBase(  104): setStreamMute() stream 9, mute 1, output 2, mMuteCount 0 device 0002
V/AudioPolicyManagerBase(  104): checkAndSetVolume() for output 2 stream 9, volume 0.000000, delay 0
V/AudioPolicyManagerBase(  104): getDeviceForStrategy() from cache strategy 0, device 1
V/AudioPolicyManagerBase(  104): setStrategyMute() strategy 0, mute 0, output 2
V/AudioPolicyManagerBase(  104): setStreamMute() stream 1, mute 0, output 2, mMuteCount 1 device 0001
V/AudioPolicyManagerBase(  104): VOLUME vol index=[66 71 100], dB=[-12.0 -11.1 -6.0] ampl=0.27805
V/AudioPolicyManagerBase(  104): checkAndSetVolume() for output 2 stream 1, volume 0.278047, delay 2000
V/AudioPolicyManagerBase(  104): setStreamMute() stream 3, mute 0, output 2, mMuteCount 1 device 0001
V/AudioPolicyManagerBase(  104): VOLUME vol index=[60 73 100], dB=[-17.0 -11.5 0.0] ampl=0.26684
V/AudioPolicyManagerBase(  104): checkAndSetVolume() for output 2 stream 3, volume 0.266840, delay 2000
V/AudioPolicyManagerBase(  104): setStreamMute() stream 9, mute 0, output 2, mMuteCount 1 device 0001
V/AudioPolicyManagerBase(  104): VOLUME vol index=[60 73 100], dB=[-17.0 -11.5 0.0] ampl=0.26684
V/AudioPolicyManagerBase(  104): checkAndSetVolume() for output 2 stream 9, volume 0.266840, delay 2000
V/AudioPolicyManagerBase(  104): setStrategyMute() strategy 2, mute 1, output 2
V/AudioPolicyManagerBase(  104): setStreamMute() stream 2, mute 1, output 2, mMuteCount 0 device 0002
V/AudioPolicyManagerBase(  104): checkAndSetVolume() for output 2 stream 2, volume 0.000000, delay 0
V/AudioPolicyManagerBase(  104): setStreamMute() stream 4, mute 1, output 2, mMuteCount 0 device 0002
V/AudioPolicyManagerBase(  104): checkAndSetVolume() for output 2 stream 4, volume 0.000000, delay 0
V/AudioPolicyManagerBase(  104): getDeviceForStrategy() from cache strategy 2, device 1
V/AudioPolicyManagerBase(  104): setStrategyMute() strategy 2, mute 0, output 2
V/AudioPolicyManagerBase(  104): setStreamMute() stream 2, mute 0, output 2, mMuteCount 1 device 0001
V/AudioPolicyManagerBase(  104): VOLUME vol index=[66 71 100], dB=[-17.0 -14.5 0.0] ampl=0.18837
V/AudioPolicyManagerBase(  104): checkAndSetVolume() for output 2 stream 2, volume 0.188366, delay 2000
V/AudioPolicyManagerBase(  104): setStreamMute() stream 4, mute 0, output 2, mMuteCount 1 device 0001
V/AudioPolicyManagerBase(  104): VOLUME vol index=[66 85 100], dB=[-17.0 -7.5 0.0] ampl=0.42170
V/AudioPolicyManagerBase(  104): checkAndSetVolume() for output 2 stream 4, volume 0.421697, delay 2000
V/AudioPolicyManagerBase(  104): setOutputDevice() output 2 device 0001 delayMs 0
V/AudioPolicyManagerBase(  104): setOutputDevice() prevDevice 0002
V/AudioPolicyManagerBase(  104): setOutputDevice() changing device
D/AudioHardware(  104): 1100 AudioStreamOutALSA::setParameters() routing=1
D/AudioHardware(  104): 1112 AudioStreamOutALSA::setParameters() routing=1 ,mode = 3
V/AudioPolicyManagerBase(  104): applyStreamVolumes() for output 2 and device 1
V/AudioPolicyManagerBase(  104): VOLUME vol index=[66 80 100], dB=[-14.0 -8.2 0.0] ampl=0.38747
V/AudioPolicyManagerBase(  104): checkAndSetVolume() for output 2 stream 0, volume 0.387468, delay 0
V/AudioPolicyManagerBase(  104): VOLUME vol index=[66 71 100], dB=[-12.0 -11.1 -6.0] ampl=0.27805
V/AudioPolicyManagerBase(  104): VOLUME vol index=[66 71 100], dB=[-17.0 -14.5 0.0] ampl=0.18837
V/AudioPolicyManagerBase(  104): VOLUME vol index=[60 73 100], dB=[-17.0 -11.5 0.0] ampl=0.26684
V/AudioPolicyManagerBase(  104): VOLUME vol index=[66 85 100], dB=[-17.0 -7.5 0.0] ampl=0.42170
V/AudioPolicyManagerBase(  104): VOLUME vol index=[66 71 100], dB=[-17.0 -14.5 0.0] ampl=0.18837
V/AudioPolicyManagerBase(  104): checkAndSetVolume() for output 2 stream 5, volume 0.188366, delay 0
V/AudioPolicyManagerBase(  104): checkAndSetVolume() cannot set stream 6 volume with force use = 0 for comm
V/AudioPolicyManagerBase(  104): VOLUME vol index=[66 71 100], dB=[-12.0 -11.1 -6.0] ampl=0.27805
V/AudioPolicyManagerBase(  104): VOLUME vol index=[66 74 100], dB=[-14.0 -10.7 0.0] ampl=0.29155
V/AudioPolicyManagerBase(  104): checkAndSetVolume() for output 2 stream 8, volume 0.291546, delay 0
V/AudioPolicyManagerBase(  104): VOLUME vol index=[60 73 100], dB=[-17.0 -11.5 0.0] ampl=0.26684
V/AudioPolicyManagerBase(  104): setPhoneState() in call state management: new state is 3
V/AudioPolicyManagerBase(  104): handleIncallSonification() stream 2 starting 1 device 1 stateChange 1
V/AudioPolicyManagerBase(  104): handleIncallSonification() stream 4 starting 1 device 1 stateChange 1
V/AudioPolicyManagerBase(  104): handleIncallSonification() stream 5 starting 1 device 1 stateChange 1
V/AudioPolicyManagerBase(  104): getDeviceForStrategy() from cache strategy 0, device 1
I/AudioService(  409): =========setStreamVolumeInt=device = 1=======
I/AudioService(  409): =========MSG_SET_DEVICE_VOLUME========
I/AudioService(  409): =========setDeviceVolume========
I/AudioService(  409): ======applyDeviceVolume=mForcedUseForComm = 0==index = 11== device = 1 , mStreamType = 3
D/MediaScannerService(  749): done scanning volume external
V/AudioPolicyManagerBase(  104): setStreamVolumeIndex() stream 3, device 0001, index 11
V/AudioPolicyManagerBase(  104): VOLUME vol index=[60 73 100], dB=[-17.0 -11.5 0.0] ampl=0.26684
D/MediaScannerService(  749): start scanning volume external: [/mnt/internal_sd]
V/AudioPolicyManagerBase(  104): getDeviceForStrategy() from cache strategy 0, device 1
I/AudioService(  409): ======applyDeviceVolume=mForcedUseForComm = 0==index = 11== device = 1 , mStreamType = 9
V/AudioPolicyManagerBase(  104): setStreamVolumeIndex() stream 9, device 0001, index 11
V/AudioPolicyManagerBase(  104): VOLUME vol index=[60 73 100], dB=[-17.0 -11.5 0.0] ampl=0.26684
V/AudioPolicyManagerBase(  104): getDeviceForStrategy() from cache strategy 5, device 1
I/AudioService(  409): ======applyDeviceVolume=mForcedUseForComm = 0==index = 5== device = 1 , mStreamType = 7
V/AudioPolicyManagerBase(  104): setStreamVolumeIndex() stream 7, device 0001, index 5
V/AudioPolicyManagerBase(  104): VOLUME vol index=[66 71 100], dB=[-12.0 -11.1 -6.0] ampl=0.27805
V/AudioPolicyManagerBase(  104): getDeviceForStrategy() from cache strategy 0, device 1
I/AudioService(  409): ======applyDeviceVolume=mForcedUseForComm = 0==index = 5== device = 1 , mStreamType = 1
E/MediaPlayer(  859): Should have subtitle controller already set
V/AudioPolicyManagerBase(  104): setStreamVolumeIndex() stream 1, device 0001, index 5
V/AudioPolicyManagerBase(  104): VOLUME vol index=[66 71 100], dB=[-12.0 -11.1 -6.0] ampl=0.27805
V/AudioPolicyManagerBase(  104): setStreamVolumeIndex() stream 8, device 40000000, index 12
V/AudioPolicyManagerBase(  104): VOLUME vol index=[66 80 100], dB=[-14.0 -8.2 0.0] ampl=0.38747
V/AudioPolicyManagerBase(  104): checkAndSetVolume() for output 2 stream 8, volume 0.387468, delay 0
W/ContextImpl(  876): Calling a method in the system process without a qualified user: android.app.ContextImpl.sendBroadcast:1138 android.content.ContextWrapper.sendBroadcast:365 android.content.ContextWrapper.sendBroadcast:365 com.sps.spsmartconfig.receiver.SPOutMakeReceiver.onReceive:48 android.app.ActivityThread.handleReceiver:2419
I/ActivityManager(  409): Delay finish: com.sps.spsmartconfig/.receiver.SPOutMakeReceiver
V/MediaScanner(  749): pruneDeadThumbnailFiles... android.database.sqlite.SQLiteCursor@420e3dd8
V/MediaScanner(  749): /pruneDeadThumbnailFiles... android.database.sqlite.SQLiteCursor@420e3dd8
D/dalvikvm(  749): GC_CONCURRENT freed 247K, 10% free 3143K/3468K, paused 2ms+6ms, total 21ms
V/Info_Tag :  (  859): prepare Anfang !!!!!!!!!!!!!!!!!!!!!!!!!!!!!!!!!!!!
D/MediaScannerService(  749): done scanning volume external
D/dalvikvm(  859): GC_CONCURRENT freed 384K, 5% free 10853K/11316K, paused 1ms+1ms, total 15ms
V/Info_Tag :  (  859): prepare Ende !!!!!!!!!!!!!!!!!!!!!!!!!!!!!!!!!!!!
D/UsbDeviceManager(  409): -----get MSG_UPDATE_STATE_RETRY,but not BootComplete,send MSG_UPDATE_STATE_RETRY after 500ms---
I/ActivityManager(  409): Displayed com.speech/.activities.PhilipsTabHost: +859ms
D/UsbDeviceManager(  409): -----get MSG_UPDATE_STATE_RETRY,but not BootComplete,send MSG_UPDATE_STATE_RETRY after 500ms---
D/UsbDeviceManager(  409): -----get MSG_UPDATE_STATE_RETRY,but not BootComplete,send MSG_UPDATE_STATE_RETRY after 500ms---
D/UsbDeviceManager(  409): -----get MSG_UPDATE_STATE_RETRY,but not BootComplete,send MSG_UPDATE_STATE_RETRY after 500ms---
D/UsbDeviceManager(  409): -----get MSG_UPDATE_STATE_RETRY,but not BootComplete,send MSG_UPDATE_STATE_RETRY after 500ms---
D/UsbDeviceManager(  409): -----get MSG_UPDATE_STATE_RETRY,but not BootComplete,send MSG_UPDATE_STATE_RETRY after 500ms---
I/InputReader(  409): Reconfiguring input devices.  changes=0x00000010
I/InputReader(  409): Reconfiguring input devices.  changes=0x00000010
I/InputReader(  409): Reconfiguring input devices.  changes=0x00000010
I/InputReader(  409): Reconfiguring input devices.  changes=0x00000010
I/Launcher(  813): Deferring update until onResume
I/Launcher(  813): Deferring update until onResume
I/Launcher(  813): Deferring update until onResume
W/BackupManagerService(  409): dataChanged but no participant pkg='com.android.launcher3' uid=10024
I/Launcher(  813): Deferring update until onResume
I/Launcher(  813): Deferring update until onResume
W/Searchables(  409): No global search activity found
W/Searchables(  409): No global search activity found
D/UsbDeviceManager(  409): -----get MSG_UPDATE_STATE_RETRY,but not BootComplete,send MSG_UPDATE_STATE_RETRY after 500ms---
W/Searchables(  409): No global search activity found
W/Searchables(  409): No global search activity found
W/Searchables(  409): No global search activity found
W/Searchables(  409): No global search activity found
D/dalvikvm(  409): GC_CONCURRENT freed 617K, 46% free 5947K/10880K, paused 3ms+3ms, total 38ms
W/InputMethodManagerService(  409): Window already focused, ignoring focus gain of: com.android.internal.view.IInputMethodClient$Stub$Proxy@42660530 attribute=null, token = android.os.BinderProxy@4240e990
D/UsbDeviceManager(  409): -----get MSG_UPDATE_STATE_RETRY,but not BootComplete,send MSG_UPDATE_STATE_RETRY after 500ms---
D/UsbDeviceManager(  409): -----get MSG_UPDATE_STATE_RETRY,but not BootComplete,send MSG_UPDATE_STATE_RETRY after 500ms---
I/ActivityManager(  409): START u0 {act=android.intent.action.MAIN cat=[android.intent.category.HOME] flg=0x10200000 cmp=com.android.launcher3/.Launcher} from pid 409
V/Info_Tag :  (  859): Dictation_Activity on_Pause !!!!!!!!!!!!!!!!!!!!!!!!!!!!!!!!!!!!
D/UsbDeviceManager(  409): -----get MSG_UPDATE_STATE_RETRY,but not BootComplete,send MSG_UPDATE_STATE_RETRY after 500ms---
W/GAV4    (  859): Thread[GAThread,5,main]: Service unavailable (code=1), will retry.
W/ActivityManager(  409): Unable to start service Intent { act=com.google.android.gms.analytics.service.START cmp=com.google.android.gms/.analytics.service.AnalyticsService (has extras) } U=0: not found
D/UsbDeviceManager(  409): -----get MSG_UPDATE_STATE_RETRY,but not BootComplete,send MSG_UPDATE_STATE_RETRY after 500ms---
V/Info_Tag :  (  859): Dictation_Activity on_Stop !!!!!!!!!!!!!!!!!!!!!!!!!!!!!!!!!!!!
D/UsbDeviceManager(  409): -----get MSG_UPDATE_STATE_RETRY,but not BootComplete,send MSG_UPDATE_STATE_RETRY after 500ms---
D/UsbDeviceManager(  409): -----get MSG_UPDATE_STATE_RETRY,but not BootComplete,send MSG_UPDATE_STATE_RETRY after 500ms---
D/UsbDeviceManager(  409): -----get MSG_UPDATE_STATE_RETRY,but not BootComplete,send MSG_UPDATE_STATE_RETRY after 500ms---
D/UsbDeviceManager(  409): -----get MSG_UPDATE_STATE_RETRY,but not BootComplete,send MSG_UPDATE_STATE_RETRY after 500ms---
D/UsbDeviceManager(  409): -----get MSG_UPDATE_STATE_RETRY,but not BootComplete,send MSG_UPDATE_STATE_RETRY after 500ms---
I/ActivityManager(  409): Waited long enough for: ServiceRecord{423b3ba8 u0 com.philips.spconfigmanager/.SPConfigService}
I/ActivityManager(  409): Resuming delayed broadcast
D/BluetoothManagerService(  409): enable Bluetooth radio for GPS
D/BluetoothManagerService(  409): enable():  mBluetooth =null mBinding = false
D/BluetoothManagerService(  409): Retrieving Bluetooth Adapter name and address...
D/BluetoothManagerService(  409): Message: 3
D/BluetoothManagerService(  409): getNameAndAddress(): mBluetooth = null mBinding = false
D/BluetoothManagerService(  409): MESSAGE_ENABLE_RADIO: mBluetooth = null
W/ContextImpl(  409): Implicit intents with startService are not safe: Intent { act=android.bluetooth.IBluetooth } com.android.server.BluetoothManagerService.handleEnableRadio:1445 com.android.server.BluetoothManagerService.access$2100:52 com.android.server.BluetoothManagerService$BluetoothHandler.handleMessage:910
W/ContextImpl(  409): Calling a method in the system process without a qualified user: android.app.ContextImpl.bindService:1558 com.android.server.BluetoothManagerService.handleEnableRadio:1445 com.android.server.BluetoothManagerService.access$2100:52 com.android.server.BluetoothManagerService$BluetoothHandler.handleMessage:910 android.os.Handler.dispatchMessage:102
D/BluetoothManagerService(  409): Message: 200
D/BluetoothManagerService(  409): MESSAGE_GET_NAME_AND_ADDRESS
D/BluetoothManagerService(  409): Binding to service to get name and address
I/ActivityManager(  409): Start proc com.android.bluetooth for service com.android.bluetooth/.btservice.AdapterService: pid=965 uid=1002 gids={41002, 3003, 3002, 3001, 1028, 1015, 3005, 1016, 3008}
D/BluetoothManagerService(  409): Message: 30
D/dalvikvm(  102): GC_EXPLICIT freed 41K, 5% free 2810K/2928K, paused 3ms+2ms, total 30ms
D/BluetoothManagerService(  409): Message: 30
D/UsbDeviceManager(  409): -----get MSG_UPDATE_STATE_RETRY,but not BootComplete,send MSG_UPDATE_STATE_RETRY after 500ms---
W/ContextImpl(  409): Calling a method in the system process without a qualified user: android.app.ContextImpl.bindService:1558 android.bluetooth.BluetoothHeadset.doBind:283 android.bluetooth.BluetoothHeadset.<init>:276 android.bluetooth.BluetoothAdapter.getProfileProxy:1243 android.media.AudioService.getBluetoothHeadset:2253
W/ContextImpl(  409): Calling a method in the system process without a qualified user: android.app.ContextImpl.bindService:1558 android.bluetooth.BluetoothA2dp.doBind:165 android.bluetooth.BluetoothA2dp.<init>:158 android.bluetooth.BluetoothAdapter.getProfileProxy:1246 android.media.AudioService$AudioServiceBroadcastReceiver.onReceive:4194
V/WiredAccessoryManager(  409): init()
D/UsbDeviceManager(  409): updateUsbState updateUsbState
D/UsbDeviceManager(  409): updateUsbState Usb state is false false true
D/dalvikvm(  102): GC_EXPLICIT freed <1K, 5% free 2810K/2928K, paused 2ms+2ms, total 20ms
D/MountService(  409): sharedvolumeNum: 0 ;avail: false
D/dalvikvm(  102): GC_EXPLICIT freed <1K, 5% free 2810K/2928K, paused 2ms+1ms, total 21ms
I/AwesomePlayer(  104): AwesomePlayer::AwesomePlayer()in
I/AwesomePlayer(  104): AwesomePlayer::AwesomePlayer()aftermClient.connect()
I/RecoverySystem(  409): Deleted: /cache/recovery/log
I/dalvikvm(  965): DexOpt: not all deps represented
E/dalvikvm(  965): /system/framework/javax.obex.jar odex has stale dependencies
I/dalvikvm(  965): DexOpt: not all deps represented
E/dalvikvm(  965): /system/framework/com.broadcom.bt.jar odex has stale dependencies
I/dalvikvm(  965): DexOpt: not all deps represented
E/dalvikvm(  965): /system/app/Bluetooth.apk odex has stale dependencies
W/ContextImpl(  409): Calling a method in the system process without a qualified user: android.app.ContextImpl.startService:1494 android.content.ContextWrapper.startService:494 android.content.ContextWrapper.startService:494 com.android.user.experience.BootBroadcastReceiver.onReceive:31 android.app.ActivityThread.handleReceiver:2419
I/BootReceiver(  409): Copying /proc/last_kmsg to DropBox (SYSTEM_LAST_KMSG)
I/ActivityManager(  409): Start proc android:userExpericenceService for service android/com.android.user.experience.UserExperienceService: pid=983 uid=1000 gids={41000, 1028, 1015, 1007, 3002, 3001, 1023, 3003}
V/AudioPolicyManagerBase(  104): isOffloadSupported: SR=48000, CM=0x3, Format=0x7000000, StreamType=-1, BitRate=4294967295, duration=94000 us, has_video=0
V/AudioPolicyManagerBase(  104): isOffloadSupported: stream_type != MUSIC, returning false
I/OMXCodec(  104): --->InstantiateSoftwareCodec create OMX.google.vorbis.decoder codec
D/AdapterServiceConfig(  965): Adding HeadsetService
D/AdapterServiceConfig(  965): Adding A2dpService
D/AdapterServiceConfig(  965): Adding HidService
D/AdapterServiceConfig(  965): Adding HealthService
D/AdapterServiceConfig(  965): Adding PanService
D/AdapterServiceConfig(  965): Adding GattService
D/AdapterServiceConfig(  965): Adding BluetoothMapService
I/FrameQueueManage(  104): FrameQueueManage::~FrameQueueManage end!
D/dalvikvm(  409): GC_CONCURRENT freed 597K, 44% free 6135K/10880K, paused 15ms+4ms, total 86ms
D/dalvikvm(  409): WAIT_FOR_CONCURRENT_GC blocked 59ms
D/dalvikvm(  409): WAIT_FOR_CONCURRENT_GC blocked 57ms
D/BluetoothAdapterService(  965): REFCOUNT: CREATED. INSTANCE_COUNT1
V/Version (  983): Version:1.0.2-20140212-4.4
I/AwesomePlayer(  104): AwesomePlayer::AwesomePlayer()in
I/AwesomePlayer(  104): AwesomePlayer::AwesomePlayer()aftermClient.connect()
D/BluetoothAdapterState(  965): make
I/bluedroid(  965): init
E/bt-btif (  965): btif_config_get(L189): assert failed: section && *section && key && *key && name && *name && bytes && type
I/BluetoothAdapterState(  965): Entering OffState
I/bte_conf(  965): Attempt to load stack conf from /etc/bluetooth/bt_stack.conf
I/ActivityManager(  409): Start proc com.android.providers.calendar for broadcast com.android.providers.calendar/.CalendarReceiver: pid=1001 uid=10001 gids={50001, 3003, 1028, 1015}
D/BTIF_CORE(  965): Version: AMPAK-Android-4.4-GPS-FM-1.0.2
I/bluedroid(  965): get_profile_interface socket
D/BluetoothManagerService(  409): BluetoothServiceConnection: com.android.bluetooth.btservice.AdapterService
D/BluetoothManagerService(  409): Message: 40
D/BluetoothManagerService(  409): MESSAGE_BLUETOOTH_SERVICE_CONNECTED: 1
I/GKI_LINUX(  965): gki_task_entry: gki_task_entry task_id=1 [BTIF] starting
I/BluetoothAdapterProperties(  965): adapterPropertyChangedCallback with type:2 len:6
I/bluedroid(  965): config_hci_snoop_log
D/BluetoothManagerService(  409): Calling onBluetoothServiceUp callbacks
D/BluetoothManagerService(  409): Broadcasting onBluetoothServiceUp() to 6 receivers.
D/BluetoothAdapterState(  965): CURRENT_STATE=OFF, MESSAGE = USER_TURN_ON_RADIO
D/BluetoothManagerService(  409): Message: 200
D/BluetoothManagerService(  409): MESSAGE_GET_NAME_AND_ADDRESS
I/BluetoothAdapterState(  965): Entering PendingCommandState State: isTurningOn()=false, isTurningOff()=false
D/BluetoothAdapterState(  965): CURRENT_STATE=PENDING, MESSAGE = BEGIN_ENABLE_RADIO, isTurningOnRadio=true, isTurningOffRadio=false
I/bluedroid(  965): enable
D/BluetoothManagerService(  409): Message: 201
D/BluetoothManagerService(  409): MESSAGE_SAVE_NAME_AND_ADDRESS
V/AudioPolicyManagerBase(  104): isOffloadSupported: SR=48000, CM=0x1, Format=0x7000000, StreamType=-1, BitRate=4294967295, duration=108145 us, has_video=0
V/AudioPolicyManagerBase(  104): isOffloadSupported: stream_type != MUSIC, returning false
I/OMXCodec(  104): --->InstantiateSoftwareCodec create OMX.google.vorbis.decoder codec
D/BluetoothAdapterProperties(  965): Address is:22:22:48:AE:68:EC
I/BluetoothAdapterProperties(  965): adapterPropertyChangedCallback with type:1 len:7
I/bt_hci_bdroid(  965): init
D/BluetoothManagerService(  409): Bluetooth Adapter name changed to PSP1100
I/BootReceiver(  409): Copying audit failures to DropBox
D/BluetoothAdapterProperties(  965): Name is: PSP1100
I/bt_vendor(  965): init
I/bt_vnd_conf(  965): Attempt to load conf from /etc/bluetooth/bt_vendor.conf
I/bt_vnd_conf(  965): vnd_load_conf file >/etc/bluetooth/bt_vendor.conf< not found
I/bt_hci_bdroid(  965): bt_hc_worker_thread started
D/BluetoothManagerService(  409): Stored Bluetooth name: PSP1100
I/FrameQueueManage(  104): FrameQueueManage::~FrameQueueManage end!
D/dalvikvm(  409): GC_CONCURRENT freed 696K, 43% free 6241K/10880K, paused 6ms+3ms, total 52ms
D/dalvikvm(  409): WAIT_FOR_CONCURRENT_GC blocked 46ms
I/BootReceiver(  409): Copied 0 worth of audits to DropBox
I/BootReceiver(  409): Checking for fsck errors
D/bt_upio (  965): Delay 500ms for bluetooth power up
I/AwesomePlayer(  104): AwesomePlayer::AwesomePlayer()in
I/AwesomePlayer(  104): AwesomePlayer::AwesomePlayer()aftermClient.connect()
I/dalvikvm( 1001): DexOpt: not all deps represented
E/dalvikvm( 1001): /system/framework/android.test.runner.jar odex has stale dependencies
I/dalvikvm( 1001): DexOpt: not all deps represented
E/dalvikvm( 1001): /system/priv-app/CalendarProvider.apk odex has stale dependencies
V/AudioPolicyManagerBase(  104): isOffloadSupported: SR=48000, CM=0x1, Format=0x7000000, StreamType=-1, BitRate=4294967295, duration=108145 us, has_video=0
V/AudioPolicyManagerBase(  104): isOffloadSupported: stream_type != MUSIC, returning false
I/OMXCodec(  104): --->InstantiateSoftwareCodec create OMX.google.vorbis.decoder codec
I/FrameQueueManage(  104): FrameQueueManage::~FrameQueueManage end!
I/AwesomePlayer(  104): AwesomePlayer::AwesomePlayer()in
I/AwesomePlayer(  104): AwesomePlayer::AwesomePlayer()aftermClient.connect()
V/AudioPolicyManagerBase(  104): isOffloadSupported: SR=48000, CM=0x1, Format=0x7000000, StreamType=-1, BitRate=4294967295, duration=108145 us, has_video=0
V/AudioPolicyManagerBase(  104): isOffloadSupported: stream_type != MUSIC, returning false
I/OMXCodec(  104): --->InstantiateSoftwareCodec create OMX.google.vorbis.decoder codec
I/FrameQueueManage(  104): FrameQueueManage::~FrameQueueManage end!
I/AwesomePlayer(  104): AwesomePlayer::AwesomePlayer()in
I/AwesomePlayer(  104): AwesomePlayer::AwesomePlayer()aftermClient.connect()
I/CalendarDatabaseHelper( 1001): Bootstrapping database
V/AudioPolicyManagerBase(  104): isOffloadSupported: SR=48000, CM=0x1, Format=0x7000000, StreamType=-1, BitRate=4294967295, duration=108145 us, has_video=0
V/AudioPolicyManagerBase(  104): isOffloadSupported: stream_type != MUSIC, returning false
I/OMXCodec(  104): --->InstantiateSoftwareCodec create OMX.google.vorbis.decoder codec
I/FrameQueueManage(  104): FrameQueueManage::~FrameQueueManage end!
I/AwesomePlayer(  104): AwesomePlayer::AwesomePlayer()in
I/AwesomePlayer(  104): AwesomePlayer::AwesomePlayer()aftermClient.connect()
V/AudioPolicyManagerBase(  104): isOffloadSupported: SR=44100, CM=0x1, Format=0x7000000, StreamType=-1, BitRate=4294967295, duration=182539 us, has_video=0
V/AudioPolicyManagerBase(  104): isOffloadSupported: stream_type != MUSIC, returning false
I/OMXCodec(  104): --->InstantiateSoftwareCodec create OMX.google.vorbis.decoder codec
I/CalendarProvider2( 1001): Created com.android.providers.calendar.CalendarAlarmManager@4207e1c0(com.android.providers.calendar.CalendarProvider2@4206b330)
I/FrameQueueManage(  104): FrameQueueManage::~FrameQueueManage end!
I/ActivityManager(  409): Delay finish: com.android.providers.downloads/.DownloadReceiver
I/ActivityManager(  409): Delaying start of: ServiceRecord{423803e8 u0 com.android.providers.calendar/.EmptyService}
D/UsbDeviceManager(  409): updateUsbState updateUsbState
D/UsbDeviceManager(  409): updateUsbState Usb state is false false true
D/UsbDeviceManager(  409): -----get MSG_UPDATE_STATE_RETRY,and BootComplete,do updateUsbState
D/MountService(  409): sharedvolumeNum: 0 ;avail: false
D/bt_upio (  965): Delay 500ms for bluetooth power up
D/RKUpdateService(  839): BatteryReceiver level = 25
D/RKUpdateService(  839): BatteryReceiver level = 25
I/CalendarProvider2( 1001): Sending notification intent: Intent { act=android.intent.action.PROVIDER_CHANGED dat=content://com.android.calendar }
W/ContentResolver( 1001): Failed to get type for: content://com.android.calendar (Unknown URL content://com.android.calendar)
I/ActivityManager(  409): Resuming delayed broadcast
I/ActivityManager(  409): Delay finish: com.android.providers.media/.MediaScannerReceiver
W/GAV4    (  859): Thread[Service Reconnect,5,main]: Service unavailable (code=1), using local store.
W/ActivityManager(  409): Unable to start service Intent { act=com.google.android.gms.analytics.service.START cmp=com.google.android.gms/.analytics.service.AnalyticsService (has extras) } U=0: not found
I/bt_userial_vendor(  965): userial vendor open: opening /dev/ttyS0
I/bt_userial_vendor(  965): device fd = 50 open
I/GKI_LINUX(  965): gki_task_entry: gki_task_entry task_id=0 [BTU] starting
I/bt-btu  (  965): btu_task pending for preload complete event
I/bt_hwcfg(  965): bt vendor lib: set UART baud 1500000
D/bt_hwcfg(  965): Chipset BCM4330B1
D/bt_hwcfg(  965): Target name = [BCM4330B1]
I/bt_hwcfg(  965): BT module name is: ap6330
I/bt_hwcfg(  965): Target HCD file name is: bcm40183b2.hcd
D/MediaScannerService(  749): start scanning volume internal: [/system/media]
I/bt_hwcfg(  965): Found patchfile: /vendor/firmware//bcm40183b2.hcd
D/dalvikvm(  859): GC_CONCURRENT freed 2435K, 19% free 10992K/13504K, paused 3ms+3ms, total 33ms
I/MediaProvider(  749): Upgrading media database from version 0 to 700, which will destroy all old data
E/SQLiteLog(  749): (1) no such table: files
E/MetadataRetrieverClient(  104): failed to extract an album art
I/bt_hwcfg(  965): bt vendor lib: set UART baud 115200
D/bt_hwcfg(  965): Settlement delay -- 100 ms
I/bt_hwcfg(  965): bt vendor lib: set UART baud 1500000
I/bt_hwcfg(  965): Setting local bd addr to 22:22:48:AE:68:EC
W/BackupManagerService(  409): dataChanged but no participant pkg='com.android.providers.settings' uid=10003
I/bt_hwcfg(  965): vendor lib fwcfg completed
I/bt-btu  (  965): btu_task received preload complete event
I/        (  965): BTE_InitTraceLevels -- TRC_HCI
I/        (  965): BTE_InitTraceLevels -- TRC_L2CAP
I/        (  965): BTE_InitTraceLevels -- TRC_RFCOMM
I/        (  965): BTE_InitTraceLevels -- TRC_AVDT
I/        (  965): BTE_InitTraceLevels -- TRC_AVRC
I/        (  965): BTE_InitTraceLevels -- TRC_A2D
I/        (  965): BTE_InitTraceLevels -- TRC_BNEP
I/        (  965): BTE_InitTraceLevels -- TRC_BTM
I/        (  965): BTE_InitTraceLevels -- TRC_GAP
I/        (  965): BTE_InitTraceLevels -- TRC_PAN
I/        (  965): BTE_InitTraceLevels -- TRC_SDP
I/        (  965): BTE_InitTraceLevels -- TRC_GATT
I/        (  965): BTE_InitTraceLevels -- TRC_SMP
I/        (  965): BTE_InitTraceLevels -- TRC_BTAPP
I/        (  965): BTE_InitTraceLevels -- TRC_BTIF
E/bt-btm  (  965): BTM_SecRegister:p_cb_info->p_le_callback == 0x6a8a2b3d
E/bt-btm  (  965): BTM_SecRegister: btm_cb.api.p_le_callback = 0x6a8a2b3d
E/bt-btif (  965): btif_config_get(L189): assert failed: section && *section && key && *key && name && *name && bytes && type
E/bt-btif (  965): btif_config_get(L189): assert failed: section && *section && key && *key && name && *name && bytes && type
E/bt-btif (  965): btif_storage_get_adapter_property service_mask:0x0
I/BluetoothAdapterProperties(  965): adapterPropertyChangedCallback with type:2 len:6
D/BluetoothAdapterProperties(  965): Address is:22:22:48:AE:68:EC
I/BluetoothAdapterProperties(  965): adapterPropertyChangedCallback with type:1 len:7
W/bt-smp  (  965): Key(LSB ~ MSB) = c7 4b 40 0c 36 eb 5c 2a 7f 00 02 63 f0 12 40 69
W/bt-smp  (  965): Plain text(LSB ~ MSB) = 03 00 00 00 00 00 00 00 00 00 00 00 00 00 00 00
W/bt-smp  (  965): Encrypted text(LSB ~ MSB) = 56 73 6d c0 ce 3e b2 70 9f 64 94 10 ac 62 88 8d
W/bt-smp  (  965): Key(LSB ~ MSB) = c7 4b 40 0c 36 eb 5c 2a 7f 00 02 63 f0 12 40 69
W/bt-smp  (  965): Plain text(LSB ~ MSB) = 01 00 00 00 00 00 00 00 00 00 00 00 00 00 00 00
W/bt-smp  (  965): Encrypted text(LSB ~ MSB) = 56 95 3b 8c be cc 50 cb c2 31 76 ee cd c3 f8 f5
D/BluetoothAdapterProperties(  965): Name is: PSP1100
I/BluetoothAdapterProperties(  965): adapterPropertyChangedCallback with type:7 len:4
D/BluetoothManagerService(  409): Bluetooth Adapter name changed to PSP1100
D/BluetoothManagerService(  409): Stored Bluetooth name: PSP1100
D/BluetoothAdapterProperties(  965): Scan Mode:20
I/BluetoothAdapterProperties(  965): adapterPropertyChangedCallback with type:9 len:4
D/BluetoothAdapterProperties(  965): Discoverable Timeout:120
I/BluetoothAdapterProperties(  965): adapterPropertyChangedCallback with type:8 len:0
