D/DisplayManager(  913): getDisplayInfo: displayId=0, info=DisplayInfo{"Built-in Screen", uniqueId "local:0", app 2560 x 1344, real 2560 x 1440, largest app 2560 x 2414, smallest app 1440 x 1294, 60.387 fps, supportedRefreshRates [60.387], rotation 1, density 320 (537.8823 x 537.3884) dpi, layerStack 0, appVsyncOff 0, presDeadline 17559855, type BUILT_IN, state ON, FLAG_SECURE, FLAG_SUPPORTS_PROTECTED_BUFFERS}
I/BootReceiver(  453): Copying audit failures to DropBox
D/DisplayManager(  761): getDisplayInfo: displayId=0, info=DisplayInfo{"Built-in Screen", uniqueId "local:0", app 2560 x 1344, real 2560 x 1440, largest app 2560 x 2414, smallest app 1440 x 1294, 60.387 fps, supportedRefreshRates [60.387], rotation 1, density 320 (537.8823 x 537.3884) dpi, layerStack 0, appVsyncOff 0, presDeadline 17559855, type BUILT_IN, state ON, FLAG_SECURE, FLAG_SUPPORTS_PROTECTED_BUFFERS}
D/DisplayManager(  805): getDisplayInfo: displayId=0, info=DisplayInfo{"Built-in Screen", uniqueId "local:0", app 2560 x 1344, real 2560 x 1440, largest app 2560 x 2414, smallest app 1440 x 1294, 60.387 fps, supportedRefreshRates [60.387], rotation 1, density 320 (537.8823 x 537.3884) dpi, layerStack 0, appVsyncOff 0, presDeadline 17559855, type BUILT_IN, state ON, FLAG_SECURE, FLAG_SUPPORTS_PROTECTED_BUFFERS}
D/DisplayManager(  544): getDisplayInfo: displayId=0, info=DisplayInfo{"Built-in Screen", uniqueId "local:0", app 2560 x 1344, real 2560 x 1440, largest app 2560 x 2414, smallest app 1440 x 1294, 60.387 fps, supportedRefreshRates [60.387], rotation 1, density 320 (537.8823 x 537.3884) dpi, layerStack 0, appVsyncOff 0, presDeadline 17559855, type BUILT_IN, state ON, FLAG_SECURE, FLAG_SUPPORTS_PROTECTED_BUFFERS}
D/DisplayManager(  581): getDisplayInfo: displayId=0, info=DisplayInfo{"Built-in Screen", uniqueId "local:0", app 2560 x 1344, real 2560 x 1440, largest app 2560 x 2414, smallest app 1440 x 1294, 60.387 fps, supportedRefreshRates [60.387], rotation 1, density 320 (537.8823 x 537.3884) dpi, layerStack 0, appVsyncOff 0, presDeadline 17559855, type BUILT_IN, state ON, FLAG_SECURE, FLAG_SUPPORTS_PROTECTED_BUFFERS}
I/ActivityManagerService(  453): Start proc 1066:com.android.settings/1000 for broadcast com.android.settings/.HdmiReceiver
I/BootReceiver(  453): Copied 0 worth of audits to DropBox
D/DisplayManager(  884): getDisplayInfo: displayId=0, info=DisplayInfo{"Built-in Screen", uniqueId "local:0", app 2560 x 1344, real 2560 x 1440, largest app 2560 x 2414, smallest app 1440 x 1294, 60.387 fps, supportedRefreshRates [60.387], rotation 1, density 320 (537.8823 x 537.3884) dpi, layerStack 0, appVsyncOff 0, presDeadline 17559855, type BUILT_IN, state ON, FLAG_SECURE, FLAG_SUPPORTS_PROTECTED_BUFFERS}
D/DisplayManager(  860): getDisplayInfo: displayId=0, info=DisplayInfo{"Built-in Screen", uniqueId "local:0", app 2560 x 1344, real 2560 x 1440, largest app 2560 x 2414, smallest app 1440 x 1294, 60.387 fps, supportedRefreshRates [60.387], rotation 1, density 320 (537.8823 x 537.3884) dpi, layerStack 0, appVsyncOff 0, presDeadline 17559855, type BUILT_IN, state ON, FLAG_SECURE, FLAG_SUPPORTS_PROTECTED_BUFFERS}
D/DisplayManager(  636): getDisplayInfo: displayId=0, info=DisplayInfo{"Built-in Screen", uniqueId "local:0", app 2560 x 1344, real 2560 x 1440, largest app 2560 x 2414, smallest app 1440 x 1294, 60.387 fps, supportedRefreshRates [60.387], rotation 1, density 320 (537.8823 x 537.3884) dpi, layerStack 0, appVsyncOff 0, presDeadline 17559855, type BUILT_IN, state ON, FLAG_SECURE, FLAG_SUPPORTS_PROTECTED_BUFFERS}
D/DisplayManager(  699): getDisplayInfo: displayId=0, info=DisplayInfo{"Built-in Screen", uniqueId "local:0", app 2560 x 1344, real 2560 x 1440, largest app 2560 x 2414, smallest app 1440 x 1294, 60.387 fps, supportedRefreshRates [60.387], rotation 1, density 320 (537.8823 x 537.3884) dpi, layerStack 0, appVsyncOff 0, presDeadline 17559855, type BUILT_IN, state ON, FLAG_SECURE, FLAG_SUPPORTS_PROTECTED_BUFFERS}
D/DisplayManager(  955): getDisplayInfo: displayId=0, info=DisplayInfo{"Built-in Screen", uniqueId "local:0", app 2560 x 1344, real 2560 x 1440, largest app 2560 x 2414, smallest app 1440 x 1294, 60.387 fps, supportedRefreshRates [60.387], rotation 1, density 320 (537.8823 x 537.3884) dpi, layerStack 0, appVsyncOff 0, presDeadline 17559855, type BUILT_IN, state ON, FLAG_SECURE, FLAG_SUPPORTS_PROTECTED_BUFFERS}
I/BootReceiver(  453): Checking for fsck errors
D/DisplayManager(  581): getDisplayInfo: displayId=0, info=DisplayInfo{"Built-in Screen", uniqueId "local:0", app 2560 x 1344, real 2560 x 1440, largest app 2560 x 2414, smallest app 1440 x 1294, 60.387 fps, supportedRefreshRates [60.387], rotation 1, density 320 (537.8823 x 537.3884) dpi, layerStack 0, appVsyncOff 0, presDeadline 17559855, type BUILT_IN, state ON, FLAG_SECURE, FLAG_SUPPORTS_PROTECTED_BUFFERS}
D/DisplayManager( 1040): getDisplayInfo: displayId=0, info=DisplayInfo{"Built-in Screen", uniqueId "local:0", app 2560 x 1344, real 2560 x 1440, largest app 2560 x 2414, smallest app 1440 x 1294, 60.387 fps, supportedRefreshRates [60.387], rotation 1, density 320 (537.8823 x 537.3884) dpi, layerStack 0, appVsyncOff 0, presDeadline 17559855, type BUILT_IN, state ON, FLAG_SECURE, FLAG_SUPPORTS_PROTECTED_BUFFERS}
D/ViewRootImpl(  841): onDetachedFromWindow ungister contentObserver
D/DisplayManager( 1040): getDisplayInfo: displayId=0, info=DisplayInfo{"Built-in Screen", uniqueId "local:0", app 2560 x 1344, real 2560 x 1440, largest app 2560 x 2414, smallest app 1440 x 1294, 60.387 fps, supportedRefreshRates [60.387], rotation 1, density 320 (537.8823 x 537.3884) dpi, layerStack 0, appVsyncOff 0, presDeadline 17559855, type BUILT_IN, state ON, FLAG_SECURE, FLAG_SUPPORTS_PROTECTED_BUFFERS}
D/DisplayManager( 1040): getDisplayInfo: displayId=0, info=DisplayInfo{"Built-in Screen", uniqueId "local:0", app 2560 x 1344, real 2560 x 1440, largest app 2560 x 2414, smallest app 1440 x 1294, 60.387 fps, supportedRefreshRates [60.387], rotation 1, density 320 (537.8823 x 537.3884) dpi, layerStack 0, appVsyncOff 0, presDeadline 17559855, type BUILT_IN, state ON, FLAG_SECURE, FLAG_SUPPORTS_PROTECTED_BUFFERS}
D/gralloc (  157): alloc_device_free
D/gralloc (  157): alloc_device_free
D/DisplayManager( 1040): getDisplayInfo: displayId=0, info=DisplayInfo{"Built-in Screen", uniqueId "local:0", app 2560 x 1344, real 2560 x 1440, largest app 2560 x 2414, smallest app 1440 x 1294, 60.387 fps, supportedRefreshRates [60.387], rotation 1, density 320 (537.8823 x 537.3884) dpi, layerStack 0, appVsyncOff 0, presDeadline 17559855, type BUILT_IN, state ON, FLAG_SECURE, FLAG_SUPPORTS_PROTECTED_BUFFERS}
D/DisplayManager(  581): getDisplayInfo: displayId=0, info=DisplayInfo{"Built-in Screen", uniqueId "local:0", app 2560 x 1344, real 2560 x 1440, largest app 2560 x 2414, smallest app 1440 x 1294, 60.387 fps, supportedRefreshRates [60.387], rotation 1, density 320 (537.8823 x 537.3884) dpi, layerStack 0, appVsyncOff 0, presDeadline 17559855, type BUILT_IN, state ON, FLAG_SECURE, FLAG_SUPPORTS_PROTECTED_BUFFERS}
D/DisplayManager(  581): getDisplayInfo: displayId=0, info=DisplayInfo{"Built-in Screen", uniqueId "local:0", app 2560 x 1344, real 2560 x 1440, largest app 2560 x 2414, smallest app 1440 x 1294, 60.387 fps, supportedRefreshRates [60.387], rotation 1, density 320 (537.8823 x 537.3884) dpi, layerStack 0, appVsyncOff 0, presDeadline 17559855, type BUILT_IN, state ON, FLAG_SECURE, FLAG_SUPPORTS_PROTECTED_BUFFERS}
D/WindowManagerService(  453): null  ==========setInputFocusLw ==========  =======
D/gralloc (  157): alloc_device_free
D/DisplayManager(  581): getDisplayInfo: displayId=0, info=DisplayInfo{"Built-in Screen", uniqueId "local:0", app 2560 x 1344, real 2560 x 1440, largest app 2560 x 2414, smallest app 1440 x 1294, 60.387 fps, supportedRefreshRates [60.387], rotation 1, density 320 (537.8823 x 537.3884) dpi, layerStack 0, appVsyncOff 0, presDeadline 17559855, type BUILT_IN, state ON, FLAG_SECURE, FLAG_SUPPORTS_PROTECTED_BUFFERS}
W/Launcher(  841): setApplicationContext called twice! old=com.android.launcher3.LauncherApplication@aee901 new=com.android.launcher3.LauncherApplication@aee901
D/DisplayManager(  841): getDisplayInfo: displayId=0, info=DisplayInfo{"Built-in Screen", uniqueId "local:0", app 2560 x 1344, real 2560 x 1440, largest app 2560 x 2414, smallest app 1440 x 1294, 60.387 fps, supportedRefreshRates [60.387], rotation 1, density 320 (537.8823 x 537.3884) dpi, layerStack 0, appVsyncOff 0, presDeadline 17559855, type BUILT_IN, state ON, FLAG_SECURE, FLAG_SUPPORTS_PROTECTED_BUFFERS}
D/DisplayManager(  841): getDisplayInfo: displayId=0, info=DisplayInfo{"Built-in Screen", uniqueId "local:0", app 2560 x 1344, real 2560 x 1440, largest app 2560 x 2414, smallest app 1440 x 1294, 60.387 fps, supportedRefreshRates [60.387], rotation 1, density 320 (537.8823 x 537.3884) dpi, layerStack 0, appVsyncOff 0, presDeadline 17559855, type BUILT_IN, state ON, FLAG_SECURE, FLAG_SUPPORTS_PROTECTED_BUFFERS}
D/DisplayManager(  841): getDisplayInfo: displayId=0, info=DisplayInfo{"Built-in Screen", uniqueId "local:0", app 2560 x 1344, real 2560 x 1440, largest app 2560 x 2414, smallest app 1440 x 1294, 60.387 fps, supportedRefreshRates [60.387], rotation 1, density 320 (537.8823 x 537.3884) dpi, layerStack 0, appVsyncOff 0, presDeadline 17559855, type BUILT_IN, state ON, FLAG_SECURE, FLAG_SUPPORTS_PROTECTED_BUFFERS}
D/DisplayManager(  841): getDisplayInfo: displayId=0, info=DisplayInfo{"Built-in Screen", uniqueId "local:0", app 2560 x 1344, real 2560 x 1440, largest app 2560 x 2414, smallest app 1440 x 1294, 60.387 fps, supportedRefreshRates [60.387], rotation 1, density 320 (537.8823 x 537.3884) dpi, layerStack 0, appVsyncOff 0, presDeadline 17559855, type BUILT_IN, state ON, FLAG_SECURE, FLAG_SUPPORTS_PROTECTED_BUFFERS}
D/DisplayManager(  453): onDisplayEvent: displayId=0, event=2
V/ActivityStackSupervisor(  453): Display changed displayId=0
D/DisplayManager(  544): onDisplayEvent: displayId=0, event=2
D/DisplayManager(  761): onDisplayEvent: displayId=0, event=2
D/DisplayManager(  636): onDisplayEvent: displayId=0, event=2
D/DisplayManager(  805): onDisplayEvent: displayId=0, event=2
D/DisplayManager(  453): getDisplayInfo: displayId=0, info=DisplayInfo{"Built-in Screen", uniqueId "local:0", app 2560 x 1344, real 2560 x 1440, largest app 2560 x 2414, smallest app 1440 x 1294, 60.387 fps, supportedRefreshRates [60.387], rotation 1, density 320 (537.8823 x 537.3884) dpi, layerStack 0, appVsyncOff 0, presDeadline 17559855, type BUILT_IN, state ON, FLAG_SECURE, FLAG_SUPPORTS_PROTECTED_BUFFERS}
D/DisplayManager(  841): onDisplayEvent: displayId=0, event=2
D/DisplayManager(  581): onDisplayEvent: displayId=0, event=2
D/DisplayManager(  860): onDisplayEvent: displayId=0, event=2
D/DisplayManager(  823): onDisplayEvent: displayId=0, event=2
D/DisplayManager( 1040): onDisplayEvent: displayId=0, event=2
D/DisplayManager(  913): onDisplayEvent: displayId=0, event=2
D/DisplayManager(  884): onDisplayEvent: displayId=0, event=2
D/DisplayManager(  955): onDisplayEvent: displayId=0, event=2
D/DisplayManager(  699): onDisplayEvent: displayId=0, event=2
I/InputReader(  453): Reconfiguring input devices.  changes=0x00000004
D/DisplayManager(  823): getDisplayInfo: displayId=0, info=DisplayInfo{"Built-in Screen", uniqueId "local:0", app 2560 x 1344, real 2560 x 1440, largest app 2560 x 2414, smallest app 1440 x 1294, 60.387 fps, supportedRefreshRates [60.387], rotation 1, density 320 (537.8823 x 537.3884) dpi, layerStack 0, appVsyncOff 0, presDeadline 17559855, type BUILT_IN, state ON, FLAG_SECURE, FLAG_SUPPORTS_PROTECTED_BUFFERS}
D/gralloc (  157): -----------------------------START usage=933
D/gralloc (  157): [31,14745600,0], usage=933,ion_heap_type=0
D/gralloc (  157): heap_mask=10,ION_HEAP=10
D/DisplayManager(  581): getDisplayInfo: displayId=0, info=DisplayInfo{"Built-in Screen", uniqueId "local:0", app 2560 x 1344, real 2560 x 1440, largest app 2560 x 2414, smallest app 1440 x 1294, 60.387 fps, supportedRefreshRates [60.387], rotation 1, density 320 (537.8823 x 537.3884) dpi, layerStack 0, appVsyncOff 0, presDeadline 17559855, type BUILT_IN, state ON, FLAG_SECURE, FLAG_SUPPORTS_PROTECTED_BUFFERS}
D/gralloc (  157): Isfb=0,[2560,1440,2560,10240],fmt=1,byte_stride=10240
D/DisplayManager( 1066): getDisplayInfo: displayId=0, info=DisplayInfo{"Built-in Screen", uniqueId "local:0", app 2560 x 1344, real 2560 x 1440, largest app 2560 x 2414, smallest app 1440 x 1294, 60.387 fps, supportedRefreshRates [60.387], rotation 1, density 320 (537.8823 x 537.3884) dpi, layerStack 0, appVsyncOff 0, presDeadline 17559855, type BUILT_IN, state ON, FLAG_SECURE, FLAG_SUPPORTS_PROTECTED_BUFFERS}
D/DisplayManager( 1066): getDisplayInfo: displayId=0, info=DisplayInfo{"Built-in Screen", uniqueId "local:0", app 2560 x 1344, real 2560 x 1440, largest app 2560 x 2414, smallest app 1440 x 1294, 60.387 fps, supportedRefreshRates [60.387], rotation 1, density 320 (537.8823 x 537.3884) dpi, layerStack 0, appVsyncOff 0, presDeadline 17559855, type BUILT_IN, state ON, FLAG_SECURE, FLAG_SUPPORTS_PROTECTED_BUFFERS}
D/PowerManagerService(  453): acquireWakeLockInternal: lock=451612628, flags=0x1, tag="SyncLoopWakeLock", ws=null, uid=1000, pid=453
D/PowerManagerService(  453): updateWakeLockSummaryLocked: mWakefulness=Awake, mWakeLockSummary=0x1
D/PowerManagerService(  453): updateUserActivitySummaryLocked: mWakefulness=Awake, mUserActivitySummary=0x1, nextTimeout=2147536447 (in 2147475824 ms)
D/PowerManagerService(  453): updateDisplayPowerStateLocked: mDisplayReady=true, policy=3, mWakefulness=1, mWakeLockSummary=0x1, mUserActivitySummary=0x1, mBootCompleted=true, mScreenBrightnessBoostInProgress=false
D/DisplayManager(  453): getDisplayInfo: displayId=0, info=DisplayInfo{"Built-in Screen", uniqueId "local:0", app 2560 x 1344, real 2560 x 1440, largest app 2560 x 2414, smallest app 1440 x 1294, 60.387 fps, supportedRefreshRates [60.387], rotation 1, density 320 (537.8823 x 537.3884) dpi, layerStack 0, appVsyncOff 0, presDeadline 17559855, type BUILT_IN, state ON, FLAG_SECURE, FLAG_SUPPORTS_PROTECTED_BUFFERS}
D/PowerManagerService(  453): releaseWakeLockInternal: lock=451612628 [SyncLoopWakeLock], flags=0x0
D/PowerManagerService(  453): updateWakeLockSummaryLocked: mWakefulness=Awake, mWakeLockSummary=0x1
D/PowerManagerService(  453): updateUserActivitySummaryLocked: mWakefulness=Awake, mUserActivitySummary=0x1, nextTimeout=2147536447 (in 2147475815 ms)
D/PowerManagerService(  453): updateDisplayPowerStateLocked: mDisplayReady=true, policy=3, mWakefulness=1, mWakeLockSummary=0x1, mUserActivitySummary=0x1, mBootCompleted=true, mScreenBrightnessBoostInProgress=false
D/DisplayManager(  841): getDisplayInfo: displayId=0, info=DisplayInfo{"Built-in Screen", uniqueId "local:0", app 2560 x 1344, real 2560 x 1440, largest app 2560 x 2414, smallest app 1440 x 1294, 60.387 fps, supportedRefreshRates [60.387], rotation 1, density 320 (537.8823 x 537.3884) dpi, layerStack 0, appVsyncOff 0, presDeadline 17559855, type BUILT_IN, state ON, FLAG_SECURE, FLAG_SUPPORTS_PROTECTED_BUFFERS}
D/PhoneWindow(  841): DecorView - SCREEN_WEITH = 2560 - SCREE_HEIGHT = 1344
D/DisplayManager( 1066): getDisplayInfo: displayId=0, info=DisplayInfo{"Built-in Screen", uniqueId "local:0", app 2560 x 1344, real 2560 x 1440, largest app 2560 x 2414, smallest app 1440 x 1294, 60.387 fps, supportedRefreshRates [60.387], rotation 1, density 320 (537.8823 x 537.3884) dpi, layerStack 0, appVsyncOff 0, presDeadline 17559855, type BUILT_IN, state ON, FLAG_SECURE, FLAG_SUPPORTS_PROTECTED_BUFFERS}
D/DisplayManager( 1066): getDisplayInfo: displayId=0, info=DisplayInfo{"Built-in Screen", uniqueId "local:0", app 2560 x 1344, real 2560 x 1440, largest app 2560 x 2414, smallest app 1440 x 1294, 60.387 fps, supportedRefreshRates [60.387], rotation 1, density 320 (537.8823 x 537.3884) dpi, layerStack 0, appVsyncOff 0, presDeadline 17559855, type BUILT_IN, state ON, FLAG_SECURE, FLAG_SUPPORTS_PROTECTED_BUFFERS}
D/DisplayManager(  581): getDisplayInfo: displayId=0, info=DisplayInfo{"Built-in Screen", uniqueId "local:0", app 2560 x 1344, real 2560 x 1440, largest app 2560 x 2414, smallest app 1440 x 1294, 60.387 fps, supportedRefreshRates [60.387], rotation 1, density 320 (537.8823 x 537.3884) dpi, layerStack 0, appVsyncOff 0, presDeadline 17559855, type BUILT_IN, state ON, FLAG_SECURE, FLAG_SUPPORTS_PROTECTED_BUFFERS}
D/DisplayManager(  841): getDisplayInfo: displayId=0, info=DisplayInfo{"Built-in Screen", uniqueId "local:0", app 2560 x 1344, real 2560 x 1440, largest app 2560 x 2414, smallest app 1440 x 1294, 60.387 fps, supportedRefreshRates [60.387], rotation 1, density 320 (537.8823 x 537.3884) dpi, layerStack 0, appVsyncOff 0, presDeadline 17559855, type BUILT_IN, state ON, FLAG_SECURE, FLAG_SUPPORTS_PROTECTED_BUFFERS}
D/DisplayManager(  581): getDisplayInfo: displayId=0, info=DisplayInfo{"Built-in Screen", uniqueId "local:0", app 2560 x 1344, real 2560 x 1440, largest app 2560 x 2414, smallest app 1440 x 1294, 60.387 fps, supportedRefreshRates [60.387], rotation 1, density 320 (537.8823 x 537.3884) dpi, layerStack 0, appVsyncOff 0, presDeadline 17559855, type BUILT_IN, state ON, FLAG_SECURE, FLAG_SUPPORTS_PROTECTED_BUFFERS}
D/PanelView(  581): <-----setPanelViewEnable =false---->
W/ResourceType(  841): Attempt to retrieve bag 0x7f0d0008 which is invalid or in a cycle.
D/DisplayManager(  581): getDisplayInfo: displayId=0, info=DisplayInfo{"Built-in Screen", uniqueId "local:0", app 2560 x 1344, real 2560 x 1440, largest app 2560 x 2414, smallest app 1440 x 1294, 60.387 fps, supportedRefreshRates [60.387], rotation 1, density 320 (537.8823 x 537.3884) dpi, layerStack 0, appVsyncOff 0, presDeadline 17559855, type BUILT_IN, state ON, FLAG_SECURE, FLAG_SUPPORTS_PROTECTED_BUFFERS}
D/DisplayManager(  581): getDisplayInfo: displayId=0, info=DisplayInfo{"Built-in Screen", uniqueId "local:0", app 2560 x 1344, real 2560 x 1440, largest app 2560 x 2414, smallest app 1440 x 1294, 60.387 fps, supportedRefreshRates [60.387], rotation 1, density 320 (537.8823 x 537.3884) dpi, layerStack 0, appVsyncOff 0, presDeadline 17559855, type BUILT_IN, state ON, FLAG_SECURE, FLAG_SUPPORTS_PROTECTED_BUFFERS}
D/        (  581): rtl is ok
D/DisplayManager( 1066): getDisplayInfo: displayId=0, info=DisplayInfo{"Built-in Screen", uniqueId "local:0", app 2560 x 1344, real 2560 x 1440, largest app 2560 x 2414, smallest app 1440 x 1294, 60.387 fps, supportedRefreshRates [60.387], rotation 1, density 320 (537.8823 x 537.3884) dpi, layerStack 0, appVsyncOff 0, presDeadline 17559855, type BUILT_IN, state ON, FLAG_SECURE, FLAG_SUPPORTS_PROTECTED_BUFFERS}
D/mali_winsys(  581): EGLint new_window_surface(egl_winsys_display*, void*, EGLSurface, EGLConfig, egl_winsys_surface**, egl_color_buffer_format*, EGLBoolean) returns 0x3000
D/DisplayManager( 1066): getDisplayInfo: displayId=0, info=DisplayInfo{"Built-in Screen", uniqueId "local:0", app 2560 x 1344, real 2560 x 1440, largest app 2560 x 2414, smallest app 1440 x 1294, 60.387 fps, supportedRefreshRates [60.387], rotation 1, density 320 (537.8823 x 537.3884) dpi, layerStack 0, appVsyncOff 0, presDeadline 17559855, type BUILT_IN, state ON, FLAG_SECURE, FLAG_SUPPORTS_PROTECTED_BUFFERS}
D/gralloc (  157): -----------------------------START usage=b00
D/gralloc (  157): [31,14745600,0], usage=b00,ion_heap_type=0
D/gralloc (  157): heap_mask=10,ION_HEAP=10
E/DisplayOutputManager( 1066): Error listing main interfaces :java.lang.NullPointerException: Attempt to get length of null array
E/DisplayOutputManager( 1066): Error listing aux interfaces :java.lang.NullPointerException: Attempt to get length of null array
E/DisplayOutputManager( 1066): There is no display interface.
D/HdmiReceiver( 1066): hdmi receiver action=android.intent.action.BOOT_COMPLETED
D/HdmiReceiver( 1066): BOOT_COMPLETED
D/gralloc (  157): Isfb=0,[2560,1440,2560,10240],fmt=2,byte_stride=10240
D/DisplayManager(  581): getDisplayInfo: displayId=0, info=DisplayInfo{"Built-in Screen", uniqueId "local:0", app 2560 x 1344, real 2560 x 1440, largest app 2560 x 2414, smallest app 1440 x 1294, 60.387 fps, supportedRefreshRates [60.387], rotation 1, density 320 (537.8823 x 537.3884) dpi, layerStack 0, appVsyncOff 0, presDeadline 17559855, type BUILT_IN, state ON, FLAG_SECURE, FLAG_SUPPORTS_PROTECTED_BUFFERS}
D/StressTest(  805): =========onReceive===rebootFlag:0
D/Launcher(  841): 11683562 - bindAddScreens()
D/Launcher(  841): 11683562 -   orderedScreenIds: 3
D/Launcher.Workspace(  841): 11683562 - insertNewWorkspaceScreen(): 3 at index: 0
D/DisplayManager(  581): getDisplayInfo: displayId=0, info=DisplayInfo{"Built-in Screen", uniqueId "local:0", app 2560 x 1344, real 2560 x 1440, largest app 2560 x 2414, smallest app 1440 x 1294, 60.387 fps, supportedRefreshRates [60.387], rotation 1, density 320 (537.8823 x 537.3884) dpi, layerStack 0, appVsyncOff 0, presDeadline 17559855, type BUILT_IN, state ON, FLAG_SECURE, FLAG_SUPPORTS_PROTECTED_BUFFERS}
D/ViewRootImpl(  581): 1440<<<<<< BACK FROM relayoutnull
D/ViewRootImpl(  581): 2560<<<<<< BACK FROM relayoutWM.LayoutParams{(0,0)(fillx50)mPosX=0mPosY=0mHScale=1.0mVScale=1.0 align=UNDEFINE taskId=-1 gr=#30 sim=#10 ty=2000 fl=#81840048 fmt=-3 surfaceInsets=Rect(0, 0 - 0, 0)packageName=com.android.systemuitoken=android.view.ViewRootImpl$W@16032b18}
D/gralloc (  157): alloc_device_free
D/gralloc (  157): alloc_device_free
D/mali_winsys(  581): EGLint new_window_surface(egl_winsys_display*, void*, EGLSurface, EGLConfig, egl_winsys_surface**, egl_color_buffer_format*, EGLBoolean) returns 0x3000
D/gralloc (  157): -----------------------------START usage=b00
D/gralloc (  157): [31,655360,0], usage=b00,ion_heap_type=0
D/gralloc (  157): heap_mask=10,ION_HEAP=10
D/gralloc (  157): Isfb=0,[50,2560,64,256],fmt=1,byte_stride=256
D/gralloc (  157): -----------------------------START usage=b00
D/gralloc (  157): [31,655360,0], usage=b00,ion_heap_type=0
D/gralloc (  157): heap_mask=10,ION_HEAP=10
D/gralloc (  157): Isfb=0,[50,2560,64,256],fmt=1,byte_stride=256
D/gralloc (  157): alloc_device_free
D/ViewRootImpl(  581): 2560<<<<<< BACK FROM relayoutWM.LayoutParams{(0,0)(fillxfill)mPosX=0mPosY=0mHScale=1.0mVScale=1.0 align=UNDEFINE taskId=-1 sim=#20 ty=2019 fl=#1840068 fmt=-3 surfaceInsets=Rect(0, 0 - 0, 0)packageName=com.android.systemuitoken=null}
D/gralloc (  157): alloc_device_free
D/gralloc (  157): alloc_device_free
D/mali_winsys(  581): EGLint new_window_surface(egl_winsys_display*, void*, EGLSurface, EGLConfig, egl_winsys_surface**, egl_color_buffer_format*, EGLBoolean) returns 0x3000
D/gralloc (  157): -----------------------------START usage=b00
D/gralloc (  157): [31,983040,0], usage=b00,ion_heap_type=0
D/gralloc (  157): heap_mask=10,ION_HEAP=10
D/gralloc (  157): Isfb=0,[96,2560,96,384],fmt=1,byte_stride=384
D/DisplayManager(  841): getDisplayInfo: displayId=0, info=DisplayInfo{"Built-in Screen", uniqueId "local:0", app 2560 x 1344, real 2560 x 1440, largest app 2560 x 2414, smallest app 1440 x 1294, 60.387 fps, supportedRefreshRates [60.387], rotation 1, density 320 (537.8823 x 537.3884) dpi, layerStack 0, appVsyncOff 0, presDeadline 17559855, type BUILT_IN, state ON, FLAG_SECURE, FLAG_SUPPORTS_PROTECTED_BUFFERS}
D/gralloc (  157): -----------------------------START usage=b00
D/gralloc (  157): [31,983040,0], usage=b00,ion_heap_type=0
D/gralloc (  157): heap_mask=10,ION_HEAP=10
V/WindowManagerService(  453): Based on layer: Adding window Window{1e38856c u0 com.android.launcher3/com.android.launcher3.Launcher} at 1 of 8
D/gralloc (  157): Isfb=0,[96,2560,96,384],fmt=1,byte_stride=384
D/gralloc (  157): alloc_device_free
D/ViewRootImpl(  581): onAttachToWindow register content observer attrs=WM.LayoutParams{(0,0)(fillxfill)mPosX=0mPosY=0mHScale=1.0mVScale=1.0 align=UNDEFINE taskId=-1 gr=#800053 sim=#31 ty=2024 fl=#1820100 fmt=-3 surfaceInsets=Rect(0, 0 - 0, 0)packageName=com.android.systemuitoken=null}
D/ViewRootImpl(  581): 2560<<<<<< BACK FROM relayoutWM.LayoutParams{(0,0)(fillxfill)mPosX=0mPosY=0mHScale=1.0mVScale=1.0 align=UNDEFINE taskId=-1 gr=#800053 sim=#31 ty=2024 fl=#1820100 fmt=-3 surfaceInsets=Rect(0, 0 - 0, 0)packageName=com.android.systemuitoken=null}
D/ViewRootImpl(  581): onAttachToWindow register content observer attrs=WM.LayoutParams{(0,0)(fillxfill)mPosX=0mPosY=0mHScale=1.0mVScale=1.0 align=UNDEFINE taskId=-1 gr=#800053 sim=#31 ty=2024 fl=#1820100 fmt=-3 surfaceInsets=Rect(0, 0 - 0, 0)packageName=com.android.systemuitoken=null}
I/Choreographer(  841): Skipped 40 frames!  The application may be doing too much work on its main thread.
D/ViewRootImpl(  581): 2560<<<<<< BACK FROM relayoutWM.LayoutParams{(0,0)(fillxfill)mPosX=0mPosY=0mHScale=1.0mVScale=1.0 align=UNDEFINE taskId=-1 gr=#800053 sim=#31 ty=2024 fl=#1820100 fmt=-3 surfaceInsets=Rect(0, 0 - 0, 0)packageName=com.android.systemuitoken=null}
D/ViewRootImpl(  581): onDetachedFromWindow ungister contentObserver
D/DisplayManager(  581): getDisplayInfo: displayId=0, info=DisplayInfo{"Built-in Screen", uniqueId "local:0", app 2560 x 1344, real 2560 x 1440, largest app 2560 x 2414, smallest app 1440 x 1294, 60.387 fps, supportedRefreshRates [60.387], rotation 1, density 320 (537.8823 x 537.3884) dpi, layerStack 0, appVsyncOff 0, presDeadline 17559855, type BUILT_IN, state ON, FLAG_SECURE, FLAG_SUPPORTS_PROTECTED_BUFFERS}
D/DisplayManager(  581): getDisplayInfo: displayId=0, info=DisplayInfo{"Built-in Screen", uniqueId "local:0", app 2560 x 1344, real 2560 x 1440, largest app 2560 x 2414, smallest app 1440 x 1294, 60.387 fps, supportedRefreshRates [60.387], rotation 1, density 320 (537.8823 x 537.3884) dpi, layerStack 0, appVsyncOff 0, presDeadline 17559855, type BUILT_IN, state ON, FLAG_SECURE, FLAG_SUPPORTS_PROTECTED_BUFFERS}
D/DisplayManager(  581): getDisplayInfo: displayId=0, info=DisplayInfo{"Built-in Screen", uniqueId "local:0", app 2560 x 1344, real 2560 x 1440, largest app 2560 x 2414, smallest app 1440 x 1294, 60.387 fps, supportedRefreshRates [60.387], rotation 1, density 320 (537.8823 x 537.3884) dpi, layerStack 0, appVsyncOff 0, presDeadline 17559855, type BUILT_IN, state ON, FLAG_SECURE, FLAG_SUPPORTS_PROTECTED_BUFFERS}
D/ViewRootImpl(  581): onDetachedFromWindow ungister contentObserver
D/ViewRootImpl(  841): onAttachToWindow register content observer attrs=WM.LayoutParams{(0,0)(fillxfill)mPosX=0mPosY=0mHScale=1.0mVScale=1.0 align=UNDEFINE taskId=18 sim=#120 ty=1 fl=#81910100 fmt=-2 wanim=0x10303e5 vsysui=0x700 surfaceInsets=Rect(0, 0 - 0, 0) needsMenuKey=2packageName=com.android.launcher3token=android.os.BinderProxy@29e277af}
D/DisplayManager(  581): getDisplayInfo: displayId=0, info=DisplayInfo{"Built-in Screen", uniqueId "local:0", app 2560 x 1344, real 2560 x 1440, largest app 2560 x 2414, smallest app 1440 x 1294, 60.387 fps, supportedRefreshRates [60.387], rotation 1, density 320 (537.8823 x 537.3884) dpi, layerStack 0, appVsyncOff 0, presDeadline 17559855, type BUILT_IN, state ON, FLAG_SECURE, FLAG_SUPPORTS_PROTECTED_BUFFERS}
D/WindowManagerService(  453): Window{1e38856c u0 com.android.launcher3/com.android.launcher3.Launcher}  ==========setInputFocusLw ==========  =======
D/ViewRootImpl(  841): 2560<<<<<< BACK FROM relayoutWM.LayoutParams{(0,0)(fillxfill)mPosX=0mPosY=0mHScale=1.0mVScale=1.0 align=UNDEFINE taskId=18 sim=#120 ty=1 fl=#81910100 fmt=-2 wanim=0x10303e5 vsysui=0x600 surfaceInsets=Rect(0, 0 - 0, 0) needsMenuKey=2packageName=com.android.launcher3token=android.os.BinderProxy@29e277af}
D/mali_winsys(  841): EGLint new_window_surface(egl_winsys_display*, void*, EGLSurface, EGLConfig, egl_winsys_surface**, egl_color_buffer_format*, EGLBoolean) returns 0x3000
D/gralloc (  157): -----------------------------START usage=b00
D/gralloc (  157): [31,14745600,0], usage=b00,ion_heap_type=0
D/gralloc (  157): heap_mask=10,ION_HEAP=10
D/        (  581): rtl is ok
D/mali_winsys(  581): EGLint new_window_surface(egl_winsys_display*, void*, EGLSurface, EGLConfig, egl_winsys_surface**, egl_color_buffer_format*, EGLBoolean) returns 0x3000
D/gralloc (  157): Isfb=0,[2560,1440,2560,10240],fmt=1,byte_stride=10240
D/gralloc (  157): -----------------------------START usage=b00
D/gralloc (  157): [31,14745600,0], usage=b00,ion_heap_type=0
D/gralloc (  157): heap_mask=10,ION_HEAP=10
D/gralloc (  157): -----------------------------START usage=b00
D/gralloc (  157): [31,14745600,0], usage=b00,ion_heap_type=0
D/gralloc (  157): heap_mask=10,ION_HEAP=10
D/gralloc (  157): Isfb=0,[2560,1440,2560,10240],fmt=1,byte_stride=10240
D/gralloc (  157): -----------------------------START usage=b00
D/gralloc (  157): [31,14745600,0], usage=b00,ion_heap_type=0
D/gralloc (  157): heap_mask=10,ION_HEAP=10
D/gralloc (  157): Isfb=0,[1440,2560,1440,5760],fmt=2,byte_stride=5760
D/gralloc (  157): alloc_device_free
D/gralloc (  157): Isfb=0,[2560,1440,2560,10240],fmt=1,byte_stride=10240
E/SystemUIBootReceiver(  581): BootReceiver:config.disable_systemui=true
D/gralloc (  157): -----------------------------START usage=b00
D/gralloc (  157): [31,655360,0], usage=b00,ion_heap_type=0
D/gralloc (  157): heap_mask=10,ION_HEAP=10
D/gralloc (  157): Isfb=0,[50,2560,64,256],fmt=1,byte_stride=256
D/PowerManagerService(  453): acquireWakeLockInternal: lock=649379597, flags=0x1, tag="NextAlarmTracker", ws=null, uid=1000, pid=453
D/PowerManagerService(  453): updateWakeLockSummaryLocked: mWakefulness=Awake, mWakeLockSummary=0x1
D/PowerManagerService(  453): updateUserActivitySummaryLocked: mWakefulness=Awake, mUserActivitySummary=0x1, nextTimeout=2147536447 (in 2147475177 ms)
D/PowerManagerService(  453): updateDisplayPowerStateLocked: mDisplayReady=true, policy=3, mWakefulness=1, mWakeLockSummary=0x1, mUserActivitySummary=0x1, mBootCompleted=true, mScreenBrightnessBoostInProgress=false
D/gralloc (  157): -----------------------------START usage=b00
D/gralloc (  157): [31,983040,0], usage=b00,ion_heap_type=0
D/gralloc (  157): heap_mask=10,ION_HEAP=10
D/gralloc (  157): Isfb=0,[96,2560,96,384],fmt=1,byte_stride=384
D/DisplayManager(  581): getDisplayInfo: displayId=0, info=DisplayInfo{"Built-in Screen", uniqueId "local:0", app 2560 x 1344, real 2560 x 1440, largest app 2560 x 2414, smallest app 1440 x 1294, 60.387 fps, supportedRefreshRates [60.387], rotation 1, density 320 (537.8823 x 537.3884) dpi, layerStack 0, appVsyncOff 0, presDeadline 17559855, type BUILT_IN, state ON, FLAG_SECURE, FLAG_SUPPORTS_PROTECTED_BUFFERS}
D/WIFI    (  453): Registering NetworkFactory
D/WIFI_UT (  453): Registering NetworkFactory
D/ConnectivityService(  453): Got NetworkFactory Messenger for WIFI
D/ConnectivityService(  453): Got NetworkFactory Messenger for WIFI_UT
D/WIFI    (  453): got request NetworkRequest [ id=1, legacyType=-1, [ Capabilities: INTERNET&NOT_RESTRICTED&TRUSTED&NOT_VPN] ] with score 0
D/WIFI_UT (  453): got request NetworkRequest [ id=1, legacyType=-1, [ Capabilities: INTERNET&NOT_RESTRICTED&TRUSTED&NOT_VPN] ] with score 0
D/ViewRootImpl(  841): 2560<<<<<< BACK FROM relayoutWM.LayoutParams{(0,0)(fillxfill)mPosX=0mPosY=0mHScale=1.0mVScale=1.0 align=UNDEFINE taskId=18 sim=#120 ty=1 fl=#81910100 fmt=-2 wanim=0x10303e5 vsysui=0x600 surfaceInsets=Rect(0, 0 - 0, 0) needsMenuKey=2packageName=com.android.launcher3token=android.os.BinderProxy@29e277af}
D/gralloc (  157): alloc_device_free
D/gralloc (  157): -----------------------------START usage=b00
D/gralloc (  157): [31,14745600,0], usage=b00,ion_heap_type=0
D/gralloc (  157): heap_mask=10,ION_HEAP=10
D/gralloc (  157): Isfb=0,[1440,2560,1440,5760],fmt=1,byte_stride=5760
D/gralloc (  157): alloc_device_free
D/gralloc (  157): -----------------------------START usage=b00
D/gralloc (  157): [31,14745600,0], usage=b00,ion_heap_type=0
D/gralloc (  157): heap_mask=10,ION_HEAP=10
I/ActivityManagerService(  453): Start proc 1096:com.android.providers.calendar/u0a1 for broadcast com.android.providers.calendar/.CalendarReceiver
D/gralloc (  157): Isfb=0,[1440,2560,1440,5760],fmt=1,byte_stride=5760
D/DisplayManager(  581): getDisplayInfo: displayId=0, info=DisplayInfo{"Built-in Screen", uniqueId "local:0", app 2560 x 1344, real 2560 x 1440, largest app 2560 x 2414, smallest app 1440 x 1294, 60.387 fps, supportedRefreshRates [60.387], rotation 1, density 320 (537.8823 x 537.3884) dpi, layerStack 0, appVsyncOff 0, presDeadline 17559855, type BUILT_IN, state ON, FLAG_SECURE, FLAG_SUPPORTS_PROTECTED_BUFFERS}
D/DisplayManager(  581): getDisplayInfo: displayId=0, info=DisplayInfo{"Built-in Screen", uniqueId "local:0", app 2560 x 1344, real 2560 x 1440, largest app 2560 x 2414, smallest app 1440 x 1294, 60.387 fps, supportedRefreshRates [60.387], rotation 1, density 320 (537.8823 x 537.3884) dpi, layerStack 0, appVsyncOff 0, presDeadline 17559855, type BUILT_IN, state ON, FLAG_SECURE, FLAG_SUPPORTS_PROTECTED_BUFFERS}
D/DisplayManager(  581): getDisplayInfo: displayId=0, info=DisplayInfo{"Built-in Screen", uniqueId "local:0", app 2560 x 1344, real 2560 x 1440, largest app 2560 x 2414, smallest app 1440 x 1294, 60.387 fps, supportedRefreshRates [60.387], rotation 1, density 320 (537.8823 x 537.3884) dpi, layerStack 0, appVsyncOff 0, presDeadline 17559855, type BUILT_IN, state ON, FLAG_SECURE, FLAG_SUPPORTS_PROTECTED_BUFFERS}
I/WindowManagerService(  453): Screen frozen for +1s636ms due to Window{1e38856c u0 com.android.launcher3/com.android.launcher3.Launcher}
D/gralloc (  157): alloc_device_free
D/PowerManagerService(  453): releaseWakeLockInternal: lock=849659150 [SCREEN_FROZEN], flags=0x0
D/PowerManagerService(  453): updateWakeLockSummaryLocked: mWakefulness=Awake, mWakeLockSummary=0x1
D/PowerManagerService(  453): updateUserActivitySummaryLocked: mWakefulness=Awake, mUserActivitySummary=0x1, nextTimeout=2147536447 (in 2147474956 ms)
D/PowerManagerService(  453): updateDisplayPowerStateLocked: mDisplayReady=true, policy=3, mWakefulness=1, mWakeLockSummary=0x1, mUserActivitySummary=0x1, mBootCompleted=true, mScreenBrightnessBoostInProgress=false
D/gralloc (  157): alloc_device_free
D/DisplayManager( 1096): getDisplayInfo: displayId=0, info=DisplayInfo{"Built-in Screen", uniqueId "local:0", app 2560 x 1344, real 2560 x 1440, largest app 2560 x 2414, smallest app 1440 x 1294, 60.387 fps, supportedRefreshRates [60.387], rotation 1, density 320 (537.8823 x 537.3884) dpi, layerStack 0, appVsyncOff 0, presDeadline 17559855, type BUILT_IN, state ON, FLAG_SECURE, FLAG_SUPPORTS_PROTECTED_BUFFERS}
D/DisplayManager( 1096): getDisplayInfo: displayId=0, info=DisplayInfo{"Built-in Screen", uniqueId "local:0", app 2560 x 1344, real 2560 x 1440, largest app 2560 x 2414, smallest app 1440 x 1294, 60.387 fps, supportedRefreshRates [60.387], rotation 1, density 320 (537.8823 x 537.3884) dpi, layerStack 0, appVsyncOff 0, presDeadline 17559855, type BUILT_IN, state ON, FLAG_SECURE, FLAG_SUPPORTS_PROTECTED_BUFFERS}
D/DisplayManager( 1096): getDisplayInfo: displayId=0, info=DisplayInfo{"Built-in Screen", uniqueId "local:0", app 2560 x 1344, real 2560 x 1440, largest app 2560 x 2414, smallest app 1440 x 1294, 60.387 fps, supportedRefreshRates [60.387], rotation 1, density 320 (537.8823 x 537.3884) dpi, layerStack 0, appVsyncOff 0, presDeadline 17559855, type BUILT_IN, state ON, FLAG_SECURE, FLAG_SUPPORTS_PROTECTED_BUFFERS}
D/DisplayManager( 1096): getDisplayInfo: displayId=0, info=DisplayInfo{"Built-in Screen", uniqueId "local:0", app 2560 x 1344, real 2560 x 1440, largest app 2560 x 2414, smallest app 1440 x 1294, 60.387 fps, supportedRefreshRates [60.387], rotation 1, density 320 (537.8823 x 537.3884) dpi, layerStack 0, appVsyncOff 0, presDeadline 17559855, type BUILT_IN, state ON, FLAG_SECURE, FLAG_SUPPORTS_PROTECTED_BUFFERS}
W/ResourcesManager( 1096): Asset path '/system/framework/android.test.runner.jar' does not exist or contains no resources.
D/gralloc (  157): alloc_device_free
D/gralloc (  157): -----------------------------START usage=b00
D/gralloc (  157): [31,14745600,0], usage=b00,ion_heap_type=0
D/gralloc (  157): heap_mask=10,ION_HEAP=10
D/gralloc (  157): Isfb=0,[1440,2560,1440,5760],fmt=1,byte_stride=5760
I/CalendarProvider2( 1096): Created com.android.providers.calendar.CalendarAlarmManager@21167ee8(com.android.providers.calendar.CalendarProvider2@aee901)
D/PowerManagerService(  453): acquireWakeLockInternal: lock=150019343, flags=0x1, tag="CalendarReceiver_Provider", ws=null, uid=10001, pid=1096
D/PowerManagerService(  453): updateWakeLockSummaryLocked: mWakefulness=Awake, mWakeLockSummary=0x1
D/PowerManagerService(  453): updateUserActivitySummaryLocked: mWakefulness=Awake, mUserActivitySummary=0x1, nextTimeout=2147536447 (in 2147474707 ms)
D/PowerManagerService(  453): updateDisplayPowerStateLocked: mDisplayReady=true, policy=3, mWakefulness=1, mWakeLockSummary=0x1, mUserActivitySummary=0x1, mBootCompleted=true, mScreenBrightnessBoostInProgress=false
D/PowerManagerService(  453): releaseWakeLockInternal: lock=150019343 [CalendarReceiver_Provider], flags=0x0
D/PowerManagerService(  453): updateWakeLockSummaryLocked: mWakefulness=Awake, mWakeLockSummary=0x1
D/PowerManagerService(  453): updateUserActivitySummaryLocked: mWakefulness=Awake, mUserActivitySummary=0x1, nextTimeout=2147536447 (in 2147474678 ms)
D/PowerManagerService(  453): updateDisplayPowerStateLocked: mDisplayReady=true, policy=3, mWakefulness=1, mWakeLockSummary=0x1, mUserActivitySummary=0x1, mBootCompleted=true, mScreenBrightnessBoostInProgress=false
I/ActivityManagerService(  453): Start proc 1120:com.android.managedprovisioning/u0a6 for broadcast com.android.managedprovisioning/.BootReminder
D/DisplayManager( 1120): getDisplayInfo: displayId=0, info=DisplayInfo{"Built-in Screen", uniqueId "local:0", app 2560 x 1344, real 2560 x 1440, largest app 2560 x 2414, smallest app 1440 x 1294, 60.387 fps, supportedRefreshRates [60.387], rotation 1, density 320 (537.8823 x 537.3884) dpi, layerStack 0, appVsyncOff 0, presDeadline 17559855, type BUILT_IN, state ON, FLAG_SECURE, FLAG_SUPPORTS_PROTECTED_BUFFERS}
D/DisplayManager( 1120): getDisplayInfo: displayId=0, info=DisplayInfo{"Built-in Screen", uniqueId "local:0", app 2560 x 1344, real 2560 x 1440, largest app 2560 x 2414, smallest app 1440 x 1294, 60.387 fps, supportedRefreshRates [60.387], rotation 1, density 320 (537.8823 x 537.3884) dpi, layerStack 0, appVsyncOff 0, presDeadline 17559855, type BUILT_IN, state ON, FLAG_SECURE, FLAG_SUPPORTS_PROTECTED_BUFFERS}
D/DisplayManager( 1120): getDisplayInfo: displayId=0, info=DisplayInfo{"Built-in Screen", uniqueId "local:0", app 2560 x 1344, real 2560 x 1440, largest app 2560 x 2414, smallest app 1440 x 1294, 60.387 fps, supportedRefreshRates [60.387], rotation 1, density 320 (537.8823 x 537.3884) dpi, layerStack 0, appVsyncOff 0, presDeadline 17559855, type BUILT_IN, state ON, FLAG_SECURE, FLAG_SUPPORTS_PROTECTED_BUFFERS}
D/DisplayManager( 1120): getDisplayInfo: displayId=0, info=DisplayInfo{"Built-in Screen", uniqueId "local:0", app 2560 x 1344, real 2560 x 1440, largest app 2560 x 2414, smallest app 1440 x 1294, 60.387 fps, supportedRefreshRates [60.387], rotation 1, density 320 (537.8823 x 537.3884) dpi, layerStack 0, appVsyncOff 0, presDeadline 17559855, type BUILT_IN, state ON, FLAG_SECURE, FLAG_SUPPORTS_PROTECTED_BUFFERS}
D/MediaScannerService(  544): start scanning volume internal: [/system/media, /oem/media]
D/PowerManagerService(  453): acquireWakeLockInternal: lock=741112619, flags=0x1, tag="MediaScannerService", ws=null, uid=10004, pid=544
D/PowerManagerService(  453): updateWakeLockSummaryLocked: mWakefulness=Awake, mWakeLockSummary=0x1
D/PowerManagerService(  453): updateUserActivitySummaryLocked: mWakefulness=Awake, mUserActivitySummary=0x1, nextTimeout=2147536447 (in 2147474117 ms)
D/PowerManagerService(  453): updateDisplayPowerStateLocked: mDisplayReady=true, policy=3, mWakefulness=1, mWakeLockSummary=0x1, mUserActivitySummary=0x1, mBootCompleted=true, mScreenBrightnessBoostInProgress=false
D/xzj     (  544): false---------------------------ooooooooooo,stop mtp service---------------true
I/ActivityManagerService(  453): Start proc 1141:com.android.onetimeinitializer/u0a8 for broadcast com.android.onetimeinitializer/.OneTimeInitializerReceiver
E/SQLiteLog(  544): (283) recovered 10 frames from WAL file /data/data/com.android.providers.media/databases/internal.db-wal
D/DisplayManager( 1141): getDisplayInfo: displayId=0, info=DisplayInfo{"Built-in Screen", uniqueId "local:0", app 2560 x 1344, real 2560 x 1440, largest app 2560 x 2414, smallest app 1440 x 1294, 60.387 fps, supportedRefreshRates [60.387], rotation 1, density 320 (537.8823 x 537.3884) dpi, layerStack 0, appVsyncOff 0, presDeadline 17559855, type BUILT_IN, state ON, FLAG_SECURE, FLAG_SUPPORTS_PROTECTED_BUFFERS}
D/DisplayManager( 1141): getDisplayInfo: displayId=0, info=DisplayInfo{"Built-in Screen", uniqueId "local:0", app 2560 x 1344, real 2560 x 1440, largest app 2560 x 2414, smallest app 1440 x 1294, 60.387 fps, supportedRefreshRates [60.387], rotation 1, density 320 (537.8823 x 537.3884) dpi, layerStack 0, appVsyncOff 0, presDeadline 17559855, type BUILT_IN, state ON, FLAG_SECURE, FLAG_SUPPORTS_PROTECTED_BUFFERS}
D/DisplayManager( 1141): getDisplayInfo: displayId=0, info=DisplayInfo{"Built-in Screen", uniqueId "local:0", app 2560 x 1344, real 2560 x 1440, largest app 2560 x 2414, smallest app 1440 x 1294, 60.387 fps, supportedRefreshRates [60.387], rotation 1, density 320 (537.8823 x 537.3884) dpi, layerStack 0, appVsyncOff 0, presDeadline 17559855, type BUILT_IN, state ON, FLAG_SECURE, FLAG_SUPPORTS_PROTECTED_BUFFERS}
D/DisplayManager( 1141): getDisplayInfo: displayId=0, info=DisplayInfo{"Built-in Screen", uniqueId "local:0", app 2560 x 1344, real 2560 x 1440, largest app 2560 x 2414, smallest app 1440 x 1294, 60.387 fps, supportedRefreshRates [60.387], rotation 1, density 320 (537.8823 x 537.3884) dpi, layerStack 0, appVsyncOff 0, presDeadline 17559855, type BUILT_IN, state ON, FLAG_SECURE, FLAG_SUPPORTS_PROTECTED_BUFFERS}
V/OneTimeInitializerRece( 1141): OneTimeInitializerReceiver.onReceive
I/ActivityManagerService(  453): Start proc 1161:com.rock_chips.rockchip_experience/u0a10 for broadcast com.rock_chips.rockchip_experience/.MyReceiver
I/CalendarProvider2( 1096): Sending notification intent: Intent { act=android.intent.action.PROVIDER_CHANGED dat=content://com.android.calendar }
W/ContentResolver( 1096): Failed to get type for: content://com.android.calendar (Unknown URL content://com.android.calendar)
I/art     (  168): Explicit concurrent mark sweep GC freed 705(30KB) AllocSpace objects, 0(0B) LOS objects, 39% free, 2MB/3MB, paused 242us total 20.265ms
I/art     (  168): Explicit concurrent mark sweep GC freed 5(160B) AllocSpace objects, 0(0B) LOS objects, 39% free, 2MB/3MB, paused 223us total 18.540ms
I/art     (  168): Explicit concurrent mark sweep GC freed 5(160B) AllocSpace objects, 0(0B) LOS objects, 39% free, 2MB/3MB, paused 217us total 15.829ms
D/DisplayManager( 1161): getDisplayInfo: displayId=0, info=DisplayInfo{"Built-in Screen", uniqueId "local:0", app 2560 x 1344, real 2560 x 1440, largest app 2560 x 2414, smallest app 1440 x 1294, 60.387 fps, supportedRefreshRates [60.387], rotation 1, density 320 (537.8823 x 537.3884) dpi, layerStack 0, appVsyncOff 0, presDeadline 17559855, type BUILT_IN, state ON, FLAG_SECURE, FLAG_SUPPORTS_PROTECTED_BUFFERS}
D/DisplayManager( 1161): getDisplayInfo: displayId=0, info=DisplayInfo{"Built-in Screen", uniqueId "local:0", app 2560 x 1344, real 2560 x 1440, largest app 2560 x 2414, smallest app 1440 x 1294, 60.387 fps, supportedRefreshRates [60.387], rotation 1, density 320 (537.8823 x 537.3884) dpi, layerStack 0, appVsyncOff 0, presDeadline 17559855, type BUILT_IN, state ON, FLAG_SECURE, FLAG_SUPPORTS_PROTECTED_BUFFERS}
D/DisplayManager( 1161): getDisplayInfo: displayId=0, info=DisplayInfo{"Built-in Screen", uniqueId "local:0", app 2560 x 1344, real 2560 x 1440, largest app 2560 x 2414, smallest app 1440 x 1294, 60.387 fps, supportedRefreshRates [60.387], rotation 1, density 320 (537.8823 x 537.3884) dpi, layerStack 0, appVsyncOff 0, presDeadline 17559855, type BUILT_IN, state ON, FLAG_SECURE, FLAG_SUPPORTS_PROTECTED_BUFFERS}
D/DisplayManager( 1161): getDisplayInfo: displayId=0, info=DisplayInfo{"Built-in Screen", uniqueId "local:0", app 2560 x 1344, real 2560 x 1440, largest app 2560 x 2414, smallest app 1440 x 1294, 60.387 fps, supportedRefreshRates [60.387], rotation 1, density 320 (537.8823 x 537.3884) dpi, layerStack 0, appVsyncOff 0, presDeadline 17559855, type BUILT_IN, state ON, FLAG_SECURE, FLAG_SUPPORTS_PROTECTED_BUFFERS}
D/MyReceiver( 1161): [ MyReceiver.java ; line 76 ; onReceive() ] - action = android.intent.action.BOOT_COMPLETED
D/MyReceiver( 1161): [ MyReceiver.java ; line 79 ; onReceive() ] - got ACTION_BOOT_COMPLETED, to start online_ru_pkg_service.
D/OnlineRuPkgService( 1161): [ OnlineRuPkgService.java ; line 266 ; onCreate() ] - enter.
D/OnlineRuPkgService( 1161): [ OnlineRuPkgService.java ; line 272 ; onCreate() ] - to dump mIdInfosOfDevFw :
D/OnlineRuPkgService( 1161):    mProductBrand : Android
D/OnlineRuPkgService( 1161):    mProductName : rk3288
D/OnlineRuPkgService( 1161):    mBoardPlatform : rk3288
D/OnlineRuPkgService( 1161):    mBuildDisplayId : rk3288-eng 5.1.1 LMY49F eng.jhjdm.20160805.045054 test-keys
D/OnlineRuPkgService( 1161): [ OnlineRuPkgService.java ; line 277 ; onCreate() ] - mCurrentVerCode : 20100
I/BootCompletedReceiver( 1066): onReceive
I/BootCompletedReceiver( 1066): onReceive
D/OnlineRuPkgService( 1161): [ OnlineRuPkgService.java ; line 1034 ; retrieveLastDledRuPkgInfoFromPref() ] - no dled_time saved in pref, no last_dled_ru_pkg.
D/OnlineRuPkgService( 1161): [ OnlineRuPkgService.java ; line 1852 ; retrieveLastDledRuClientUpdateFromPrefs() ] - no dled_time saved in pref, no last_dled_ru_client_update.
D/OnlineRuPkgService( 1161): [ OnlineRuPkgService.java ; line 1950 ; retrieveUsableRuClientUpdateInfo() ] - no item with key 'size' saved in pref, no usable_ru_client_update.
I/ActivityManagerService(  453): Start proc 1182:com.android.calendar/u0a18 for broadcast com.android.calendar/.alerts.AlertReceiver
D/OnlineRuPkgService( 1161): [ OnlineRuPkgService.java ; line 343 ; onCreate() ] - to setup bg_work_alarm.
D/OnlineRuPkgService( 1161): [ OnlineRuPkgService.java ; line 345 ; onCreate() ] - to do repeating_bg_work for the first time.
D/OnlineRuPkgService( 1161): [ OnlineRuPkgService.java ; line 1340 ; doRepeatingBgWork() ] - no network, can not do repeating_bg_work_demanding_net..
D/OnlineRuPkgService( 1161): [ OnlineRuPkgService.java ; line 351 ; onStartCommand() ] - enter.
D/OnlineRuPkgService( 1161): [ OnlineRuPkgService.java ; line 365 ; onStartCommand() ] - no cmd, must be init start.
D/DisplayManager( 1182): getDisplayInfo: displayId=0, info=DisplayInfo{"Built-in Screen", uniqueId "local:0", app 2560 x 1344, real 2560 x 1440, largest app 2560 x 2414, smallest app 1440 x 1294, 60.387 fps, supportedRefreshRates [60.387], rotation 1, density 320 (537.8823 x 537.3884) dpi, layerStack 0, appVsyncOff 0, presDeadline 17559855, type BUILT_IN, state ON, FLAG_SECURE, FLAG_SUPPORTS_PROTECTED_BUFFERS}
D/DisplayManager( 1182): getDisplayInfo: displayId=0, info=DisplayInfo{"Built-in Screen", uniqueId "local:0", app 2560 x 1344, real 2560 x 1440, largest app 2560 x 2414, smallest app 1440 x 1294, 60.387 fps, supportedRefreshRates [60.387], rotation 1, density 320 (537.8823 x 537.3884) dpi, layerStack 0, appVsyncOff 0, presDeadline 17559855, type BUILT_IN, state ON, FLAG_SECURE, FLAG_SUPPORTS_PROTECTED_BUFFERS}
D/DisplayManager( 1182): getDisplayInfo: displayId=0, info=DisplayInfo{"Built-in Screen", uniqueId "local:0", app 2560 x 1344, real 2560 x 1440, largest app 2560 x 2414, smallest app 1440 x 1294, 60.387 fps, supportedRefreshRates [60.387], rotation 1, density 320 (537.8823 x 537.3884) dpi, layerStack 0, appVsyncOff 0, presDeadline 17559855, type BUILT_IN, state ON, FLAG_SECURE, FLAG_SUPPORTS_PROTECTED_BUFFERS}
D/DisplayManager( 1182): getDisplayInfo: displayId=0, info=DisplayInfo{"Built-in Screen", uniqueId "local:0", app 2560 x 1344, real 2560 x 1440, largest app 2560 x 2414, smallest app 1440 x 1294, 60.387 fps, supportedRefreshRates [60.387], rotation 1, density 320 (537.8823 x 537.3884) dpi, layerStack 0, appVsyncOff 0, presDeadline 17559855, type BUILT_IN, state ON, FLAG_SECURE, FLAG_SUPPORTS_PROTECTED_BUFFERS}
D/ExtensionsFactory( 1182): No custom extensions.
D/AlertReceiver( 1182): onReceive: a=android.intent.action.BOOT_COMPLETED Intent { act=android.intent.action.BOOT_COMPLETED flg=0x8000010 cmp=com.android.calendar/.alerts.AlertReceiver (has extras) }
D/PowerManagerService(  453): acquireWakeLockInternal: lock=820629830, flags=0x1, tag="StartingAlertService", ws=null, uid=10018, pid=1182
D/PowerManagerService(  453): updateWakeLockSummaryLocked: mWakefulness=Awake, mWakeLockSummary=0x1
D/PowerManagerService(  453): updateUserActivitySummaryLocked: mWakefulness=Awake, mUserActivitySummary=0x1, nextTimeout=2147536447 (in 2147473009 ms)
D/PowerManagerService(  453): updateDisplayPowerStateLocked: mDisplayReady=true, policy=3, mWakefulness=1, mWakeLockSummary=0x1, mUserActivitySummary=0x1, mBootCompleted=true, mScreenBrightnessBoostInProgress=false
I/ActivityManagerService(  453): Start proc 1208:com.android.deskclock/u0a22 for broadcast com.android.deskclock/.AlarmInitReceiver
I/art     (  453): Explicit concurrent mark sweep GC freed 10997(1044KB) AllocSpace objects, 14(1303KB) LOS objects, 33% free, 7MB/10MB, paused 1.422ms total 67.401ms
D/AlertService( 1182): 0 Action = android.intent.action.BOOT_COMPLETED
D/AlertService( 1182): Scheduling next alarm with AlarmScheduler. sEventReminderReceived: null
D/AlarmScheduler( 1182): No events found starting within 1 week.
D/PowerManagerService(  453): releaseWakeLockInternal: lock=820629830 [StartingAlertService], flags=0x0
D/PowerManagerService(  453): updateWakeLockSummaryLocked: mWakefulness=Awake, mWakeLockSummary=0x1
