W/MountService(  409): getVolumeState(/mnt/external_sd): Unknown volume
W/MountService(  409): getVolumeState,unknown volume mountPoint = /mnt/external_sd
W/MountService(  409): getVolumeState(/mnt/external_sd): Unknown volume
W/MountService(  409): getVolumeState,unknown volume mountPoint = /mnt/external_sd
W/MountService(  409): getVolumeState(/mnt/external_sd): Unknown volume
W/MountService(  409): getVolumeState,unknown volume mountPoint = /mnt/external_sd
D/RKUpdateService(  839): BatteryReceiver level = 17
E/Lights  (  409): write_int failed to open sys/class/leds/battery_led/brightness
I/EntropyMixer(  409): Writing entropy...
V/MountService(  409): setUsbMassStorageEnabled: true, waiting....
D/UsbDeviceManager(  409): -----626 handleMessage MSG_UPDATE_STATE-----
D/UsbDeviceManager(  409): -----632 handleMessage MSG_UPDATE_STATE-----
D/UsbDeviceManager(  409): -----639 handleMessage MSG_UPDATE_STATE-----
D/UsbDeviceManager(  409): updateUsbState updateUsbState
D/UsbDeviceManager(  409): updateUsbState Usb state is true true true
I/UnmountUSBStorageReceiver(  697): Action>android.hardware.usb.action.USB_STATE
W/ContextImpl(  409): Calling a method in the system process without a qualified user: android.app.ContextImpl.sendBroadcast:1138 com.android.server.SAUMSService.checkProhibitID:331 com.android.server.SAUMSService.access$100:25 com.android.server.SAUMSService$1.onReceive:75 android.app.LoadedApk$ReceiverDispatcher$Args.run:768
I/StorageNotification(  552): spAllowMsc = true , isBootCompleted = 1
D/RKUpdateReceiver(  839): action = android.hardware.usb.action.USB_STATE
V/MountService(  409): setUsbMassStorageEnabled: true, waiting....
V/MountService(  409): setUsbMassStorageEnabled: true, waiting....
V/MountService(  409): setUsbMassStorageEnabled: true, waiting....
I/Vold    (   98): /mnt/secure/asec sucessfully unmounted
E/Vold    (   98): Succeed to umount secure area on /mnt/internal_sd
I/Vold    (   98): /mnt/internal_sd sucessfully unmounted
I/Vold    (   98): /mnt/internal_sd sucessfully unmounted
I/Vold    (   98): /mnt/internal_sd unmounted successfully
D/Vold    (   98): Volume internal_sd state changing 5 (Unmounting) -> 1 (Idle-Unmounted)
E/VoldConnector(  409): NDC Command {7 volume unmount /mnt/internal_sd force} took too long (2059ms)
I/Vold    (   98): EXTERNAL_STORAGE_FLASH is /mnt/internal_sd
I/Vold    (   98): share flash
I/StorageNotification(  552): spAllowMsc = true , isBootCompleted = 1
D/Vold    (   98): Volume internal_sd state changing 1 (Idle-Unmounted) -> 7 (Shared-Unmounted)
E/Vold    (   98): Failed to open /proc/sys/vm/dirty_ratio (Permission denied)
E/VoldConnector(  409): NDC Command {8 volume shared /mnt/internal_sd ums} took too long (2038ms)
I/UsbStorageActivity(  552): =========mUMSStateReceiver action = android.intent.action.MEDIA_SHARED============
I/UsbStorageActivity(  552): ========current volume state is shared
D/MountService(  409): volume state changed for /mnt/internal_sd (unmounted -> shared)
W/MountService(  409): getVolumeState(/mnt/external_sd): Unknown volume
W/MountService(  409): getVolumeState,unknown volume mountPoint = /mnt/external_sd
D/MountService(  409): sendStorageIntent Intent { act=android.intent.action.MEDIA_SHARED dat=file:///mnt/internal_sd (has extras) } to UserHandle{-1}
W/MountService(  409): getVolumeState(/mnt/external_sd): Unknown volume
W/MountService(  409): getVolumeState,unknown volume mountPoint = /mnt/external_sd
W/MountService(  409): getVolumeState(/mnt/external_sd): Unknown volume
W/MountService(  409): getVolumeState,unknown volume mountPoint = /mnt/external_sd
W/MountService(  409): getVolumeState(/mnt/external_sd): Unknown volume
W/MountService(  409): getVolumeState,unknown volume mountPoint = /mnt/external_sd
W/MountService(  409): getVolumeState(/mnt/external_sd): Unknown volume
W/MountService(  409): getVolumeState,unknown volume mountPoint = /mnt/external_sd
D/dalvikvm(  552): GC_FOR_ALLOC freed 46K, 18% free 9174K/11088K, paused 18ms, total 19ms
I/dalvikvm-heap(  552): Grow heap (frag case) to 10.705MB for 1760016-byte allocation
D/dalvikvm(  552): GC_FOR_ALLOC freed 1K, 15% free 10891K/12808K, paused 19ms, total 19ms
I/StorageNotification(  552): spAllowMsc = true , isBootCompleted = 1
D/MountService(  409): sharedvolumeNum: 1 ;avail: true
I/StorageNotification(  552): spAllowMsc = true , isBootCompleted = 1
D/MountService(  409): volume /mnt/internal_sd has been shared
D/RKUpdateService(  839): BatteryReceiver level = 17
I/StorageNotification(  552): spAllowMsc = true , isBootCompleted = 1
D/UsbDeviceManager(  409): -----626 handleMessage MSG_UPDATE_STATE-----
D/UsbDeviceManager(  409): -----632 handleMessage MSG_UPDATE_STATE-----
D/UsbDeviceManager(  409): -----635 handleMessage MSG_UPDATE_STATE-----
D/UsbDeviceManager(  409): -----639 handleMessage MSG_UPDATE_STATE-----
D/UsbDeviceManager(  409): updateUsbState updateUsbState
D/UsbDeviceManager(  409): updateUsbState Usb state is false false true
D/MountService(  409): sharedvolumeNum: 1 ;avail: false
V/MountService(  409): disable: path = /mnt/internal_sd ;vs= shared
I/UnmountUSBStorageReceiver(  697): Action>android.hardware.usb.action.USB_STATE
I/Vold    (   98): EXTERNAL_STORAGE_FLASH is /mnt/internal_sd
I/Vold    (   98): unshare flash
D/Vold    (   98): Volume internal_sd state changing 7 (Shared-Unmounted) -> 1 (Idle-Unmounted)
I/SPConfigService(  697): --------service count:0
W/ContextImpl(  697): Calling a method in the system process without a qualified user: android.app.ContextImpl.startService:1494 android.content.ContextWrapper.startService:494 android.content.ContextWrapper.startService:494 com.philips.spconfigmanager.UnmountUSBStorageReceiver.onReceive:30 android.app.ActivityThread.handleReceiver:2419
D/MountService(  409): sendStorageIntent Intent { act=android.intent.action.MEDIA_UNSHARED dat=file:///mnt/internal_sd (has extras) } to UserHandle{-1}
D/MountService(  409): volume state changed for /mnt/internal_sd (shared -> unmounted)
D/MountService(  409): sendStorageIntent Intent { act=android.intent.action.MEDIA_UNMOUNTED dat=file:///mnt/internal_sd (has extras) } to UserHandle{-1}
W/MountService(  409): getVolumeState(/mnt/external_sd): Unknown volume
W/MountService(  409): getVolumeState,unknown volume mountPoint = /mnt/external_sd
I/Vold    (   98): /dev/block/vold/31:10 being considered for volume internal_sd,1
I/Vold    (   98):
D/Vold    (   98): Volume internal_sd state changing 1 (Idle-Unmounted) -> 3 (Checking)
W/MountService(  409): getVolumeState(/mnt/external_sd): Unknown volume
W/MountService(  409): getVolumeState,unknown volume mountPoint = /mnt/external_sd
W/MountService(  409): getVolumeState(/mnt/external_sd): Unknown volume
W/MountService(  409): getVolumeState,unknown volume mountPoint = /mnt/external_sd
I/fsck_msdos(   98): ** /dev/block/vold/31:10
I/fsck_msdos(   98): ** Phase 1 - Read FAT (compare skipped)
I/fsck_msdos(   98): Attempting to allocate 6456 KB for FAT
W/MountService(  409): getVolumeState(/mnt/external_sd): Unknown volume
W/MountService(  409): getVolumeState,unknown volume mountPoint = /mnt/external_sd
W/MountService(  409): getVolumeState(/mnt/external_sd): Unknown volume
W/MountService(  409): getVolumeState,unknown volume mountPoint = /mnt/external_sd
D/MountService(  409): volume state changed for /mnt/internal_sd (unmounted -> checking)
D/MountService(  409): sendStorageIntent Intent { act=android.intent.action.MEDIA_CHECKING dat=file:///mnt/internal_sd (has extras) } to UserHandle{-1}
W/MountService(  409): getVolumeState(/mnt/external_sd): Unknown volume
W/MountService(  409): getVolumeState,unknown volume mountPoint = /mnt/external_sd
W/MountService(  409): getVolumeState(/mnt/external_sd): Unknown volume
W/MountService(  409): getVolumeState,unknown volume mountPoint = /mnt/external_sd
W/MountService(  409): getVolumeState(/mnt/external_sd): Unknown volume
W/MountService(  409): getVolumeState,unknown volume mountPoint = /mnt/external_sd
W/MountService(  409): getVolumeState(/mnt/external_sd): Unknown volume
W/MountService(  409): getVolumeState,unknown volume mountPoint = /mnt/external_sd
W/MountService(  409): getVolumeState(/mnt/external_sd): Unknown volume
W/MountService(  409): getVolumeState,unknown volume mountPoint = /mnt/external_sd
D/RKUpdateReceiver(  839): action = android.hardware.usb.action.USB_STATE
D/ExternalStorage(  903): After updating volumes, found 0 active roots
D/MediaScannerReceiver(  749): action: android.intent.action.MEDIA_UNMOUNTED path: /mnt/internal_sd
D/RKUpdateReceiver(  839): action = android.intent.action.MEDIA_UNMOUNTED
D/ConnectivityService(  409): Sampling interval elapsed, updating statistics ..
D/dalvikvm( 1157): GC_CONCURRENT freed 409K, 18% free 2861K/3456K, paused 6ms+1ms, total 20ms
D/ConnectivityService(  409): Done.
I/fsck_msdos(   98): ** Phase 2 - Check Cluster Chains
I/fsck_msdos(   98): ** Phase 3 - Checking Directories
I/fsck_msdos(   98): ** Phase 4 - Checking for Lost Files
I/fsck_msdos(   98): Next free cluster in FSInfo block (32) not free
I/fsck_msdos(   98): FIXED
I/fsck_msdos(   98): 22 files, 638152 free (1652633 clusters)
I/Vold    (   98): Filesystem check completed OK
E/Vold    (   98): ---------set mSkipAsec to enable app2sd because mount Vfat succeed for internal_sd, mountpoint =/mnt/internal_sd
W/Vold    (   98): blkid failed to identify /dev/block/vold/31:10
D/Vold    (   98): ---get uuid =6C8A-07D0
D/Vold    (   98): ---get label =SPEECHAIR
D/Vold    (   98): Volume internal_sd state changing 3 (Checking) -> 4 (Mounted)
E/VoldConnector(  409): NDC Command {11 volume mount /mnt/internal_sd} took too long (671ms)
D/MountService(  409): volume state changed for /mnt/internal_sd (checking -> mounted)
D/MountService(  409): succeed to remount /mnt/internal_sd after disabling share method ums
W/MountService(  409): getVolumeState(/mnt/external_sd): Unknown volume
W/MountService(  409): getVolumeState,unknown volume mountPoint = /mnt/external_sd
W/MountService(  409): getVolumeState(/mnt/external_sd): Unknown volume
W/MountService(  409): getVolumeState,unknown volume mountPoint = /mnt/external_sd
W/ContextImpl(  409): Calling a method in the system process without a qualified user: android.app.ContextImpl.sendBroadcast:1138 android.util.SpeechAirUpdateUtil.updateSAoutConfig:40 com.android.server.MountService.sendStorageIntent:1336 com.android.server.MountService.notifyVolumeStateChange:1047 com.android.server.MountService.onEvent:846
W/MountService(  409): getVolumeState(/mnt/external_sd): Unknown volume
W/MountService(  409): getVolumeState,unknown volume mountPoint = /mnt/external_sd
W/MountService(  409): getVolumeState(/mnt/external_sd): Unknown volume
W/MountService(  409): getVolumeState,unknown volume mountPoint = /mnt/external_sd
W/MountService(  409): getVolumeState(/mnt/external_sd): Unknown volume
W/MountService(  409): getVolumeState,unknown volume mountPoint = /mnt/external_sd
D/MountService(  409): sendStorageIntent Intent { act=android.intent.action.MEDIA_MOUNTED dat=file:///mnt/internal_sd (has extras) } to UserHandle{-1}
I/StorageNotification(  552): spAllowMsc = false , isBootCompleted = 1
E/VoldConnector(  409): NDC Command {12 volume shared /mnt/internal_sd ums} took too long (679ms)
I/StorageNotification(  552): spAllowMsc = false , isBootCompleted = 1
I/StorageNotification(  552): spAllowMsc = false , isBootCompleted = 1
W/BackupManagerService(  409): dataChanged but no participant pkg='com.android.providers.settings' uid=10005
D/dalvikvm(  409): GC_FOR_ALLOC freed 589K, 37% free 6937K/10880K, paused 33ms, total 33ms
I/UsbStorageActivity(  552): =========mUMSStateReceiver action = android.intent.action.MEDIA_MOUNTED============
D/PhoneStatusBar(  552): disable: < expand* icons* alerts* ticker system_info* back* home* recent* clock search* >
W/ActivityManager(  409): Duplicate finish request for ActivityRecord{422192f0 u0 com.android.systemui/.usb.UsbStorageActivity t6 f}
E/SPXMLMaker(  876): Verification app is not installed
I/UsbStorageActivity(  552): onPause release wakelock
D/dalvikvm(  876): GC_CONCURRENT freed 433K, 15% free 2989K/3500K, paused 2ms+1ms, total 28ms
I/UmsConnectReceiver(  876): USB connect OFF
W/ContextImpl(  409): Calling a method in the system process without a qualified user: android.app.ContextImpl.sendBroadcast:1138 com.android.server.SAUMSService.SpeechAir_allowMSC:201 com.sps.ISaUmsManager$Stub.onTransact:66 android.os.Binder.execTransact:404 dalvik.system.NativeStart.run:-2
D/ExternalStorage(  903): After updating volumes, found 1 active roots
D/MediaScannerReceiver(  749): action: android.intent.action.MEDIA_MOUNTED path: /mnt/internal_sd
D/RKUpdateReceiver(  839): action = android.intent.action.MEDIA_MOUNTED
W/ContextImpl(  839): Implicit intents with startService are not safe: Intent { act=android.rockchip.update.service (has extras) } android.content.ContextWrapper.startService:494 android.content.ContextWrapper.startService:494 android.rockchip.update.service.RKUpdateReceiver.onReceive:63
D/RKUpdateReceiver(  839): media is mounted to '/mnt/internal_sd'. To check local update.
D/RKUpdateService(  839): onStartCommand.......
D/RKUpdateService(  839): command = 1 delaytime = 1000
D/MediaScannerService(  749): start scanning volume external: [/mnt/internal_sd]
I/StorageNotification(  552): spAllowMsc = true , isBootCompleted = 1
D/dalvikvm(  671): GC_CONCURRENT freed 386K, 11% free 4116K/4576K, paused 2ms+4ms, total 43ms
D/RKUpdateService(  839): BatteryReceiver level = 17
V/MediaScanner(  749): pruneDeadThumbnailFiles... android.database.sqlite.SQLiteCursor@420ad9e0
V/MediaScanner(  749): /pruneDeadThumbnailFiles... android.database.sqlite.SQLiteCursor@420ad9e0
D/MediaScannerService(  749): done scanning volume external
D/RKUpdateService(  839): WorkHandler::handleMessage() : To perform 'COMMAND_CHECK_LOCAL_UPDATING'.
D/RKUpdateService(  839): getValidFirmwareImageFile() : Target image file path : /mnt/internal_sd/update.zip
D/RKUpdateService(  839): getValidFirmwareImageFile() : Target image file path : /mnt/external_sd/Download/update.zip
D/RKUpdateService(  839): getValidFirmwareImageFile() : Target image file path : /mnt/external_sd/update.zip
D/RKUpdateService(  839): getValidFirmwareImageFile() : Target image file path : /mnt/internal_sd/SAconfig/update.zip
I/SPConfigService(  697): SP_AES_CONFIG_FILE_NAME = /mnt/internal_sd/SAin.xml
E/Lights  (  409): write_int failed to open sys/class/leds/battery_led/brightness
D/RKUpdateService(  839): BatteryReceiver level = 17
W/ContextImpl(  409): Calling a method in the system process without a qualified user: android.app.ContextImpl.sendBroadcast:1138 com.android.server.SAUMSService.SpeechAir_allowMSC:201 com.sps.ISaUmsManager$Stub.onTransact:66 android.os.Binder.execTransact:404 dalvik.system.NativeStart.run:-2
I/StorageNotification(  552): spAllowMsc = true , isBootCompleted = 1
I/InputReader(  409): Reconfiguring input devices.  changes=0x00000010
W/Launcher(  813): setApplicationContext called twice! old=com.android.launcher3.LauncherApplication@420615c0 new=com.android.launcher3.LauncherApplication@420615c0
W/Searchables(  409): No global search activity found
I/Launcher(  813): Deferring update until onResume
D/UsbDeviceManager(  409): -----626 handleMessage MSG_UPDATE_STATE-----
D/UsbDeviceManager(  409): -----632 handleMessage MSG_UPDATE_STATE-----
D/UsbDeviceManager(  409): -----639 handleMessage MSG_UPDATE_STATE-----
D/UsbDeviceManager(  409): updateUsbState updateUsbState
D/UsbDeviceManager(  409): updateUsbState Usb state is true false true
W/ContextImpl(  409): Calling a method in the system process without a qualified user: android.app.ContextImpl.sendBroadcast:1138 com.android.server.SAUMSService.checkProhibitID:331 com.android.server.SAUMSService.access$100:25 com.android.server.SAUMSService$1.onReceive:75 android.app.LoadedApk$ReceiverDispatcher$Args.run:768
I/UnmountUSBStorageReceiver(  697): Action>android.hardware.usb.action.USB_STATE
I/StorageNotification(  552): spAllowMsc = true , isBootCompleted = 1
D/MountService(  409): sharedvolumeNum: 0 ;avail: true
I/StorageNotification(  552): spAllowMsc = true , isBootCompleted = 1
D/RKUpdateReceiver(  839): action = android.hardware.usb.action.USB_STATE
I/ActivityManager(  409): START u0 {flg=0x10000000 cmp=com.android.systemui/.usb.UsbStorageActivity} from pid -1
D/dalvikvm(  409): GC_FOR_ALLOC freed 680K, 36% free 6982K/10880K, paused 31ms, total 31ms
D/UsbDeviceManager(  409): -----626 handleMessage MSG_UPDATE_STATE-----
D/UsbDeviceManager(  409): -----632 handleMessage MSG_UPDATE_STATE-----
D/dalvikvm(  409): GC_FOR_ALLOC freed 271K, 37% free 6927K/10880K, paused 28ms, total 28ms
D/UsbDeviceManager(  409): -----639 handleMessage MSG_UPDATE_STATE-----
D/UsbDeviceManager(  409): updateUsbState updateUsbState
D/UsbDeviceManager(  409): updateUsbState Usb state is true true true
W/ContextImpl(  409): Calling a method in the system process without a qualified user: android.app.ContextImpl.sendBroadcast:1138 com.android.server.SAUMSService.checkProhibitID:331 com.android.server.SAUMSService.access$100:25 com.android.server.SAUMSService$1.onReceive:75 android.app.LoadedApk$ReceiverDispatcher$Args.run:768
I/UnmountUSBStorageReceiver(  697): Action>android.hardware.usb.action.USB_STATE
D/MountService(  409): sharedvolumeNum: 0 ;avail: true
I/StorageNotification(  552): spAllowMsc = true , isBootCompleted = 1
D/RKUpdateReceiver(  839): action = android.hardware.usb.action.USB_STATE
D/UsbStorageActivity(  552): -onCreate while usb connection state is true  ,isBootCompleted = 1
W/BackupManagerService(  409): dataChanged but no participant pkg='com.android.providers.settings' uid=10005
D/dalvikvm(  552): GC_FOR_ALLOC freed 3457K, 37% free 8423K/13248K, paused 20ms, total 20ms
I/UsbStorageActivity(  552): onResume create wakelock
I/UsbStorageActivity(  552): onResume 00001
D/UsbStorageActivity(  552): -onCreate while usb connection state is true
I/UsbStorageActivity(  552): onResume 00002
I/EntropyMixer(  409): Writing entropy...
E/Lights  (  409): write_int failed to open sys/class/leds/battery_led/brightness
D/RKUpdateService(  839): BatteryReceiver level = 17
I/StorageNotification(  552): spAllowMsc = true , isBootCompleted = 1
D/dalvikvm(  552): GC_CONCURRENT freed 734K, 29% free 9448K/13248K, paused 1ms+2ms, total 28ms
I/PackageManager(  409): Updating external media status from unmounted to unmounted
D/MountService(  409): ------in MountService call setUsbMassStorageEnabled on,path= /mnt/internal_sd
V/MountService(  409): setUsbMassStorageEnabled: true, waiting....
D/PhoneStatusBar(  552): disable: < EXPAND* ICONS* ALERTS* ticker SYSTEM_INFO* BACK* HOME* RECENT* clock SEARCH* >
D/dalvikvm(  409): GC_EXPLICIT freed 330K, 37% free 6937K/10880K, paused 1ms+3ms, total 36ms
I/PackageManager(  409): Updating external media status from unmounted to unmounted
D/Vold    (   98): Volume internal_sd state changing 4 (Mounted) -> 5 (Unmounting)
D/MountService(  409): volume state changed for /mnt/internal_sd (mounted -> unmounted)
D/ExternalStorage(  903): After updating volumes, found 0 active roots
D/MediaScannerReceiver(  749): action: android.intent.action.MEDIA_UNMOUNTED path: /mnt/internal_sd
D/RKUpdateReceiver(  839): action = android.intent.action.MEDIA_UNMOUNTED
D/MountService(  409): sendStorageIntent Intent { act=android.intent.action.MEDIA_UNMOUNTED dat=file:///mnt/internal_sd (has extras) } to UserHandle{-1}
D/MountService(  409): sendStorageIntent Intent { act=android.intent.action.MEDIA_EJECT dat=file:///mnt/internal_sd (has extras) } to UserHandle{-1}
I/UmsConnectReceiver(  876): USB connect ON
I/ActivityManager(  409): Displayed com.android.systemui/.usb.UsbStorageActivity: +637ms
W/MountService(  409): getVolumeState(/mnt/external_sd): Unknown volume
W/MountService(  409): getVolumeState,unknown volume mountPoint = /mnt/external_sd
W/MountService(  409): getVolumeState(/mnt/external_sd): Unknown volume
W/MountService(  409): getVolumeState,unknown volume mountPoint = /mnt/external_sd
W/MountService(  409): getVolumeState(/mnt/external_sd): Unknown volume
W/MountService(  409): getVolumeState,unknown volume mountPoint = /mnt/external_sd
W/MountService(  409): getVolumeState(/mnt/external_sd): Unknown volume
W/MountService(  409): getVolumeState,unknown volume mountPoint = /mnt/external_sd
W/MountService(  409): getVolumeState(/mnt/external_sd): Unknown volume
W/MountService(  409): getVolumeState,unknown volume mountPoint = /mnt/external_sd
W/MountService(  409): getVolumeState(/mnt/external_sd): Unknown volume
W/MountService(  409): getVolumeState,unknown volume mountPoint = /mnt/external_sd
W/MountService(  409): getVolumeState(/mnt/external_sd): Unknown volume
W/MountService(  409): getVolumeState,unknown volume mountPoint = /mnt/external_sd
W/MountService(  409): getVolumeState(/mnt/external_sd): Unknown volume
W/MountService(  409): getVolumeState,unknown volume mountPoint = /mnt/external_sd
W/MountService(  409): getVolumeState(/mnt/external_sd): Unknown volume
W/MountService(  409): getVolumeState,unknown volume mountPoint = /mnt/external_sd
W/MountService(  409): getVolumeState(/mnt/external_sd): Unknown volume
W/MountService(  409): getVolumeState,unknown volume mountPoint = /mnt/external_sd
V/MountService(  409): setUsbMassStorageEnabled: true, waiting....
V/MountService(  409): setUsbMassStorageEnabled: true, waiting....
V/MountService(  409): setUsbMassStorageEnabled: true, waiting....
V/MountService(  409): setUsbMassStorageEnabled: true, waiting....
I/Vold    (   98): /mnt/secure/asec sucessfully unmounted
E/Vold    (   98): Succeed to umount secure area on /mnt/internal_sd
I/StorageNotification(  552): spAllowMsc = true , isBootCompleted = 1
I/Vold    (   98): /mnt/internal_sd sucessfully unmounted
I/Vold    (   98): /mnt/internal_sd sucessfully unmounted
I/Vold    (   98): /mnt/internal_sd unmounted successfully
D/Vold    (   98): Volume internal_sd state changing 5 (Unmounting) -> 1 (Idle-Unmounted)
E/VoldConnector(  409): NDC Command {16 volume unmount /mnt/internal_sd force} took too long (2075ms)
I/Vold    (   98): EXTERNAL_STORAGE_FLASH is /mnt/internal_sd
I/Vold    (   98): share flash
E/VoldConnector(  409): NDC Command {17 volume shared /mnt/internal_sd ums} took too long (1903ms)
D/Vold    (   98): Volume internal_sd state changing 1 (Idle-Unmounted) -> 7 (Shared-Unmounted)
D/MountService(  409): volume state changed for /mnt/internal_sd (unmounted -> shared)
W/MountService(  409): getVolumeState(/mnt/external_sd): Unknown volume
W/MountService(  409): getVolumeState,unknown volume mountPoint = /mnt/external_sd
W/MountService(  409): getVolumeState(/mnt/external_sd): Unknown volume
W/MountService(  409): getVolumeState,unknown volume mountPoint = /mnt/external_sd
W/MountService(  409): getVolumeState(/mnt/external_sd): Unknown volume
W/MountService(  409): getVolumeState,unknown volume mountPoint = /mnt/external_sd
W/MountService(  409): getVolumeState(/mnt/external_sd): Unknown volume
W/MountService(  409): getVolumeState,unknown volume mountPoint = /mnt/external_sd
W/MountService(  409): getVolumeState(/mnt/external_sd): Unknown volume
W/MountService(  409): getVolumeState,unknown volume mountPoint = /mnt/external_sd
W/MountService(  409): getVolumeState(/mnt/external_sd): Unknown volume
W/MountService(  409): getVolumeState,unknown volume mountPoint = /mnt/external_sd
W/MountService(  409): getVolumeState(/mnt/external_sd): Unknown volume
W/MountService(  409): getVolumeState,unknown volume mountPoint = /mnt/external_sd
D/MountService(  409): sendStorageIntent Intent { act=android.intent.action.MEDIA_SHARED dat=file:///mnt/internal_sd (has extras) } to UserHandle{-1}
W/MountService(  409): getVolumeState(/mnt/external_sd): Unknown volume
W/MountService(  409): getVolumeState,unknown volume mountPoint = /mnt/external_sd
W/MountService(  409): getVolumeState(/mnt/external_sd): Unknown volume
W/MountService(  409): getVolumeState,unknown volume mountPoint = /mnt/external_sd
I/UsbStorageActivity(  552): =========mUMSStateReceiver action = android.intent.action.MEDIA_SHARED============
W/MountService(  409): getVolumeState(/mnt/external_sd): Unknown volume
W/MountService(  409): getVolumeState,unknown volume mountPoint = /mnt/external_sd
E/Vold    (   98): Failed to open /proc/sys/vm/dirty_ratio (Permission denied)
I/StorageNotification(  552): spAllowMsc = true , isBootCompleted = 1
I/UsbStorageActivity(  552): ========current volume state is shared
D/MountService(  409): volume /mnt/internal_sd has been shared
D/RKUpdateService(  839): BatteryReceiver level = 17
D/UsbDeviceManager(  409): -----626 handleMessage MSG_UPDATE_STATE-----
D/UsbDeviceManager(  409): -----632 handleMessage MSG_UPDATE_STATE-----
D/UsbDeviceManager(  409): -----635 handleMessage MSG_UPDATE_STATE-----
D/UsbDeviceManager(  409): -----639 handleMessage MSG_UPDATE_STATE-----
D/UsbDeviceManager(  409): updateUsbState updateUsbState
D/UsbDeviceManager(  409): updateUsbState Usb state is false false true
I/UnmountUSBStorageReceiver(  697): Action>android.hardware.usb.action.USB_STATE
I/StorageNotification(  552): spAllowMsc = true , isBootCompleted = 1
D/MountService(  409): sharedvolumeNum: 1 ;avail: false
V/MountService(  409): disable: path = /mnt/internal_sd ;vs= shared
I/Vold    (   98): EXTERNAL_STORAGE_FLASH is /mnt/internal_sd
I/Vold    (   98): unshare flash
W/ContextImpl(  697): Calling a method in the system process without a qualified user: android.app.ContextImpl.startService:1494 android.content.ContextWrapper.startService:494 android.content.ContextWrapper.startService:494 com.philips.spconfigmanager.UnmountUSBStorageReceiver.onReceive:30 android.app.ActivityThread.handleReceiver:2419
D/Vold    (   98): Volume internal_sd state changing 7 (Shared-Unmounted) -> 1 (Idle-Unmounted)
D/RKUpdateReceiver(  839): action = android.hardware.usb.action.USB_STATE
I/fsck_msdos(   98): ** /dev/block/vold/31:10
I/fsck_msdos(   98): ** Phase 1 - Read FAT (compare skipped)
I/fsck_msdos(   98): Attempting to allocate 6456 KB for FAT
D/MountService(  409): sendStorageIntent Intent { act=android.intent.action.MEDIA_UNSHARED dat=file:///mnt/internal_sd (has extras) } to UserHandle{-1}
I/Vold    (   98): /dev/block/vold/31:10 being considered for volume internal_sd,1
I/Vold    (   98):
D/Vold    (   98): Volume internal_sd state changing 1 (Idle-Unmounted) -> 3 (Checking)
D/MountService(  409): volume state changed for /mnt/internal_sd (shared -> unmounted)
W/MountService(  409): getVolumeState(/mnt/external_sd): Unknown volume
W/MountService(  409): getVolumeState,unknown volume mountPoint = /mnt/external_sd
D/MountService(  409): sendStorageIntent Intent { act=android.intent.action.MEDIA_UNMOUNTED dat=file:///mnt/internal_sd (has extras) } to UserHandle{-1}
W/MountService(  409): getVolumeState(/mnt/external_sd): Unknown volume
W/MountService(  409): getVolumeState,unknown volume mountPoint = /mnt/external_sd
W/MountService(  409): getVolumeState(/mnt/external_sd): Unknown volume
W/MountService(  409): getVolumeState,unknown volume mountPoint = /mnt/external_sd
W/MountService(  409): getVolumeState(/mnt/external_sd): Unknown volume
W/MountService(  409): getVolumeState,unknown volume mountPoint = /mnt/external_sd
W/MountService(  409): getVolumeState(/mnt/external_sd): Unknown volume
W/MountService(  409): getVolumeState,unknown volume mountPoint = /mnt/external_sd
D/MountService(  409): volume state changed for /mnt/internal_sd (unmounted -> checking)
W/MountService(  409): getVolumeState(/mnt/external_sd): Unknown volume
W/MountService(  409): getVolumeState,unknown volume mountPoint = /mnt/external_sd
D/MountService(  409): sendStorageIntent Intent { act=android.intent.action.MEDIA_CHECKING dat=file:///mnt/internal_sd (has extras) } to UserHandle{-1}
W/MountService(  409): getVolumeState(/mnt/external_sd): Unknown volume
W/MountService(  409): getVolumeState,unknown volume mountPoint = /mnt/external_sd
W/MountService(  409): getVolumeState(/mnt/external_sd): Unknown volume
W/MountService(  409): getVolumeState,unknown volume mountPoint = /mnt/external_sd
W/MountService(  409): getVolumeState(/mnt/external_sd): Unknown volume
W/MountService(  409): getVolumeState,unknown volume mountPoint = /mnt/external_sd
W/MountService(  409): getVolumeState(/mnt/external_sd): Unknown volume
W/MountService(  409): getVolumeState,unknown volume mountPoint = /mnt/external_sd
W/MountService(  409): getVolumeState(/mnt/external_sd): Unknown volume
W/MountService(  409): getVolumeState,unknown volume mountPoint = /mnt/external_sd
D/dalvikvm( 1157): GC_CONCURRENT freed 401K, 18% free 2862K/3456K, paused 44ms+3ms, total 73ms
D/ExternalStorage(  903): After updating volumes, found 0 active roots
W/MountService(  409): getVolumeState(/mnt/external_sd): Unknown volume
W/MountService(  409): getVolumeState,unknown volume mountPoint = /mnt/external_sd
W/MountService(  409): getVolumeState(/mnt/external_sd): Unknown volume
W/MountService(  409): getVolumeState,unknown volume mountPoint = /mnt/external_sd
W/MountService(  409): getVolumeState(/mnt/external_sd): Unknown volume
W/MountService(  409): getVolumeState,unknown volume mountPoint = /mnt/external_sd
W/MountService(  409): getVolumeState(/mnt/external_sd): Unknown volume
W/MountService(  409): getVolumeState,unknown volume mountPoint = /mnt/external_sd
W/MountService(  409): getVolumeState(/mnt/external_sd): Unknown volume
W/MountService(  409): getVolumeState,unknown volume mountPoint = /mnt/external_sd
W/MountService(  409): getVolumeState(/mnt/external_sd): Unknown volume
W/MountService(  409): getVolumeState,unknown volume mountPoint = /mnt/external_sd
W/MountService(  409): getVolumeState(/mnt/external_sd): Unknown volume
W/MountService(  409): getVolumeState,unknown volume mountPoint = /mnt/external_sd
W/MountService(  409): getVolumeState(/mnt/external_sd): Unknown volume
W/MountService(  409): getVolumeState,unknown volume mountPoint = /mnt/external_sd
W/MountService(  409): getVolumeState(/mnt/external_sd): Unknown volume
W/MountService(  409): getVolumeState,unknown volume mountPoint = /mnt/external_sd
D/MediaScannerReceiver(  749): action: android.intent.action.MEDIA_UNMOUNTED path: /mnt/internal_sd
D/RKUpdateReceiver(  839): action = android.intent.action.MEDIA_UNMOUNTED
I/SPConfigService(  697): --------service count:0
I/fsck_msdos(   98): ** Phase 2 - Check Cluster Chains
I/fsck_msdos(   98): ** Phase 3 - Checking Directories
I/fsck_msdos(   98): ** Phase 4 - Checking for Lost Files
I/fsck_msdos(   98): Next free cluster in FSInfo block (23) not free
I/fsck_msdos(   98): FIXED
I/fsck_msdos(   98): 22 files, 638152 free (1652633 clusters)
I/Vold    (   98): Filesystem check completed OK
E/Vold    (   98): ---------set mSkipAsec to enable app2sd because mount Vfat succeed for internal_sd, mountpoint =/mnt/internal_sd
W/Vold    (   98): blkid failed to identify /dev/block/vold/31:10
D/Vold    (   98): ---get uuid =6C8A-07D0
D/Vold    (   98): ---get label =SPEECHAIR
I/StorageNotification(  552): spAllowMsc = false , isBootCompleted = 1
D/Vold    (   98): Volume internal_sd state changing 3 (Checking) -> 4 (Mounted)
D/MountService(  409): volume state changed for /mnt/internal_sd (checking -> mounted)
E/VoldConnector(  409): NDC Command {20 volume mount /mnt/internal_sd} took too long (662ms)
D/MountService(  409): succeed to remount /mnt/internal_sd after disabling share method ums
W/MountService(  409): getVolumeState(/mnt/external_sd): Unknown volume
W/MountService(  409): getVolumeState,unknown volume mountPoint = /mnt/external_sd
W/ContextImpl(  409): Calling a method in the system process without a qualified user: android.app.ContextImpl.sendBroadcast:1138 android.util.SpeechAirUpdateUtil.updateSAoutConfig:40 com.android.server.MountService.sendStorageIntent:1336 com.android.server.MountService.notifyVolumeStateChange:1047 com.android.server.MountService.onEvent:846
E/VoldConnector(  409): NDC Command {21 volume shared /mnt/internal_sd ums} took too long (633ms)
D/MountService(  409): sendStorageIntent Intent { act=android.intent.action.MEDIA_MOUNTED dat=file:///mnt/internal_sd (has extras) } to UserHandle{-1}
W/MountService(  409): getVolumeState(/mnt/external_sd): Unknown volume
W/MountService(  409): getVolumeState,unknown volume mountPoint = /mnt/external_sd
W/MountService(  409): getVolumeState(/mnt/external_sd): Unknown volume
W/MountService(  409): getVolumeState,unknown volume mountPoint = /mnt/external_sd
W/MountService(  409): getVolumeState(/mnt/external_sd): Unknown volume
W/MountService(  409): getVolumeState,unknown volume mountPoint = /mnt/external_sd
I/UsbStorageActivity(  552): =========mUMSStateReceiver action = android.intent.action.MEDIA_MOUNTED============
I/StorageNotification(  552): spAllowMsc = false , isBootCompleted = 1
W/MountService(  409): getVolumeState(/mnt/external_sd): Unknown volume
W/MountService(  409): getVolumeState,unknown volume mountPoint = /mnt/external_sd
W/MountService(  409): getVolumeState(/mnt/external_sd): Unknown volume
W/MountService(  409): getVolumeState,unknown volume mountPoint = /mnt/external_sd
W/MountService(  409): getVolumeState(/mnt/external_sd): Unknown volume
W/MountService(  409): getVolumeState,unknown volume mountPoint = /mnt/external_sd
W/MountService(  409): getVolumeState(/mnt/external_sd): Unknown volume
W/MountService(  409): getVolumeState,unknown volume mountPoint = /mnt/external_sd
W/MountService(  409): getVolumeState(/mnt/external_sd): Unknown volume
W/MountService(  409): getVolumeState,unknown volume mountPoint = /mnt/external_sd
W/MountService(  409): getVolumeState(/mnt/external_sd): Unknown volume
W/MountService(  409): getVolumeState,unknown volume mountPoint = /mnt/external_sd
I/StorageNotification(  552): spAllowMsc = false , isBootCompleted = 1
W/BackupManagerService(  409): dataChanged but no participant pkg='com.android.providers.settings' uid=10005
D/dalvikvm(  409): GC_FOR_ALLOC freed 613K, 37% free 6954K/10880K, paused 43ms, total 43ms
E/Lights  (  409): write_int failed to open sys/class/leds/battery_led/brightness
D/RKUpdateService(  839): BatteryReceiver level = 17
W/ActivityManager(  409): Duplicate finish request for ActivityRecord{425576f8 u0 com.android.systemui/.usb.UsbStorageActivity t7 f}
E/SPXMLMaker(  876): Verification app is not installed
D/PhoneStatusBar(  552): disable: < expand* icons* alerts* ticker system_info* back* home* recent* clock search* >
I/UsbStorageActivity(  552): onPause release wakelock
I/dalvikvm(  876): Total arena pages for JIT: 18
I/UmsConnectReceiver(  876): USB connect OFF
D/ExternalStorage(  903): After updating volumes, found 1 active roots
D/MediaScannerReceiver(  749): action: android.intent.action.MEDIA_MOUNTED path: /mnt/internal_sd
D/RKUpdateReceiver(  839): action = android.intent.action.MEDIA_MOUNTED
W/ContextImpl(  839): Implicit intents with startService are not safe: Intent { act=android.rockchip.update.service (has extras) } android.content.ContextWrapper.startService:494 android.content.ContextWrapper.startService:494 android.rockchip.update.service.RKUpdateReceiver.onReceive:63
W/ContextImpl(  409): Calling a method in the system process without a qualified user: android.app.ContextImpl.sendBroadcast:1138 com.android.server.SAUMSService.SpeechAir_allowMSC:201 com.sps.ISaUmsManager$Stub.onTransact:66 android.os.Binder.execTransact:404 dalvik.system.NativeStart.run:-2
I/StorageNotification(  552): spAllowMsc = true , isBootCompleted = 1
D/RKUpdateReceiver(  839): media is mounted to '/mnt/internal_sd'. To check local update.
D/RKUpdateService(  839): onStartCommand.......
D/RKUpdateService(  839): command = 1 delaytime = 1000
D/MediaScannerService(  749): start scanning volume external: [/mnt/internal_sd]
V/MediaScanner(  749): pruneDeadThumbnailFiles... android.database.sqlite.SQLiteCursor@420cd338
V/MediaScanner(  749): /pruneDeadThumbnailFiles... android.database.sqlite.SQLiteCursor@420cd338
D/MediaScannerService(  749): done scanning volume external
D/RKUpdateService(  839): WorkHandler::handleMessage() : To perform 'COMMAND_CHECK_LOCAL_UPDATING'.
D/RKUpdateService(  839): getValidFirmwareImageFile() : Target image file path : /mnt/internal_sd/update.zip
D/RKUpdateService(  839): getValidFirmwareImageFile() : Target image file path : /mnt/external_sd/Download/update.zip
D/RKUpdateService(  839): getValidFirmwareImageFile() : Target image file path : /mnt/external_sd/update.zip
D/RKUpdateService(  839): getValidFirmwareImageFile() : Target image file path : /mnt/internal_sd/SAconfig/update.zip
D/UserManager(  683): ---getMaxSupportedUsers,we has UMS,force disabled M-user---
I/SPConfigService(  697): SP_AES_CONFIG_FILE_NAME = /mnt/internal_sd/SAin.xml
I/InputReader(  409): Reconfiguring input devices.  changes=0x00000010
W/Launcher(  813): setApplicationContext called twice! old=com.android.launcher3.LauncherApplication@420615c0 new=com.android.launcher3.LauncherApplication@420615c0
I/Launcher(  813): Deferring update until onResume
W/Searchables(  409): No global search activity found
I/ActivityManager(  409): START u0 {act=android.intent.action.MAIN cmp=com.android.settings/.SubSettings (has extras)} from pid 683
D/SubSettings(  683): Launching fragment com.android.settings.DeviceInfoSettings
I/ActivityManager(  409): Displayed com.android.settings/.SubSettings: +208ms
I/NotificationService(  409): cancelToast pkg=com.android.settings callback=android.app.ITransientNotification$Stub$Proxy@420aa558
I/NotificationService(  409): cancelToast pkg=com.android.settings callback=android.app.ITransientNotification$Stub$Proxy@423c0168
I/NotificationService(  409): cancelToast pkg=com.android.settings callback=android.app.ITransientNotification$Stub$Proxy@423e3bf8
I/NotificationService(  409): cancelToast pkg=com.android.settings callback=android.app.ITransientNotification$Stub$Proxy@4238c4a8
D/dalvikvm(  683): GC_CONCURRENT freed 201K, 6% free 4470K/4744K, paused 3ms+4ms, total 54ms
D/UserManager(  683): ---getMaxSupportedUsers,we has UMS,force disabled M-user---
I/ActivityManager(  409): START u0 {act=android.intent.action.MAIN cmp=com.android.settings/.SubSettings (has extras)} from pid 683
D/SubSettings(  683): Launching fragment com.android.settings.DevelopmentSettings
W/Settings(  683): Setting bugreport_in_power_menu has moved from android.provider.Settings.Secure to android.provider.Settings.Global.
D/PermissionCache(  101): checking android.permission.HARDWARE_TEST for uid=1000 => granted (258 us)
E/Cryptfs (   98): not running with encryption, aborting
W/Settings(  683): Setting bugreport_in_power_menu has moved from android.provider.Settings.System to android.provider.Settings.Global
I/DevelopmentSettings(  683): ------------mLastEnabledState = false---------------
D/dalvikvm(  683): GC_CONCURRENT freed 490K, 11% free 4468K/5020K, paused 1ms+4ms, total 29ms
D/dalvikvm(  683): GC_FOR_ALLOC freed 310K, 13% free 4447K/5076K, paused 18ms, total 20ms
I/ActivityManager(  409): Displayed com.android.settings/.SubSettings: +381ms
D/dalvikvm(  683): GC_FOR_ALLOC freed 247K, 12% free 4485K/5076K, paused 17ms, total 18ms
I/SPConfigUtils(  683): sendSPSMakeSPOutBrocast DEVELOPMENT_ENABLED true
W/ContextImpl(  683): Calling a method in the system process without a qualified user: android.app.ContextImpl.sendBroadcast:1138 android.content.ContextWrapper.sendBroadcast:365 android.util.SpeechAirUpdateUtil.updateSAoutConfig:40 com.android.settings.SPConfigUtils.sendSPSMakeSPOutBrocast:27 com.android.settings.DevelopmentSettings.onClick:1382
W/Settings(  683): Setting bugreport_in_power_menu has moved from android.provider.Settings.Secure to android.provider.Settings.Global.
E/Cryptfs (   98): not running with encryption, aborting
W/Settings(  683): Setting bugreport_in_power_menu has moved from android.provider.Settings.System to android.provider.Settings.Global
D/dalvikvm(  876): GC_CONCURRENT freed 330K, 13% free 3058K/3500K, paused 6ms+7ms, total 36ms
W/InputMethodManagerService(  409): Window already focused, ignoring focus gain of: com.android.internal.view.IInputMethodClient$Stub$Proxy@425d6760 attribute=null, token = android.os.BinderProxy@42734340
E/SPXMLMaker(  876): Verification app is not installed
I/StorageNotification(  552): spAllowMsc = true , isBootCompleted = 1
W/ContextImpl(  409): Calling a method in the system process without a qualified user: android.app.ContextImpl.sendBroadcast:1138 com.android.server.SAUMSService.SpeechAir_allowMSC:201 com.sps.ISaUmsManager$Stub.onTransact:66 android.os.Binder.execTransact:404 dalvik.system.NativeStart.run:-2
D/dalvikvm(  409): GC_CONCURRENT freed 829K, 36% free 7039K/10880K, paused 6ms+6ms, total 69ms
W/InputMethodManagerService(  409): Window already focused, ignoring focus gain of: com.android.internal.view.IInputMethodClient$Stub$Proxy@42659508 attribute=null, token = android.os.BinderProxy@42734340
E/UsbDebuggingManager(  409): Communication error:
E/UsbDebuggingManager(  409): java.io.IOException: No such file or directory
E/UsbDebuggingManager(  409):   at android.net.LocalSocketImpl.connectLocal(Native Method)
E/UsbDebuggingManager(  409):   at android.net.LocalSocketImpl.connect(LocalSocketImpl.java:287)
E/UsbDebuggingManager(  409):   at android.net.LocalSocket.connect(LocalSocket.java:130)
E/UsbDebuggingManager(  409):   at com.android.server.usb.UsbDebuggingManager.listenToSocket(UsbDebuggingManager.java:75)
E/UsbDebuggingManager(  409):   at com.android.server.usb.UsbDebuggingManager.run(UsbDebuggingManager.java:111)
E/UsbDebuggingManager(  409):   at java.lang.Thread.run(Thread.java:841)
D/RKUpdateService(  839): BatteryReceiver level = 17
I/StorageNotification(  552): spAllowMsc = true , isBootCompleted = 1
W/ContextImpl(  409): Calling a method in the system process without a qualified user: android.app.ContextImpl.sendBroadcast:1138 com.android.server.SAUMSService.SpeechAir_allowMSC:201 com.sps.ISaUmsManager$Stub.onTransact:66 android.os.Binder.execTransact:404 dalvik.system.NativeStart.run:-2
D/UsbDeviceManager(  409): -----626 handleMessage MSG_UPDATE_STATE-----
D/UsbDeviceManager(  409): -----632 handleMessage MSG_UPDATE_STATE-----
D/UsbDeviceManager(  409): -----639 handleMessage MSG_UPDATE_STATE-----
D/UsbDeviceManager(  409): updateUsbState updateUsbState
D/UsbDeviceManager(  409): updateUsbState Usb state is true false true
D/MountService(  409): sharedvolumeNum: 0 ;avail: true
W/ContextImpl(  409): Calling a method in the system process without a qualified user: android.app.ContextImpl.sendBroadcast:1138 com.android.server.SAUMSService.checkProhibitID:331 com.android.server.SAUMSService.access$100:25 com.android.server.SAUMSService$1.onReceive:75 android.app.LoadedApk$ReceiverDispatcher$Args.run:768
I/UnmountUSBStorageReceiver(  697): Action>android.hardware.usb.action.USB_STATE
D/RKUpdateReceiver(  839): action = android.hardware.usb.action.USB_STATE
I/StorageNotification(  552): spAllowMsc = true , isBootCompleted = 1
I/StorageNotification(  552): spAllowMsc = true , isBootCompleted = 1
D/dalvikvm( 1157): GC_CONCURRENT freed 388K, 18% free 2860K/3456K, paused 2ms+2ms, total 23ms
I/ActivityManager(  409): START u0 {flg=0x10000000 cmp=com.android.systemui/.usb.UsbStorageActivity} from pid -1
D/UsbDeviceManager(  409): -----626 handleMessage MSG_UPDATE_STATE-----
D/UsbDeviceManager(  409): -----632 handleMessage MSG_UPDATE_STATE-----
D/dalvikvm(  409): GC_FOR_ALLOC freed 600K, 36% free 6967K/10880K, paused 48ms, total 48ms
D/UsbDeviceManager(  409): -----639 handleMessage MSG_UPDATE_STATE-----
D/UsbDeviceManager(  409): updateUsbState updateUsbState
D/UsbDeviceManager(  409): updateUsbState Usb state is true true true
D/UsbStorageActivity(  552): -onCreate while usb connection state is true  ,isBootCompleted = 1
I/UsbStorageActivity(  552): onResume create wakelock
I/UsbStorageActivity(  552): onResume 00001
I/UnmountUSBStorageReceiver(  697): Action>android.hardware.usb.action.USB_STATE
D/UsbStorageActivity(  552): -onCreate while usb connection state is true
I/UsbStorageActivity(  552): onResume 00002
W/ContextImpl(  409): Calling a method in the system process without a qualified user: android.app.ContextImpl.sendBroadcast:1138 com.android.server.SAUMSService.checkProhibitID:331 com.android.server.SAUMSService.access$100:25 com.android.server.SAUMSService$1.onReceive:75 android.app.LoadedApk$ReceiverDispatcher$Args.run:768
D/MountService(  409): sharedvolumeNum: 0 ;avail: true
D/RKUpdateReceiver(  839): action = android.hardware.usb.action.USB_STATE
I/StorageNotification(  552): spAllowMsc = true , isBootCompleted = 1
I/StorageNotification(  552): spAllowMsc = true , isBootCompleted = 1
I/ActivityManager(  409): Displayed com.android.systemui/.usb.UsbStorageActivity: +394ms
I/EntropyMixer(  409): Writing entropy...
E/Lights  (  409): write_int failed to open sys/class/leds/battery_led/brightness
D/RKUpdateService(  839): BatteryReceiver level = 17
D/UsbDebuggingManager(  409): Received public key: QAAAAAdI5B9JWoMdaIlzza81F0tCxNhdhBHfthKMHCIVLwQAv8Bq3dOjGQ+Fumf1pR0vHsg/eik20tFGP+7EEBjMc2bW1EH13RgHNCQMmp1ZTtoZy3t0NZzREz62dikEwOfhVXHZIrCxuCwFp0AXDVzBgq1tjidt/HyiAPX90tYvU0SjwocpiWfZuDwIRkJxf3ZI6dCp6PNz7kvfGAdCGbLhrEGvF2BegQxbLpuZIpkGf8lvSuQah2T7Dlf+gpqWXrYiE0wnS5Kwdq5oCwYkJ4P0sW0+3AJMInEVn9YIMfuiv/jc7tE3fEza6hsYpDOhtgY2xrUMlzU+5z8zD3VHBfnlKk5
W/ContextImpl(  409): Calling a method in the system process without a qualified user: android.app.ContextImpl.startActivity:1035 com.android.server.usb.UsbDebuggingManager.showConfirmationDialog:259 com.android.server.usb.UsbDebuggingManager.access$900:45 com.android.server.usb.UsbDebuggingManager$UsbDebuggingHandler.handleMessage:215 android.os.Handler.dispatchMessage:102
W/ContextImpl(  409): Calling a method in the system process without a qualified user: android.app.ContextImpl.startActivity:1047 android.app.ContextImpl.startActivity:1036 com.android.server.usb.UsbDebuggingManager.showConfirmationDialog:259 com.android.server.usb.UsbDebuggingManager.access$900:45 com.android.server.usb.UsbDebuggingManager$UsbDebuggingHandler.handleMessage:215
I/ActivityManager(  409): START u0 {flg=0x10000000 cmp=com.android.systemui/.usb.UsbDebuggingActivity (has extras)} from pid 409
I/UsbStorageActivity(  552): onPause release wakelock
I/ActivityManager(  409): Displayed com.android.systemui/.usb.UsbDebuggingActivity: +224ms
I/UsbStorageActivity(  552): onResume create wakelock
I/UsbStorageActivity(  552): onResume 00001
D/UsbStorageActivity(  552): -onCreate while usb connection state is true
I/UsbStorageActivity(  552): onResume 00002
W/InputMethodManagerService(  409): Window already focused, ignoring focus gain of: com.android.internal.view.IInputMethodClient$Stub$Proxy@4264a4c0 attribute=null, token = android.os.BinderProxy@4227aeb0
D/AndroidRuntime( 1389):
D/AndroidRuntime( 1389): >>>>>> AndroidRuntime START com.android.internal.os.RuntimeInit <<<<<<
D/AndroidRuntime( 1389): CheckJNI is OFF
I/AndroidRuntime( 1389): JNI options: '-Xjniopts:warnonly'
D/dalvikvm( 1389): Trying to load lib libjavacore.so 0x0
D/dalvikvm( 1389): Added shared lib libjavacore.so 0x0
D/dalvikvm( 1389): Trying to load lib libnativehelper.so 0x0
D/dalvikvm( 1389): Added shared lib libnativehelper.so 0x0
D/dalvikvm( 1389): No JNI_OnLoad found in libnativehelper.so 0x0, skipping init
D/dalvikvm( 1389): Trying to load lib librkbm.so 0x0
D/dalvikvm( 1389): Added shared lib librkbm.so 0x0
I/dalvikvm( 1389): DexOpt: not all deps represented
E/dalvikvm( 1389): /system/framework/pm.jar odex has stale dependencies
D/dalvikvm( 1389): Note: class Landroid/app/ActivityManagerNative; has 179 unimplemented (abstract) methods
E/memtrack( 1389): Couldn't load memtrack module (No such file or directory)
E/android.os.Debug( 1389): failed to load memtrack module: -2
D/AndroidRuntime( 1389): Calling main entry com.android.commands.pm.Pm
I/ActivityManager(  409): Start proc com.android.defcontainer for service com.android.defcontainer/.DefaultContainerService: pid=1400 uid=10002 gids={50002, 1028, 1015, 1023, 2001, 1035}
I/dalvikvm( 1400): DexOpt: not all deps represented
E/dalvikvm( 1400): /system/priv-app/DefaultContainerService.apk odex has stale dependencies
W/asset   ( 1400): Asset path /test.apk is neither a directory nor file (type=1).
W/DefContainer( 1400): Failed to parse package
W/ActivityManager(  409): No content provider found for permission revoke: file:///test.apk
D/dalvikvm(  409): GC_EXPLICIT freed 410K, 36% free 6992K/10880K, paused 2ms+4ms, total 50ms
D/AndroidRuntime( 1389): Shutting down VM
D/jdwp    ( 1389): Got wake-up signal, bailing out of select
D/dalvikvm( 1389): Debugger has detached; object registry had 1 entries
D/AndroidRuntime( 1443):
D/AndroidRuntime( 1443): >>>>>> AndroidRuntime START com.android.internal.os.RuntimeInit <<<<<<
D/AndroidRuntime( 1443): CheckJNI is OFF
I/AndroidRuntime( 1443): JNI options: '-Xjniopts:warnonly'
D/dalvikvm( 1443): Trying to load lib libjavacore.so 0x0
D/dalvikvm( 1443): Added shared lib libjavacore.so 0x0
D/dalvikvm( 1443): Trying to load lib libnativehelper.so 0x0
D/dalvikvm( 1443): Added shared lib libnativehelper.so 0x0
D/dalvikvm( 1443): No JNI_OnLoad found in libnativehelper.so 0x0, skipping init
D/dalvikvm( 1443): Trying to load lib librkbm.so 0x0
D/dalvikvm( 1443): Added shared lib librkbm.so 0x0
I/dalvikvm( 1443): DexOpt: not all deps represented
E/dalvikvm( 1443): /system/framework/pm.jar odex has stale dependencies
D/dalvikvm( 1443): Note: class Landroid/app/ActivityManagerNative; has 179 unimplemented (abstract) methods
E/memtrack( 1443): Couldn't load memtrack module (No such file or directory)
E/android.os.Debug( 1443): failed to load memtrack module: -2
D/AndroidRuntime( 1443): Calling main entry com.android.commands.pm.Pm
D/AndroidRuntime( 1443): Shutting down VM
