, uniqueId "local:0", app 1440 x 2464, real 1440 x 2560, largest app 2560 x 2414, smallest app 1440 x 1294, 60.387 fps, supportedRefreshRates [60.387], rotation 0, density 320 (537.8823 x 537.3884) dpi, layerStack 0, appVsyncOff 0, presDeadline 17559855, type BUILT_IN, state ON, FLAG_SECURE, FLAG_SUPPORTS_PROTECTED_BUFFERS}
D/DisplayManager(  823): getDisplayInfo: displayId=0, info=DisplayInfo{"Built-in Screen", uniqueId "local:0", app 1440 x 2464, real 1440 x 2560, largest app 2560 x 2414, smallest app 1440 x 1294, 60.387 fps, supportedRefreshRates [60.387], rotation 0, density 320 (537.8823 x 537.3884) dpi, layerStack 0, appVsyncOff 0, presDeadline 17559855, type BUILT_IN, state ON, FLAG_SECURE, FLAG_SUPPORTS_PROTECTED_BUFFERS}
D/DisplayManager(  841): getDisplayInfo: displayId=0, info=DisplayInfo{"Built-in Screen", uniqueId "local:0", app 1440 x 2464, real 1440 x 2560, largest app 2560 x 2414, smallest app 1440 x 1294, 60.387 fps, supportedRefreshRates [60.387], rotation 0, density 320 (537.8823 x 537.3884) dpi, layerStack 0, appVsyncOff 0, presDeadline 17559855, type BUILT_IN, state ON, FLAG_SECURE, FLAG_SUPPORTS_PROTECTED_BUFFERS}
D/PowerManagerService(  453): acquireWakeLockInternal: lock=423013474, flags=0x1, tag="RILJ", ws=null, uid=1001, pid=823
D/DisplayManager(  884): getDisplayInfo: displayId=0, info=DisplayInfo{"Built-in Screen", uniqueId "local:0", app 1440 x 2464, real 1440 x 2560, largest app 2560 x 2414, smallest app 1440 x 1294, 60.387 fps, supportedRefreshRates [60.387], rotation 0, density 320 (537.8823 x 537.3884) dpi, layerStack 0, appVsyncOff 0, presDeadline 17559855, type BUILT_IN, state ON, FLAG_SECURE, FLAG_SUPPORTS_PROTECTED_BUFFERS}
D/PowerManagerService(  453): updateWakeLockSummaryLocked: mWakefulness=Awake, mWakeLockSummary=0x1
D/PowerManagerService(  453): updateUserActivitySummaryLocked: mWakefulness=Awake, mUserActivitySummary=0x1, nextTimeout=2147476647 (in 2147449347 ms)
D/PowerManagerService(  453): updateDisplayPowerStateLocked: mDisplayReady=true, policy=3, mWakefulness=1, mWakeLockSummary=0x1, mUserActivitySummary=0x1, mBootCompleted=false, mScreenBrightnessBoostInProgress=false
D/PowerManagerService(  453): acquireWakeLockInternal: lock=423013474, flags=0x1, tag="RILJ", ws=null, uid=1001, pid=823
D/PowerManagerService(  453): updateWakeLockSummaryLocked: mWakefulness=Awake, mWakeLockSummary=0x1
D/PowerManagerService(  453): updateUserActivitySummaryLocked: mWakefulness=Awake, mUserActivitySummary=0x1, nextTimeout=2147476647 (in 2147449336 ms)
D/PowerManagerService(  453): updateDisplayPowerStateLocked: mDisplayReady=true, policy=3, mWakefulness=1, mWakeLockSummary=0x1, mUserActivitySummary=0x1, mBootCompleted=false, mScreenBrightnessBoostInProgress=false
D/PowerManagerService(  453): acquireWakeLockInternal: lock=423013474, flags=0x1, tag="RILJ", ws=null, uid=1001, pid=823
D/PowerManagerService(  453): updateWakeLockSummaryLocked: mWakefulness=Awake, mWakeLockSummary=0x1
D/DisplayManager(  841): getDisplayInfo: displayId=0, info=DisplayInfo{"Built-in Screen", uniqueId "local:0", app 1440 x 2464, real 1440 x 2560, largest app 2560 x 2414, smallest app 1440 x 1294, 60.387 fps, supportedRefreshRates [60.387], rotation 0, density 320 (537.8823 x 537.3884) dpi, layerStack 0, appVsyncOff 0, presDeadline 17559855, type BUILT_IN, state ON, FLAG_SECURE, FLAG_SUPPORTS_PROTECTED_BUFFERS}
D/PowerManagerService(  453): updateUserActivitySummaryLocked: mWakefulness=Awake, mUserActivitySummary=0x1, nextTimeout=2147476647 (in 2147449331 ms)
D/PowerManagerService(  453): updateDisplayPowerStateLocked: mDisplayReady=true, policy=3, mWakefulness=1, mWakeLockSummary=0x1, mUserActivitySummary=0x1, mBootCompleted=false, mScreenBrightnessBoostInProgress=false
D/PowerManagerService(  453): acquireWakeLockInternal: lock=423013474, flags=0x1, tag="RILJ", ws=null, uid=1001, pid=823
D/PowerManagerService(  453): updateWakeLockSummaryLocked: mWakefulness=Awake, mWakeLockSummary=0x1
D/PowerManagerService(  453): updateUserActivitySummaryLocked: mWakefulness=Awake, mUserActivitySummary=0x1, nextTimeout=2147476647 (in 2147449324 ms)
D/PowerManagerService(  453): updateDisplayPowerStateLocked: mDisplayReady=true, policy=3, mWakefulness=1, mWakeLockSummary=0x1, mUserActivitySummary=0x1, mBootCompleted=false, mScreenBrightnessBoostInProgress=false
D/DisplayManager(  884): getDisplayInfo: displayId=0, info=DisplayInfo{"Built-in Screen", uniqueId "local:0", app 1440 x 2464, real 1440 x 2560, largest app 2560 x 2414, smallest app 1440 x 1294, 60.387 fps, supportedRefreshRates [60.387], rotation 0, density 320 (537.8823 x 537.3884) dpi, layerStack 0, appVsyncOff 0, presDeadline 17559855, type BUILT_IN, state ON, FLAG_SECURE, FLAG_SUPPORTS_PROTECTED_BUFFERS}
D/PowerManagerService(  453): acquireWakeLockInternal: lock=423013474, flags=0x1, tag="RILJ", ws=null, uid=1001, pid=823
D/PowerManagerService(  453): updateWakeLockSummaryLocked: mWakefulness=Awake, mWakeLockSummary=0x1
D/PowerManagerService(  453): updateUserActivitySummaryLocked: mWakefulness=Awake, mUserActivitySummary=0x1, nextTimeout=2147476647 (in 2147449319 ms)
D/PowerManagerService(  453): updateDisplayPowerStateLocked: mDisplayReady=true, policy=3, mWakefulness=1, mWakeLockSummary=0x1, mUserActivitySummary=0x1, mBootCompleted=false, mScreenBrightnessBoostInProgress=false
D/DisplayManager(  884): getDisplayInfo: displayId=0, info=DisplayInfo{"Built-in Screen", uniqueId "local:0", app 1440 x 2464, real 1440 x 2560, largest app 2560 x 2414, smallest app 1440 x 1294, 60.387 fps, supportedRefreshRates [60.387], rotation 0, density 320 (537.8823 x 537.3884) dpi, layerStack 0, appVsyncOff 0, presDeadline 17559855, type BUILT_IN, state ON, FLAG_SECURE, FLAG_SUPPORTS_PROTECTED_BUFFERS}
D/PowerManagerService(  453): acquireWakeLockInternal: lock=423013474, flags=0x1, tag="RILJ", ws=null, uid=1001, pid=823
D/PowerManagerService(  453): updateWakeLockSummaryLocked: mWakefulness=Awake, mWakeLockSummary=0x1
D/PowerManagerService(  453): updateUserActivitySummaryLocked: mWakefulness=Awake, mUserActivitySummary=0x1, nextTimeout=2147476647 (in 2147449306 ms)
D/PowerManagerService(  453): updateDisplayPowerStateLocked: mDisplayReady=true, policy=3, mWakefulness=1, mWakeLockSummary=0x1, mUserActivitySummary=0x1, mBootCompleted=false, mScreenBrightnessBoostInProgress=false
D/DisplayManager(  841): getDisplayInfo: displayId=0, info=DisplayInfo{"Built-in Screen", uniqueId "local:0", app 1440 x 2464, real 1440 x 2560, largest app 2560 x 2414, smallest app 1440 x 1294, 60.387 fps, supportedRefreshRates [60.387], rotation 0, density 320 (537.8823 x 537.3884) dpi, layerStack 0, appVsyncOff 0, presDeadline 17559855, type BUILT_IN, state ON, FLAG_SECURE, FLAG_SUPPORTS_PROTECTED_BUFFERS}
D/PowerManagerService(  453): releaseWakeLockInternal: lock=423013474 [RILJ], flags=0x0
D/PowerManagerService(  453): updateWakeLockSummaryLocked: mWakefulness=Awake, mWakeLockSummary=0x1
D/PowerManagerService(  453): updateUserActivitySummaryLocked: mWakefulness=Awake, mUserActivitySummary=0x1, nextTimeout=2147476647 (in 2147449292 ms)
D/PowerManagerService(  453): updateDisplayPowerStateLocked: mDisplayReady=true, policy=3, mWakefulness=1, mWakeLockSummary=0x1, mUserActivitySummary=0x1, mBootCompleted=false, mScreenBrightnessBoostInProgress=false
D/DisplayManager(  841): getDisplayInfo: displayId=0, info=DisplayInfo{"Built-in Screen", uniqueId "local:0", app 1440 x 2464, real 1440 x 2560, largest app 2560 x 2414, smallest app 1440 x 1294, 60.387 fps, supportedRefreshRates [60.387], rotation 0, density 320 (537.8823 x 537.3884) dpi, layerStack 0, appVsyncOff 0, presDeadline 17559855, type BUILT_IN, state ON, FLAG_SECURE, FLAG_SUPPORTS_PROTECTED_BUFFERS}
D/PowerManagerService(  453): releaseWakeLockInternal: lock=815254665 [WiredAccessoryManager], flags=0x0
D/PowerManagerService(  453): updateWakeLockSummaryLocked: mWakefulness=Awake, mWakeLockSummary=0x0
D/PowerManagerService(  453): updateUserActivitySummaryLocked: mWakefulness=Awake, mUserActivitySummary=0x1, nextTimeout=2147476647 (in 2147449281 ms)
D/PowerManagerService(  453): updateDisplayPowerStateLocked: mDisplayReady=true, policy=3, mWakefulness=1, mWakeLockSummary=0x0, mUserActivitySummary=0x1, mBootCompleted=false, mScreenBrightnessBoostInProgress=false
D/PowerManagerService(  453): Releasing suspend blocker "PowerManagerService.WakeLocks".
D/DisplayManager(  841): getDisplayInfo: displayId=0, info=DisplayInfo{"Built-in Screen", uniqueId "local:0", app 1440 x 2464, real 1440 x 2560, largest app 2560 x 2414, smallest app 1440 x 1294, 60.387 fps, supportedRefreshRates [60.387], rotation 0, density 320 (537.8823 x 537.3884) dpi, layerStack 0, appVsyncOff 0, presDeadline 17559855, type BUILT_IN, state ON, FLAG_SECURE, FLAG_SUPPORTS_PROTECTED_BUFFERS}
D/DisplayManager(  581): getDisplayInfo: displayId=0, info=DisplayInfo{"Built-in Screen", uniqueId "local:0", app 1440 x 2464, real 1440 x 2560, largest app 2560 x 2414, smallest app 1440 x 1294, 60.387 fps, supportedRefreshRates [60.387], rotation 0, density 320 (537.8823 x 537.3884) dpi, layerStack 0, appVsyncOff 0, presDeadline 17559855, type BUILT_IN, state ON, FLAG_SECURE, FLAG_SUPPORTS_PROTECTED_BUFFERS}
D/DisplayManager(  581): getDisplayInfo: displayId=0, info=DisplayInfo{"Built-in Screen", uniqueId "local:0", app 1440 x 2464, real 1440 x 2560, largest app 2560 x 2414, smallest app 1440 x 1294, 60.387 fps, supportedRefreshRates [60.387], rotation 0, density 320 (537.8823 x 537.3884) dpi, layerStack 0, appVsyncOff 0, presDeadline 17559855, type BUILT_IN, state ON, FLAG_SECURE, FLAG_SUPPORTS_PROTECTED_BUFFERS}
D/PowerManagerService(  453): updateUserActivitySummaryLocked: mWakefulness=Awake, mUserActivitySummary=0x1, nextTimeout=2147476647 (in 2147449183 ms)
D/PowerManagerService(  453): updateDisplayPowerStateLocked: mDisplayReady=true, policy=3, mWakefulness=1, mWakeLockSummary=0x0, mUserActivitySummary=0x1, mBootCompleted=false, mScreenBrightnessBoostInProgress=false
I/StatusBarManagerService(  453): registerStatusBar bar=com.android.internal.statusbar.IStatusBar$Stub$Proxy@a28b2a4
D/DisplayManager(  581): getDisplayInfo: displayId=0, info=DisplayInfo{"Built-in Screen", uniqueId "local:0", app 1440 x 2464, real 1440 x 2560, largest app 2560 x 2414, smallest app 1440 x 1294, 60.387 fps, supportedRefreshRates [60.387], rotation 0, density 320 (537.8823 x 537.3884) dpi, layerStack 0, appVsyncOff 0, presDeadline 17559855, type BUILT_IN, state ON, FLAG_SECURE, FLAG_SUPPORTS_PROTECTED_BUFFERS}
D/DisplayManager(  581): getDisplayInfo: displayId=0, info=DisplayInfo{"Built-in Screen", uniqueId "local:0", app 1440 x 2464, real 1440 x 2560, largest app 2560 x 2414, smallest app 1440 x 1294, 60.387 fps, supportedRefreshRates [60.387], rotation 0, density 320 (537.8823 x 537.3884) dpi, layerStack 0, appVsyncOff 0, presDeadline 17559855, type BUILT_IN, state ON, FLAG_SECURE, FLAG_SUPPORTS_PROTECTED_BUFFERS}
D/DisplayManager(  581): getDisplayInfo: displayId=0, info=DisplayInfo{"Built-in Screen", uniqueId "local:0", app 1440 x 2464, real 1440 x 2560, largest app 2560 x 2414, smallest app 1440 x 1294, 60.387 fps, supportedRefreshRates [60.387], rotation 0, density 320 (537.8823 x 537.3884) dpi, layerStack 0, appVsyncOff 0, presDeadline 17559855, type BUILT_IN, state ON, FLAG_SECURE, FLAG_SUPPORTS_PROTECTED_BUFFERS}
D/TelephonyProvider(  823): dbh.onOpen: ok, queried table=siminfo
D/TelephonyProvider(  823): dbh.onOpen: ok, queried table=carriers
D/PowerManagerService(  453): acquireWakeLockInternal: lock=437070513, flags=0x1, tag="GsmCellBroadcastHandler", ws=null, uid=1001, pid=823
D/PowerManagerService(  453): updateWakeLockSummaryLocked: mWakefulness=Awake, mWakeLockSummary=0x1
D/PowerManagerService(  453): updateUserActivitySummaryLocked: mWakefulness=Awake, mUserActivitySummary=0x1, nextTimeout=2147476647 (in 2147449059 ms)
D/PowerManagerService(  453): updateDisplayPowerStateLocked: mDisplayReady=true, policy=3, mWakefulness=1, mWakeLockSummary=0x1, mUserActivitySummary=0x1, mBootCompleted=false, mScreenBrightnessBoostInProgress=false
D/PowerManagerService(  453): Acquiring suspend blocker "PowerManagerService.WakeLocks".
D/BluetoothManagerService(  453): Message: 300
D/BluetoothManagerService(  453): MESSAGE_USER_SWITCHED
D/PermissionCache(  157): checking android.permission.HARDWARE_TEST for uid=1000 => granted (437 us)
I/ActivityManagerService(  453): Start proc 913:com.android.smspush/u0a54 for service com.android.smspush/.WapPushManager
D/PowerManagerService(  453): acquireWakeLockInternal: lock=629918131, flags=0x1, tag="GsmInboundSmsHandler", ws=null, uid=1001, pid=823
D/PowerManagerService(  453): updateWakeLockSummaryLocked: mWakefulness=Awake, mWakeLockSummary=0x1
D/PowerManagerService(  453): updateUserActivitySummaryLocked: mWakefulness=Awake, mUserActivitySummary=0x1, nextTimeout=2147476647 (in 2147448924 ms)
D/PowerManagerService(  453): updateDisplayPowerStateLocked: mDisplayReady=true, policy=3, mWakefulness=1, mWakeLockSummary=0x1, mUserActivitySummary=0x1, mBootCompleted=false, mScreenBrightnessBoostInProgress=false
D/PowerManagerService(  453): acquireWakeLockInternal: lock=449674985, flags=0x1, tag="CellBroadcastHandler", ws=null, uid=1001, pid=823
D/PowerManagerService(  453): updateWakeLockSummaryLocked: mWakefulness=Awake, mWakeLockSummary=0x1
D/PowerManagerService(  453): updateUserActivitySummaryLocked: mWakefulness=Awake, mUserActivitySummary=0x1, nextTimeout=2147476647 (in 2147448911 ms)
D/PowerManagerService(  453): updateDisplayPowerStateLocked: mDisplayReady=true, policy=3, mWakefulness=1, mWakeLockSummary=0x1, mUserActivitySummary=0x1, mBootCompleted=false, mScreenBrightnessBoostInProgress=false
D/DisplayManager(  841): getDisplayInfo: displayId=0, info=DisplayInfo{"Built-in Screen", uniqueId "local:0", app 1440 x 2464, real 1440 x 2560, largest app 2560 x 2414, smallest app 1440 x 1294, 60.387 fps, supportedRefreshRates [60.387], rotation 0, density 320 (537.8823 x 537.3884) dpi, layerStack 0, appVsyncOff 0, presDeadline 17559855, type BUILT_IN, state ON, FLAG_SECURE, FLAG_SUPPORTS_PROTECTED_BUFFERS}
D/PowerManagerService(  453): acquireWakeLockInternal: lock=662053029, flags=0x1, tag="CdmaInboundSmsHandler", ws=null, uid=1001, pid=823
D/PowerManagerService(  453): updateWakeLockSummaryLocked: mWakefulness=Awake, mWakeLockSummary=0x1
D/PowerManagerService(  453): updateUserActivitySummaryLocked: mWakefulness=Awake, mUserActivitySummary=0x1, nextTimeout=2147476647 (in 2147448888 ms)
D/PowerManagerService(  453): updateDisplayPowerStateLocked: mDisplayReady=true, policy=3, mWakefulness=1, mWakeLockSummary=0x1, mUserActivitySummary=0x1, mBootCompleted=false, mScreenBrightnessBoostInProgress=false
D/DisplayManager(  841): getDisplayInfo: displayId=0, info=DisplayInfo{"Built-in Screen", uniqueId "local:0", app 1440 x 2464, real 1440 x 2560, largest app 2560 x 2414, smallest app 1440 x 1294, 60.387 fps, supportedRefreshRates [60.387], rotation 0, density 320 (537.8823 x 537.3884) dpi, layerStack 0, appVsyncOff 0, presDeadline 17559855, type BUILT_IN, state ON, FLAG_SECURE, FLAG_SUPPORTS_PROTECTED_BUFFERS}
D/PhoneWindow(  841): DecorView - SCREEN_WEITH = 1440 - SCREE_HEIGHT = 2464
D/PowerManagerService(  453): acquireWakeLockInternal: lock=89963563, flags=0x1, tag="CdmaServiceCategoryProgramHandler", ws=null, uid=1001, pid=823
D/PowerManagerService(  453): updateWakeLockSummaryLocked: mWakefulness=Awake, mWakeLockSummary=0x1
D/PowerManagerService(  453): updateUserActivitySummaryLocked: mWakefulness=Awake, mUserActivitySummary=0x1, nextTimeout=2147476647 (in 2147448862 ms)
D/PowerManagerService(  453): updateDisplayPowerStateLocked: mDisplayReady=true, policy=3, mWakefulness=1, mWakeLockSummary=0x1, mUserActivitySummary=0x1, mBootCompleted=false, mScreenBrightnessBoostInProgress=false
I/LatinIME:LogUtils(  761): Dictionary info: dictionary = personalization.en_US.dict ; version = ? ; date = 1358758340
I/LatinIME:LogUtils(  761): Dictionary info: dictionary = PersonalizationPredictionDictio ; version = ? ; date = 1358758340
I/LatinIME:LogUtils(  761): Dictionary info: dictionary = UserHistoryDictionary.en_US.dic ; version = ? ; date = 1358758340
E/DcSwitchStateMachine-0(  823): DctController is not ready
D/PowerManagerService(  453): acquireWakeLockInternal: lock=1008371107, flags=0x1, tag="AudioMix", ws=null, uid=1013, pid=0
D/PowerManagerService(  453): updateWakeLockSummaryLocked: mWakefulness=Awake, mWakeLockSummary=0x1
D/PowerManagerService(  453): updateUserActivitySummaryLocked: mWakefulness=Awake, mUserActivitySummary=0x1, nextTimeout=2147476647 (in 2147448783 ms)
D/PowerManagerService(  453): updateDisplayPowerStateLocked: mDisplayReady=true, policy=3, mWakefulness=1, mWakeLockSummary=0x1, mUserActivitySummary=0x1, mBootCompleted=false, mScreenBrightnessBoostInProgress=false
D/PowerManagerService(  453): updateWakeLockWorkSourceInternal: lock=1008371107 [AudioMix], ws=null
E/ConnectivityService(  453): Failed to find Messenger in unregisterNetworkFactory
D/ConnectivityService(  453): Got NetworkFactory Messenger for Telephony
D/DisplayManager(  913): getDisplayInfo: displayId=0, info=DisplayInfo{"Built-in Screen", uniqueId "local:0", app 1440 x 2464, real 1440 x 2560, largest app 2560 x 2414, smallest app 1440 x 1294, 60.387 fps, supportedRefreshRates [60.387], rotation 0, density 320 (537.8823 x 537.3884) dpi, layerStack 0, appVsyncOff 0, presDeadline 17559855, type BUILT_IN, state ON, FLAG_SECURE, FLAG_SUPPORTS_PROTECTED_BUFFERS}
D/DisplayManager(  913): getDisplayInfo: displayId=0, info=DisplayInfo{"Built-in Screen", uniqueId "local:0", app 1440 x 2464, real 1440 x 2560, largest app 2560 x 2414, smallest app 1440 x 1294, 60.387 fps, supportedRefreshRates [60.387], rotation 0, density 320 (537.8823 x 537.3884) dpi, layerStack 0, appVsyncOff 0, presDeadline 17559855, type BUILT_IN, state ON, FLAG_SECURE, FLAG_SUPPORTS_PROTECTED_BUFFERS}
D/DisplayManager(  841): getDisplayInfo: displayId=0, info=DisplayInfo{"Built-in Screen", uniqueId "local:0", app 1440 x 2464, real 1440 x 2560, largest app 2560 x 2414, smallest app 1440 x 1294, 60.387 fps, supportedRefreshRates [60.387], rotation 0, density 320 (537.8823 x 537.3884) dpi, layerStack 0, appVsyncOff 0, presDeadline 17559855, type BUILT_IN, state ON, FLAG_SECURE, FLAG_SUPPORTS_PROTECTED_BUFFERS}
D/DisplayManager(  913): getDisplayInfo: displayId=0, info=DisplayInfo{"Built-in Screen", uniqueId "local:0", app 1440 x 2464, real 1440 x 2560, largest app 2560 x 2414, smallest app 1440 x 1294, 60.387 fps, supportedRefreshRates [60.387], rotation 0, density 320 (537.8823 x 537.3884) dpi, layerStack 0, appVsyncOff 0, presDeadline 17559855, type BUILT_IN, state ON, FLAG_SECURE, FLAG_SUPPORTS_PROTECTED_BUFFERS}
V/BackupManagerService(  453): Connected to transport ComponentInfo{android/com.android.internal.backup.LocalTransportService}
V/BackupManagerService(  453): Registering transport android/com.android.internal.backup.LocalTransportService::android/com.android.internal.backup.LocalTransport = android.app.backup.BackupTransport$TransportImpl@1b47e8f7
D/DisplayManager(  841): getDisplayInfo: displayId=0, info=DisplayInfo{"Built-in Screen", uniqueId "local:0", app 1440 x 2464, real 1440 x 2560, largest app 2560 x 2414, smallest app 1440 x 1294, 60.387 fps, supportedRefreshRates [60.387], rotation 0, density 320 (537.8823 x 537.3884) dpi, layerStack 0, appVsyncOff 0, presDeadline 17559855, type BUILT_IN, state ON, FLAG_SECURE, FLAG_SUPPORTS_PROTECTED_BUFFERS}
D/DisplayManager(  913): getDisplayInfo: displayId=0, info=DisplayInfo{"Built-in Screen", uniqueId "local:0", app 1440 x 2464, real 1440 x 2560, largest app 2560 x 2414, smallest app 1440 x 1294, 60.387 fps, supportedRefreshRates [60.387], rotation 0, density 320 (537.8823 x 537.3884) dpi, layerStack 0, appVsyncOff 0, presDeadline 17559855, type BUILT_IN, state ON, FLAG_SECURE, FLAG_SUPPORTS_PROTECTED_BUFFERS}
I/Choreographer(  453): Skipped 67 frames!  The application may be doing too much work on its main thread.
D/gralloc (  157): -----------------------------START usage=933
D/gralloc (  157): [31,14745600,0], usage=933,ion_heap_type=0
D/gralloc (  157): heap_mask=10,ION_HEAP=10
D/gralloc (  157): Isfb=0,[1440,2560,1440,5760],fmt=1,byte_stride=5760
D/PowerManagerService(  453): acquireWakeLockInternal: lock=748921700, flags=0x1, tag="CallerInfoCache", ws=null, uid=1001, pid=823
D/PowerManagerService(  453): updateWakeLockSummaryLocked: mWakefulness=Awake, mWakeLockSummary=0x1
D/PowerManagerService(  453): updateUserActivitySummaryLocked: mWakefulness=Awake, mUserActivitySummary=0x1, nextTimeout=2147476647 (in 2147448609 ms)
D/PowerManagerService(  453): updateDisplayPowerStateLocked: mDisplayReady=true, policy=3, mWakefulness=1, mWakeLockSummary=0x1, mUserActivitySummary=0x1, mBootCompleted=false, mScreenBrightnessBoostInProgress=false
W/ResourceType(  841): Attempt to retrieve bag 0x7f0d0008 which is invalid or in a cycle.
D/BluetoothManagerService(  453): Message: 20
D/BluetoothManagerService(  453): Added callback: android.bluetooth.IBluetoothManagerCallback$Stub$Proxy@8c4282:true
D/BluetoothManagerService(  453): Message: 30
D/BluetoothManagerService(  453): Trying to bind to profile: 1, while Bluetooth was disabled
D/BluetoothManagerService(  453): Message: 30
D/BluetoothManagerService(  453): Trying to bind to profile: 1, while Bluetooth was disabled
I/ContactLocale(  884): AddressBook Labels [en-US]: [, A, B, C, D, E, F, G, H, I, J, K, L, M, N, O, P, Q, R, S, T, U, V, W, X, Y, Z, Î‘, Î’, Î“, Î”, Î•, Î–, Î—, Î˜, Î™, Îš, Î›, Îœ, Î, Îž, ÎŸ, Î , Î¡, Î£, Î¤, Î¥, Î¦, Î§, Î¨, Î©, , Ð, Ð‘, Ð’, Ð“, Ð”, Ð‚, Ð•, Ð„, Ð–, Ð—, Ð˜, Ð†, Ð‡, Ð™, Ðˆ, Ðš, Ð›, Ð‰, Ðœ, Ð, ÐŠ, Ðž, ÐŸ, Ð , Ð¡, Ð¢, Ð‹, Ð£, Ð¤, Ð¥, Ð¦, Ð§, Ð, Ð¨, Ð©, Ð®, Ð¯, , ×, ×‘, ×’, ×“, ×”, ×•, ×–, ×—, ×˜, ×™, ×›, ×œ, ×ž, × , ×¡, ×¢, ×¤, ×¦, ×§, ×¨, ×©, ×ª, , Ø§, Ø¨, Øª, Ø«, Ø¬, Ø­, Ø®, Ø¯, Ø°, Ø±, Ø², Ø³, Ø´, Øµ, Ø¶, Ø·, Ø¸, Ø¹, Øº, Ù, Ù‚, Ùƒ, Ù„, Ù…, Ù†, Ù‡, Ùˆ, ÙŠ, , à¸ à¸ à¸ à¸
                    , ã…, , ã ã ã ã ã ã ã ã‚à¸ à¸ à¸ à¸ à¸ à¸ à¸ à¸, à¸ à¸ à¸ à¸ à¸ à¸ à¸ à¸ à¸ à¸ à¸ à¸ à¸ à¸ à¸ à¸ à¸ à¸ , ã„ ã„ ã„ ã„ ã… ã… ã…
, ã… ã…, ã… ã… ã… ã… à¸ à¸                         , ã‚ ã‚, #, ]
D/PowerManagerService(  453): acquireWakeLockInternal: lock=879571005, flags=0x1, tag="*alarm*", ws=WorkSource{1000}, uid=1000, pid=453
D/PowerManagerService(  453): updateWakeLockSummaryLocked: mWakefulness=Awake, mWakeLockSummary=0x1
D/PowerManagerService(  453): updateUserActivitySummaryLocked: mWakefulness=Awake, mUserActivitySummary=0x1, nextTimeout=2147476647 (in 2147448485 ms)
D/PowerManagerService(  453): updateDisplayPowerStateLocked: mDisplayReady=true, policy=3, mWakefulness=1, mWakeLockSummary=0x1, mUserActivitySummary=0x1, mBootCompleted=false, mScreenBrightnessBoostInProgress=false
D/GpsLocationProvider(  453): received SIM realted action: 
I/art     (  841): Background sticky concurrent mark sweep GC freed 45(15KB) AllocSpace objects, 0(0B) LOS objects, 3% free, 3MB/3MB, paused 6.106ms total 13.288ms
D/DisplayManager(  841): getDisplayInfo: displayId=0, info=DisplayInfo{"Built-in Screen", uniqueId "local:0", app 1440 x 2464, real 1440 x 2560, largest app 2560 x 2414, smallest app 1440 x 1294, 60.387 fps, supportedRefreshRates [60.387], rotation 0, density 320 (537.8823 x 537.3884) dpi, layerStack 0, appVsyncOff 0, presDeadline 17559855, type BUILT_IN, state ON, FLAG_SECURE, FLAG_SUPPORTS_PROTECTED_BUFFERS}
D/PowerManagerService(  453): acquireWakeLockInternal: lock=759935882, flags=0x1, tag="RILJ", ws=null, uid=1001, pid=823
D/PowerManagerService(  453): updateWakeLockSummaryLocked: mWakefulness=Awake, mWakeLockSummary=0x1
D/PowerManagerService(  453): updateUserActivitySummaryLocked: mWakefulness=Awake, mUserActivitySummary=0x1, nextTimeout=2147476647 (in 2147448446 ms)
D/PowerManagerService(  453): updateDisplayPowerStateLocked: mDisplayReady=true, policy=3, mWakefulness=1, mWakeLockSummary=0x1, mUserActivitySummary=0x1, mBootCompleted=false, mScreenBrightnessBoostInProgress=false
D/PowerManagerService(  453): releaseWakeLockInternal: lock=759935882 [RILJ], flags=0x0
D/PowerManagerService(  453): updateWakeLockSummaryLocked: mWakefulness=Awake, mWakeLockSummary=0x1
D/PowerManagerService(  453): updateUserActivitySummaryLocked: mWakefulness=Awake, mUserActivitySummary=0x1, nextTimeout=2147476647 (in 2147448441 ms)
D/PowerManagerService(  453): updateDisplayPowerStateLocked: mDisplayReady=true, policy=3, mWakefulness=1, mWakeLockSummary=0x1, mUserActivitySummary=0x1, mBootCompleted=false, mScreenBrightnessBoostInProgress=false
I/Telephony(  823): TtyManager: updateUiTtyMode -1 -> 0
D/DisplayManager(  841): getDisplayInfo: displayId=0, info=DisplayInfo{"Built-in Screen", uniqueId "local:0", app 1440 x 2464, real 1440 x 2560, largest app 2560 x 2414, smallest app 1440 x 1294, 60.387 fps, supportedRefreshRates [60.387], rotation 0, density 320 (537.8823 x 537.3884) dpi, layerStack 0, appVsyncOff 0, presDeadline 17559855, type BUILT_IN, state ON, FLAG_SECURE, FLAG_SUPPORTS_PROTECTED_BUFFERS}
D/PowerManagerService(  453): acquireWakeLockInternal: lock=759935882, flags=0x1, tag="RILJ", ws=null, uid=1001, pid=823
D/PowerManagerService(  453): updateWakeLockSummaryLocked: mWakefulness=Awake, mWakeLockSummary=0x1
D/PowerManagerService(  453): updateUserActivitySummaryLocked: mWakefulness=Awake, mUserActivitySummary=0x1, nextTimeout=2147476647 (in 2147448418 ms)
D/PowerManagerService(  453): updateDisplayPowerStateLocked: mDisplayReady=true, policy=3, mWakefulness=1, mWakeLockSummary=0x1, mUserActivitySummary=0x1, mBootCompleted=false, mScreenBrightnessBoostInProgress=false
D/PowerManagerService(  453): releaseWakeLockInternal: lock=759935882 [RILJ], flags=0x0
D/PowerManagerService(  453): updateWakeLockSummaryLocked: mWakefulness=Awake, mWakeLockSummary=0x1
D/PowerManagerService(  453): updateUserActivitySummaryLocked: mWakefulness=Awake, mUserActivitySummary=0x1, nextTimeout=2147476647 (in 2147448413 ms)
D/PowerManagerService(  453): updateDisplayPowerStateLocked: mDisplayReady=true, policy=3, mWakefulness=1, mWakeLockSummary=0x1, mUserActivitySummary=0x1, mBootCompleted=false, mScreenBrightnessBoostInProgress=false
D/GpsLocationProvider(  453): SIM MCC/MNC is still not available
I/art     (  841): Background partial concurrent mark sweep GC freed 547(72KB) AllocSpace objects, 1(81KB) LOS objects, 39% free, 3MB/5MB, paused 5.432ms total 34.828ms
D/Launcher.Model(  841): 11683562 - loadWorkspace()
D/Launcher.Model(  841): 11683562 -   loadedOldDb: false
W/Launcher(  841): setApplicationContext called twice! old=com.android.launcher3.LauncherApplication@aee901 new=com.android.launcher3.LauncherApplication@aee901
D/DisplayManager(  453): onDisplayEvent: displayId=0, event=2
D/DisplayManager(  544): onDisplayEvent: displayId=0, event=2
D/DisplayManager(  581): onDisplayEvent: displayId=0, event=2
D/DisplayManager(  636): onDisplayEvent: displayId=0, event=2
D/DisplayManager(  699): onDisplayEvent: displayId=0, event=2
D/DisplayManager(  761): onDisplayEvent: displayId=0, event=2
D/DisplayManager(  805): onDisplayEvent: displayId=0, event=2
D/DisplayManager(  884): onDisplayEvent: displayId=0, event=2
D/DisplayManager(  913): onDisplayEvent: displayId=0, event=2
D/DisplayManager(  823): onDisplayEvent: displayId=0, event=2
D/DisplayManager(  841): onDisplayEvent: displayId=0, event=2
D/DisplayManager(  860): onDisplayEvent: displayId=0, event=2
I/ActivityManagerService(  453): Start proc 955:com.android.music/u0a36 for broadcast com.android.music/.MediaButtonIntentReceiver
D/GpsLocationProvider(  453): received SIM realted action: 
D/GpsLocationProvider(  453): SIM MCC/MNC is still not available
I/FusedLocation(  453): engine started (com.android.location.fused)
V/ActivityStackSupervisor(  453): Display changed displayId=0
D/DisplayManager(  453): getDisplayInfo: displayId=0, info=DisplayInfo{"Built-in Screen", uniqueId "local:0", app 1440 x 2464, real 1440 x 2560, largest app 2560 x 2414, smallest app 1440 x 1294, 60.387 fps, supportedRefreshRates [60.387], rotation 0, density 320 (537.8823 x 537.3884) dpi, layerStack 0, appVsyncOff 0, presDeadline 17559855, type BUILT_IN, state ON, FLAG_SECURE, FLAG_SUPPORTS_PROTECTED_BUFFERS}
D/DisplayManager(  453): getDisplayInfo: displayId=0, info=DisplayInfo{"Built-in Screen", uniqueId "local:0", app 1440 x 2464, real 1440 x 2560, largest app 2560 x 2414, smallest app 1440 x 1294, 60.387 fps, supportedRefreshRates [60.387], rotation 0, density 320 (537.8823 x 537.3884) dpi, layerStack 0, appVsyncOff 0, presDeadline 17559855, type BUILT_IN, state ON, FLAG_SECURE, FLAG_SUPPORTS_PROTECTED_BUFFERS}
D/Launcher.Model(  841): 11683562 - loadWorkspaceScreensDb()
D/DisplayManager(  841): getDisplayInfo: displayId=0, info=DisplayInfo{"Built-in Screen", uniqueId "local:0", app 1440 x 2464, real 1440 x 2560, largest app 2560 x 2414, smallest app 1440 x 1294, 60.387 fps, supportedRefreshRates [60.387], rotation 0, density 320 (537.8823 x 537.3884) dpi, layerStack 0, appVsyncOff 0, presDeadline 17559855, type BUILT_IN, state ON, FLAG_SECURE, FLAG_SUPPORTS_PROTECTED_BUFFERS}
D/Launcher.Model(  841): 11683562 -   screens: { 0: 3 }
D/Launcher.Model(  841): 11683562 -   sBgWorkspaceScreens: 3
D/OpenGLRenderer(  841): Use EGL_SWAP_BEHAVIOR_PRESERVED: true
D/Atlas   (  841): Validating map...
W/Atlas   (  841): Pointer 0x0, not in getPreloadedDrawables?
W/Atlas   (  841): Pointer 0x0, not in getPreloadedDrawables?
W/Atlas   (  841): Pointer 0x0, not in getPreloadedDrawables?
W/Atlas   (  841): Pointer 0x0, not in getPreloadedDrawables?
W/Atlas   (  841): Pointer 0x0, not in getPreloadedDrawables?
W/Atlas   (  841): Pointer 0x0, not in getPreloadedDrawables?
W/Atlas   (  841): Pointer 0x0, not in getPreloadedDrawables?
W/Atlas   (  841): Pointer 0x0, not in getPreloadedDrawables?
W/Atlas   (  841): Pointer 0x0, not in getPreloadedDrawables?
V/WindowManagerService(  453): Based on layer: Adding window Window{164c2906 u0 com.android.launcher3/com.android.launcher3.Launcher} at 0 of 1
D/DisplayManager(  955): getDisplayInfo: displayId=0, info=DisplayInfo{"Built-in Screen", uniqueId "local:0", app 1440 x 2464, real 1440 x 2560, largest app 2560 x 2414, smallest app 1440 x 1294, 60.387 fps, supportedRefreshRates [60.387], rotation 0, density 320 (537.8823 x 537.3884) dpi, layerStack 0, appVsyncOff 0, presDeadline 17559855, type BUILT_IN, state ON, FLAG_SECURE, FLAG_SUPPORTS_PROTECTED_BUFFERS}
D/DisplayManager(  955): getDisplayInfo: displayId=0, info=DisplayInfo{"Built-in Screen", uniqueId "local:0", app 1440 x 2464, real 1440 x 2560, largest app 2560 x 2414, smallest app 1440 x 1294, 60.387 fps, supportedRefreshRates [60.387], rotation 0, density 320 (537.8823 x 537.3884) dpi, layerStack 0, appVsyncOff 0, presDeadline 17559855, type BUILT_IN, state ON, FLAG_SECURE, FLAG_SUPPORTS_PROTECTED_BUFFERS}
D/DisplayManager(  955): getDisplayInfo: displayId=0, info=DisplayInfo{"Built-in Screen", uniqueId "local:0", app 1440 x 2464, real 1440 x 2560, largest app 2560 x 2414, smallest app 1440 x 1294, 60.387 fps, supportedRefreshRates [60.387], rotation 0, density 320 (537.8823 x 537.3884) dpi, layerStack 0, appVsyncOff 0, presDeadline 17559855, type BUILT_IN, state ON, FLAG_SECURE, FLAG_SUPPORTS_PROTECTED_BUFFERS}
D/ViewRootImpl(  841): onAttachToWindow register content observer attrs=WM.LayoutParams{(0,0)(fillxfill)mPosX=0mPosY=0mHScale=1.0mVScale=1.0 align=UNDEFINE taskId=18 sim=#120 ty=1 fl=#81910100 fmt=-2 wanim=0x10303e5 vsysui=0x700 surfaceInsets=Rect(0, 0 - 0, 0) needsMenuKey=2packageName=com.android.launcher3token=android.os.BinderProxy@29e277af}
D/DisplayManager(  955): getDisplayInfo: displayId=0, info=DisplayInfo{"Built-in Screen", uniqueId "local:0", app 1440 x 2464, real 1440 x 2560, largest app 2560 x 2414, smallest app 1440 x 1294, 60.387 fps, supportedRefreshRates [60.387], rotation 0, density 320 (537.8823 x 537.3884) dpi, layerStack 0, appVsyncOff 0, presDeadline 17559855, type BUILT_IN, state ON, FLAG_SECURE, FLAG_SUPPORTS_PROTECTED_BUFFERS}
I/RenderThread(  972): type=1400 audit(0.0:7): avc: denied { read } for name="buf" dev="debugfs" ino=2476 scontext=u:r:untrusted_app:s0 tcontext=u:object_r:debugfs:s0 tclass=file permissive=1
I/RenderThread(  972): type=1400 audit(0.0:8): avc: denied { getattr } for path="/sys/kernel/debug/rk_util/buf" dev="debugfs" ino=2476 scontext=u:r:untrusted_app:s0 tcontext=u:object_r:debugfs:s0 tclass=file permissive=1
D/ViewRootImpl(  841): 1440<<<<<< BACK FROM relayoutWM.LayoutParams{(0,0)(fillxfill)mPosX=0mPosY=0mHScale=1.0mVScale=1.0 align=UNDEFINE taskId=18 sim=#120 ty=1 fl=#81910100 fmt=-2 wanim=0x10303e5 vsysui=0x600 surfaceInsets=Rect(0, 0 - 0, 0) needsMenuKey=2packageName=com.android.launcher3token=android.os.BinderProxy@29e277af}
I/mali_so (  841): [File] : hardware/arm/maliT760-r11-bak/driver/product/base/src/mali_base_kbase.c; [Line] : 928; [Func] : base_context_deal_with_version_affairs_rk_ext;
I/mali_so (  841): arm_release_ver of this mali_so is 'r11p0-00rel0', rk_so_ver is '11@0', built at '16:25:03', on 'Jun 22 2016'.
I/mali_so (  841): [File] : hardware/arm/maliT760-r11-bak/driver/product/base/src/mali_base_kbase.c; [Line] : 955; [Func] : base_context_deal_with_version_affairs_rk_ext;
I/mali_so (  841): mali_ver_property has been set to 'r11p0-00rel0-13-11@0', to return.
I/OpenGLRenderer(  841): Initialized EGL, version 1.4
D/        (  841): rtl is ok
D/OpenGLRenderer(  841): Enabling debug mode 0
D/PowerManagerService(  453): acquireWakeLockInternal: lock=404753763, flags=0x1, tag="NetworkStats", ws=null, uid=1000, pid=453
D/PowerManagerService(  453): updateWakeLockSummaryLocked: mWakefulness=Awake, mWakeLockSummary=0x1
D/PowerManagerService(  453): updateUserActivitySummaryLocked: mWakefulness=Awake, mUserActivitySummary=0x1, nextTimeout=2147476647 (in 2147447863 ms)
D/PowerManagerService(  453): updateDisplayPowerStateLocked: mDisplayReady=true, policy=3, mWakefulness=1, mWakeLockSummary=0x1, mUserActivitySummary=0x1, mBootCompleted=false, mScreenBrightnessBoostInProgress=false
D/mali_winsys(  841): EGLint new_window_surface(egl_winsys_display*, void*, EGLSurface, EGLConfig, egl_winsys_surface**, egl_color_buffer_format*, EGLBoolean) returns 0x3000
D/gralloc (  157): -----------------------------START usage=b00
D/gralloc (  157): [31,14745600,0], usage=b00,ion_heap_type=0
D/gralloc (  157): heap_mask=10,ION_HEAP=10
D/PowerManagerService(  453): releaseWakeLockInternal: lock=404753763 [NetworkStats], flags=0x0
D/PowerManagerService(  453): updateWakeLockSummaryLocked: mWakefulness=Awake, mWakeLockSummary=0x1
D/PowerManagerService(  453): updateUserActivitySummaryLocked: mWakefulness=Awake, mUserActivitySummary=0x1, nextTimeout=2147476647 (in 2147447844 ms)
D/PowerManagerService(  453): updateDisplayPowerStateLocked: mDisplayReady=true, policy=3, mWakefulness=1, mWakeLockSummary=0x1, mUserActivitySummary=0x1, mBootCompleted=false, mScreenBrightnessBoostInProgress=false
D/gralloc (  157): Isfb=0,[1440,2560,1440,5760],fmt=1,byte_stride=5760
D/gralloc (  157): -----------------------------START usage=b00
D/gralloc (  157): [31,14745600,0], usage=b00,ion_heap_type=0
D/gralloc (  157): heap_mask=10,ION_HEAP=10
D/PowerManagerService(  453): releaseWakeLockInternal: lock=879571005 [*alarm*], flags=0x0
D/PowerManagerService(  453): updateWakeLockSummaryLocked: mWakefulness=Awake, mWakeLockSummary=0x1
D/PowerManagerService(  453): updateUserActivitySummaryLocked: mWakefulness=Awake, mUserActivitySummary=0x1, nextTimeout=2147476647 (in 2147447830 ms)
D/PowerManagerService(  453): updateDisplayPowerStateLocked: mDisplayReady=true, policy=3, mWakefulness=1, mWakeLockSummary=0x1, mUserActivitySummary=0x1, mBootCompleted=false, mScreenBrightnessBoostInProgress=false
D/gralloc (  157): Isfb=0,[1440,2560,1440,5760],fmt=1,byte_stride=5760
D/gralloc (  157): -----------------------------START usage=b00
D/gralloc (  157): [31,14745600,0], usage=b00,ion_heap_type=0
D/gralloc (  157): heap_mask=10,ION_HEAP=10
D/gralloc (  157): Isfb=0,[1440,2560,1440,5760],fmt=1,byte_stride=5760
D/ViewRootImpl(  841): 1440<<<<<< BACK FROM relayoutWM.LayoutParams{(0,0)(fillxfill)mPosX=0mPosY=0mHScale=1.0mVScale=1.0 align=UNDEFINE taskId=18 sim=#120 ty=1 fl=#81910100 fmt=-2 wanim=0x10303e5 vsysui=0x600 surfaceInsets=Rect(0, 0 - 0, 0) needsMenuKey=2packageName=com.android.launcher3token=android.os.BinderProxy@29e277af}
D/Launcher(  841): 11683562 - bindAddScreens()
D/Launcher(  841): 11683562 -   orderedScreenIds: 3
D/Launcher.Workspace(  841): 11683562 - insertNewWorkspaceScreen(): 3 at index: 0
I/ActivityManagerService(  453): Displayed com.android.launcher3/.Launcher: +2s486ms
D/TelephonyDebugService(  823): TelephonyDebugService()
D/PowerManagerService(  453): acquireWakeLockInternal: lock=759935882, flags=0x1, tag="RILJ", ws=null, uid=1001, pid=823
D/PowerManagerService(  453): updateWakeLockSummaryLocked: mWakefulness=Awake, mWakeLockSummary=0x1
D/PowerManagerService(  453): updateUserActivitySummaryLocked: mWakefulness=Awake, mUserActivitySummary=0x1, nextTimeout=2147476647 (in 2147447475 ms)
D/PowerManagerService(  453): updateDisplayPowerStateLocked: mDisplayReady=true, policy=3, mWakefulness=1, mWakeLockSummary=0x1, mUserActivitySummary=0x1, mBootCompleted=false, mScreenBrightnessBoostInProgress=false
D/PowerManagerService(  453): releaseWakeLockInternal: lock=759935882 [RILJ], flags=0x0
D/PowerManagerService(  453): updateWakeLockSummaryLocked: mWakefulness=Awake, mWakeLockSummary=0x1
D/PowerManagerService(  453): updateUserActivitySummaryLocked: mWakefulness=Awake, mUserActivitySummary=0x1, nextTimeout=2147476647 (in 2147447470 ms)
D/PowerManagerService(  453): updateDisplayPowerStateLocked: mDisplayReady=true, policy=3, mWakefulness=1, mWakeLockSummary=0x1, mUserActivitySummary=0x1, mBootCompleted=false, mScreenBrightnessBoostInProgress=false
D/PowerManagerService(  453): acquireWakeLockInternal: lock=759935882, flags=0x1, tag="RILJ", ws=null, uid=1001, pid=823
D/PowerManagerService(  453): updateWakeLockSummaryLocked: mWakefulness=Awake, mWakeLockSummary=0x1
D/PowerManagerService(  453): updateUserActivitySummaryLocked: mWakefulness=Awake, mUserActivitySummary=0x1, nextTimeout=2147476647 (in 2147447462 ms)
D/PowerManagerService(  453): updateDisplayPowerStateLocked: mDisplayReady=true, policy=3, mWakefulness=1, mWakeLockSummary=0x1, mUserActivitySummary=0x1, mBootCompleted=false, mScreenBrightnessBoostInProgress=false
D/PowerManagerService(  453): releaseWakeLockInternal: lock=759935882 [RILJ], flags=0x0
D/PowerManagerService(  453): updateWakeLockSummaryLocked: mWakefulness=Awake, mWakeLockSummary=0x1
D/PowerManagerService(  453): updateUserActivitySummaryLocked: mWakefulness=Awake, mUserActivitySummary=0x1, nextTimeout=2147476647 (in 2147447456 ms)
D/PowerManagerService(  453): updateDisplayPowerStateLocked: mDisplayReady=true, policy=3, mWakefulness=1, mWakeLockSummary=0x1, mUserActivitySummary=0x1, mBootCompleted=false, mScreenBrightnessBoostInProgress=false
D/PowerManagerService(  453): acquireWakeLockInternal: lock=759935882, flags=0x1, tag="RILJ", ws=null, uid=1001, pid=823
D/PowerManagerService(  453): updateWakeLockSummaryLocked: mWakefulness=Awake, mWakeLockSummary=0x1
D/PowerManagerService(  453): updateUserActivitySummaryLocked: mWakefulness=Awake, mUserActivitySummary=0x1, nextTimeout=2147476647 (in 2147447445 ms)
D/PowerManagerService(  453): updateDisplayPowerStateLocked: mDisplayReady=true, policy=3, mWakefulness=1, mWakeLockSummary=0x1, mUserActivitySummary=0x1, mBootCompleted=false, mScreenBrightnessBoostInProgress=false
D/PowerManagerService(  453): releaseWakeLockInternal: lock=759935882 [RILJ], flags=0x0
D/PowerManagerService(  453): updateWakeLockSummaryLocked: mWakefulness=Awake, mWakeLockSummary=0x1
D/PowerManagerService(  453): updateUserActivitySummaryLocked: mWakefulness=Awake, mUserActivitySummary=0x1, nextTimeout=2147476647 (in 2147447440 ms)
D/PowerManagerService(  453): updateDisplayPowerStateLocked: mDisplayReady=true, policy=3, mWakefulness=1, mWakeLockSummary=0x1, mUserActivitySummary=0x1, mBootCompleted=false, mScreenBrightnessBoostInProgress=false
D/HSbar   (  581): app_bar_item_size=(160,160)
I/Telephony(  823): PstnIncomingCallNotifier: Registering: Handler (com.android.internal.telephony.gsm.GSMPhone) {39227666}
W/ResourceType(  581): No package identifier when getting value for resource number 0x00000000
W/PackageManager(  581): Failure retrieving resources for com.android.providers.media: Resource ID #0x0
W/ResourceType(  581): No package identifier when getting value for resource number 0x00000000
W/PackageManager(  581): Failure retrieving resources for com.android.wallpapercropper: Resource ID #0x0
W/ResourceType(  581): No package identifier when getting value for resource number 0x00000000
W/PackageManager(  581): Failure retrieving resources for com.android.documentsui: Resource ID #0x0
D/DisplayManager(  823): getDisplayInfo: displayId=0, info=DisplayInfo{"Built-in Screen", uniqueId "local:0", app 1440 x 2464, real 1440 x 2560, largest app 2560 x 2414, smallest app 1440 x 1294, 60.387 fps, supportedRefreshRates [60.387], rotation 0, density 320 (537.8823 x 537.3884) dpi, layerStack 0, appVsyncOff 0, presDeadline 17559855, type BUILT_IN, state ON, FLAG_SECURE, FLAG_SUPPORTS_PROTECTED_BUFFERS}
D/PowerManagerService(  453): acquireWakeLockInternal: lock=851442513, flags=0x1, tag="RILJ", ws=null, uid=1001, pid=823
D/PowerManagerService(  453): updateWakeLockSummaryLocked: mWakefulness=Awake, mWakeLockSummary=0x1
D/PowerManagerService(  453): updateUserActivitySummaryLocked: mWakefulness=Awake, mUserActivitySummary=0x1, nextTimeout=2147476647 (in 2147447307 ms)
D/PowerManagerService(  453): updateDisplayPowerStateLocked: mDisplayReady=true, policy=3, mWakefulness=1, mWakeLockSummary=0x1, mUserActivitySummary=0x1, mBootCompleted=false, mScreenBrightnessBoostInProgress=false
D/PowerManagerService(  453): releaseWakeLockInternal: lock=851442513 [RILJ], flags=0x0
D/PowerManagerService(  453): updateWakeLockSummaryLocked: mWakefulness=Awake, mWakeLockSummary=0x1
D/PowerManagerService(  453): updateUserActivitySummaryLocked: mWakefulness=Awake, mUserActivitySummary=0x1, nextTimeout=2147476647 (in 2147447303 ms)
D/PowerManagerService(  453): updateDisplayPowerStateLocked: mDisplayReady=true, policy=3, mWakefulness=1, mWakeLockSummary=0x1, mUserActivitySummary=0x1, mBootCompleted=false, mScreenBrightnessBoostInProgress=false
W/ResourceType(  581): No package identifier when getting value for resource number 0x00000000
W/PackageManager(  581): Failure retrieving resources for com.android.externalstorage: Resource ID #0x0
W/ResourceType(  581): No package identifier when getting value for resource number 0x00000000
W/PackageManager(  581): Failure retrieving resources for com.android.htmlviewer: Resource ID #0x0
W/ResourceType(  581): No package identifier when getting value for resource number 0x00000000
W/PackageManager(  581): Failure retrieving resources for com.android.mms.service: Resource ID #0x0
W/ResourceType(  581): No package identifier when getting value for resource number 0x00000000
W/PackageManager(  581): Failure retrieving resources for com.android.winstart: Resource ID #0x0
W/ResourceType(  581): No package identifier when getting value for resource number 0x00000000
W/PackageManager(  581): Failure retrieving resources for com.android.defcontainer: Resource ID #0x0
D/PowerManagerService(  453): releaseWakeLockInternal: lock=748921700 [CallerInfoCache], flags=0x0
D/PowerManagerService(  453): updateWakeLockSummaryLocked: mWakefulness=Awake, mWakeLockSummary=0x1
D/PowerManagerService(  453): updateUserActivitySummaryLocked: mWakefulness=Awake, mUserActivitySummary=0x1, nextTimeout=2147476647 (in 2147447193 ms)
D/PowerManagerService(  453): updateDisplayPowerStateLocked: mDisplayReady=true, policy=3, mWakefulness=1, mWakeLockSummary=0x1, mUserActivitySummary=0x1, mBootCompleted=false, mScreenBrightnessBoostInProgress=false
W/ResourceType(  581): No package identifier when getting value for resource number 0x00000000
W/PackageManager(  581): Failure retrieving resources for com.android.pacprocessor: Resource ID #0x0
W/ResourceType(  581): No package identifier when getting value for resource number 0x00000000
W/PackageManager(  581): Failure retrieving resources for com.android.certinstaller: Resource ID #0x0
W/ResourceType(  581): No package identifier when getting value for resource number 0x00000000
W/PackageManager(  581): Failure retrieving resources for com.android.speechrecorder: Resource ID #0x0
W/ResourceType(  581): No package identifier when getting value for resource number 0x00000000
W/PackageManager(  581): Failure retrieving resources for com.android.backupconfirm: Resource ID #0x0
W/ResourceType(  581): No package identifier when getting value for resource number 0x00000000
W/PackageManager(  581): Failure retrieving resources for com.android.provision: Resource ID #0x0
W/ResourceType(  581): No package identifier when getting value for resource number 0x00000000
W/PackageManager(  581): Failure retrieving resources for com.android.wallpaper.holospiral: Resource ID #0x0
W/ResourceType(  581): No package identifier when getting value for resource number 0x00000000
W/PackageManager(  581): Failure retrieving resources for com.android.sharedstoragebackup: Resource ID #0x0
W/ResourceType(  581): No package identifier when getting value for resource number 0x00000000
W/PackageManager(  581): Failure retrieving resources for com.android.printspooler: Resource ID #0x0
W/ResourceType(  581): No package identifier when getting value for resource number 0x00000000
W/PackageManager(  581): Failure retrieving resources for com.android.dreams.basic: Resource ID #0x0
W/ResourceType(  581): No package identifier when getting value for resource number 0x00000000
W/PackageManager(  581): Failure retrieving resources for com.android.inputdevices: Resource ID #0x0
W/ResourceType(  581): No package identifier when getting value for resource number 0x00000000
W/PackageManager(  581): Failure retrieving resources for com.android.onetimeinitializer: Resource ID #0x0
D/PowerManagerService(  453): acquireWakeLockInternal: lock=851442513, flags=0x1, tag="RILJ", ws=null, uid=1001, pid=823
D/PowerManagerService(  453): updateWakeLockSummaryLocked: mWakefulness=Awake, mWakeLockSummary=0x1
D/PowerManagerService(  453): updateUserActivitySummaryLocked: mWakefulness=Awake, mUserActivitySummary=0x1, nextTimeout=2147476647 (in 2147447029 ms)
D/PowerManagerService(  453): updateDisplayPowerStateLocked: mDisplayReady=true, policy=3, mWakefulness=1, mWakeLockSummary=0x1, mUserActivitySummary=0x1, mBootCompleted=false, mScreenBrightnessBoostInProgress=false
D/PowerManagerService(  453): releaseWakeLockInternal: lock=851442513 [RILJ], flags=0x0
D/PowerManagerService(  453): updateWakeLockSummaryLocked: mWakefulness=Awake, mWakeLockSummary=0x1
D/PowerManagerService(  453): updateUserActivitySummaryLocked: mWakefulness=Awake, mUserActivitySummary=0x1, nextTimeout=2147476647 (in 2147447024 ms)
D/PowerManagerService(  453): updateDisplayPowerStateLocked: mDisplayReady=true, policy=3, mWakefulness=1, mWakeLockSummary=0x1, mUserActivitySummary=0x1, mBootCompleted=false, mScreenBrightnessBoostInProgress=false
W/ResourceType(  581): No package identifier when getting value for resource number 0x00000000
W/PackageManager(  581): Failure retrieving resources for com.android.keychain: Resource ID #0x0
W/ResourceType(  581): No package identifier when getting value for resource number 0x00000000
W/PackageManager(  581): Failure retrieving resources for com.android.packageinstaller: Resource ID #0x0
D/PowerManagerService(  453): acquireWakeLockInternal: lock=851442513, flags=0x1, tag="RILJ", ws=null, uid=1001, pid=823
D/PowerManagerService(  453): updateWakeLockSummaryLocked: mWakefulness=Awake, mWakeLockSummary=0x1
W/ResourceType(  581): No package identifier when getting value for resource number 0x00000000
D/PowerManagerService(  453): updateUserActivitySummaryLocked: mWakefulness=Awake, mUserActivitySummary=0x1, nextTimeout=2147476647 (in 2147447011 ms)
W/PackageManager(  581): Failure retrieving resources for com.svox.pico: Resource ID #0x0
D/PowerManagerService(  453): updateDisplayPowerStateLocked: mDisplayReady=true, policy=3, mWakefulness=1, mWakeLockSummary=0x1, mUserActivitySummary=0x1, mBootCompleted=false, mScreenBrightnessBoostInProgress=false
D/PowerManagerService(  453): releaseWakeLockInternal: lock=851442513 [RILJ], flags=0x0
W/ResourceType(  581): No package identifier when getting value for resource number 0x00000000
D/PowerManagerService(  453): updateWakeLockSummaryLocked: mWakefulness=Awake, mWakeLockSummary=0x1
W/PackageManager(  581): Failure retrieving resources for com.android.proxyhandler: Resource ID #0x0
D/PowerManagerService(  453): updateUserActivitySummaryLocked: mWakefulness=Awake, mUserActivitySummary=0x1, nextTimeout=2147476647 (in 2147447006 ms)
D/PowerManagerService(  453): updateDisplayPowerStateLocked: mDisplayReady=true, policy=3, mWakefulness=1, mWakeLockSummary=0x1, mUserActivitySummary=0x1, mBootCompleted=false, mScreenBrightnessBoostInProgress=false
W/ResourceType(  581): No package identifier when getting value for resource number 0x00000000
W/PackageManager(  581): Failure retrieving resources for com.android.managedprovisioning: Resource ID #0x0
W/ResourceType(  581): No package identifier when getting value for resource number 0x00000000
W/PackageManager(  581): Failure retrieving resources for com.android.smspush: Resource ID #0x0
I/Choreographer(  841): Skipped 47 frames!  The application may be doing too much work on its main thread.
W/ResourceType(  581): No package identifier when getting value for resource number 0x00000000
